TERM_SNAPSHOT v1
size: 16x100
cursor: r=15 c=84 visible=1 style=block-blink
alt: 0
scrollback: count=205 view_offset=0
focus_reporting: 1
title: "Terminal"
cwd: ""
clipboard: ""
selection: none
grid:
row0: " " " " " " " " " " " " " " " " " " " " " " " " " " " " " " " " " " " " " " " " " " " " " " " " " " " " " " " " " " " " " " " " " " " " " " " " " " " " " " " " " " " " " " " " . . . . . . . . . . . . . . . . . . . . . . . . . . . . . . . . . . . . . . . . . . . . . . . . . . . . . . . .
row1: . . . . . . . . . . . . . . . . . . . . . . . . . . . . . . . . . . . . . . . . . . . . " " " " " " "2" "3" " " "p" "u" "b" " " "f" "n" " " "l" "e" "v" "e" "l" "F" "r" "o" "m" "S" "t" "r" "i" "n" "g" "(" "v" "a" "l" "u" "e" ":" " " "[" "]" "c" "o" "n" "s" "t" " " "u" "8" ")" " " "?" "L" "e" "v" "e" "l" " " "{"
row2: " " " " " " " " " " " " " " " " " " " " " " " " " " " " " " " " " " " " " " " " " " " " " " " " " " " " " " " " " " " " " " " " " " " " " " " " " " " " " " " " " " " " " " " " . . . . . . . . . . . . . . . . . . . . . . . . . . . . . . . . . . . . . . . . . . . . . . . . . . . . . . . .
row3: . . . . . . . . . . . . . . . . . . . . . . . . . . . . . . . . . . . . . . . . . . . . " " " " " " "2" "4" " " " " " " " " " " "i" "f" " " "(" "s" "t" "d" "." "a" "s" "c" "i" "i" "." "e" "q" "l" "I" "g" "n" "o" "r" "e" "C" "a" "s" "e" "(" "a" ":" " " "v" "a" "l" "u" "e" "," " " "b" ":" " " "\"" "c" "r" "i" "t"
row4: "i" "c" "a" "l" "\"" ")" ")" " " "r" "e" "t" "u" "r" "n" " " "." "c" "r" "i" "t" "i" "c" "a" "l" ";" " " " " " " " " " " " " " " " " " " " " " " " " " " " " " " " " " " " " " " . . . . . . . . . . . . . . . . . . . . . . . . . . . . . . . . . . . . . . . . . . . . . . . . . . . . . . . .
row5: . . . . . . . . . . . . . . . . . . . . . . . . . . . . . . . . . . . . . . . . . . . . " " " " " " "2" "5" " " " " " " " " " " "i" "f" " " "(" "s" "t" "d" "." "a" "s" "c" "i" "i" "." "e" "q" "l" "I" "g" "n" "o" "r" "e" "C" "a" "s" "e" "(" "a" ":" " " "v" "a" "l" "u" "e" "," " " "b" ":" " " "\"" "e" "r" "r" "o"
row6: "r" "\"" ")" ")" " " "r" "e" "t" "u" "r" "n" " " "." "@" "\"" "e" "r" "r" "o" "r" "\"" ";" " " " " " " " " " " " " " " " " " " " " " " " " " " " " " " " " " " " " " " " " " " " " . . . . . . . . . . . . . . . . . . . . . . . . . . . . . . . . . . . . . . . . . . . . . . . . . . . . . . . .
row7: . . . . . . . . . . . . . . . . . . . . . . . . . . . . . . . . . . . . . . . . . . . . " " " " " " "2" "6" " " " " " " " " " " "i" "f" " " "(" "s" "t" "d" "." "a" "s" "c" "i" "i" "." "e" "q" "l" "I" "g" "n" "o" "r" "e" "C" "a" "s" "e" "(" "a" ":" " " "v" "a" "l" "u" "e" "," " " "b" ":" " " "\"" "w" "a" "r" "n"
row8: "i" "n" "g" "\"" ")" " " "o" "r" " " "s" "t" "d" "." "a" "s" "c" "i" "i" "." "e" "q" "l" "I" "g" "n" "o" "r" "e" "C" "a" "s" "e" "(" "a" ":" " " "v" "a" "l" "u" "e" "," " " "b" . . . . . . . . . . . . . . . . . . . . . . . . . . . . . . . . . . . . . . . . . . . . . . . . . . . . . . . .
row9: . . . . . . . . . . . . . . . . . . . . . . . . . . . . . . . . . . . . . . . . . . . . " " " " " " "2" "7" " " " " " " " " " " "i" "f" " " "(" "s" "t" "d" "." "a" "s" "c" "i" "i" "." "e" "q" "l" "I" "g" "n" "o" "r" "e" "C" "a" "s" "e" "(" "a" ":" " " "v" "a" "l" "u" "e" "," " " "b" ":" " " "\"" "i" "n" "f" "o"
row10: "\"" ")" ")" " " "r" "e" "t" "u" "r" "n" " " "." "i" "n" "f" "o" ";" " " " " " " " " " " " " " " " " " " " " " " " " " " " " " " " " " " " " " " " " " " " " " " " " " " " " " " "4" " " "p" "u" "b" " " "c" "o" "n" "s" "t" " " "L" "e" "v" "e" "l" ":" " " "t" "y" "p" "e" " " "=" " " "e" "n" "u" "m" "(" "u" "8" ")" " " "{" . . . . . . . . . . . . . . . . . . . .
row11: . . . . . . . . . . . . . . . . . . . . . . . . . . . . . . . . . . . . . . . . . . . . . . . . . . . . . . . . . . . . . . . . . . . . . . . . . . . . . . . . " " " " " " "1" "5" " " "│" " " " " " " "c" "r" "i" "t" "i" "c" "a" "l" " " "="
row12: " " "0" "," " " " " " " " " " " " " " " " " " " " " " " " " " " " " " " " " " " " " " " " " " " " " " " " " " " " " " " " " " " " " " " " " " " " " " " " " " " " " " " " " " " " " " " " " " " " " " " " " " " " " " " " " " " " " " " " " " " " " " " " " " " " " " " " " " " " " " " " " " " " " " " " " " " " " " " " " " " "▪" " " "0" "" . . . . . . . . . . . . . . . .
row13: . . . . . . . . . . . . . . . . . . . . . . . . . . . . . . . . . . . . . . . . . . . . . . . . . . . . . . . . . . . . . . . . . . . . . . . . . . . . . . . . . . . . " " "2" "0" " " "│" " " " " " " "t" "r" "a" "c" "e" " " "=" " "
row14: "5" "," " " " " " " " " " " " " " " " " " " " " " " " " " " " " " " " " " " " " " " " " " " " " " " " " " " " " " " " " " " " " " " " " " " " " " " " " " " " " " " " " " " " " " " " " " " " " " " " " " " " " " " " " " " " " " " " " " " " " " " " " " " " " " " " " " " " " " " " " " " " " " " " " " " " " " " " " " " " " " " " " " " "2" "1" " " "}" ";" " " " " " " " " " " " " " " " " " " " " " " " "
row15: " " " " " " " " " " " " " " " " " " " " " " " " " " " " " " " " " " " " " " " " " " " " " " " " " " " " " " " " " " " " " " " " " " " " " " " " " " " " " " " " " " " " " " " " " " " " " " " " " " " " " " " " " " " " " " " " " " " " " " " " " " " " " " " " " " " " " " " " " " " " " " " " " " " " " " " " " " " " " " " " "▪" " " "1" "" . . . . . . . . . . . . . . . .
attrs:
row0: cols 0-99 fg=#c0caf5ff bg=#1a1b26ff bold=0 rev=0 ul=0 ulc=default link=0
row1: cols 0-43 fg=#c0caf5ff bg=#1a1b26ff bold=0 rev=0 ul=0 ulc=default link=0
row1: cols 44-49 fg=#3b4261ff bg=#1a1b26ff bold=0 rev=0 ul=0 ulc=default link=0
row1: cols 50-52 fg=#9d7cd8ff bg=#1a1b26ff bold=0 rev=0 ul=0 ulc=default link=0
row1: cols 53-53 fg=#c0caf5ff bg=#1a1b26ff bold=0 rev=0 ul=0 ulc=default link=0
row1: cols 54-55 fg=#9d7cd8ff bg=#1a1b26ff bold=0 rev=0 ul=0 ulc=default link=0
row1: cols 56-56 fg=#c0caf5ff bg=#1a1b26ff bold=0 rev=0 ul=0 ulc=default link=0
row1: cols 57-71 fg=#7aa2f7ff bg=#1a1b26ff bold=0 rev=0 ul=0 ulc=default link=0
row1: cols 72-72 fg=#c0caf5ff bg=#1a1b26ff bold=0 rev=0 ul=0 ulc=default link=0
row1: cols 73-77 fg=#e0af68ff bg=#1a1b26ff bold=0 rev=0 ul=0 ulc=default link=0
row1: cols 78-81 fg=#c0caf5ff bg=#1a1b26ff bold=0 rev=0 ul=0 ulc=default link=0
row1: cols 82-86 fg=#9d7cd8ff bg=#1a1b26ff bold=0 rev=0 ul=0 ulc=default link=0
row1: cols 87-87 fg=#c0caf5ff bg=#1a1b26ff bold=0 rev=0 ul=0 ulc=default link=0
row1: cols 88-89 fg=#2ac3deff bg=#1a1b26ff bold=0 rev=0 ul=0 ulc=default link=0
row1: cols 90-91 fg=#c0caf5ff bg=#1a1b26ff bold=0 rev=0 ul=0 ulc=default link=0
row1: cols 92-92 fg=#89ddffff bg=#1a1b26ff bold=0 rev=0 ul=0 ulc=default link=0
row1: cols 93-97 fg=#2ac3deff bg=#1a1b26ff bold=0 rev=0 ul=0 ulc=default link=0
row1: cols 98-99 fg=#c0caf5ff bg=#1a1b26ff bold=0 rev=0 ul=0 ulc=default link=0
row2: cols 0-99 fg=#c0caf5ff bg=#1a1b26ff bold=0 rev=0 ul=0 ulc=default link=0
row3: cols 0-43 fg=#c0caf5ff bg=#1a1b26ff bold=0 rev=0 ul=0 ulc=default link=0
row3: cols 44-49 fg=#3b4261ff bg=#1a1b26ff bold=0 rev=0 ul=0 ulc=default link=0
row3: cols 50-53 fg=#c0caf5ff bg=#1a1b26ff bold=0 rev=0 ul=0 ulc=default link=0
row3: cols 54-55 fg=#9d7cd8ff bg=#1a1b26ff bold=0 rev=0 ul=0 ulc=default link=0
row3: cols 56-57 fg=#c0caf5ff bg=#1a1b26ff bold=0 rev=0 ul=0 ulc=default link=0
row3: cols 58-60 fg=#7dcfffff bg=#1a1b26ff bold=0 rev=0 ul=0 ulc=default link=0
row3: cols 61-61 fg=#c0caf5ff bg=#1a1b26ff bold=0 rev=0 ul=0 ulc=default link=0
row3: cols 62-66 fg=#7dcfffff bg=#1a1b26ff bold=0 rev=0 ul=0 ulc=default link=0
row3: cols 67-67 fg=#c0caf5ff bg=#1a1b26ff bold=0 rev=0 ul=0 ulc=default link=0
row3: cols 68-80 fg=#7aa2f7ff bg=#1a1b26ff bold=0 rev=0 ul=0 ulc=default link=0
row3: cols 81-81 fg=#c0caf5ff bg=#1a1b26ff bold=0 rev=0 ul=0 ulc=default link=0
row3: cols 82-83 fg=#545c7eff bg=#1d202dff bold=0 rev=0 ul=0 ulc=default link=0
row3: cols 84-84 fg=#c0caf5ff bg=#1a1b26ff bold=0 rev=0 ul=0 ulc=default link=0
row3: cols 85-89 fg=#e0af68ff bg=#1a1b26ff bold=0 rev=0 ul=0 ulc=default link=0
row3: cols 90-91 fg=#c0caf5ff bg=#1a1b26ff bold=0 rev=0 ul=0 ulc=default link=0
row3: cols 92-93 fg=#545c7eff bg=#1d202dff bold=0 rev=0 ul=0 ulc=default link=0
row3: cols 94-94 fg=#c0caf5ff bg=#1a1b26ff bold=0 rev=0 ul=0 ulc=default link=0
row3: cols 95-99 fg=#9ece6aff bg=#1a1b26ff bold=0 rev=0 ul=0 ulc=default link=0
row4: cols 0-4 fg=#9ece6aff bg=#1a1b26ff bold=0 rev=0 ul=0 ulc=default link=0
row4: cols 5-7 fg=#c0caf5ff bg=#1a1b26ff bold=0 rev=0 ul=0 ulc=default link=0
row4: cols 8-13 fg=#9d7cd8ff bg=#1a1b26ff bold=0 rev=0 ul=0 ulc=default link=0
row4: cols 14-15 fg=#c0caf5ff bg=#1a1b26ff bold=0 rev=0 ul=0 ulc=default link=0
row4: cols 16-23 fg=#ff9e64ff bg=#1a1b26ff bold=0 rev=0 ul=0 ulc=default link=0
row4: cols 24-43 fg=#c0caf5ff bg=#1a1b26ff bold=0 rev=0 ul=0 ulc=default link=0
row4: cols 44-99 fg=#9ece6aff bg=#1a1b26ff bold=0 rev=0 ul=0 ulc=default link=0
row5: cols 0-43 fg=#c0caf5ff bg=#1a1b26ff bold=0 rev=0 ul=0 ulc=default link=0
row5: cols 44-49 fg=#3b4261ff bg=#1a1b26ff bold=0 rev=0 ul=0 ulc=default link=0
row5: cols 50-53 fg=#c0caf5ff bg=#1a1b26ff bold=0 rev=0 ul=0 ulc=default link=0
row5: cols 54-55 fg=#9d7cd8ff bg=#1a1b26ff bold=0 rev=0 ul=0 ulc=default link=0
row5: cols 56-57 fg=#c0caf5ff bg=#1a1b26ff bold=0 rev=0 ul=0 ulc=default link=0
row5: cols 58-60 fg=#7dcfffff bg=#1a1b26ff bold=0 rev=0 ul=0 ulc=default link=0
row5: cols 61-61 fg=#c0caf5ff bg=#1a1b26ff bold=0 rev=0 ul=0 ulc=default link=0
row5: cols 62-66 fg=#7dcfffff bg=#1a1b26ff bold=0 rev=0 ul=0 ulc=default link=0
row5: cols 67-67 fg=#c0caf5ff bg=#1a1b26ff bold=0 rev=0 ul=0 ulc=default link=0
row5: cols 68-80 fg=#7aa2f7ff bg=#1a1b26ff bold=0 rev=0 ul=0 ulc=default link=0
row5: cols 81-81 fg=#c0caf5ff bg=#1a1b26ff bold=0 rev=0 ul=0 ulc=default link=0
row5: cols 82-83 fg=#545c7eff bg=#1d202dff bold=0 rev=0 ul=0 ulc=default link=0
row5: cols 84-84 fg=#c0caf5ff bg=#1a1b26ff bold=0 rev=0 ul=0 ulc=default link=0
row5: cols 85-89 fg=#e0af68ff bg=#1a1b26ff bold=0 rev=0 ul=0 ulc=default link=0
row5: cols 90-91 fg=#c0caf5ff bg=#1a1b26ff bold=0 rev=0 ul=0 ulc=default link=0
row5: cols 92-93 fg=#545c7eff bg=#1d202dff bold=0 rev=0 ul=0 ulc=default link=0
row5: cols 94-94 fg=#c0caf5ff bg=#1a1b26ff bold=0 rev=0 ul=0 ulc=default link=0
row5: cols 95-99 fg=#9ece6aff bg=#1a1b26ff bold=0 rev=0 ul=0 ulc=default link=0
row6: cols 0-1 fg=#9ece6aff bg=#1a1b26ff bold=0 rev=0 ul=0 ulc=default link=0
row6: cols 2-4 fg=#c0caf5ff bg=#1a1b26ff bold=0 rev=0 ul=0 ulc=default link=0
row6: cols 5-10 fg=#9d7cd8ff bg=#1a1b26ff bold=0 rev=0 ul=0 ulc=default link=0
row6: cols 11-12 fg=#c0caf5ff bg=#1a1b26ff bold=0 rev=0 ul=0 ulc=default link=0
row6: cols 13-20 fg=#ff9e64ff bg=#1a1b26ff bold=0 rev=0 ul=0 ulc=default link=0
row6: cols 21-43 fg=#c0caf5ff bg=#1a1b26ff bold=0 rev=0 ul=0 ulc=default link=0
row6: cols 44-99 fg=#9ece6aff bg=#1a1b26ff bold=0 rev=0 ul=0 ulc=default link=0
row7: cols 0-43 fg=#c0caf5ff bg=#1a1b26ff bold=0 rev=0 ul=0 ulc=default link=0
row7: cols 44-49 fg=#3b4261ff bg=#1a1b26ff bold=0 rev=0 ul=0 ulc=default link=0
row7: cols 50-53 fg=#c0caf5ff bg=#1a1b26ff bold=0 rev=0 ul=0 ulc=default link=0
row7: cols 54-55 fg=#9d7cd8ff bg=#1a1b26ff bold=0 rev=0 ul=0 ulc=default link=0
row7: cols 56-57 fg=#c0caf5ff bg=#1a1b26ff bold=0 rev=0 ul=0 ulc=default link=0
row7: cols 58-60 fg=#7dcfffff bg=#1a1b26ff bold=0 rev=0 ul=0 ulc=default link=0
row7: cols 61-61 fg=#c0caf5ff bg=#1a1b26ff bold=0 rev=0 ul=0 ulc=default link=0
row7: cols 62-66 fg=#7dcfffff bg=#1a1b26ff bold=0 rev=0 ul=0 ulc=default link=0
row7: cols 67-67 fg=#c0caf5ff bg=#1a1b26ff bold=0 rev=0 ul=0 ulc=default link=0
row7: cols 68-80 fg=#7aa2f7ff bg=#1a1b26ff bold=0 rev=0 ul=0 ulc=default link=0
row7: cols 81-81 fg=#c0caf5ff bg=#1a1b26ff bold=0 rev=0 ul=0 ulc=default link=0
row7: cols 82-83 fg=#545c7eff bg=#1d202dff bold=0 rev=0 ul=0 ulc=default link=0
row7: cols 84-84 fg=#c0caf5ff bg=#1a1b26ff bold=0 rev=0 ul=0 ulc=default link=0
row7: cols 85-89 fg=#e0af68ff bg=#1a1b26ff bold=0 rev=0 ul=0 ulc=default link=0
row7: cols 90-91 fg=#c0caf5ff bg=#1a1b26ff bold=0 rev=0 ul=0 ulc=default link=0
row7: cols 92-93 fg=#545c7eff bg=#1d202dff bold=0 rev=0 ul=0 ulc=default link=0
row7: cols 94-94 fg=#c0caf5ff bg=#1a1b26ff bold=0 rev=0 ul=0 ulc=default link=0
row7: cols 95-99 fg=#9ece6aff bg=#1a1b26ff bold=0 rev=0 ul=0 ulc=default link=0
row8: cols 0-3 fg=#9ece6aff bg=#1a1b26ff bold=0 rev=0 ul=0 ulc=default link=0
row8: cols 4-5 fg=#c0caf5ff bg=#1a1b26ff bold=0 rev=0 ul=0 ulc=default link=0
row8: cols 6-7 fg=#9d7cd8ff bg=#1a1b26ff bold=0 rev=0 ul=0 ulc=default link=0
row8: cols 8-8 fg=#c0caf5ff bg=#1a1b26ff bold=0 rev=0 ul=0 ulc=default link=0
row8: cols 9-11 fg=#7dcfffff bg=#1a1b26ff bold=0 rev=0 ul=0 ulc=default link=0
row8: cols 12-12 fg=#c0caf5ff bg=#1a1b26ff bold=0 rev=0 ul=0 ulc=default link=0
row8: cols 13-17 fg=#7dcfffff bg=#1a1b26ff bold=0 rev=0 ul=0 ulc=default link=0
row8: cols 18-18 fg=#c0caf5ff bg=#1a1b26ff bold=0 rev=0 ul=0 ulc=default link=0
row8: cols 19-31 fg=#7aa2f7ff bg=#1a1b26ff bold=0 rev=0 ul=0 ulc=default link=0
row8: cols 32-32 fg=#c0caf5ff bg=#1a1b26ff bold=0 rev=0 ul=0 ulc=default link=0
row8: cols 33-34 fg=#545c7eff bg=#1d202dff bold=0 rev=0 ul=0 ulc=default link=0
row8: cols 35-35 fg=#c0caf5ff bg=#1a1b26ff bold=0 rev=0 ul=0 ulc=default link=0
row8: cols 36-40 fg=#e0af68ff bg=#1a1b26ff bold=0 rev=0 ul=0 ulc=default link=0
row8: cols 41-42 fg=#c0caf5ff bg=#1a1b26ff bold=0 rev=0 ul=0 ulc=default link=0
row8: cols 43-43 fg=#545c7eff bg=#1d202dff bold=0 rev=0 ul=0 ulc=default link=0
row8: cols 44-99 fg=#9ece6aff bg=#1a1b26ff bold=0 rev=0 ul=0 ulc=default link=0
row9: cols 0-43 fg=#545c7eff bg=#1d202dff bold=0 rev=0 ul=0 ulc=default link=0
row9: cols 44-49 fg=#3b4261ff bg=#1a1b26ff bold=0 rev=0 ul=0 ulc=default link=0
row9: cols 50-53 fg=#c0caf5ff bg=#1a1b26ff bold=0 rev=0 ul=0 ulc=default link=0
row9: cols 54-55 fg=#9d7cd8ff bg=#1a1b26ff bold=0 rev=0 ul=0 ulc=default link=0
row9: cols 56-57 fg=#c0caf5ff bg=#1a1b26ff bold=0 rev=0 ul=0 ulc=default link=0
row9: cols 58-60 fg=#7dcfffff bg=#1a1b26ff bold=0 rev=0 ul=0 ulc=default link=0
row9: cols 61-61 fg=#c0caf5ff bg=#1a1b26ff bold=0 rev=0 ul=0 ulc=default link=0
row9: cols 62-66 fg=#7dcfffff bg=#1a1b26ff bold=0 rev=0 ul=0 ulc=default link=0
row9: cols 67-67 fg=#c0caf5ff bg=#1a1b26ff bold=0 rev=0 ul=0 ulc=default link=0
row9: cols 68-80 fg=#7aa2f7ff bg=#1a1b26ff bold=0 rev=0 ul=0 ulc=default link=0
row9: cols 81-81 fg=#c0caf5ff bg=#1a1b26ff bold=0 rev=0 ul=0 ulc=default link=0
row9: cols 82-83 fg=#545c7eff bg=#1d202dff bold=0 rev=0 ul=0 ulc=default link=0
row9: cols 84-84 fg=#c0caf5ff bg=#1a1b26ff bold=0 rev=0 ul=0 ulc=default link=0
row9: cols 85-89 fg=#e0af68ff bg=#1a1b26ff bold=0 rev=0 ul=0 ulc=default link=0
row9: cols 90-91 fg=#c0caf5ff bg=#1a1b26ff bold=0 rev=0 ul=0 ulc=default link=0
row9: cols 92-93 fg=#545c7eff bg=#1d202dff bold=0 rev=0 ul=0 ulc=default link=0
row9: cols 94-94 fg=#c0caf5ff bg=#1a1b26ff bold=0 rev=0 ul=0 ulc=default link=0
row9: cols 95-99 fg=#9ece6aff bg=#1a1b26ff bold=0 rev=0 ul=0 ulc=default link=0
row10: cols 0-0 fg=#9ece6aff bg=#1a1b26ff bold=0 rev=0 ul=0 ulc=default link=0
row10: cols 1-3 fg=#c0caf5ff bg=#1a1b26ff bold=0 rev=0 ul=0 ulc=default link=0
row10: cols 4-9 fg=#9d7cd8ff bg=#1a1b26ff bold=0 rev=0 ul=0 ulc=default link=0
row10: cols 10-11 fg=#c0caf5ff bg=#1a1b26ff bold=0 rev=0 ul=0 ulc=default link=0
row10: cols 12-15 fg=#ff9e64ff bg=#1a1b26ff bold=0 rev=0 ul=0 ulc=default link=0
row10: cols 16-43 fg=#c0caf5ff bg=#1a1b26ff bold=0 rev=0 ul=0 ulc=default link=0
row10: cols 44-45 fg=#3b4261ff bg=#1a1b26ff bold=0 rev=0 ul=0 ulc=default link=0
row10: cols 46-48 fg=#9d7cd8ff bg=#1a1b26ff bold=0 rev=0 ul=0 ulc=default link=0
row10: cols 49-49 fg=#c0caf5ff bg=#1a1b26ff bold=0 rev=0 ul=0 ulc=default link=0
row10: cols 50-54 fg=#9d7cd8ff bg=#1a1b26ff bold=0 rev=0 ul=0 ulc=default link=0
row10: cols 55-55 fg=#c0caf5ff bg=#1a1b26ff bold=0 rev=0 ul=0 ulc=default link=0
row10: cols 56-60 fg=#2ac3deff bg=#1a1b26ff bold=0 rev=0 ul=0 ulc=default link=0
row10: cols 61-66 fg=#545c7eff bg=#1d202dff bold=0 rev=0 ul=0 ulc=default link=0
row10: cols 67-67 fg=#c0caf5ff bg=#1a1b26ff bold=0 rev=0 ul=0 ulc=default link=0
row10: cols 68-68 fg=#89ddffff bg=#1a1b26ff bold=0 rev=0 ul=0 ulc=default link=0
row10: cols 69-69 fg=#c0caf5ff bg=#1a1b26ff bold=0 rev=0 ul=0 ulc=default link=0
row10: cols 70-73 fg=#9d7cd8ff bg=#1a1b26ff bold=0 rev=0 ul=0 ulc=default link=0
row10: cols 74-74 fg=#c0caf5ff bg=#1a1b26ff bold=0 rev=0 ul=0 ulc=default link=0
row10: cols 75-76 fg=#2ac3deff bg=#1a1b26ff bold=0 rev=0 ul=0 ulc=default link=0
row10: cols 77-79 fg=#c0caf5ff bg=#1a1b26ff bold=0 rev=0 ul=0 ulc=default link=0
row10: cols 80-99 fg=#9ece6aff bg=#1a1b26ff bold=0 rev=0 ul=0 ulc=default link=0
row11: cols 0-79 fg=#c0caf5ff bg=#1a1b26ff bold=0 rev=0 ul=0 ulc=default link=0
row11: cols 80-85 fg=#3b4261ff bg=#1a1b26ff bold=0 rev=0 ul=0 ulc=default link=0
row11: cols 86-86 fg=#2ac3deff bg=#1a1b26ff bold=0 rev=0 ul=0 ulc=default link=0
row11: cols 87-89 fg=#c0caf5ff bg=#1a1b26ff bold=0 rev=0 ul=0 ulc=default link=0
row11: cols 90-97 fg=#ff9e64ff bg=#1a1b26ff bold=0 rev=0 ul=0 ulc=default link=0
row11: cols 98-98 fg=#c0caf5ff bg=#1a1b26ff bold=0 rev=0 ul=0 ulc=default link=0
row11: cols 99-99 fg=#89ddffff bg=#1a1b26ff bold=0 rev=0 ul=0 ulc=default link=0
row12: cols 0-0 fg=#c0caf5ff bg=#1a1b26ff bold=0 rev=0 ul=0 ulc=default link=0
row12: cols 1-1 fg=#ff9e64ff bg=#1a1b26ff bold=0 rev=0 ul=0 ulc=default link=0
row12: cols 2-79 fg=#c0caf5ff bg=#1a1b26ff bold=0 rev=0 ul=0 ulc=default link=0
row12: cols 80-80 fg=#e0af68ff bg=#1a1b26ff bold=0 rev=0 ul=0 ulc=default link=0
row12: cols 81-81 fg=#c0caf5ff bg=#283457ff bold=0 rev=0 ul=0 ulc=default link=0
row12: cols 82-82 fg=#15161eff bg=#7aa2f7ff bold=0 rev=0 ul=0 ulc=default link=0
row12: cols 83-83 fg=#1abc9cff bg=#292e42ff bold=0 rev=0 ul=0 ulc=default link=0
row12: cols 84-99 fg=#c0caf5ff bg=#1a1b26ff bold=0 rev=0 ul=0 ulc=default link=0
row13: cols 0-83 fg=#1abc9cff bg=#292e42ff bold=0 rev=0 ul=0 ulc=default link=0
row13: cols 84-87 fg=#3b4261ff bg=#1a1b26ff bold=0 rev=0 ul=0 ulc=default link=0
row13: cols 88-88 fg=#2ac3deff bg=#1a1b26ff bold=0 rev=0 ul=0 ulc=default link=0
row13: cols 89-91 fg=#c0caf5ff bg=#1a1b26ff bold=0 rev=0 ul=0 ulc=default link=0
row13: cols 92-96 fg=#ff9e64ff bg=#1a1b26ff bold=0 rev=0 ul=0 ulc=default link=0
row13: cols 97-97 fg=#c0caf5ff bg=#1a1b26ff bold=0 rev=0 ul=0 ulc=default link=0
row13: cols 98-98 fg=#89ddffff bg=#1a1b26ff bold=0 rev=0 ul=0 ulc=default link=0
row13: cols 99-99 fg=#c0caf5ff bg=#1a1b26ff bold=0 rev=0 ul=0 ulc=default link=0
row14: cols 0-0 fg=#ff9e64ff bg=#1a1b26ff bold=0 rev=0 ul=0 ulc=default link=0
row14: cols 1-81 fg=#c0caf5ff bg=#1a1b26ff bold=0 rev=0 ul=0 ulc=default link=0
row14: cols 82-85 fg=#ff9e64ff bg=#1a1b26ff bold=0 rev=0 ul=0 ulc=default link=0
row14: cols 86-99 fg=#c0caf5ff bg=#292e42ff bold=0 rev=0 ul=0 ulc=default link=0
row15: cols 0-79 fg=#c0caf5ff bg=#292e42ff bold=0 rev=0 ul=0 ulc=default link=0
row15: cols 80-80 fg=#e0af68ff bg=#1a1b26ff bold=0 rev=0 ul=0 ulc=default link=0
row15: cols 81-81 fg=#c0caf5ff bg=#283457ff bold=0 rev=0 ul=0 ulc=default link=0
row15: cols 82-82 fg=#15161eff bg=#7aa2f7ff bold=0 rev=0 ul=0 ulc=default link=0
row15: cols 83-83 fg=#1abc9cff bg=#292e42ff bold=0 rev=0 ul=0 ulc=default link=0
row15: cols 84-99 fg=#c0caf5ff bg=#292e42ff bold=0 rev=0 ul=0 ulc=default link=0
links: none
scrollback:
line0: " " " " " " " " " " " " " " " " " " " " " " " " " " " " " " " " " " " " " " " " " " " " " " " " " " " " " " " " " " " " " " " " " " " " " " " " " " " " " " " " " " " " " " " " " " " " " " " " " " " " " " " " " " " " " " " " " " " " " " " " " " " " " " " " " " " " " " " " " " " " " " " " " " " " " " " " " " " " " " " " " " " " " " " " " " " " " " " " " " " " " " " " " " " " " " " " " " " " " " " "
line1: . . . . . . . . . . . . . . . . . . . . . . . . . . . . . . . . . . . . . . . . . . . . . . . . . . . . . . . . . . . . . . . . . . . . . . . . . . . . . . . . . . . . . . . . . . . . . . . . . . . " "
line2: " " " " " " " " " " " " " " " " " " " " " " " " " " " " " " " " " " " " " " " " " " " " " " " " " " " " " " " " " " " " " " " " " " " " " " " " " " " " " " " " " " " " " " " " " " " " " " " " " " " " " " " " " " " " " " " " " " " " " " " " " " " " " " " " " " " " " " " " " " " " " " " " " " " " " " " " " " " " " " " " " " " " " " " " " " " " " " " " " " " " " " " " " " " " " " " " " " " " " " .
line3: . . . . . . . . . . . . . . . . . . . . . . . . . . . . . . . . . . . . . . . . . . . . . . . . . . . . . . . . . . . . . . . . . . . . . . . . . . . . . . . . . . . . . . . . . . . . . . . . . . . " "
line4: " " " " " " " " " " " " " " " " " " " " " " " " " " " " " " " " " " " " " " " " " " " " " " " " " " " " " " " " " " " " " " " " " " " " " " " " " " " " " " " " " " " " " " " " " " " " " " " " " " " " " " " " " " " " " " " " " " " " " " " " " " " " " " " " " " " " " " " " " " " " " " " " " " " " " " " " " " " " " " " " " " " " " " " " " " " " " " " " " " " " " " " " " " " " " " " " " " " " " " .
line5: . . . . . . . . . . . . . . . . . . . . . . . . . . . . . . . . . . . . . . . . . . . . . . . . . . . . . . . . . . . . . . . . . . . . . . . . . . . . . . . . . . . . . . . . . . . . . . . . . . . " "
line6: " " " " " " " " " " " " " " " " " " " " " " " " " " " " " " " " " " " " " " " " " " " " " " " " " " " " " " " " " " " " " " " " " " " " " " " " " " " " " " " " " " " " " " " " " " " " " " " " " " " " " " " " " " " " " " " " " " " " " " " " " " " " " " " " " " " " " " " " " " " " " " " " " " " " " " " " " " " " " " " " " " " " " " " " " " " " " " " " " " " " " " " " " " " " " " " " " " " " " " .
line7: . . . . . . . . . . . . . . . . . . . . . . . . . . . . . . . . . . . . . . . . . . . . . . . . . . . . . . . . . . . . . . . . . . . . . . . . . . . . . . . . . . . . . . . . . . . . . . . . . . . " "
line8: " " " " " " " " " " " " " " " " " " " " " " " " " " " " " " " " " " " " " " " " " " " " " " " " " " " " " " " " " " " " " " " " " " " " " " " " " " " " " " " " " " " " " " " " " " " " " " " " " " " " " " " " " " " " " " " " " " " " " " " " " " " " " " " " " " " " " " " " " " " " " " " " " " " " " " " " " " " " " " " " " " " " " " " " " " " " " " " " " " " " " " " " " " " " " " " " " " " " " " .
line9: . . . . . . . . . . . . . . . . . . . . . . . . . . . . . . . . . . . . . . . . . . . . . . . . . . . . . . . . . . . . . . . . . . . . . . . . . . . . . . . . . . . . . . . . . . . . . . . . . . . " "
line10: " " " " " " " " " " " " " " " " " " " " " " " " " " " " " " " " " " " " " " " " " " " " " " " " " " " " " " " " " " " " " " " " " " " " " " " " " " " " " " " " " " " " " " " " " " " " " " " " " " " " " " " " " " " " " " " " " " " " " " " " " " " " " " " " " " " " " " " " " " " " " " " " " " " " " " " " " " " " " " " " " " " " " " " " " " " " " " " " " " " " " " " " " " " " " " " " " " " " " " .
line11: . . . . . . . . . . . . . . . . . . . . . . . . . . . . . . . . . . . . . . . . . . . . . . . . . . . . . . . . . . . . . . . . . . . . . . . . . . . . . . . . . . . . . . . . . . . . . . . . . . . " "
line12: " " " " " " " " " " " " " " " " " " " " " " " " " " " " " " " " " " " " " " " " " " " " " " " " " " " " " " " " " " " " " " " " " " " " " " " " " " " " " " " " " " " " " " " " " " " " " " " " " " " " " " " " " " " " " " " " " " " " " " " " " " " " " " " " " " " " " " " " " " " " " " " " " " " " " " " " " " " " " " " " " " " " " " " " " " " " " " " " " " " " " " " " " " " " " " " " " " " " " " .
line13: . . . . . . . . . . . . . . . . . . . . . . . . . . . . . . . . . . . . . . . . . . . . . . . . . . . . . . . . . . . . . . . . . . . . . . . . . . . . . . . . . . . . . . . . . . . . . . . . . . . " "
line14: " " " " " " " " " " " " " " " " " " " " " " " " " " " " " " " " " " " " " " " " " " " " " " " " " " " " " " " " " " " " " " " " " " " " " " " " " " " " " " " " " " " " " " " " " " " " " " " " " " " " " " " " " " " " " " " " " " " " " " " " " " " " " " " " " " " " " " " " " " " " " " " " " " " " " " " " " " " " " " " " " " " " " " " " " " " " " " " " " " " " " " " " " " " " " " " " " " " " " " .
line15: . . . . . . . . . . . . . . . . . . . . . . . . . . . . . . . . . . . . . . . . . . . . . . . . . . . . . . . . . . . . . . . . . . . . . . . . . . . . . . . . . . . . . . . . . . . . . . . . . . . " "
line16: " " " " " " " " " " " " " " " " " " " " " " " " " " " " " " " " " " " " " " " " " " " " " " " " " " " " " " " " " " " " " " " " " " " " " " " " " " " " " " " " " " " " " " " " " " " " " " " " " " " " " " " " " " " " " " " " " " " " " " " " " " " " " " " " " " " " " " " " " " " " " " " " " " " " " " " " " " " " " " " " " " " " " " " " " " " " " " " " " " " " " " " " " " " " " " " " " " " " " " .
line17: . . . . . . . . . . . . . . . . . . . . . . . . . . . . . . . . . . . . . . . . . . . . . . . . . . . . . . . . . . . . . . . . . . . . . . . . . . . . . . . . . . . . . . . . . . . . . . . . . . . " "
line18: " " " " " " " " " " " " " " " " " " " " " " " " " " " " " " " " " " " " " " " " " " " " " " " " " " " " " " " " " " " " " " " " " " " " " " " " " " " " " " " " " " " " " " " " " " " " " " " " " " " " " " " " " " " " " " " " " " " " " " " " " " " " " " " " " " " " " " " " " " " " " " " " " " " " " " " " " " " " " " " " " " " " " " " " " " " " " " " " " " " " " " " " " " " " " " " " " " " " " " .
line19: . . . . . . . . . . . . . . . . . . . . . . . . . . . . . . . . . . . . . . . . . . . . . . . . . . . . . . . . . . . . . . . . . . . . . . . . . . . . . . . . . . . . . . . . . . . . . . . . . . . " "
line20: " " " " " " " " " " " " " " " " " " " " " " " " " " " " " " " " " " " " " " " " " " " " " " " " " " " " " " " " " " " " " " " " " " " " " " " " " " " " " " " " " " " " " " " " " " " " " " " " " " " " " " " " " " " " " " " " " " " " " " " " " " " " " " " " " " " " " " " " " " " " " " " " " " " " " " " " " " " " " " " " " " " " " " " " " " " " " " " " " " " " " " " " " " " " " " " " " " " " " " .
line21: . . . . . . . . . . . . . . . . . . . . . . . . . . . . . . . . . . . . . . . . . . . . . . . . . . . . . . . . . . . . . . . . . . . . . . . . . . . . . . . . . . . . . . . . . . . . . . . . . . . " "
line22: " " " " " " " " " " " " " " " " " " " " " " " " " " " " " " " " " " " " " " " " " " " " " " " " " " " " " " " " " " " " " " " " " " " " " " " " " " " " " " " " " " " " " " " " " " " " " " " " " " " " " " " " " " " " " " " " " " " " " " " " " " " " " " " " " " " " " " " " " " " " " " " " " " " " " " " " " " " " " " " " " " " " " " " " " " " " " " " " " " " " " " " " " " " " " " " " " " " " " " .
line23: . . . . . . . . . . . . . . . . . . . . . . . . . . . . . . . . . . . . . . . . . . . . . . . . . . . . . . . . . . . . . . . . . . . . . . . . . . . . . . . . . . . . . . . . . . . . . . . . . . . " "
line24: " " " " " " " " " " " " " " " " " " " " " " " " " " " " " " " " " " " " " " " " " " " " " " " " " " " " " " " " " " " " " " " " " " " " " " " " " " " " " " " " " " " " " " " " " " " " " " " " " " " " " " " " " " " " " " " " " " " " " " " " " " " " " " " " " " " " " " " " " " " " " " " " " " " " " " " " " " " " " " " " " " " " " " " " " " " " " " " " " " " " " " " " " " " " " " " " " " " " " " .
line25: . . . . . . . . . . . . . . . . . . . . . . . . . . . . . . . . . . . . . . . . . . . . . . . . . . . . . . . . . . . . . . . . . . . . . . . . . . . . . . . . . . . . . . . . . . . . . . . . . . . " "
line26: " " " " " " " " " " " " " " " " " " " " " " " " " " " " " " " " " " " " " " " " " " " " " " " " " " " " " " " " " " " " " " " " " " " " " " " " " " " " " " " " " " " " " " " " " " " " " " " " " " " " " " " " " " " " " " " " " " " " " " " " " " " " " " " " " " " " " " " " " " " " " " " " " " " " " " " " " " " " " " " " " " " " " " " " " " " " " " " " " " " " " " " " " " " " " " " " " " " " " " .
line27: . . . . . . . . . . . . . . . . . . . . . . . . . . . . . . . . . . . . . . . . . . . . . . . . . . . . . . . . . . . . . . . . . . . . . . . . . . . . . . . . . . . . . . . . . . . . . . . . . . . " "
line28: " " " " " " " " " " " " " " " " " " " " " " " " " " " " " " " " " " " " " " " " " " " " " " " " " " " " " " " " " " " " " " " " " " " " " " " " " " " " " " " " " " " " " " " " " " " " " " " " " " " " " " " " " " " " " " " " " " " " " " " " " " " " " " " " " " " " " " " " " " " " " " " " " " " " " " " " " " " " " " " " " " " " " " " " " " " " " " " " " " " " " " " " " " " " " " " " " " " " " " .
line29: . . . . . . . . . . . . . . . . . . . . . . . . . . . . . . . . . . . . . . . . . . . . . . . . . . . . . . . . . . . . . . . . . . . . . . . . . . . . . . . . . . . . . . . . . . . . . . . . . . . " "
line30: " " " " " " " " " " " " " " " " " " " " " " " " " " " " " " " " " " " " " " " " " " " " " " " " " " " " " " " " " " " " " " " " " " " " " " " " " " " " " " " " " " " " " " " " " " " " " " " " " " " " " " " " " " " " " " " " " " " " " " " " " " " " " " " " " " " " " " " " " " " " " " " " " " " " " " " " " " " " " " " " " " " " " " " " " " " " " " " " " " " " " " " " " " " " " " " " " " " " " " .
line31: . . . . . . . . . . . . . . . . . . . . . . . . . . . . . . . . . . . . . . . . . . . . . . . . . . . . . . . . . . . . . . . . . . . . . . . . . . . . . . . . . . . . . . . . . . . . . . . . . . . " "
line32: " " " " "1" "5" " " " " " " " " " " "c" "r" "i" "t" "i" "c" "a" "l" " " "=" " " "0" "," " " " " " " " " " " " " " " " " " " " " " " " " " " " " " " " " " " " " " " " " " " " " " " " " " " " " " " " " " " " " " " " " " " " " " " " " " " " " " " " " " " " " " " " " " " " " " " " " " " " " " " " " " " " " " " " " " " " " " " " " " " " " " " " " " " " " " " " " " " " " " " " " " " " " " " " " " " .
line33: . . . . . . . . . . . . . . . . . . . . . . . . . . . . . . . . . . . . . . . . . . . . . . . . . . . . . . . . . . . . . . . . . . . . . . . . . . . . . . . . . . . . . . . . . . . . . . . . . . . " "
line34: " " " " "1" "6" " " " " " " " " " " "@" "\"" "e" "r" "r" "o" "r" "\"" " " "=" " " "1" "," " " " " " " " " " " " " " " " " " " " " " " " " " " " " " " " " " " " " " " " " " " " " " " " " " " " " " " " " " " " " " " " " " " " " " " " " " " " " " " " " " " " " " " " " " " " " " " " " " " " " " " " " " " " " " " " " " " " " " " " " " " " " " " " " " " " " " " " " " " " " " " " " " " " " " " " " " " .
line35: . . . . . . . . . . . . . . . . . . . . . . . . . . . . . . . . . . . . . . . . . . . . . . . . . . . . . . . . . . . . . . . . . . . . . . . . . . . . . . . . . . . . . . . . . . . . . . . . . . . " "
line36: " " " " "1" "7" " " " " " " " " " " "w" "a" "r" "n" "i" "n" "g" " " "=" " " "2" "," " " " " " " " " " " " " " " " " " " " " " " " " " " " " " " " " " " " " " " " " " " " " " " " " " " " " " " " " " " " " " " " " " " " " " " " " " " " " " " " " " " " " " " " " " " " " " " " " " " " " " " " " " " " " " " " " " " " " " " " " " " " " " " " " " " " " " " " " " " " " " " " " " " " " " " " " " " " " .
line37: . . . . . . . . . . . . . . . . . . . . . . . . . . . . . . . . . . . . . . . . . . . . . . . . . . . . . . . . . . . . . . . . . . . . . . . . . . . . . . . . . . . . . . . . . . . . . . . . . . . " "
line38: " " " " "1" "8" " " " " " " " " " " "i" "n" "f" "o" " " "=" " " "3" "," " " " " " " " " " " " " " " " " " " " " " " " " " " " " " " " " " " " " " " " " " " " " " " " " " " " " " " " " " " " " " " " " " " " " " " " " " " " " " " " " " " " " " " " " " " " " " " " " " " " " " " " " " " " " " " " " " " " " " " " " " " " " " " " " " " " " " " " " " " " " " " " " " " " " " " " " " " " " " " " " " " .
line39: . . . . . . . . . . . . . . . . . . . . . . . . . . . . . . . . . . . . . . . . . . . . . . . . . . . . . . . . . . . . . . . . . . . . . . . . . . . . . . . . . . . . . . . . . . . . . . . . . . . " "
line40: " " " " "1" "9" " " " " " " " " " " "d" "e" "b" "u" "g" " " "=" " " "4" "," " " " " " " " " " " " " " " " " " " " " " " " " " " " " " " " " " " " " " " " " " " " " " " " " " " " " " " " " " " " " " " " " " " " " " " " " " " " " " " " " " " " " " " " " " " " " " " " " " " " " " " " " " " " " " " " " " " " " " " " " " " " " " " " " " " " " " " " " " " " " " " " " " " " " " " " " " " " " " " " " .
line41: . . . . . . . . . . . . . . . . . . . . . . . . . . . . . . . . . . . . . . . . . . . . . . . . . . . . . . . . . . . . . . . . . . . . . . . . . . . . . . . . . . . . . . . . . . . . . . . . . . . " "
line42: " " " " "2" "0" " " " " " " " " " " "t" "r" "a" "c" "e" " " "=" " " "5" "," " " " " " " " " " " " " " " " " " " " " " " " " " " " " " " " " " " " " " " " " " " " " " " " " " " " " " " " " " " " " " " " " " " " " " " " " " " " " " " " " " " " " " " " " " " " " " " " " " " " " " " " " " " " " " " " " " " " " " " " " " " " " " " " " " " " " " " " " " " " " " " " " " " " " " " " " " " " " " " " " .
line43: . . . . . . . . . . . . . . . . . . . . . . . . . . . . . . . . . . . . . . . . . . . . . . . . . . . . . . . . . . . . . . . . . . . . . . . . . . . . . . . . . . . . . . . . . . . . . . . . . . . " "
line44: " " " " "2" "1" " " "}" ";" " " " " " " " " " " " " " " " " " " " " " " " " " " " " " " " " " " " " " " " " " " " " " " " " " " " " " " " " " " " " " " " " " " " " " " " " " " " " " " " " " " " " " " " " " " " " " " " " " " " " " " " " " " " " " " " " " " " " " " " " " " " " " " " " " " " " " " " " " " " " " " " " " " " " " " " " " " " " " " " " " " " " " " " " " " " " " " " " " " " " " " " " .
line45: . . . . . . . . . . . . . . . . . . . . . . . . . . . . . . . . . . . . . . . . . . . . . . . . . . . . . . . . . . . . . . . . . . . . . . . . . . . . . . . . . . . . . . . . . . . . . . . . . . . " "
line46: " " " " "2" "2" " " " " " " " " " " " " " " " " " " " " " " " " " " " " " " " " " " " " " " " " " " " " " " " " " " " " " " " " " " " " " " " " " " " " " " " " " " " " " " " " " " " " " " " " " " " " " " " " " " " " " " " " " " " " " " " " " " " " " " " " " " " " " " " " " " " " " " " " " " " " " " " " " " " " " " " " " " " " " " " " " " " " " " " " " " " " " " " " " " " " " " " " " " " " " " .
line47: . . . . . . . . . . . . . . . . . . . . . . . . . . . . . . . . . . . . . . . . . . . . . . . . . . . . . . . . . . . . . . . . . . . . . . . . . . . . . . . . . . . . . . . . . . . . . . . . . . . " "
line48: " " " " "2" "3" " " "p" "u" "b" " " "f" "n" " " "l" "e" "v" "e" "l" "F" "r" "o" "m" "S" "t" "r" "i" "n" "g" "(" "v" "a" "l" "u" "e" ":" " " "[" "]" "c" "o" "n" "s" "t" " " "u" "8" ")" " " "?" "L" "e" "v" "e" "l" " " "{" " " " " " " " " " " " " " " " " " " " " " " " " " " " " " " " " " " " " " " " " " " " " " " " " " " " " " " " " " " " " " " " " " " " " " " " " " " " " " " " " " " " " " " " " .
line49: . . . . . . . . . . . . . . . . . . . . . . . . . . . . . . . . . . . . . . . . . . . . . . . . . . . . . . . . . . . . . . . . . . . . . . . . . . . . . . . . . . . . . . . . . . . . . . . . . . . " "
line50: " " " " "2" "4" " " " " " " " " " " "i" "f" " " "(" "s" "t" "d" "." "a" "s" "c" "i" "i" "." "e" "q" "l" "I" "g" "n" "o" "r" "e" "C" "a" "s" "e" "(" "v" "a" "l" "u" "e" "," " " "\"" "c" "r" "i" "t" "i" "c" "a" "l" "\"" ")" ")" " " "r" "e" "t" "u" "r" "n" " " "." "c" "r" "i" "t" "i" "c" "a" "l" ";" " " " " " " " " " " " " " " " " " " " " " " " " " " " " " " " " " " " " " " " " " " " " " " " " " " .
line51: . . . . . . . . . . . . . . . . . . . . . . . . . . . . . . . . . . . . . . . . . . . . . . . . . . . . . . . . . . . . . . . . . . . . . . . . . . . . . . . . . . . . . . . . . . . . . . . . . . . " "
line52: " " " " "2" "5" " " " " " " " " " " "i" "f" " " "(" "s" "t" "d" "." "a" "s" "c" "i" "i" "." "e" "q" "l" "I" "g" "n" "o" "r" "e" "C" "a" "s" "e" "(" "v" "a" "l" "u" "e" "," " " "\"" "e" "r" "r" "o" "r" "\"" ")" ")" " " "r" "e" "t" "u" "r" "n" " " "." "@" "\"" "e" "r" "r" "o" "r" "\"" ";" " " " " " " " " " " " " " " " " " " " " " " " " " " " " " " " " " " " " " " " " " " " " " " " " " " " " " " " " .
line53: . . . . . . . . . . . . . . . . . . . . . . . . . . . . . . . . . . . . . . . . . . . . . . . . . . . . . . . . . . . . . . . . . . . . . . . . . . . . . . . . . . . . . . . . . . . . . . . . . . . " "
line54: " " " " "2" "6" " " " " " " " " " " "i" "f" " " "(" "s" "t" "d" "." "a" "s" "c" "i" "i" "." "e" "q" "l" "I" "g" "n" "o" "r" "e" "C" "a" "s" "e" "(" "v" "a" "l" "u" "e" "," " " "\"" "w" "a" "r" "n" "i" "n" "g" "\"" ")" " " "o" "r" " " "s" "t" "d" "." "a" "s" "c" "i" "i" "." "e" "q" "l" "I" "g" "n" "o" "r" "e" "C" "a" "s" "e" "(" "v" "a" "l" "u" "e" "," " " "\"" "w" "a" "r" "n" "\"" ")" ")" " " "r" .
line55: . . . . . . . . . . . . . . . . . . . . . . . . . . . . . . . . . . . . . . . . . . . . . . . . . . . . . . . . . . . . . . . . . . . . . . . . . . . . . . . . . . . . . . . . . . . . . . . . . . . " "
line56: " " " " "2" "7" " " " " " " " " " " "i" "f" " " "(" "s" "t" "d" "." "a" "s" "c" "i" "i" "." "e" "q" "l" "I" "g" "n" "o" "r" "e" "C" "a" "s" "e" "(" "v" "a" "l" "u" "e" "," " " "\"" "i" "n" "f" "o" "\"" ")" ")" " " "r" "e" "t" "u" "r" "n" " " "." "i" "n" "f" "o" ";" " " " " " " " " " " " " " " " " " " " " " " " " " " " " " " " " " " " " " " " " " " " " " " " " " " " " " " " " " " " " " " " " " " " "
line57: " " " " " " " " " " " " " " " " " " " " " " " " " " " " " " " " " " " " " " " " " " " " " " " " " " " " " " " " " " " " " " " " " " " " " " " " " " " " " " " " " " " " " " " " " " " " " " " " " " " " " " " " " " " " " " " " " " " " " " " " " " " " " " " " " " " " " " " " " " " " " " " " " " " " " " " " " " " " " " " " " " " " " " " " " " " " " " " " " " " " " " " " " " " " " " " " " " " " " " .
line58: . . . . . . . . . . . . . . . . . . . . . . . . . . . . . . . . . . . . . . . . . . . . . . . . . . . . . . . . . . . . . . . . . . . . . . . . . . . . . . . . . . . . . . . . . . . . . . . . . . . " "
line59: " " " " "1" "5" " " " " " " " " " " "c" "r" "i" "t" "i" "c" "a" "l" " " "=" " " "0" "," " " " " " " " " " " " " " " " " " " " " " " " " " " " " " " " " " " " " " " " " " " " " " " " " " " " " " " " " " " " " " " " " " " " " " " " " " " " " " " " " " " " " " " " " " " " " " " " " " " " " " " " " " " " " " " " " " " " " " " " " " " " " " " " " " " " " " " " " " " " " " " " " " " " " " " " " " " .
line60: . . . . . . . . . . . . . . . . . . . . . . . . . . . . . . . . . . . . . . . . . . . . . . . . . . . . . . . . . . . . . . . . . . . . . . . . . . . . . . . . . . . . . . . . . . . . . . . . . . . " "
line61: " " " " "1" "6" " " " " " " " " " " "@" "\"" "e" "r" "r" "o" "r" "\"" " " "=" " " "1" "," " " " " " " " " " " " " " " " " " " " " " " " " " " " " " " " " " " " " " " " " " " " " " " " " " " " " " " " " " " " " " " " " " " " " " " " " " " " " " " " " " " " " " " " " " " " " " " " " " " " " " " " " " " " " " " " " " " " " " " " " " " " " " " " " " " " " " " " " " " " " " " " " " " " " " " " " " " .
line62: . . . . . . . . . . . . . . . . . . . . . . . . . . . . . . . . . . . . . . . . . . . . . . . . . . . . . . . . . . . . . . . . . . . . . . . . . . . . . . . . . . . . . . . . . . . . . . . . . . . " "
line63: " " " " "1" "7" " " " " " " " " " " "w" "a" "r" "n" "i" "n" "g" " " "=" " " "2" "," " " " " " " " " " " " " " " " " " " " " " " " " " " " " " " " " " " " " " " " " " " " " " " " " " " " " " " " " " " " " " " " " " " " " " " " " " " " " " " " " " " " " " " " " " " " " " " " " " " " " " " " " " " " " " " " " " " " " " " " " " " " " " " " " " " " " " " " " " " " " " " " " " " " " " " " " " " " " .
line64: . . . . . . . . . . . . . . . . . . . . . . . . . . . . . . . . . . . . . . . . . . . . . . . . . . . . . . . . . . . . . . . . . . . . . . . . . . . . . . . . . . . . . . . . . . . . . . . . . . . " "
line65: " " " " "1" "8" " " " " " " " " " " "i" "n" "f" "o" " " "=" " " "3" "," " " " " " " " " " " " " " " " " " " " " " " " " " " " " " " " " " " " " " " " " " " " " " " " " " " " " " " " " " " " " " " " " " " " " " " " " " " " " " " " " " " " " " " " " " " " " " " " " " " " " " " " " " " " " " " " " " " " " " " " " " " " " " " " " " " " " " " " " " " " " " " " " " " " " " " " " " " " " " " " " " " .
line66: . . . . . . . . . . . . . . . . . . . . . . . . . . . . . . . . . . . . . . . . . . . . . . . . . . . . . . . . . . . . . . . . . . . . . . . . . . . . . . . . . . . . . . . . . . . . . . . . . . . " "
line67: " " " " "1" "9" " " " " " " " " " " "d" "e" "b" "u" "g" " " "=" " " "4" "," " " " " " " " " " " " " " " " " " " " " " " " " " " " " " " " " " " " " " " " " " " " " " " " " " " " " " " " " " " " " " " " " " " " " " " " " " " " " " " " " " " " " " " " " " " " " " " " " " " " " " " " " " " " " " " " " " " " " " " " " " " " " " " " " " " " " " " " " " " " " " " " " " " " " " " " " " " " " " " " " .
line68: . . . . . . . . . . . . . . . . . . . . . . . . . . . . . . . . . . . . . . . . . . . . . . . . . . . . . . . . . . . . . . . . . . . . . . . . . . . . . . . . . . . . . . . . . . . . . . . . . . . " "
line69: " " " " "2" "0" " " " " " " " " " " "t" "r" "a" "c" "e" " " "=" " " "5" "," " " " " " " " " " " " " " " " " " " " " " " " " " " " " " " " " " " " " " " " " " " " " " " " " " " " " " " " " " " " " " " " " " " " " " " " " " " " " " " " " " " " " " " " " " " " " " " " " " " " " " " " " " " " " " " " " " " " " " " " " " " " " " " " " " " " " " " " " " " " " " " " " " " " " " " " " " " " " " " " " .
line70: . . . . . . . . . . . . . . . . . . . . . . . . . . . . . . . . . . . . . . . . . . . . . . . . . . . . . . . . . . . . . . . . . . . . . . . . . . . . . . . . . . . . . . . . . . . . . . . . . . . " "
line71: " " " " "2" "1" " " "}" ";" " " " " " " " " " " " " " " " " " " " " " " " " " " " " " " " " " " " " " " " " " " " " " " " " " " " " " " " " " " " " " " " " " " " " " " " " " " " " " " " " " " " " " " " " " " " " " " " " " " " " " " " " " " " " " " " " " " " " " " " " " " " " " " " " " " " " " " " " " " " " " " " " " " " " " " " " " " " " " " " " " " " " " " " " " " " " " " " " " " " " " " " " .
line72: . . . . . . . . . . . . . . . . . . . . . . . . . . . . . . . . . . . . . . . . . . . . . . . . . . . . . . . . . . . . . . . . . . . . . . . . . . . . . . . . . . . . . . . . . . . . . . . . . . . " "
line73: " " " " "2" "2" " " " " " " " " " " " " " " " " " " " " " " " " " " " " " " " " " " " " " " " " " " " " " " " " " " " " " " " " " " " " " " " " " " " " " " " " " " " " " " " " " " " " " " " " " " " " " " " " " " " " " " " " " " " " " " " " " " " " " " " " " " " " " " " " " " " " " " " " " " " " " " " " " " " " " " " " " " " " " " " " " " " " " " " " " " " " " " " " " " " " " " " " " " " " " " .
line74: . . . . . . . . . . . . . . . . . . . . . . . . . . . . . . . . . . . . . . . . . . . . . . . . . . . . . . . . . . . . . . . . . . . . . . . . . . . . . . . . . . . . . . . . . . . . . . . . . . . " "
line75: " " " " "2" "3" " " "p" "u" "b" " " "f" "n" " " "l" "e" "v" "e" "l" "F" "r" "o" "m" "S" "t" "r" "i" "n" "g" "(" "v" "a" "l" "u" "e" ":" " " "[" "]" "c" "o" "n" "s" "t" " " "u" "8" ")" " " "?" "L" "e" "v" "e" "l" " " "{" " " " " " " " " " " " " " " " " " " " " " " " " " " " " " " " " " " " " " " " " " " " " " " " " " " " " " " " " " " " " " " " " " " " " " " " " " " " " " " " " " " " " " " " " .
line76: . . . . . . . . . . . . . . . . . . . . . . . . . . . . . . . . . . . . . . . . . . . . . . . . . . . . . . . . . . . . . . . . . . . . . . . . . . . . . . . . . . . . . . . . . . . . . . . . . . . " "
line77: " " " " "2" "4" " " " " " " " " " " "i" "f" " " "(" "s" "t" "d" "." "a" "s" "c" "i" "i" "." "e" "q" "l" "I" "g" "n" "o" "r" "e" "C" "a" "s" "e" "(" "v" "a" "l" "u" "e" "," " " "\"" "c" "r" "i" "t" "i" "c" "a" "l" "\"" ")" ")" " " "r" "e" "t" "u" "r" "n" " " "." "c" "r" "i" "t" "i" "c" "a" "l" ";" " " " " " " " " " " " " " " " " " " " " " " " " " " " " " " " " " " " " " " " " " " " " " " " " " " .
line78: . . . . . . . . . . . . . . . . . . . . . . . . . . . . . . . . . . . . . . . . . . . . . . . . . . . . . . . . . . . . . . . . . . . . . . . . . . . . . . . . . . . . . . . . . . . . . . . . . . . " "
line79: " " " " "2" "5" " " " " " " " " " " "i" "f" " " "(" "s" "t" "d" "." "a" "s" "c" "i" "i" "." "e" "q" "l" "I" "g" "n" "o" "r" "e" "C" "a" "s" "e" "(" "v" "a" "l" "u" "e" "," " " "\"" "e" "r" "r" "o" "r" "\"" ")" ")" " " "r" "e" "t" "u" "r" "n" " " "." "@" "\"" "e" "r" "r" "o" "r" "\"" ";" " " " " " " " " " " " " " " " " " " " " " " " " " " " " " " " " " " " " " " " " " " " " " " " " " " " " " " " " .
line80: . . . . . . . . . . . . . . . . . . . . . . . . . . . . . . . . . . . . . . . . . . . . . . . . . . . . . . . . . . . . . . . . . . . . . . . . . . . . . . . . . . . . . . . . . . . . . . . . . . . " "
line81: " " " " "2" "6" " " " " " " " " " " "i" "f" " " "(" "s" "t" "d" "." "a" "s" "c" "i" "i" "." "e" "q" "l" "I" "g" "n" "o" "r" "e" "C" "a" "s" "e" "(" "v" "a" "l" "u" "e" "," " " "\"" "w" "a" "r" "n" "i" "n" "g" "\"" ")" " " "o" "r" " " "s" "t" "d" "." "a" "s" "c" "i" "i" "." "e" "q" "l" "I" "g" "n" "o" "r" "e" "C" "a" "s" "e" "(" "v" "a" "l" "u" "e" "," " " "\"" "w" "a" "r" "n" "\"" ")" ")" " " "r" .
line82: . . . . . . . . . . . . . . . . . . . . . . . . . . . . . . . . . . . . . . . . . . . . . . . . . . . . . . . . . . . . . . . . . . . . . . . . . . . . . . . . . . . . . . . . . . . . . . . . . . . " "
line83: " " " " "2" "7" " " " " " " " " " " "i" "f" " " "(" "s" "t" "d" "." "a" "s" "c" "i" "i" "." "e" "q" "l" "I" "g" "n" "o" "r" "e" "C" "a" "s" "e" "(" "v" "a" "l" "u" "e" "," " " "\"" "i" "n" "f" "o" "\"" ")" ")" " " "r" "e" "t" "u" "r" "n" " " "." "i" "n" "f" "o" ";" " " " " " " " " " " " " " " " " " " " " " " " " " " " " " " " " " " " " " " " " " " " " " " " " " " " " " " " " " " " " " " " " " " .
line84: . . . . . . . . . . . . . . . . . . . . . . . . . . . . . . . . . . . . . . . . . . . . . . . . . . . . . . . . . . . . . . . . . . . . . . . . . . . . . . . . . . . . . . . . . . . . . . . . . . . " "
line85: " " " " " " " " " " " " " " " " " " " " " " " " " " " " " " " " " " " " " " " " " " " " " " " " " " " " " " " " " " " " " " " " " " " " " " " " " " " " " " " " " " " " " " " " " " " " " " " " " " " " " " " " " " " " " " " " " " " " " " " " " " " " " " " " " " " " " " " " " " " " " " " " " " " " " " " " " " " " " " " " " " " " " " " " " " " " " " " " " " " " " " " " " " " " " " " " " " " " " " .
line86: . . . . . . . . . . . . . . . . . . . . . . . . . . . . . . . . . . . . . . . . . . . . . . . . . . . . . . . . . . . . . . . . . . . . . . . . . . . . . . . . . . . . . . . . . . . . . . . . . . . " "
line87: " " " " " " " " " " " " " " " " " " " " " " " " " " " " " " " " " " " " " " " " " " " " " " " " " " " " " " " " " " " " " " " " " " " " " " " " " " " " " " " " " " " " " " " " " " " " " " " " " " " " " " " " " " " " " " " " " " " " " " " " " " " " " " " " " " " " " " " " " " " " " " " " " " " " " " " " " " " " " " " " " " " " " " " " " " " " " " " " " " " " " " " " " " " " " " " " " " " " " " " "
line88: "" " " "a" "p" "p" "_" "l" "o" "g" "g" "e" "r" "." "z" "i" "g" " " " " " " " " " " " " " " " " " " " " " " " " " " " " " " " " " " " " " " " " " " " " " " " " " " " " " " " " " " " " " " " " " " " " " " " " " " " " " " " " " " " " " " " " " " " " " " " " " " " " " " " " " " " " " " " " " " " " " " " " " " " " " " " " " " " " " " " " " " " " " " " " " " " " " " " " " " " " " " " " " " " " " " .
line89: . . . . . . . . . . . . . . . . . . . . . . . . . . . . . . . . . . . . . . . . . . . . . . . . . . . . . . . . . . . . . . . . . . . . . . . . . . . . . . . . . . . . . . . . . . . . . . . . . . . "s"
line90: "r" "c" "/" "a" "p" "p" "_" "l" "o" "g" "g" "e" "r" "." "z" "i" "g" " " " " " " " " " " " " " " " " " " " " " " " " " " " " " " " " " " " " " " " " " " " " " " " " " " " " " " " " " " " " " " " " " " " " " " " " " " " " " " " " " " " " " " " " " " " " " " " " " " " " " " " " " " " " " " " " " " " " " " " " " " " " " " " " "2" "1" "," "1" " " " " " " " " " " " " " " " " " " " " " " " " "4" "%" .
line91: . . . . . . . . . . . . . . . . . . . . . . . . . . . . . . . . . . . . . . . . . . . . . . . . . . . . . . . . . . . . . . . . . . . . . . . . . . . . . . . . . . . . . . . . . . . . . . . . . . . " "
line92: " " " " " " " " " " " " " " " " " " " " " " " " " " " " " " " " " " " " " " " " " " " " " " " " " " " " " " " " " " " " " " " " " " " " " " " " " " " " " " " " " " " " " " " " " " " " " " " " " " " " " " " " " " " " " " " " " " " " " " " " " " " " " " " " " " " " " " " " " " " " " " " " " " " " " " " " " " " " " " " " " " " " " " " " " " " " " " " " " " " " " " " " " " " " " " " " " " " " " " " "
line93: " " " " " " " " " " " " " " " " " " " " " " " " " " " " " " " " " " " " " " " " " " " " " " " " " " " " " " " " " " " " " " " " " " " " " " " " " " " " " " " " " " " " " " " " " " " " " " " " " " " " " " " " " " " " " " " " " " " " " " " " " " " " " " " " " " " " " " " " " " " " " " " " " " " " " " " " " " " " " " " " " " " " " " " " " " " " " " " " " " " " " " " " " " " " " " " " " " " " " " .
line94: . . . . . . . . . . . . . . . . . . . . . . . . . . . . . . . . . . . . . . . . . . . . . . . . . . . . . . . . . . . . . . . . . . . . . . . . . . . . . . . . . . . . . . . . . . . . . . . . . . . " "
line95: " " " " " " " " " " " " " " " " " " " " " " " " " " " " " " " " " " " " " " " " " " " " " " " " " " " " " " " " " " " " " " " " " " " " " " " " " " " " " " " " " " " " " " " " " " " " " " " " " " " " " " " " " " " " " " " " " " " " " " " " " " " " " " " " " " " " " " " " " " " " " " " " " " " " " " " " " " " " " " " " " " " " " " " " " " " " " " " " " " " " " " " " " " " " " " " " " " " " " " .
line96: . . . . . . . . . . . . . . . . . . . . . . . . . . . . . . . . . . . . . . . . . . . . . . . . . . . . . . . . . . . . . . . . . . . . . . . . . . . . . . . . . . . . . . . . . . . . . . . . . . . " "
line97: " " " " " " " " " " " " " " " " " " " " " " " " " " " " " " " " " " " " " " " " " " " " " " " " " " " " " " " " " " " " " " " " " " " " " " " " " " " " " " " " " " " " " " " " " " " " " " " " " " " " " " " " " " " " " " " " " " " " " " " " " " " " " " " " " " " " " " " " " " " " " " " " " " " " " " " " " " " " " " " " " " " " " " " " " " " " " " " " " " " " " " " " " " " " " " " " " " " " " " .
line98: . . . . . . . . . . . . . . . . . . . . . . . . . . . . . . . . . . . . . . . . . . . . . . . . . . . . . . . . . . . . . . . . . . . . . . . . . . . . . . . . . . . . . . . . . . . . . . . . . . . " "
line99: " " " " " " " " " " " " " " " " " " " " " " " " " " " " " " " " " " " " " " " " " " " " " " " " " " " " " " " " " " " " " " " " " " " " " " " " " " " " " " " " " " " " " " " " " " " " " " " " " " " " " " " " " " " " " " " " " " " " " " " " " " " " " " " " " " " " " " " " " " " " " " " " " " " " " " " " " " " " " " " " " " " " " " " " " " " " " " " " " " " " " " " " " " " " " " " " " " " " " " .
line100: . . . . . . . . . . . . . . . . . . . . . . . . . . . . . . . . . . . . . . . . . . . . . . . . . . . . . . . . . . . . . . . . . . . . . . . . . . . . . . . . . . . . . . . . . . . . . . . . . . . " "
line101: " " " " " " " " " " " " " " " " " " " " " " " " " " " " " " " " " " " " " " " " " " " " " " " " " " " " " " " " " " " " " " " " " " " " " " " " " " " " " " " " " " " " " " " " " " " " " " " " " " " " " " " " " " " " " " " " " " " " " " " " " " " " " " " " " " " " " " " " " " " " " " " " " " " " " " " " " " " " " " " " " " " " " " " " " " " " " " " " " " " " " " " " " " " " " " " " " " " " " " .
line102: . . . . . . . . . . . . . . . . . . . . . . . . . . . . . . . . . . . . . . . . . . . . . . . . . . . . . . . . . . . . . . . . . . . . . . . . . . . . . . . . . . . . . . . . . . . . . . . . . . . " "
line103: " " " " " " " " " " " " " " " " " " " " " " " " " " " " " " " " " " " " " " " " " " " " " " " " " " " " " " " " " " " " " " " " " " " " " " " " " " " " " " " " " " " " " " " " " " " " " " " " " " " " " " " " " " " " " " " " " " " " " " " " " " " " " " " " " " " " " " " " " " " " " " " " " " " " " " " " " " " " " " " " " " " " " " " " " " " " " " " " " " " " " " " " " " " " " " " " " " " " " " .
line104: . . . . . . . . . . . . . . . . . . . . . . . . . . . . . . . . . . . . . . . . . . . . . . . . . . . . . . . . . . . . . . . . . . . . . . . . . . . . . . . . . . . . . . . . . . . . . . . . . . . " "
line105: " " " " " " " " " " " " " " " " " " " " " " " " " " " " " " " " " " " " " " " " " " " " " " " " " " " " " " " " " " " " " " " " " " " " " " " " " " " " " " " " " " " " " " " " " " " " " " " " " " " " " " " " " " " " " " " " " " " " " " " " " " " " " " " " " " " " " " " " " " " " " " " " " " " " " " " " " " " " " " " " " " " " " " " " " " " " " " " " " " " " " " " " " " " " " " " " " " " " " " .
line106: . . . . . . . . . . . . . . . . . . . . . . . . . . . . . . . . . . . . . . . . . . . . . . . . . . . . . . . . . . . . . . . . . . . . . . . . . . . . . . . . . . . . . . . . . . . . . . . . . . . " "
line107: " " " " " " " " " " " " " " " " " " " " " " " " " " " " " " " " " " " " " " " " " " " " " " " " " " " " " " " " " " " " " " " " " " " " " " " " " " " " " " " " " " " " " " " " " " " " " " " " " " " " " " " " " " " " " " " " " " " " " " " " " " " " " " " " " " " " " " " " " " " " " " " " " " " " " " " " " " " " " " " " " " " " " " " " " " " " " " " " " " " " " " " " " " " " " " " " " " " " " " .
line108: . . . . . . . . . . . . . . . . . . . . . . . . . . . . . . . . . . . . . . . . . . . . . . . . . . . . . . . . . . . . . . . . . . . . . . . . . . . . . . . . . . . . . . . . . . . . . . . . . . . " "
line109: " " " " " " " " " " " " " " " " " " " " " " " " " " " " " " " " " " " " " " " " " " " " " " " " " " " " " " " " " " " " " " " " " " " " " " " " " " " " " " " " " " " " " " " " " " " " " " " " " " " " " " " " " " " " " " " " " " " " " " " " " " " " " " " " " " " " " " " " " " " " " " " " " " " " " " " " " " " " " " " " " " " " " " " " " " " " " " " " " " " " " " " " " " " " " " " " " " " " " " .
line110: . . . . . . . . . . . . . . . . . . . . . . . . . . . . . . . . . . . . . . . . . . . . . . . . . . . . . . . . . . . . . . . . . . . . . . . . . . . . . . . . . . . . . . . . . . . . . . . . . . . " "
line111: " " " " " " " " " " " " " " " " " " " " " " " " " " " " " " " " " " " " " " " " " " " " " " " " " " " " " " " " " " " " " " " " " " " " " " " " " " " " " " " " " " " " " " " " " " " " " " " " " " " " " " " " " " " " " " " " " " " " " " " " " " " " " " " " " " " " " " " " " " " " " " " " " " " " " " " " " " " " " " " " " " " " " " " " " " " " " " " " " " " " " " " " " " " " " " " " " " " " " " .
line112: . . . . . . . . . . . . . . . . . . . . . . . . . . . . . . . . . . . . . . . . . . . . . . . . . . . . . . . . . . . . . . . . . . . . . . . . . . . . . . . . . . . . . . . . . . . . . . . . . . . " "
line113: " " " " " " " " " " " " " " " " " " " " " " " " " " " " " " " " " " " " " " " " " " " " " " " " " " " " " " " " " " " " " " " " " " " " " " " " " " " " " " " " " " " " " " " " " " " " " " " " " " " " " " " " " " " " " " " " " " " " " " " " " " " " " " " " " " " " " " " " " " " " " " " " " " " " " " " " " " " " " " " " " " " " " " " " " " " " " " " " " " " " " " " " " " " " " " " " " " " " " " .
line114: . . . . . . . . . . . . . . . . . . . . . . . . . . . . . . . . . . . . . . . . . . . . . . . . . . . . . . . . . . . . . . . . . . . . . . . . . . . . . . . . . . . . . . . . . . . . . . . . . . . " "
line115: " " " " " " " " " " " " " " " " " " " " " " " " " " " " " " " " " " " " " " " " " " " " " " " " " " " " " " " " " " " " " " " " " " " " " " " " " " " " " " " " " " " " " " " " " " " " " " " " " " " " " " " " " " " " " " " " " " " " " " " " " " " " " " " " " " " " " " " " " " " " " " " " " " " " " " " " " " " " " " " " " " " " " " " " " " " " " " " " " " " " " " " " " " " " " " " " " " " " " " .
line116: . . . . . . . . . . . . . . . . . . . . . . . . . . . . . . . . . . . . . . . . . . . . . . . . . . . . . . . . . . . . . . . . . . . . . . . . . . . . . . . . . . . . . . . . . . . . . . . . . . . " "
line117: " " " " " " " " " " " " " " " " " " " " " " " " " " " " " " " " " " " " " " " " " " " " " " " " " " " " " " " " " " " " " " " " " " " " " " " " " " " " " " " " " " " " " " " " " " " " " " " " " " " " " " " " " " " " " " " " " " " " " " " " " " " " " " " " " " " " " " " " " " " " " " " " " " " " " " " " " " " " " " " " " " " " " " " " " " " " " " " " " " " " " " " " " " " " " " " " " " " " " " .
line118: . . . . . . . . . . . . . . . . . . . . . . . . . . . . . . . . . . . . . . . . . . . . . . . . . . . . . . . . . . . . . . . . . . . . . . . . . . . . . . . . . . . . . . . . . . . . . . . . . . . " "
line119: " " " " " " " " " " " " " " " " " " " " " " " " " " " " " " " " " " " " " " " " " " " " " " " " " " " " " " " " " " " " " " " " " " " " " " " " " " " " " " " " " " " " " " " " " " " " " " " " " " " " " " " " " " " " " " " " " " " " " " " " " " " " " " " " " " " " " " " " " " " " " " " " " " " " " " " " " " " " " " " " " " " " " " " " " " " " " " " " " " " " " " " " " " " " " " " " " " " " " " .
line120: . . . . . . . . . . . . . . . . . . . . . . . . . . . . . . . . . . . . . . . . . . . . . . . . . . . . . . . . . . . . . . . . . . . . . . . . . . . . . . . . . . . . . . . . . . . . . . . . . . . " "
line121: " " " " " " " " " " " " " " " " " " " " " " " " " " " " " " " " " " " " " " " " " " " " " " " " " " " " " " " " " " " " " " " " " " " " " " " " " " " " " " " " " " " " " " " " " " " " " " " " " " " " " " " " " " " " " " " " " " " " " " " " " " " " " " " " " " " " " " " " " " " " " " " " " " " " " " " " " " " " " " " " " " " " " " " " " " " " " " " " " " " " " " " " " " " " " " " " " " " " " " .
line122: . . . . . . . . . . . . . . . . . . . . . . . . . . . . . . . . . . . . . . . . . . . . . . . . . . . . . . . . . . . . . . . . . . . . . . . . . . . . . . . . . . . . . . . . . . . . . . . . . . . " "
line123: " " " " " " " " " " " " " " " " " " " " " " " " " " " " " " " " " " " " " " " " " " " " " " " " " " " " " " " " " " " " " " " " " " " " " " " " " " " " " " " " " " " " " " " " " " " " " " " " " " " " " " " " " " " " " " " " " " " " " " " " " " " " " " " " " " " " " " " " " " " " " " " " " " " " " " " " " " " " " " " " " " " " " " " " " " " " " " " " " " " " " " " " " " " " " " " " " " " " " " .
line124: . . . . . . . . . . . . . . . . . . . . . . . . . . . . . . . . . . . . . . . . . . . . . . . . . . . . . . . . . . . . . . . . . . . . . . . . . . . . . . . . . . . . . . . . . . . . . . . . . . . " "
line125: " " " " "1" "5" " " " " " " " " " " "c" "r" "i" "t" "i" "c" "a" "l" " " "=" " " "0" "," . . . . . . . . . . . . . . . . . . . . . . . . . . . . . . . . . . . . . . . . . . . . . . . . . . . . . . . . . . . . . . . . . . . . . . . . . . . . . .
line126: . . . . . . . . . . . . . . . . . . . . . . " " " " " " "1" "6" " " " " " " " " " " "@" "\"" "e" "r" "r" "o" "r" "\"" " " "=" " " "1" "," . . . . . . . . . . . . . . . . . . . . . . . . . . . . . . . . . . . . . . . . . . . . . . . . . . . . . . .
line127: . . . . . . . . . . . . . . . . . . . . . . . . . . . . . . . . . . . . . . . . . . . . . " " " " " " "1" "7" " " " " " " " " " " "w" "a" "r" "n" "i" "n" "g" " " "=" " " "2" "," . . . . . . . . . . . . . . . . . . . . . . . . . . . . . . . . .
line128: . . . . . . . . . . . . . . . . . . . . . . . . . . . . . . . . . . . . . . . . . . . . . . . . . . . . . . . . . . . . . . . . . . . " " " " " " "1" "8" " " " " " " " " " " "i" "n" "f" "o" " " "=" " " "3" "," . . . . . . . . . . . . . .
line129: . . . . . . . . . . . . . . . . . . . . . . . . . . . . . . . . . . . . . . . . . . . . . . . . . . . . . . . . . . . . . . . . . . . . . . . . . . . . . . . . . . . . . . " " " " " " "1" "9" " " " " " " " " " " "d" "e" "b" "u"
line130: "g" " " "=" " " "4" "," . . . . . . . . . . . . . . . . . . . . . . . . . . . . . . . . . . . . . . . . . . . . . . . . . . . . . . . . . . . . . . . . . . . . . . . . . . . . . . . . . . . . . . . . . . . . . .
line131: . . . . . . " " " " " " "2" "0" " " " " " " " " " " "t" "r" "a" "c" "e" " " "=" " " "5" "," . . . . . . . . . . . . . . . . . . . . . . . . . . . . . . . . . . . . . . . . . . . . . . . . . . . . . . . . . . . . . . . . . . . . . . . . . .
line132: . . . . . . . . . . . . . . . . . . . . . . . . . . " " " " " " "2" "1" " " "}" ";" " " " " " " " " " " " " " " " " " " " " " " " " " " " " " " " " " " " " " " " " " " " " " " " " " " " " " " " " " " " " " " " " " " " " " " " " " " " " " " " " " " " " " " " " " " " " " " " " " " " " " " " " " " " " " " " " " " " " " " " " " " " " " " " " " " " "
line133: " " " " " " " " " " " " " " " " " " " " " " " " " " " " " " " " " " " " " " " " " " " " " " " " " " " " . . . . . . . . . . . . . . . . . . . . . . . . . . . . . . . . . . . . . . . . . . . . . . . . . . . . . . . . . . . . . . . . . . . . . . . . . .
line134: . . . . . . . . . . . . . . . . . . . . . . . . . . " " " " " " "2" "2" " " . . . . . . . . . . . . . . . . . . . . . . . . . . . . . . . . . . . . . . . . . . . . . . . . . . . . . . . . . . . . . . . . . . . .
line135: . . . . . . . . . . . . . . . . . . . . . . . . . . . . . . . . " " " " " " "2" "3" " " "p" "u" "b" " " "f" "n" " " "l" "e" "v" "e" "l" "F" "r" "o" "m" "S" "t" "r" "i" "n" "g" "(" "v" "a" "l" "u" "e" ":" " " "[" "]" "c" "o" "n" "s" "t" " " "u" "8" ")" " " "?" "L" "e" "v" "e" "l" " " "{" . . . . . . . . . . . .
line136: . . . . . . . . . . . . . . . . . . . . . . . . . . . . . . . . . . . . . . . . . . . . . . . . . . . . . . . . . . . . . . . . . . . . . . . . . . . . . . . . . . . . . . . . " " " " " " "2" "4" " " " " " " " " " " "i" "f"
line137: " " "(" "s" "t" "d" "." "a" "s" "c" "i" "i" "." "e" "q" "l" "I" "g" "n" "o" "r" "e" "C" "a" "s" "e" "(" "v" "a" "l" "u" "e" "," " " "\"" "c" "r" "i" "t" "i" "c" "a" "l" "\"" ")" ")" " " "r" "e" "t" "u" "r" "n" " " "." "c" "r" "i" "t" "i" "c" "a" "l" ";" . . . . . . . . . . . . . . . . . . . . . . . . . . . . . . . . . . . . .
line138: . . . . . . . . . . . . . . . . . . . . . . . . . . . . . . . . . . . . . . . . . . . . . . . . . . . . . . . . . . . . . . . " " " " " " "2" "5" " " " " " " " " " " "i" "f" " " "(" "s" "t" "d" "." "a" "s" "c" "i" "i" "." "e" "q" "l" "I" "g" "n" "o" "r" "e" "C" "a" "s" "e"
line139: "(" "v" "a" "l" "u" "e" "," " " "\"" "e" "r" "r" "o" "r" "\"" ")" ")" " " "r" "e" "t" "u" "r" "n" " " "." "@" "\"" "e" "r" "r" "o" "r" "\"" ";" . . . . . . . . . . . . . . . . . . . . . . . . . . . . . . . . . . . . . . . . . . . . . . . . . . . . . . . . . . . . . . . . .
line140: . . . . . . . . . . . . . . . . . . . . . . . . . . . . . . . . . . . " " " " " " "2" "6" " " " " " " " " " " "i" "f" " " "(" "s" "t" "d" "." "a" "s" "c" "i" "i" "." "e" "q" "l" "I" "g" "n" "o" "r" "e" "C" "a" "s" "e" "(" "v" "a" "l" "u" "e" "," " " "\"" "w" "a" "r" "n" "i" "n" "g" "\"" ")" " " "o" "r" " " "s" "t" "d" "." "a" "s"
line141: "c" "i" "i" "." "e" "q" "l" "I" "g" "n" "o" "r" "e" "C" "a" "s" "e" "(" "v" "a" "l" "u" "e" "," " " "\"" "w" "a" "r" "n" "\"" ")" ")" " " "r" . . . . . . . . . . . . . . . . . . . . . . . . . . . . . . . . . . . . . . . . . . . . . . . . . . . . . . . . . . . . . . . . .
line142: . . . . . . . . . . . . . . . . . . . . . . . . . . . . . . . . . . . " " " " " " "2" "7" " " " " " " " " " " "i" "f" " " "(" "s" "t" "d" "." "a" "s" "c" "i" "i" "." "e" "q" "l" "I" "g" "n" "o" "r" "e" "C" "a" "s" "e" "(" "v" "a" "l" "u" "e" "," " " "\"" "i" "n" "f" "o" "\"" ")" ")" " " "r" "e" "t" "u" "r" "n" " " "." "i" "n" "f"
line143: "o" ";" . . . . . . . . . . . . . . . . . . . . . . . . . . . . . . . . . . . . . . . . . . . . . . . . . . . . . . . . . . . . . . . . . . . . . . . . . . . . . . . . . . . . . . . . . . . . . . . . . .
line144: . . " " " " " " "2" "8" " " " " " " " " " " "i" "f" " " "(" "s" "t" "d" "." "a" "s" "c" "i" "i" "." "e" "q" "l" "I" "g" "n" "o" "r" "e" "C" "a" "s" "e" "(" "v" "a" "l" "u" "e" "," " " "\"" "d" "e" "b" "u" "g" "\"" ")" ")" " " "r" "e" "t" "u" "r" "n" " " "." "d" "e" "b" "u" "g" ";" " " "" " " "a" "p" "p" "_" "l" "o" "g" "g" "e" "r" "." "z" "i" "g" " " " " " " " " " " " " " " " " " " " " " " " "
line145: " " " " " " " " " " " " " " " " " " " " " " " " " " " " " " " " " " " " " " " " " " " " " " " " " " " " " " " " " " " " " " " " " " " " " " " " " " " " " " " " " " " " " " " " " " " " " " " " " " " " " " " " " " " " " " " " " " " " " " " " " " " " " " " " " " " " " " " " " " " " " " . . . . . . . . . . . . . . . . . . . . . . . . . . . . .
line146: . . . . . . . . . . . . . . . . . . . . . . . . . . . . . . . . . . . . . . . . . . . . . . . . . . . . . . . . . . . . . . . . . . . . . . . " " " " " " " " " " " " " " " " " " " " " " " " " " " " " " " " " " " " " " " " " " " " " " " " " " " " " " " " " "
line147: " " " " " " " " " " " " " " " " " " " " " " " " " " " " " " " " " " " " " " " " " " " " " " " " " " " " " " " " " " " " " " " " " " " " " " " " " " " " " " " " " " " " " " " " " " " " " " " " " " " " " " " " " " " " " " " " " " " " " " " " " " " " " " " " " " " " " " " " " " " " " " . . . . . . . . . . . . . . . . . . . . . . . . . . . . .
line148: . . . . . . . . . . . . . . . . . . . . . . . . . . . . . . . . . . . . . . . . . . . . . . . . . . . . . . . . . . . . . . . . . . . . . . . " " " " " " " " " " " " " " " " " " " " " " " " " " " " " " " " " " " " " " " " " " " " " " " " " " " " " " " " " "
line149: " " " " " " " " " " " " " " " " " " " " " " " " " " " " " " " " " " " " " " " " " " " " " " " " " " " " " " " " " " " " " " " " " " " " " " " " " " " " " " " " " " " " " " " " " " " " " " " " " " " " " " " " " " " " " " " " " " " " " " " " " " " " " " " " " " " " " " " " " " " " " " "c" "r" "i" "t" "i" "c" "a" "l" "@" "\"" "e" "r" "r" "o" "r" "\"" "w" "a" "r" "n" "i" "n" "g" "i" "n" "f" "o" "d" "e"
line150: "b" "u" "g" "│" " " " " " " "t" "r" "a" "c" "e" "p" "u" "b" " " "f" "n" " " "l" "e" "v" "e" "l" "F" "r" "o" "m" "S" "t" "r" "i" "n" "g" "(" "v" "a" "l" "u" "e" ":" " " "[" "]" "c" "o" "n" "s" "t" " " "u" "8" ")" " " "?" "L" "e" "v" "e" "l" "i" "f" " " "(" "s" "t" "d" "." "a" "s" "c" "i" "i" "." "e" "q" "l" "I" "g" "n" "o" "r" "e" "C" "a" "s" "e" "(" "v" "a" "l" "u" "e" "," " " "\"" "c" "r" "i" "t"
line151: "i" "c" "a" "l" "\"" ")" ")" " " "r" "e" "t" "u" "r" "n" " " "." "c" "r" "i" "t" "i" "c" "a" "l" "i" "f" " " "(" "s" "t" "d" "." "a" "s" "c" "i" "i" "." "e" "q" "l" "I" "g" "n" "o" "r" "e" "C" "a" "s" "e" "(" "v" "a" "l" "u" "e" "," " " "\"" "e" "r" "r" "o" "r" "\"" ")" ")" " " "r" "e" "t" "u" "r" "n" " " "." "@" "\"" "e" "r" "r" "o" "r" "\"" "i" "f" " " "(" "s" "t" "d" "." "a" "s" "c" "i" "i" "." "e"
line152: "q" "l" "I" "g" "n" "o" "r" "e" "C" "a" "s" "e" "(" "v" "a" "l" "u" "e" "," " " "\"" "w" "a" "r" "n" "i" "n" "g" "\"" ")" " " "o" "r" " " "s" "t" "d" "." "a" "s" "c" "i" "i" "." "e" "q" "l" "I" "g" "n" "o" "r" "e" "C" "a" "s" "e" "(" "v" "a" "l" "u" "e" "," " " "\"" "w" "a" "r" "n" "\"" ")" ")" " " "r" "i" "f" " " "(" "s" "t" "d" "." "a" "s" "c" "i" "i" "." "e" "q" "l" "I" "g" "n" "o" "r" "e" "C" "a"
line153: "s" "e" "(" "v" "a" "l" "u" "e" "," " " "\"" "i" "n" "f" "o" "\"" ")" ")" " " "r" "e" "t" "u" "r" "n" " " "." "i" "n" "f" "o" "i" "f" " " "(" "s" "t" "d" "." "a" "s" "c" "i" "i" "." "e" "q" "l" "I" "g" "n" "o" "r" "e" "C" "a" "s" "e" "(" "v" "a" "l" "u" "e" "," " " "\"" "d" "e" "b" "u" "g" "\"" ")" ")" " " "r" "e" "t" "u" "r" "n" " " "." "d" "e" "b" "u" "g" . . . . . . . . . . .
line154: . . . . . . . . . . . . . . . . . . . . . . . . . . . . . . . . . . . . . . . . . . . . . . . . . . . . . . . . . . . . . . . . . . . . . . . . . . . . . . . . . . . . . . . . . " " "N" " " "" " " "" " " "" " " "󰆓" " "
line155: "" " " "󰓙" " " "" " " "󰒲" " " "" " " "" " " "" " " "󰆼" " " "" " " "󰈙" " " "z" "i" "d" "e" "/" "s" "r" "c" "/" "a" "p" "p" "_" "l" "o" "g" "g" "e" "r" "." "z" "i" "g" " " " " " " " " " " " " " " " " " " " " " " " " " " " " " " " " " " " " " " "F" "m" "t" ":" "O" "f" "f" " " "" " " "L" "S" "P" ":" "z" "l" "s" " " "" " " " " "2" "1" ":" "1" " " " " " " "" " " "a" "p" "p" "_" "l" "o" "g" "g"
line156: "e" "r" "." "z" "i" "g" " " " " " " " " " " " " " " " " " " " " " " " " " " " " " " " " " " " " " " " " " " " " " " " " " " " " " " " " " " " " " " " " " " " " " " " " " " " " " " " " " " " " " " " " " " " " " " " " " " " " " " " " " " " " " " " " " " " " " " " " " " " " " " " " " " " " " " " " " " " " " " " " " " " " " " " " " " " " " " " " " " " " " " . . . . . . . . . . .
line157: . . . . . . . . . . . . . . . . . . . . . . . . . . . . . . . . . . . . . . . . . . . . . . . . . . . . . . . . . . . . . . . . . . . . . . . . . . . . . . . . . . . . . . . . . " " " " " " "1" "5" " " " " " " " " " " "c"
line158: "r" "i" "t" "i" "c" "a" "l" " " "=" " " "0" "," " " " " " " " " " " " " " " " " " " " " " " " " " " " " " " " " " " " " " " " " " " " " " " " " " " " " " " " " " " " " " " " " " " " " " " " " " " " " " " " " " " " " " " " " " " " " " " " " " " " " " " " " " " " " " " " " " " " " " " " " " " " " " " " " " " " " " " " " " " " " " " " " " " " " " " " " " " . . . . . . . . . . .
line159: . . . . . . . . . . . . . . . . . . . . . . . . . . . . . . . . . . . . . . . . . . . . . . . . . . . . . . . . . . . . . . . . . . . . . . . . . . . . . . . . . . . . . . . . . " " " " " " "1" "6" " " " " " " " " " " "@"
line160: "\"" "e" "r" "r" "o" "r" "\"" " " "=" " " "1" "," " " " " " " " " " " " " " " " " " " " " " " " " " " " " " " " " " " " " " " " " " " " " " " " " " " " " " " " " " " " " " " " " " " " " " " " " " " " " " " " " " " " " " " " " " " " " " " " " " " " " " " " " " " " " " " " " " " " " " " " " " " " " " " " " " " " " " " " " " " " " " " " " " " " " " " " " " " . . . . . . . . . . .
line161: . . . . . . . . . . . . . . . . . . . . . . . . . . . . . . . . . . . . . . . . . . . . . . . . . . . . . . . . . . . . . . . . . . . . . . . . . . . . . . . . . . . . . . . . . " " " " " " "1" "7" " " " " " " " " " " "w"
line162: "a" "r" "n" "i" "n" "g" " " "=" " " "2" "," " " " " " " " " " " " " " " " " " " " " " " " " " " " " " " " " " " " " " " " " " " " " " " " " " " " " " " " " " " " " " " " " " " " " " " " " " " " " " " " " " " " " " " " " " " " " " " " " " " " " " " " " " " " " " " " " " " " " " " " " " " " " " " " " " " " " " " " " " " " " " " " " " " " " " " " " " " " " . . . . . . . . . . .
line163: . . . . . . . . . . . . . . . . . . . . . . . . . . . . . . . . . . . . . . . . . . . . . . . . . . . . . . . . . . . . . . . . . . . . . . . . . . . . . . . . . . . . . . . . . " " " " " " "1" "8" " " " " " " " " " " "i"
line164: "n" "f" "o" " " "=" " " "3" "," " " " " " " " " " " " " " " " " " " " " " " " " " " " " " " " " " " " " " " " " " " " " " " " " " " " " " " " " " " " " " " " " " " " " " " " " " " " " " " " " " " " " " " " " " " " " " " " " " " " " " " " " " " " " " " " " " " " " " " " " " " " " " " " " " " " " " " " " " " " " " " " " " " " " " " " " " " " " " " " " " " . . . . . . . . . . .
line165: . . . . . . . . . . . . . . . . . . . . . . . . . . . . . . . . . . . . . . . . . . . . . . . . . . . . . . . . . . . . . . . . . . . . . . . . . . . . . . . . . . . . . . . . . " " " " " " "1" "9" " " " " " " " " " " "d"
line166: "e" "b" "u" "g" " " "=" " " "4" "," " " " " " " " " " " " " " " " " " " " " " " " " " " " " " " " " " " " " " " " " " " " " " " " " " " " " " " " " " " " " " " " " " " " " " " " " " " " " " " " " " " " " " " " " " " " " " " " " " " " " " " " " " " " " " " " " " " " " " " " " " " " " " " " " " " " " " " " " " " " " " " " " " " " " " " " " " " " " " " " " . . . . . . . . . . .
line167: . . . . . . . . . . . . . . . . . . . . . . . . . . . . . . . . . . . . . . . . . . . . . . . . . . . . . . . . . . . . . . . . . . . . . . . . . . . . . . . . . . . . . . . . . " " " " " " "2" "0" " " "│" " " " " " " "t"
line168: "r" "a" "c" "e" " " "=" " " "5" "," " " " " " " " " " " " " " " " " " " " " " " " " " " " " " " " " " " " " " " " " " " " " " " " " " " " " " " " " " " " " " " " " " " " " " " " " " " " " " " " " " " " " " " " " " " " " " " " " " " " " " " " " " " " " " " " " " " " " " " " " " " " " " " " " " " " " " " " " " " " " " " " " " " " " " " " " " " " " " " " " . . . . . . . . . . .
line169: . . . . . . . . . . . . . . . . . . . . . . . . . . . . . . . . . . . . . . . . . . . . . . . . . . . . . . . . . . . . . . . . . . . . . . . . . . . . . . . . . . . . . . . . . " " " " " " "2" "1" " " "}" ";" " " " " " "
line170: " " " " " " " " " " " " " " " " " " " " " " " " " " " " " " " " " " " " " " " " " " " " " " " " " " " " " " " " " " " " " " " " " " " " " " " " " " " " " " " " " " " " " " " " " " " " " " " " " " " " " " " " " " " " " " " " " " " " " " " " " " " " " " " " " " " " " " " " " " " " " " " " " " " " " " " " " " " " " " " " " " " " " " " " " " " " " " " " " " . . . . . . . . . . .
line171: . . . . . . . . . . . . . . . . . . . . . . . . . . . . . . . . . . . . . . . . . . . . . . . . . . . . . . . . . . . . . . . . . . . . . . . . . . . . . . . . . . . . . . . . . " " " " " " "2" "2" " " " " " " " " " " " "
line172: " " " " " " " " " " " " " " " " " " " " " " " " " " " " " " " " " " " " " " " " " " " " " " " " " " " " " " " " " " " " " " " " " " " " " " " " " " " " " " " " " " " " " " " " " " " " " " " " " " " " " " " " " " " " " " " " " " " " " " " " " " " " " " " " " " " " " " " " " " " " " " " " " " " " " " " " " " " " " " " " " " " " " " " " " " " " " " " " " " . . . . . . . . . . .
line173: . . . . . . . . . . . . . . . . . . . . . . . . . . . . . . . . . . . . . . . . . . . . . . . . . . . . . . . . . . . . . . . . . . . . . . . . . . . . . . . . . . . . . . . . . " " " " " " "2" "3" " " "p" "u" "b" " " "f"
line174: "n" " " "l" "e" "v" "e" "l" "F" "r" "o" "m" "S" "t" "r" "i" "n" "g" "(" "v" "a" "l" "u" "e" ":" " " "[" "]" "c" "o" "n" "s" "t" " " "u" "8" ")" " " "?" "L" "e" "v" "e" "l" " " "{" " " " " " " " " " " " " " " " " " " " " " " " " " " " " " " " " " " " " " " " " " " " " " " " " " " " " " " " " " " " " " " " " " " " " " " " " " " " " " " " " " " " " " " " " . . . . . . . . . . .
line175: . . . . . . . . . . . . . . . . . . . . . . . . . . . . . . . . . . . . . . . . . . . . . . . . . . . . . . . . . . . . . . . . . . . . . . . . . . . . . . . . . . . . . . . . . " " " " " " "2" "4" " " " " " " " " " " "i"
line176: "f" " " "(" "s" "t" "d" "." "a" "s" "c" "i" "i" "." "e" "q" "l" "I" "g" "n" "o" "r" "e" "C" "a" "s" "e" "(" "v" "a" "l" "u" "e" "," " " "\"" "c" "r" "i" "t" "i" "c" "a" "l" "\"" ")" ")" " " "r" "e" "t" "u" "r" "n" " " "." "c" "r" "i" "t" "i" "c" "a" "l" ";" " " " " " " " " " " " " " " " " " " " " " " " " " " " " " " " " " " " " " " " " " " " " " " " " " " . . . . . . . . . . .
line177: . . . . . . . . . . . . . . . . . . . . . . . . . . . . . . . . . . . . . . . . . . . . . . . . . . . . . . . . . . . . . . . . . . . . . . . . . . . . . . . . . . . . . . . . . " " " " " " "2" "5" " " " " " " " " " " "i"
line178: "f" " " "(" "s" "t" "d" "." "a" "s" "c" "i" "i" "." "e" "q" "l" "I" "g" "n" "o" "r" "e" "C" "a" "s" "e" "(" "v" "a" "l" "u" "e" "," " " "\"" "e" "r" "r" "o" "r" "\"" ")" ")" " " "r" "e" "t" "u" "r" "n" " " "." "@" "\"" "e" "r" "r" "o" "r" "\"" ";" " " " " " " " " " " " " " " " " " " " " " " " " " " " " " " " " " " " " " " " " " " " " " " " " " " " " " " " " . . . . . . . . . . .
line179: . . . . . . . . . . . . . . . . . . . . . . . . . . . . . . . . . . . . . . . . . . . . . . . . . . . . . . . . . . . . . . . . . . . . . . . . . . . . . . . . . . . . . . . . . " " " " " " "2" "6" " " " " " " " " " " "i"
line180: "f" " " "(" "s" "t" "d" "." "a" "s" "c" "i" "i" "." "e" "q" "l" "I" "g" "n" "o" "r" "e" "C" "a" "s" "e" "(" "v" "a" "l" "u" "e" "," " " "\"" "w" "a" "r" "n" "i" "n" "g" "\"" ")" " " "o" "r" " " "s" "t" "d" "." "a" "s" "c" "i" "i" "." "e" "q" "l" "I" "g" "n" "o" "r" "e" "C" "a" "s" "e" "(" "v" "a" "l" "u" "e" "," " " "\"" "w" "a" "r" "n" "\"" ")" ")" " " "r" . . . . . . . . . . .
line181: . . . . . . . . . . . . . . . . . . . . . . . . . . . . . . . . . . . . . . . . . . . . . . . . . . . . . . . . . . . . . . . . . . . . . . . . . . . . . . . . . . . . . . . . . " " " " " " "2" "7" " " " " " " " " " " "i"
line182: "f" " " "(" "s" "t" "d" "." "a" "s" "c" "i" "i" "." "e" "q" "l" "I" "g" "n" "o" "r" "e" "C" "a" "s" "e" "(" "v" "a" "l" "u" "e" "," " " "\"" "i" "n" "f" "o" "\"" ")" ")" " " "r" "e" "t" "u" "r" "n" " " "." "i" "n" "f" "o" ";" " " " " " " " " " " " " " " " " " " " " " " " " " " " " " " " " " " " " " " " " " " " " " " " " " " " " " " " " " " " " " " " " " " . . . . . . . . . . .
line183: . . . . . . . . . . . . . . . . . . . . . . . . . . . . . . . . . . . . . . . . . . . . . . . . . . . . . . . . . . . . . . . . . . . . . . . . . . . . . . . . . . . . . . . . . " " " " " " "2" "8" " " " " " " " " " " "i"
line184: "f" " " "(" "s" "t" "d" "." "a" "s" "c" "i" "i" "." "e" "q" "l" "I" "g" "n" "o" "r" "e" "C" "a" "s" "e" "(" "v" "a" "l" "u" "e" "," " " "\"" "d" "e" "b" "u" "g" "\"" ")" ")" " " "r" "e" "t" "u" "r" "n" " " "." "d" "e" "b" "u" "g" ";" " " " " " " " " " " " " " " " " " " " " " " " " " " " " " " " " " " " " " " " " " " " " " " " " " " " " " " " " " " " " " " . . . . . . . . . . .
line185: . . . . . . . . . . . . . . . . . . . . . . . . . . . . . . . . . . . . . . . . . . . . . . . . . . . . . . . . . . . . . . . . . . . . . . . . . . . . . . . . . . . . . . . . . " " "N" " " "" " " "" " " "" " " "󰆓" " "
line186: "" " " "󰓙" " " "" " " "󰒲" " " "" " " "" " " "" " " "󰆼" " " "" " " "󰈙" " " "z" "i" "d" "e" "/" "s" "r" "c" "/" "a" "p" "p" "_" "l" "o" "g" "g" "e" "r" "." "z" "i" "g" " " " " " " " " " " " " " " " " " " " " " " " " " " " " " " " " " " " " " " "F" "m" "t" ":" "O" "f" "f" " " "" " " "L" "S" "P" ":" "z" "l" "s" " " "" " " " " "2" "1" ":" "1" " " " " "│" "a" ":" " " "v" "a" "l" "u" "e" "," " "
line187: "b" ":" " " "\"" "c" "r" "i" "t" "i" "c" "a" "l" "\"" ")" ")" " " "r" "e" "t" "u" "r" "n" " " "." "c" "r" "i" "t" "i" "c" "a" "l" ";" "a" ":" " " "v" "a" "l" "u" "e" "," " " "b" ":" " " "\"" "e" "r" "r" "o" "r" "\"" ")" ")" " " "r" "e" "t" "u" "r" "n" " " "." "@" "\"" "e" "r" "r" "o" "r" "\"" ";" "a" ":" " " "v" "a" "l" "u" "e" "," " " "b" ":" " " "\"" "w" "a" "r" "n" "i" "n" "g" "\"" ")" " " "o" "r" " "
line188: "s" "t" "d" "." "a" "s" "c" "i" "i" "." "e" "q" "l" "I" "g" "n" "o" "r" "e" "C" "a" "s" "e" "(" "a" ":" " " "v" "a" "l" "u" "e" "," " " "b" "a" ":" " " "v" "a" "l" "u" "e" "," " " "b" ":" " " "\"" "i" "n" "f" "o" "\"" ")" ")" " " "r" "e" "t" "u" "r" "n" " " "." "i" "n" "f" "o" ";" "a" ":" " " "v" "a" "l" "u" "e" "," " " "b" ":" " " "\"" "d" "e" "b" "u" "g" "\"" ")" ")" " " "r" "e" "t" "u" "r" "n" " "
line189: "." "d" "e" "b" "u" "g" ";" "▪" " " "│" "│" "│" "│" "▪" " " "▪" " " " " " " " " "▪" " " "F" "m" "t" ":" "O" "f" "f" " " "" " " "" " " "m" "a" "i" "n" " " "󰏿" " " "L" "e" "v" "e" "l" " " " " " " "2" "0" " " "│" " " " " " " "t" "r" "a" "c" "e" " " "=" " " "5" "," " " " " " " " " " " " " " " " " " " " " " " " " " " " " " " " " " " " " " " " " " " " " " " " " " " " " " " " " " " " " " " " " " " " "
line190: " " " " " " " " " " " " " " " " " " " " " " " " " " " " " " " " " " " " " " " " " " " " " " " " " " " " " " " " " " " " " " " " " " " " " " " " " " " " " " " " " " " " " " " " " " " " " " "2" "1" " " "}" ";" " " " " " " " " " " " " " " " " " " " " " " " " " " " " " " " " " " " " " " " " " " " " " " " " " " " " " " " " " " " " " " " " " " " " " " " " " " " " " " " " " " " " " " " " " " " " " " " "
line191: " " " " " " " " " " " " " " " " " " " " " " " " " " " " " " " " " " " " " " " " " " " " " " " " " " " " " " " " " " " " " " " " " " " " " " " " " " " " " " " " " " " " " " " " . . . . . . . . . . . . . . . . . . . . . . . . . . . . . . . . . . . . . . . . . . . . . . . . . . . . . . . .
line192: . . . . . . . . . . . . . . . . . . . . . . . . . . . . . . . . . . . . . . . . . . . . " " " " " " "1" "6" " " "│" " " " " " " "@" "\"" "e" "r" "r" "o" "r" "\"" " " "=" " " "1" "," " " " " " " " " " " " " " " " " " " " " " " " " " " " " " " " " " " " " " " " " " " " " " " " " " " " " " " " " " " " " " " " " " "
line193: " " " " " " " " " " " " " " " " " " " " " " " " " " " " " " " " " " " " " " " " " " " " " " " " " " " " " " " " " " " " " " " " " " " " " " " " " " " " " " " " " " " " " " " " . . . . . . . . . . . . . . . . . . . . . . . . . . . . . . . . . . . . . . . . . . . . . . . . . . . . . . . .
line194: . . . . . . . . . . . . . . . . . . . . . . . . . . . . . . . . . . . . . . . . . . . . " " " " " " "1" "7" " " "│" " " " " " " "w" "a" "r" "n" "i" "n" "g" " " "=" " " "2" "," " " " " " " " " " " " " " " " " " " " " " " " " " " " " " " " " " " " " " " " " " " " " " " " " " " " " " " " " " " " " " " " " " " " "
line195: " " " " " " " " " " " " " " " " " " " " " " " " " " " " " " " " " " " " " " " " " " " " " " " " " " " " " " " " " " " " " " " " " " " " " " " " " " " " " " " " " " " " " " " " . . . . . . . . . . . . . . . . . . . . . . . . . . . . . . . . . . . . . . . . . . . . . . . . . . . . . . . .
line196: . . . . . . . . . . . . . . . . . . . . . . . . . . . . . . . . . . . . . . . . . . . . " " " " " " "1" "8" " " "│" " " " " " " "i" "n" "f" "o" " " "=" " " "3" "," " " " " " " " " " " " " " " " " " " " " " " " " " " " " " " " " " " " " " " " " " " " " " " " " " " " " " " " " " " " " " " " " " " " " " " " " " "
line197: " " " " " " " " " " " " " " " " " " " " " " " " " " " " " " " " " " " " " " " " " " " " " " " " " " " " " " " " " " " " " " " " " " " " " " " " " " " " " " " " " " " " " " " " . . . . . . . . . . . . . . . . . . . . . . . . . . . . . . . . . . . . . . . . . . . . . . . . . . . . . . . .
line198: . . . . . . . . . . . . . . . . . . . . . . . . . . . . . . . . . . . . . . . . . . . . " " " " " " "1" "9" " " "│" " " " " " " "d" "e" "b" "u" "g" " " "=" " " "4" "," " " " " " " " " " " " " " " " " " " " " " " " " " " " " " " " " " " " " " " " " " " " " " " " " " " " " " " " " " " " " " " " " " " " " " " " "
line199: " " " " " " " " " " " " " " " " " " " " " " " " " " " " " " " " " " " " " " " " " " " " " " " " " " " " " " " " " " " " " " " " " " " " " " " " " " " " " " " " " " " " " " " " . . . . . . . . . . . . . . . . . . . . . . . . . . . . . . . . . . . . . . . . . . . . . . . . . . . . . . . .
line200: . . . . . . . . . . . . . . . . . . . . . . . . . . . . . . . . . . . . . . . . . . . . " " " " " " "2" "0" " " "│" " " " " " " "t" "r" "a" "c" "e" " " "=" " " "5" "," " " " " " " " " " " " " " " " " " " " " " " " " " " " " " " " " " " " " " " " " " " " " " " " " " " " " " " " " " " " " " " " " " " " " " " " "
line201: " " " " " " " " " " " " " " " " " " " " " " " " " " " " " " " " " " " " " " " " " " " " " " " " " " " " " " " " " " " " " " " " " " " " " " " " " " " " " " " " " " " " " " " " . . . . . . . . . . . . . . . . . . . . . . . . . . . . . . . . . . . . . . . . . . . . . . . . . . . . . . . .
kitty:
images=0 placements=0
image ids: []
placement ids: []
