TERM_SNAPSHOT v1
size: 16x100
cursor: r=15 c=15 visible=1 style=block-blink
alt: 0
scrollback: count=213 view_offset=0
focus_reporting: 1
title: "Terminal"
cwd: ""
clipboard: ""
selection: none
grid:
row0: "n" "a" "l" "t" "y" "(" "m" "o" "d" "e" ":" " " "B" "u" "i" "l" "d" "M" "o" "d" "e" ")" " " "u" "s" "i" "z" "e" " " "{" " " " " " " " " " " " " " " " " " " " " " " " " " " " " " " " " " " " " " " " " " " " " " " " " " " " " " " " " " " " " " " " " " " " " " " " " " " " " " " " " " " " " " " " " " " " " " " " " " " " " " " " " " " " " " " "" "▪" " " " " "2" "" . . . . . . . . .
row1: . . . . . . . . . . . . . . . . . . . . . . . . . . . . . . . . . . . . . . . . . . . . . . . . . . . . . . . . . . . . . . . . . . . . . . . . . . . . . . . . . . . . . . . . . . . "│" . . . . . . . .
row2: . . . . . . . . . . . . . . . . . . . . . . . . . . . . . . . . . . . . . . . . . . . . . . . . . . . . . . . . . . . . . . . . . . . . . . . . . . . . . . . . . . . . . . . . . . . . . . . . . . . .
row3: . . . . . . . . . . . . . . . . . . . . . . . . . . . . . . . . . . . . . . . . . . . . . . . . . . . . . . . . . . . . . . . . . . . . . . . . . . . . . . . . . . . . . . . . . . . . "│" . . . . . . .
row4: . . . . . . . . . . . . . . . . . . . . . . . . . . . . . . . . . . . . . . . . . . . . . . . . . . . . . . . . . . . . . . . . . . . . . . . . . . . . . . . . . . . . . . . . . . . . . . . . . . . .
row5: . . . . . . . . . . . . . . . . . . . . . . . . . . . . . . . . . . . . . . . . . . . . . . . . . . . . . . . . . . . . . . . . . . . . . . . . . . . . . . . . . . . . . . . . . . . . . . . . . . . .
row6: . . . . . . . . . . . . . . . . . . . . . . . . . . . . . . . . . . . . . . . . . . . . . . . . . . . . . . . . . . . . . . . . . . . . . . . . . . . . . . . . . . . . . . . . . . . . . "│" . . . . . .
row7: . . . . . . . . . . . . . . . . . . . . . . . . . . . . . . . . . . . . . . . . . . . . . . . . . . . . . . . . . . . . . . . . . . . . . . . . . . . . . . . . . . . . . . . . . . . . . . . . . . . .
row8: . . . . . . . . . . . . . . . . . . . . . . . . . . . . . . . . . . . . . . . . . . . . . . . . . . . . . . . . . . . . . . . . . . . . . . . . . . . . . . . . . . . . . . . . . . . . . . . . . . . .
row9: . . . . . . . . . . . . . . . . . . . . . . . . . . . . . . . . . . . . . . . . . . . . . . . . . . . . . . . . . . . . . . . . . . . . . . . . . . . . . . . . . . . . . . . . . . . . . . . . . . . .
row10: . . . . . . . . . . . . . . . . . . . . . . . . . . . . . . . . . . . . . . . . . . . . . . . . . . . . . . . . . . . . . . . . . . . . . . . . . . . . . . . . . . . . . . . . . . . . . . "│" " " "󰊕" " " "m" "o"
row11: "d" "e" "P" "e" "n" "a" "l" "t" "y" "│" "│" " " "6" "2" " " "f" "n" " " "m" "o" "d" "e" "P" "e" "n" "a" "l" "t" "y" "(" "m" "o" "d" "e" ":" " " "B" "u" "i" "l" "d" "M" "o" "d" "e" ")" " " "u" "s" "i" "z" "e" " " "{" " " " " " " " " " " " " " " " " " " " " " " " " " " " " " " " " " " " " " " " " " " " " " " " " " " " " " " " " " " " " " " " " " " " " " " " " " " " " " " " " " " " " " " " " " " " "
row12: " " " " " " " " " " " " " " " " " " " " "6" "3" " " "│" " " " " " " "r" "e" "t" "u" "r" "n" " " "s" "w" "i" "t" "c" "h" " " "(" "m" "o" "d" "e" ")" " " "{" " " " " " " " " " " " " " " " " " " " " " " " " " " " " " " " " " " " " " " " " " " " " " " " " " " " " " " " " " " " " " " " " " " " " " " " " " " " " " " " " " " " " " " " " " " " " " " " " " " " " " " " " " " " " " " " " " " " " " " " " " "
row13: " " " " " " " " " " " " " " "" "▪" " " " " "3" "" " " "6" "3" " " "│" " " " " " " "r" "e" "t" "u" "r" "n" " " "s" "w" "i" "t" "c" "h" " " "(" "m" "o" "d" "e" ")" " " "{" " " " " " " " " " " " " " " " " " " " " " " " " " " " " " " " " " " " " " " " " " " " " " " " " " " " " " " " " " " " " " " " " " " " " " " " " " " " " " " " " " " " " " " " " " " " " " " " " " " " " " " " " " " " " " " " " " "
row14: " " " " " " " " " " " " " " " " " " " " " " " " "6" "4" " " "│" " " " " " " " " " " " " " " "." "d" "e" "b" "u" "g" " " "=" ">" " " "8" "," " " " " " " " " " " " " " " " " " " " " " " " " " " " " " " " " " " " " " " " " " " " " " " " " " " " " " " " " " " " " " " " " " " " " " " " " " " " " " " " " " " " " " " " " " " " " " " " " " " " " " " " " " " " " " " " " " " " " " " " " " " " " " " " " " "
row15: " " " " " " " " " " " " " " " " " " "" "▪" " " " " "4" "" . . . . . . . . . . . . . . . . . . . . . . . . . . . . . . . . . . . . . . . . . . . . . . . . . . . . . . . . . . . . . . . . . . . . . . . . . . . . . . . . . . . . .
attrs:
row0: cols 0-4 fg=#7aa2f7ff bg=#292e42ff bold=0 rev=0 ul=0 ulc=default link=0
row0: cols 5-5 fg=#c0caf5ff bg=#292e42ff bold=0 rev=0 ul=0 ulc=default link=0
row0: cols 6-9 fg=#e0af68ff bg=#292e42ff bold=0 rev=0 ul=0 ulc=default link=0
row0: cols 10-11 fg=#c0caf5ff bg=#292e42ff bold=0 rev=0 ul=0 ulc=default link=0
row0: cols 12-20 fg=#2ac3deff bg=#292e42ff bold=0 rev=0 ul=0 ulc=default link=0
row0: cols 21-22 fg=#c0caf5ff bg=#292e42ff bold=0 rev=0 ul=0 ulc=default link=0
row0: cols 23-27 fg=#2ac3deff bg=#292e42ff bold=0 rev=0 ul=0 ulc=default link=0
row0: cols 28-84 fg=#c0caf5ff bg=#292e42ff bold=0 rev=0 ul=0 ulc=default link=0
row0: cols 85-85 fg=#db4b4bff bg=#1a1b26ff bold=0 rev=0 ul=0 ulc=default link=0
row0: cols 86-86 fg=#e0af68ff bg=#1a1b26ff bold=0 rev=0 ul=0 ulc=default link=0
row0: cols 87-88 fg=#c0caf5ff bg=#283457ff bold=0 rev=0 ul=0 ulc=default link=0
row0: cols 89-89 fg=#15161eff bg=#7aa2f7ff bold=0 rev=0 ul=0 ulc=default link=0
row0: cols 90-90 fg=#1abc9cff bg=#292e42ff bold=0 rev=0 ul=0 ulc=default link=0
row0: cols 91-99 fg=#7aa2f7ff bg=#292e42ff bold=0 rev=0 ul=0 ulc=default link=0
row1: cols 0-90 fg=#1abc9cff bg=#292e42ff bold=0 rev=0 ul=0 ulc=default link=0
row1: cols 91-91 fg=#2ac3deff bg=#1a1b26ff bold=0 rev=0 ul=0 ulc=default link=0
row1: cols 92-99 fg=#1abc9cff bg=#292e42ff bold=0 rev=0 ul=0 ulc=default link=0
row2: cols 0-99 fg=#2ac3deff bg=#1a1b26ff bold=0 rev=0 ul=0 ulc=default link=0
row3: cols 0-99 fg=#2ac3deff bg=#1a1b26ff bold=0 rev=0 ul=0 ulc=default link=0
row4: cols 0-99 fg=#2ac3deff bg=#1a1b26ff bold=0 rev=0 ul=0 ulc=default link=0
row5: cols 0-99 fg=#2ac3deff bg=#1a1b26ff bold=0 rev=0 ul=0 ulc=default link=0
row6: cols 0-99 fg=#2ac3deff bg=#1a1b26ff bold=0 rev=0 ul=0 ulc=default link=0
row7: cols 0-99 fg=#2ac3deff bg=#1a1b26ff bold=0 rev=0 ul=0 ulc=default link=0
row8: cols 0-99 fg=#2ac3deff bg=#1a1b26ff bold=0 rev=0 ul=0 ulc=default link=0
row9: cols 0-99 fg=#2ac3deff bg=#1a1b26ff bold=0 rev=0 ul=0 ulc=default link=0
row10: cols 0-94 fg=#2ac3deff bg=#1a1b26ff bold=0 rev=0 ul=0 ulc=default link=0
row10: cols 95-95 fg=#565f89ff bg=#16161eff bold=0 rev=0 ul=0 ulc=default link=0
row10: cols 96-97 fg=#7aa2f7ff bg=#16161eff bold=0 rev=0 ul=0 ulc=default link=0
row10: cols 98-99 fg=#a9b1d6ff bg=#16161eff bold=0 rev=0 ul=0 ulc=default link=0
row11: cols 0-8 fg=#a9b1d6ff bg=#16161eff bold=0 rev=0 ul=0 ulc=default link=0
row11: cols 9-10 fg=#2ac3deff bg=#1a1b26ff bold=0 rev=0 ul=0 ulc=default link=0
row11: cols 11-14 fg=#3b4261ff bg=#1a1b26ff bold=0 rev=0 ul=0 ulc=default link=0
row11: cols 15-16 fg=#9d7cd8ff bg=#1a1b26ff bold=0 rev=0 ul=0 ulc=default link=0
row11: cols 17-17 fg=#c0caf5ff bg=#1a1b26ff bold=0 rev=0 ul=0 ulc=default link=0
row11: cols 18-28 fg=#7aa2f7ff bg=#1a1b26ff bold=0 rev=0 ul=0 ulc=default link=0
row11: cols 29-29 fg=#c0caf5ff bg=#1a1b26ff bold=0 rev=0 ul=0 ulc=default link=0
row11: cols 30-33 fg=#e0af68ff bg=#1a1b26ff bold=0 rev=0 ul=0 ulc=default link=0
row11: cols 34-35 fg=#c0caf5ff bg=#1a1b26ff bold=0 rev=0 ul=0 ulc=default link=0
row11: cols 36-44 fg=#2ac3deff bg=#1a1b26ff bold=0 rev=0 ul=0 ulc=default link=0
row11: cols 45-46 fg=#c0caf5ff bg=#1a1b26ff bold=0 rev=0 ul=0 ulc=default link=0
row11: cols 47-51 fg=#2ac3deff bg=#1a1b26ff bold=0 rev=0 ul=0 ulc=default link=0
row11: cols 52-99 fg=#c0caf5ff bg=#1a1b26ff bold=0 rev=0 ul=0 ulc=default link=0
row12: cols 0-8 fg=#c0caf5ff bg=#1a1b26ff bold=0 rev=0 ul=0 ulc=default link=0
row12: cols 9-12 fg=#ff9e64ff bg=#1a1b26ff bold=0 rev=0 ul=0 ulc=default link=0
row12: cols 13-13 fg=#2ac3deff bg=#292e42ff bold=0 rev=0 ul=0 ulc=default link=0
row12: cols 14-16 fg=#c0caf5ff bg=#292e42ff bold=0 rev=0 ul=0 ulc=default link=0
row12: cols 17-22 fg=#9d7cd8ff bg=#292e42ff bold=0 rev=0 ul=0 ulc=default link=0
row12: cols 23-23 fg=#c0caf5ff bg=#292e42ff bold=0 rev=0 ul=0 ulc=default link=0
row12: cols 24-29 fg=#9d7cd8ff bg=#292e42ff bold=0 rev=0 ul=0 ulc=default link=0
row12: cols 30-31 fg=#c0caf5ff bg=#292e42ff bold=0 rev=0 ul=0 ulc=default link=0
row12: cols 32-35 fg=#e0af68ff bg=#292e42ff bold=0 rev=0 ul=0 ulc=default link=0
row12: cols 36-99 fg=#c0caf5ff bg=#292e42ff bold=0 rev=0 ul=0 ulc=default link=0
row13: cols 0-6 fg=#c0caf5ff bg=#292e42ff bold=0 rev=0 ul=0 ulc=default link=0
row13: cols 7-7 fg=#db4b4bff bg=#1a1b26ff bold=0 rev=0 ul=0 ulc=default link=0
row13: cols 8-8 fg=#e0af68ff bg=#1a1b26ff bold=0 rev=0 ul=0 ulc=default link=0
row13: cols 9-10 fg=#c0caf5ff bg=#283457ff bold=0 rev=0 ul=0 ulc=default link=0
row13: cols 11-11 fg=#15161eff bg=#7aa2f7ff bold=0 rev=0 ul=0 ulc=default link=0
row13: cols 12-12 fg=#1abc9cff bg=#292e42ff bold=0 rev=0 ul=0 ulc=default link=0
row13: cols 13-16 fg=#3b4261ff bg=#1a1b26ff bold=0 rev=0 ul=0 ulc=default link=0
row13: cols 17-17 fg=#2ac3deff bg=#1a1b26ff bold=0 rev=0 ul=0 ulc=default link=0
row13: cols 18-20 fg=#c0caf5ff bg=#1a1b26ff bold=0 rev=0 ul=0 ulc=default link=0
row13: cols 21-26 fg=#9d7cd8ff bg=#1a1b26ff bold=0 rev=0 ul=0 ulc=default link=0
row13: cols 27-27 fg=#c0caf5ff bg=#1a1b26ff bold=0 rev=0 ul=0 ulc=default link=0
row13: cols 28-33 fg=#9d7cd8ff bg=#1a1b26ff bold=0 rev=0 ul=0 ulc=default link=0
row13: cols 34-35 fg=#c0caf5ff bg=#1a1b26ff bold=0 rev=0 ul=0 ulc=default link=0
row13: cols 36-39 fg=#e0af68ff bg=#1a1b26ff bold=0 rev=0 ul=0 ulc=default link=0
row13: cols 40-99 fg=#c0caf5ff bg=#1a1b26ff bold=0 rev=0 ul=0 ulc=default link=0
row14: cols 0-10 fg=#c0caf5ff bg=#1a1b26ff bold=0 rev=0 ul=0 ulc=default link=0
row14: cols 11-14 fg=#ff9e64ff bg=#1a1b26ff bold=0 rev=0 ul=0 ulc=default link=0
row14: cols 15-15 fg=#2ac3deff bg=#292e42ff bold=0 rev=0 ul=0 ulc=default link=0
row14: cols 16-23 fg=#c0caf5ff bg=#292e42ff bold=0 rev=0 ul=0 ulc=default link=0
row14: cols 24-28 fg=#ff9e64ff bg=#292e42ff bold=0 rev=0 ul=0 ulc=default link=0
row14: cols 29-29 fg=#c0caf5ff bg=#292e42ff bold=0 rev=0 ul=0 ulc=default link=0
row14: cols 30-31 fg=#89ddffff bg=#292e42ff bold=0 rev=0 ul=0 ulc=default link=0
row14: cols 32-32 fg=#c0caf5ff bg=#292e42ff bold=0 rev=0 ul=0 ulc=default link=0
row14: cols 33-33 fg=#ff9e64ff bg=#292e42ff bold=0 rev=0 ul=0 ulc=default link=0
row14: cols 34-99 fg=#c0caf5ff bg=#292e42ff bold=0 rev=0 ul=0 ulc=default link=0
row15: cols 0-8 fg=#c0caf5ff bg=#292e42ff bold=0 rev=0 ul=0 ulc=default link=0
row15: cols 9-9 fg=#db4b4bff bg=#1a1b26ff bold=0 rev=0 ul=0 ulc=default link=0
row15: cols 10-10 fg=#e0af68ff bg=#1a1b26ff bold=0 rev=0 ul=0 ulc=default link=0
row15: cols 11-12 fg=#c0caf5ff bg=#283457ff bold=0 rev=0 ul=0 ulc=default link=0
row15: cols 13-13 fg=#15161eff bg=#7aa2f7ff bold=0 rev=0 ul=0 ulc=default link=0
row15: cols 14-14 fg=#1abc9cff bg=#292e42ff bold=0 rev=0 ul=0 ulc=default link=0
row15: cols 15-99 fg=#c0caf5ff bg=#292e42ff bold=0 rev=0 ul=0 ulc=default link=0
links: none
scrollback:
line0: " " " " " " " " " " " " " " " " " " " " " " " " " " " " " " " " " " " " " " " " " " " " " " " " " " " " " " " " " " " " " " " " " " " " " " " " " " " " " " " " " " " " " " " " " " " " " " " " " " " " " " " " " " " " " " " " " " " " " " " " " " " " " " " " " " " " " " " " " " " " " " " " " " " " " " " " " " " " " " " " " " " " " " " " " " " " " " " " " " " " " " " " " " " " " " " " " " " " " " " "
line1: . . . . . . . . . . . . . . . . . . . . . . . . . . . . . . . . . . . . . . . . . . . . . . . . . . . . . . . . . . . . . . . . . . . . . . . . . . . . . . . . . . . . . . . . . . . . . . . . . . . " "
line2: " " " " " " " " " " " " " " " " " " " " " " " " " " " " " " " " " " " " " " " " " " " " " " " " " " " " " " " " " " " " " " " " " " " " " " " " " " " " " " " " " " " " " " " " " " " " " " " " " " " " " " " " " " " " " " " " " " " " " " " " " " " " " " " " " " " " " " " " " " " " " " " " " " " " " " " " " " " " " " " " " " " " " " " " " " " " " " " " " " " " " " " " " " " " " " " " " " " " " " .
line3: . . . . . . . . . . . . . . . . . . . . . . . . . . . . . . . . . . . . . . . . . . . . . . . . . . . . . . . . . . . . . . . . . . . . . . . . . . . . . . . . . . . . . . . . . . . . . . . . . . . " "
line4: " " " " " " " " " " " " " " " " " " " " " " " " " " " " " " " " " " " " " " " " " " " " " " " " " " " " " " " " " " " " " " " " " " " " " " " " " " " " " " " " " " " " " " " " " " " " " " " " " " " " " " " " " " " " " " " " " " " " " " " " " " " " " " " " " " " " " " " " " " " " " " " " " " " " " " " " " " " " " " " " " " " " " " " " " " " " " " " " " " " " " " " " " " " " " " " " " " " " " " .
line5: . . . . . . . . . . . . . . . . . . . . . . . . . . . . . . . . . . . . . . . . . . . . . . . . . . . . . . . . . . . . . . . . . . . . . . . . . . . . . . . . . . . . . . . . . . . . . . . . . . . " "
line6: " " " " " " " " " " " " " " " " " " " " " " " " " " " " " " " " " " " " " " " " " " " " " " " " " " " " " " " " " " " " " " " " " " " " " " " " " " " " " " " " " " " " " " " " " " " " " " " " " " " " " " " " " " " " " " " " " " " " " " " " " " " " " " " " " " " " " " " " " " " " " " " " " " " " " " " " " " " " " " " " " " " " " " " " " " " " " " " " " " " " " " " " " " " " " " " " " " " " " " .
line7: . . . . . . . . . . . . . . . . . . . . . . . . . . . . . . . . . . . . . . . . . . . . . . . . . . . . . . . . . . . . . . . . . . . . . . . . . . . . . . . . . . . . . . . . . . . . . . . . . . . " "
line8: " " " " " " " " " " " " " " " " " " " " " " " " " " " " " " " " " " " " " " " " " " " " " " " " " " " " " " " " " " " " " " " " " " " " " " " " " " " " " " " " " " " " " " " " " " " " " " " " " " " " " " " " " " " " " " " " " " " " " " " " " " " " " " " " " " " " " " " " " " " " " " " " " " " " " " " " " " " " " " " " " " " " " " " " " " " " " " " " " " " " " " " " " " " " " " " " " " " " " " .
line9: . . . . . . . . . . . . . . . . . . . . . . . . . . . . . . . . . . . . . . . . . . . . . . . . . . . . . . . . . . . . . . . . . . . . . . . . . . . . . . . . . . . . . . . . . . . . . . . . . . . " "
line10: " " " " " " " " " " " " " " " " " " " " " " " " " " " " " " " " " " " " " " " " " " " " " " " " " " " " " " " " " " " " " " " " " " " " " " " " " " " " " " " " " " " " " " " " " " " " " " " " " " " " " " " " " " " " " " " " " " " " " " " " " " " " " " " " " " " " " " " " " " " " " " " " " " " " " " " " " " " " " " " " " " " " " " " " " " " " " " " " " " " " " " " " " " " " " " " " " " " " " " .
line11: . . . . . . . . . . . . . . . . . . . . . . . . . . . . . . . . . . . . . . . . . . . . . . . . . . . . . . . . . . . . . . . . . . . . . . . . . . . . . . . . . . . . . . . . . . . . . . . . . . . " "
line12: " " " " " " " " " " " " " " " " " " " " " " " " " " " " " " " " " " " " " " " " " " " " " " " " " " " " " " " " " " " " " " " " " " " " " " " " " " " " " " " " " " " " " " " " " " " " " " " " " " " " " " " " " " " " " " " " " " " " " " " " " " " " " " " " " " " " " " " " " " " " " " " " " " " " " " " " " " " " " " " " " " " " " " " " " " " " " " " " " " " " " " " " " " " " " " " " " " " " " " .
line13: . . . . . . . . . . . . . . . . . . . . . . . . . . . . . . . . . . . . . . . . . . . . . . . . . . . . . . . . . . . . . . . . . . . . . . . . . . . . . . . . . . . . . . . . . . . . . . . . . . . " "
line14: " " " " " " " " " " " " " " " " " " " " " " " " " " " " " " " " " " " " " " " " " " " " " " " " " " " " " " " " " " " " " " " " " " " " " " " " " " " " " " " " " " " " " " " " " " " " " " " " " " " " " " " " " " " " " " " " " " " " " " " " " " " " " " " " " " " " " " " " " " " " " " " " " " " " " " " " " " " " " " " " " " " " " " " " " " " " " " " " " " " " " " " " " " " " " " " " " " " " " " .
line15: . . . . . . . . . . . . . . . . . . . . . . . . . . . . . . . . . . . . . . . . . . . . . . . . . . . . . . . . . . . . . . . . . . . . . . . . . . . . . . . . . . . . . . . . . . . . . . . . . . . " "
line16: " " " " " " " " " " " " " " " " " " " " " " " " " " " " " " " " " " " " " " " " " " " " " " " " " " " " " " " " " " " " " " " " " " " " " " " " " " " " " " " " " " " " " " " " " " " " " " " " " " " " " " " " " " " " " " " " " " " " " " " " " " " " " " " " " " " " " " " " " " " " " " " " " " " " " " " " " " " " " " " " " " " " " " " " " " " " " " " " " " " " " " " " " " " " " " " " " " " " " " .
line17: . . . . . . . . . . . . . . . . . . . . . . . . . . . . . . . . . . . . . . . . . . . . . . . . . . . . . . . . . . . . . . . . . . . . . . . . . . . . . . . . . . . . . . . . . . . . . . . . . . . " "
line18: " " " " " " " " " " " " " " " " " " " " " " " " " " " " " " " " " " " " " " " " " " " " " " " " " " " " " " " " " " " " " " " " " " " " " " " " " " " " " " " " " " " " " " " " " " " " " " " " " " " " " " " " " " " " " " " " " " " " " " " " " " " " " " " " " " " " " " " " " " " " " " " " " " " " " " " " " " " " " " " " " " " " " " " " " " " " " " " " " " " " " " " " " " " " " " " " " " " " " " .
line19: . . . . . . . . . . . . . . . . . . . . . . . . . . . . . . . . . . . . . . . . . . . . . . . . . . . . . . . . . . . . . . . . . . . . . . . . . . . . . . . . . . . . . . . . . . . . . . . . . . . " "
line20: " " " " " " " " " " " " " " " " " " " " " " " " " " " " " " " " " " " " " " " " " " " " " " " " " " " " " " " " " " " " " " " " " " " " " " " " " " " " " " " " " " " " " " " " " " " " " " " " " " " " " " " " " " " " " " " " " " " " " " " " " " " " " " " " " " " " " " " " " " " " " " " " " " " " " " " " " " " " " " " " " " " " " " " " " " " " " " " " " " " " " " " " " " " " " " " " " " " " " " .
line21: . . . . . . . . . . . . . . . . . . . . . . . . . . . . . . . . . . . . . . . . . . . . . . . . . . . . . . . . . . . . . . . . . . . . . . . . . . . . . . . . . . . . . . . . . . . . . . . . . . . " "
line22: " " " " " " " " " " " " " " " " " " " " " " " " " " " " " " " " " " " " " " " " " " " " " " " " " " " " " " " " " " " " " " " " " " " " " " " " " " " " " " " " " " " " " " " " " " " " " " " " " " " " " " " " " " " " " " " " " " " " " " " " " " " " " " " " " " " " " " " " " " " " " " " " " " " " " " " " " " " " " " " " " " " " " " " " " " " " " " " " " " " " " " " " " " " " " " " " " " " " " " .
line23: . . . . . . . . . . . . . . . . . . . . . . . . . . . . . . . . . . . . . . . . . . . . . . . . . . . . . . . . . . . . . . . . . . . . . . . . . . . . . . . . . . . . . . . . . . . . . . . . . . . " "
line24: " " " " " " " " " " " " " " " " " " " " " " " " " " " " " " " " " " " " " " " " " " " " " " " " " " " " " " " " " " " " " " " " " " " " " " " " " " " " " " " " " " " " " " " " " " " " " " " " " " " " " " " " " " " " " " " " " " " " " " " " " " " " " " " " " " " " " " " " " " " " " " " " " " " " " " " " " " " " " " " " " " " " " " " " " " " " " " " " " " " " " " " " " " " " " " " " " " " " " " .
line25: . . . . . . . . . . . . . . . . . . . . . . . . . . . . . . . . . . . . . . . . . . . . . . . . . . . . . . . . . . . . . . . . . . . . . . . . . . . . . . . . . . . . . . . . . . . . . . . . . . . " "
line26: " " " " " " " " " " " " " " " " " " " " " " " " " " " " " " " " " " " " " " " " " " " " " " " " " " " " " " " " " " " " " " " " " " " " " " " " " " " " " " " " " " " " " " " " " " " " " " " " " " " " " " " " " " " " " " " " " " " " " " " " " " " " " " " " " " " " " " " " " " " " " " " " " " " " " " " " " " " " " " " " " " " " " " " " " " " " " " " " " " " " " " " " " " " " " " " " " " " " " " .
line27: . . . . . . . . . . . . . . . . . . . . . . . . . . . . . . . . . . . . . . . . . . . . . . . . . . . . . . . . . . . . . . . . . . . . . . . . . . . . . . . . . . . . . . . . . . . . . . . . . . . " "
line28: " " " " " " " " " " " " " " " " " " " " " " " " " " " " " " " " " " " " " " " " " " " " " " " " " " " " " " " " " " " " " " " " " " " " " " " " " " " " " " " " " " " " " " " " " " " " " " " " " " " " " " " " " " " " " " " " " " " " " " " " " " " " " " " " " " " " " " " " " " " " " " " " " " " " " " " " " " " " " " " " " " " " " " " " " " " " " " " " " " " " " " " " " " " " " " " " " " " " " " .
line29: . . . . . . . . . . . . . . . . . . . . . . . . . . . . . . . . . . . . . . . . . . . . . . . . . . . . . . . . . . . . . . . . . . . . . . . . . . . . . . . . . . . . . . . . . . . . . . . . . . . " "
line30: " " " " " " " " " " " " " " " " " " " " " " " " " " " " " " " " " " " " " " " " " " " " " " " " " " " " " " " " " " " " " " " " " " " " " " " " " " " " " " " " " " " " " " " " " " " " " " " " " " " " " " " " " " " " " " " " " " " " " " " " " " " " " " " " " " " " " " " " " " " " " " " " " " " " " " " " " " " " " " " " " " " " " " " " " " " " " " " " " " " " " " " " " " " " " " " " " " " " " " .
line31: . . . . . . . . . . . . . . . . . . . . . . . . . . . . . . . . . . . . . . . . . . . . . . . . . . . . . . . . . . . . . . . . . . . . . . . . . . . . . . . . . . . . . . . . . . . . . . . . . . . " "
line32: " " " " "6" "7" " " " " " " " " " " " " " " " " " " "." "r" "e" "l" "e" "a" "s" "e" "_" "s" "m" "a" "l" "l" " " "=" ">" " " "3" "," " " " " " " " " " " " " " " " " " " " " " " " " " " " " " " " " " " " " " " " " " " " " " " " " " " " " " " " " " " " " " " " " " " " " " " " " " " " " " " " " " " " " " " " " " " " " " " " " " " " " " " " " " " " " " " " " " " " " " " " " " " " " " " " " " " " " .
line33: . . . . . . . . . . . . . . . . . . . . . . . . . . . . . . . . . . . . . . . . . . . . . . . . . . . . . . . . . . . . . . . . . . . . . . . . . . . . . . . . . . . . . . . . . . . . . . . . . . . " "
line34: " " " " "6" "8" " " " " " " " " " " "}" ";" " " " " " " " " " " " " " " " " " " " " " " " " " " " " " " " " " " " " " " " " " " " " " " " " " " " " " " " " " " " " " " " " " " " " " " " " " " " " " " " " " " " " " " " " " " " " " " " " " " " " " " " " " " " " " " " " " " " " " " " " " " " " " " " " " " " " " " " " " " " " " " " " " " " " " " " " " " " " " " " " " " " " " " " " " " " " " " " " .
line35: . . . . . . . . . . . . . . . . . . . . . . . . . . . . . . . . . . . . . . . . . . . . . . . . . . . . . . . . . . . . . . . . . . . . . . . . . . . . . . . . . . . . . . . . . . . . . . . . . . . " "
line36: " " " " "6" "9" " " "}" " " " " " " " " " " " " " " " " " " " " " " " " " " " " " " " " " " " " " " " " " " " " " " " " " " " " " " " " " " " " " " " " " " " " " " " " " " " " " " " " " " " " " " " " " " " " " " " " " " " " " " " " " " " " " " " " " " " " " " " " " " " " " " " " " " " " " " " " " " " " " " " " " " " " " " " " " " " " " " " " " " " " " " " " " " " " " " " " " " " " " " " " " " .
line37: . . . . . . . . . . . . . . . . . . . . . . . . . . . . . . . . . . . . . . . . . . . . . . . . . . . . . . . . . . . . . . . . . . . . . . . . . . . . . . . . . . . . . . . . . . . . . . . . . . . " "
line38: " " " " "7" "0" " " " " " " " " " " " " " " " " " " " " " " " " " " " " " " " " " " " " " " " " " " " " " " " " " " " " " " " " " " " " " " " " " " " " " " " " " " " " " " " " " " " " " " " " " " " " " " " " " " " " " " " " " " " " " " " " " " " " " " " " " " " " " " " " " " " " " " " " " " " " " " " " " " " " " " " " " " " " " " " " " " " " " " " " " " " " " " " " " " " " " " " " " " " " " " .
line39: . . . . . . . . . . . . . . . . . . . . . . . . . . . . . . . . . . . . . . . . . . . . . . . . . . . . . . . . . . . . . . . . . . . . . . . . . . . . . . . . . . . . . . . . . . . . . . . . . . . " "
line40: " " " " "7" "1" " " "f" "n" " " "w" "e" "i" "g" "h" "t" "e" "d" "S" "c" "o" "r" "e" "(" "c" "o" "n" "f" "i" "g" ":" " " "W" "i" "d" "g" "e" "t" "C" "o" "n" "f" "i" "g" ")" " " "u" "s" "i" "z" "e" " " "{" " " " " " " " " " " " " " " " " " " " " " " " " " " " " " " " " " " " " " " " " " " " " " " " " " " " " " " " " " " " " " " " " " " " " " " " " " " " " " " " " " " " " " " " " " " " " " " " " .
line41: . . . . . . . . . . . . . . . . . . . . . . . . . . . . . . . . . . . . . . . . . . . . . . . . . . . . . . . . . . . . . . . . . . . . . . . . . . . . . . . . . . . . . . . . . . . . . . . . . . . " "
line42: " " " " "7" "2" " " " " " " " " " " "c" "o" "n" "s" "t" " " "e" "n" "a" "b" "l" "e" "d" "_" "b" "o" "n" "u" "s" ":" " " "u" "s" "i" "z" "e" " " "=" " " "i" "f" " " "(" "c" "o" "n" "f" "i" "g" "." "e" "n" "a" "b" "l" "e" "d" ")" " " "5" " " "e" "l" "s" "e" " " "1" ";" " " " " " " " " " " " " " " " " " " " " " " " " " " " " " " " " " " " " " " " " " " " " " " " " " " " " " " " " " " " " " " " " .
line43: . . . . . . . . . . . . . . . . . . . . . . . . . . . . . . . . . . . . . . . . . . . . . . . . . . . . . . . . . . . . . . . . . . . . . . . . . . . . . . . . . . . . . . . . . . . . . . . . . . . " "
line44: " " " " "7" "3" " " " " " " " " " " "r" "e" "t" "u" "r" "n" " " "(" "c" "o" "n" "f" "i" "g" "." "t" "h" "r" "e" "s" "h" "o" "l" "d" " " "+" " " "m" "o" "d" "e" "P" "e" "n" "a" "l" "t" "y" "(" "c" "o" "n" "f" "i" "g" "." "b" "u" "i" "l" "d" "_" "m" "o" "d" "e" ")" ")" " " "*" " " "e" "n" "a" "b" "l" "e" "d" "_" "b" "o" "n" "u" "s" ";" " " " " " " " " " " " " " " " " " " " " " " " " " " " " " " .
line45: . . . . . . . . . . . . . . . . . . . . . . . . . . . . . . . . . . . . . . . . . . . . . . . . . . . . . . . . . . . . . . . . . . . . . . . . . . . . . . . . . . . . . . . . . . . . . . . . . . . " "
line46: " " " " "7" "4" " " "}" " " " " " " " " " " " " " " " " " " " " " " " " " " " " " " " " " " " " " " " " " " " " " " " " " " " " " " " " " " " " " " " " " " " " " " " " " " " " " " " " " " " " " " " " " " " " " " " " " " " " " " " " " " " " " " " " " " " " " " " " " " " " " " " " " " " " " " " " " " " " " " " " " " " " " " " " " " " " " " " " " " " " " " " " " " " " " " " " " " " " " " " " " " .
line47: . . . . . . . . . . . . . . . . . . . . . . . . . . . . . . . . . . . . . . . . . . . . . . . . . . . . . . . . . . . . . . . . . . . . . . . . . . . . . . . . . . . . . . . . . . . . . . . . . . . " "
line48: " " " " "7" "5" " " " " " " " " " " " " " " " " " " " " " " " " " " " " " " " " " " " " " " " " " " " " " " " " " " " " " " " " " " " " " " " " " " " " " " " " " " " " " " " " " " " " " " " " " " " " " " " " " " " " " " " " " " " " " " " " " " " " " " " " " " " " " " " " " " " " " " " " " " " " " " " " " " " " " " " " " " " " " " " " " " " " " " " " " " " " " " " " " " " " " " " " " " " " " " .
line49: . . . . . . . . . . . . . . . . . . . . . . . . . . . . . . . . . . . . . . . . . . . . . . . . . . . . . . . . . . . . . . . . . . . . . . . . . . . . . . . . . . . . . . . . . . . . . . . . . . . " "
line50: " " " " "7" "6" " " "f" "n" " " "b" "u" "i" "l" "d" "S" "a" "m" "p" "l" "e" "C" "o" "n" "f" "i" "g" "s" "(" ")" " " "[" "2" "4" "]" "W" "i" "d" "g" "e" "t" "C" "o" "n" "f" "i" "g" " " "{" " " " " " " " " " " " " " " " " " " " " " " " " " " " " " " " " " " " " " " " " " " " " " " " " " " " " " " " " " " " " " " " " " " " " " " " " " " " " " " " " " " " " " " " " " " " " " " " " " " " " " " " " .
line51: . . . . . . . . . . . . . . . . . . . . . . . . . . . . . . . . . . . . . . . . . . . . . . . . . . . . . . . . . . . . . . . . . . . . . . . . . . . . . . . . . . . . . . . . . . . . . . . . . . . " "
line52: " " " " "7" "7" " " " " " " " " " " "r" "e" "t" "u" "r" "n" " " "." "{" " " " " " " " " " " " " " " " " " " " " " " " " " " " " " " " " " " " " " " " " " " " " " " " " " " " " " " " " " " " " " " " " " " " " " " " " " " " " " " " " " " " " " " " " " " " " " " " " " " " " " " " " " " " " " " " " " " " " " " " " " " " " " " " " " " " " " " " " " " " " " " " " " " " " " " " " " " " " " " " " " " .
line53: . . . . . . . . . . . . . . . . . . . . . . . . . . . . . . . . . . . . . . . . . . . . . . . . . . . . . . . . . . . . . . . . . . . . . . . . . . . . . . . . . . . . . . . . . . . . . . . . . . . " "
line54: " " " " "7" "8" " " " " " " " " " " " " " " " " " " "." "{" " " "." "n" "a" "m" "e" " " "=" " " "\"" "a" "l" "p" "h" "a" "." "r" "e" "n" "d" "e" "r" "e" "r" "\"" "," " " "." "e" "n" "a" "b" "l" "e" "d" " " "=" " " "t" "r" "u" "e" "," " " "." "b" "u" "i" "l" "d" "_" "m" "o" "d" "e" " " "=" " " "." "d" "e" "b" "u" "g" "," " " "." "t" "h" "r" "e" "s" "h" "o" "l" "d" " " "=" " " "1" "1" " " "}" "," .
line55: . . . . . . . . . . . . . . . . . . . . . . . . . . . . . . . . . . . . . . . . . . . . . . . . . . . . . . . . . . . . . . . . . . . . . . . . . . . . . . . . . . . . . . . . . . . . . . . . . . . " "
line56: " " " " "7" "9" " " " " " " " " " " " " " " " " " " "." "{" " " "." "n" "a" "m" "e" " " "=" " " "\"" "b" "e" "t" "a" "." "r" "e" "n" "d" "e" "r" "e" "r" "\"" "," " " "." "e" "n" "a" "b" "l" "e" "d" " " "=" " " "t" "r" "u" "e" "," " " "." "b" "u" "i" "l" "d" "_" "m" "o" "d" "e" " " "=" " " "." "r" "e" "l" "e" "a" "s" "e" "_" "s" "a" "f" "e" "," " " "." "t" "h" "r" "e" "s" "h" "o" "l" "d" " " "=" " "
line57: " " " " " " " " " " " " " " " " " " " " " " " " " " " " " " " " " " " " " " " " " " " " " " " " " " " " " " " " " " " " " " " " " " " " " " " " " " " " " " " " " " " " " " " " " " " " " " " " " " " " " " " " " " " " " " " " " " " " " " " " " " " " " " " " " " " " " " " " " " " " " " " " " " " " " " " " " " " " " " " " " " " " " " " " " " " " " " " " " " " " " " " " " " " " " " " " " " " " " " .
line58: . . . . . . . . . . . . . . . . . . . . . . . . . . . . . . . . . . . . . . . . . . . . . . . . . . . . . . . . . . . . . . . . . . . . . . . . . . . . . . . . . . . . . . . . . . . . . . . . . . . " "
line59: " " " " "6" "7" " " " " " " " " " " " " " " " " " " "." "r" "e" "l" "e" "a" "s" "e" "_" "s" "m" "a" "l" "l" " " "=" ">" " " "3" "," " " " " " " " " " " " " " " " " " " " " " " " " " " " " " " " " " " " " " " " " " " " " " " " " " " " " " " " " " " " " " " " " " " " " " " " " " " " " " " " " " " " " " " " " " " " " " " " " " " " " " " " " " " " " " " " " " " " " " " " " " " " " " " " " " " " " .
line60: . . . . . . . . . . . . . . . . . . . . . . . . . . . . . . . . . . . . . . . . . . . . . . . . . . . . . . . . . . . . . . . . . . . . . . . . . . . . . . . . . . . . . . . . . . . . . . . . . . . " "
line61: " " " " "6" "8" " " " " " " " " " " "}" ";" " " " " " " " " " " " " " " " " " " " " " " " " " " " " " " " " " " " " " " " " " " " " " " " " " " " " " " " " " " " " " " " " " " " " " " " " " " " " " " " " " " " " " " " " " " " " " " " " " " " " " " " " " " " " " " " " " " " " " " " " " " " " " " " " " " " " " " " " " " " " " " " " " " " " " " " " " " " " " " " " " " " " " " " " " " " " " " " " .
line62: . . . . . . . . . . . . . . . . . . . . . . . . . . . . . . . . . . . . . . . . . . . . . . . . . . . . . . . . . . . . . . . . . . . . . . . . . . . . . . . . . . . . . . . . . . . . . . . . . . . " "
line63: " " " " "6" "9" " " "}" " " " " " " " " " " " " " " " " " " " " " " " " " " " " " " " " " " " " " " " " " " " " " " " " " " " " " " " " " " " " " " " " " " " " " " " " " " " " " " " " " " " " " " " " " " " " " " " " " " " " " " " " " " " " " " " " " " " " " " " " " " " " " " " " " " " " " " " " " " " " " " " " " " " " " " " " " " " " " " " " " " " " " " " " " " " " " " " " " " " " " " " " " " .
line64: . . . . . . . . . . . . . . . . . . . . . . . . . . . . . . . . . . . . . . . . . . . . . . . . . . . . . . . . . . . . . . . . . . . . . . . . . . . . . . . . . . . . . . . . . . . . . . . . . . . " "
line65: " " " " "7" "0" " " " " " " " " " " " " " " " " " " " " " " " " " " " " " " " " " " " " " " " " " " " " " " " " " " " " " " " " " " " " " " " " " " " " " " " " " " " " " " " " " " " " " " " " " " " " " " " " " " " " " " " " " " " " " " " " " " " " " " " " " " " " " " " " " " " " " " " " " " " " " " " " " " " " " " " " " " " " " " " " " " " " " " " " " " " " " " " " " " " " " " " " " " " " " " .
line66: . . . . . . . . . . . . . . . . . . . . . . . . . . . . . . . . . . . . . . . . . . . . . . . . . . . . . . . . . . . . . . . . . . . . . . . . . . . . . . . . . . . . . . . . . . . . . . . . . . . " "
line67: " " " " "7" "1" " " "f" "n" " " "w" "e" "i" "g" "h" "t" "e" "d" "S" "c" "o" "r" "e" "(" "c" "o" "n" "f" "i" "g" ":" " " "W" "i" "d" "g" "e" "t" "C" "o" "n" "f" "i" "g" ")" " " "u" "s" "i" "z" "e" " " "{" " " " " " " " " " " " " " " " " " " " " " " " " " " " " " " " " " " " " " " " " " " " " " " " " " " " " " " " " " " " " " " " " " " " " " " " " " " " " " " " " " " " " " " " " " " " " " " " " .
line68: . . . . . . . . . . . . . . . . . . . . . . . . . . . . . . . . . . . . . . . . . . . . . . . . . . . . . . . . . . . . . . . . . . . . . . . . . . . . . . . . . . . . . . . . . . . . . . . . . . . " "
line69: " " " " "7" "2" " " " " " " " " " " "c" "o" "n" "s" "t" " " "e" "n" "a" "b" "l" "e" "d" "_" "b" "o" "n" "u" "s" ":" " " "u" "s" "i" "z" "e" " " "=" " " "i" "f" " " "(" "c" "o" "n" "f" "i" "g" "." "e" "n" "a" "b" "l" "e" "d" ")" " " "5" " " "e" "l" "s" "e" " " "1" ";" " " " " " " " " " " " " " " " " " " " " " " " " " " " " " " " " " " " " " " " " " " " " " " " " " " " " " " " " " " " " " " " " .
line70: . . . . . . . . . . . . . . . . . . . . . . . . . . . . . . . . . . . . . . . . . . . . . . . . . . . . . . . . . . . . . . . . . . . . . . . . . . . . . . . . . . . . . . . . . . . . . . . . . . . " "
line71: " " " " "7" "3" " " " " " " " " " " "r" "e" "t" "u" "r" "n" " " "(" "c" "o" "n" "f" "i" "g" "." "t" "h" "r" "e" "s" "h" "o" "l" "d" " " "+" " " "m" "o" "d" "e" "P" "e" "n" "a" "l" "t" "y" "(" "c" "o" "n" "f" "i" "g" "." "b" "u" "i" "l" "d" "_" "m" "o" "d" "e" ")" ")" " " "*" " " "e" "n" "a" "b" "l" "e" "d" "_" "b" "o" "n" "u" "s" ";" " " " " " " " " " " " " " " " " " " " " " " " " " " " " " " .
line72: . . . . . . . . . . . . . . . . . . . . . . . . . . . . . . . . . . . . . . . . . . . . . . . . . . . . . . . . . . . . . . . . . . . . . . . . . . . . . . . . . . . . . . . . . . . . . . . . . . . " "
line73: " " " " "7" "4" " " "}" " " " " " " " " " " " " " " " " " " " " " " " " " " " " " " " " " " " " " " " " " " " " " " " " " " " " " " " " " " " " " " " " " " " " " " " " " " " " " " " " " " " " " " " " " " " " " " " " " " " " " " " " " " " " " " " " " " " " " " " " " " " " " " " " " " " " " " " " " " " " " " " " " " " " " " " " " " " " " " " " " " " " " " " " " " " " " " " " " " " " " " " " " " .
line74: . . . . . . . . . . . . . . . . . . . . . . . . . . . . . . . . . . . . . . . . . . . . . . . . . . . . . . . . . . . . . . . . . . . . . . . . . . . . . . . . . . . . . . . . . . . . . . . . . . . " "
line75: " " " " "7" "5" " " " " " " " " " " " " " " " " " " " " " " " " " " " " " " " " " " " " " " " " " " " " " " " " " " " " " " " " " " " " " " " " " " " " " " " " " " " " " " " " " " " " " " " " " " " " " " " " " " " " " " " " " " " " " " " " " " " " " " " " " " " " " " " " " " " " " " " " " " " " " " " " " " " " " " " " " " " " " " " " " " " " " " " " " " " " " " " " " " " " " " " " " " " " " " .
line76: . . . . . . . . . . . . . . . . . . . . . . . . . . . . . . . . . . . . . . . . . . . . . . . . . . . . . . . . . . . . . . . . . . . . . . . . . . . . . . . . . . . . . . . . . . . . . . . . . . . " "
line77: " " " " "7" "6" " " "f" "n" " " "b" "u" "i" "l" "d" "S" "a" "m" "p" "l" "e" "C" "o" "n" "f" "i" "g" "s" "(" ")" " " "[" "2" "4" "]" "W" "i" "d" "g" "e" "t" "C" "o" "n" "f" "i" "g" " " "{" " " " " " " " " " " " " " " " " " " " " " " " " " " " " " " " " " " " " " " " " " " " " " " " " " " " " " " " " " " " " " " " " " " " " " " " " " " " " " " " " " " " " " " " " " " " " " " " " " " " " " " " " .
line78: . . . . . . . . . . . . . . . . . . . . . . . . . . . . . . . . . . . . . . . . . . . . . . . . . . . . . . . . . . . . . . . . . . . . . . . . . . . . . . . . . . . . . . . . . . . . . . . . . . . " "
line79: " " " " "7" "7" " " " " " " " " " " "r" "e" "t" "u" "r" "n" " " "." "{" " " " " " " " " " " " " " " " " " " " " " " " " " " " " " " " " " " " " " " " " " " " " " " " " " " " " " " " " " " " " " " " " " " " " " " " " " " " " " " " " " " " " " " " " " " " " " " " " " " " " " " " " " " " " " " " " " " " " " " " " " " " " " " " " " " " " " " " " " " " " " " " " " " " " " " " " " " " " " " " " " " .
line80: . . . . . . . . . . . . . . . . . . . . . . . . . . . . . . . . . . . . . . . . . . . . . . . . . . . . . . . . . . . . . . . . . . . . . . . . . . . . . . . . . . . . . . . . . . . . . . . . . . . " "
line81: " " " " "7" "8" " " " " " " " " " " " " " " " " " " "." "{" " " "." "n" "a" "m" "e" " " "=" " " "\"" "a" "l" "p" "h" "a" "." "r" "e" "n" "d" "e" "r" "e" "r" "\"" "," " " "." "e" "n" "a" "b" "l" "e" "d" " " "=" " " "t" "r" "u" "e" "," " " "." "b" "u" "i" "l" "d" "_" "m" "o" "d" "e" " " "=" " " "." "d" "e" "b" "u" "g" "," " " "." "t" "h" "r" "e" "s" "h" "o" "l" "d" " " "=" " " "1" "1" " " "}" "," .
line82: . . . . . . . . . . . . . . . . . . . . . . . . . . . . . . . . . . . . . . . . . . . . . . . . . . . . . . . . . . . . . . . . . . . . . . . . . . . . . . . . . . . . . . . . . . . . . . . . . . . " "
line83: " " " " "7" "9" " " " " " " " " " " " " " " " " " " "." "{" " " "." "n" "a" "m" "e" " " "=" " " "\"" "b" "e" "t" "a" "." "r" "e" "n" "d" "e" "r" "e" "r" "\"" "," " " "." "e" "n" "a" "b" "l" "e" "d" " " "=" " " "t" "r" "u" "e" "," " " "." "b" "u" "i" "l" "d" "_" "m" "o" "d" "e" " " "=" " " "." "r" "e" "l" "e" "a" "s" "e" "_" "s" "a" "f" "e" "," " " "." "t" "h" "r" "e" "s" "h" "o" "l" "d" " " "=" .
line84: . . . . . . . . . . . . . . . . . . . . . . . . . . . . . . . . . . . . . . . . . . . . . . . . . . . . . . . . . . . . . . . . . . . . . . . . . . . . . . . . . . . . . . . . . . . . . . . . . . . " "
line85: " " " " " " " " " " " " " " " " " " " " " " " " " " " " " " " " " " " " " " " " " " " " " " " " " " " " " " " " " " " " " " " " " " " " " " " " " " " " " " " " " " " " " " " " " " " " " " " " " " " " " " " " " " " " " " " " " " " " " " " " " " " " " " " " " " " " " " " " " " " " " " " " " " " " " " " " " " " " " " " " " " " " " " " " " " " " " " " " " " " " " " " " " " " " " " " " " " " " " " .
line86: . . . . . . . . . . . . . . . . . . . . . . . . . . . . . . . . . . . . . . . . . . . . . . . . . . . . . . . . . . . . . . . . . . . . . . . . . . . . . . . . . . . . . . . . . . . . . . . . . . . " "
line87: " " " " " " " " " " " " " " " " " " " " " " " " " " " " " " " " " " " " " " " " " " " " " " " " " " " " " " " " " " " " " " " " " " " " " " " " " " " " " " " " " " " " " " " " " " " " " " " " " " " " " " " " " " " " " " " " " " " " " " " " " " " " " " " " " " " " " " " " " " " " " " " " " " " " " " " " " " " " " " " " " " " " " " " " " " " " " " " " " " " " " " " " " " " " " " " " " " " " " " " "
line88: "" " " "n" "v" "i" "m" "_" "r" "e" "a" "l" "_" "c" "o" "n" "f" "i" "g" "_" "c" "u" "r" "s" "o" "r" "_" "s" "a" "m" "p" "l" "e" "." "z" "i" "g" " " " " " " " " " " " " " " " " " " " " " " " " " " " " " " " " " " " " " " " " " " " " " " " " " " " " " " " " " " " " " " " " " " " " " " " " " " " " " " " " " " " " " " " " " " " " " " " " " " " " " " " " " " " " " " " " " " " " " " " " " " " " " " .
line89: . . . . . . . . . . . . . . . . . . . . . . . . . . . . . . . . . . . . . . . . . . . . . . . . . . . . . . . . . . . . . . . . . . . . . . . . . . . . . . . . . . . . . . . . . . . . . . . . . . . "f"
line90: "i" "x" "t" "u" "r" "e" "s" "/" "t" "e" "r" "m" "i" "n" "a" "l" "/" "a" "s" "s" "e" "t" "s" "/" "n" "v" "i" "m" "_" "r" "e" "a" "l" "_" "c" "o" "n" "f" "i" "g" "_" "c" "u" "r" "s" "o" "r" "_" "s" "a" "m" "p" "l" "e" "." "z" "i" "g" " " " " " " " " " " " " " " " " " " " " " " " " " " " " " " " " " " " " " " " " " " " " " " "7" "3" "," "1" " " " " " " " " " " " " " " " " " " " " " " "6" "1" "%" .
line91: . . . . . . . . . . . . . . . . . . . . . . . . . . . . . . . . . . . . . . . . . . . . . . . . . . . . . . . . . . . . . . . . . . . . . . . . . . . . . . . . . . . . . . . . . . . . . . . . . . . " "
line92: " " " " " " " " " " " " " " " " " " " " " " " " " " " " " " " " " " " " " " " " " " " " " " " " " " " " " " " " " " " " " " " " " " " " " " " " " " " " " " " " " " " " " " " " " " " " " " " " " " " " " " " " " " " " " " " " " " " " " " " " " " " " " " " " " " " " " " " " " " " " " " " " " " " " " " " " " " " " " " " " " " " " " " " " " " " " " " " " " " " " " " " " " " " " " " " " " " " " " " " "
line93: " " " " " " " " " " " " " " " " " " " " " " " " " " " " " " " " " " " " " " " " " " " " " " " " " " " " " " " " " " " " " " " " " " " " " " " " " " " " " " " " " " " " " " " " " " " " " " " " " " " " " " " " " " " " " " " " " " " " " " " " " " " " " " " " " " " " " " " " " " " " " " " " " " " " " " " " " " " " " " " " " " " " " " " " " " " " " " " " " " " " " " " " " " " " " " " " " " " " " " .
line94: . . . . . . . . . . . . . . . . . . . . . . . . . . . . . . . . . . . . . . . . . . . . . . . . . . . . . . . . . . . . . . . . . . . . . . . . . . . . . . . . . . . . . . . . . . . . . . . . . . . " "
line95: " " " " " " " " " " " " " " " " " " " " " " " " " " " " " " " " " " " " " " " " " " " " " " " " " " " " " " " " " " " " " " " " " " " " " " " " " " " " " " " " " " " " " " " " " " " " " " " " " " " " " " " " " " " " " " " " " " " " " " " " " " " " " " " " " " " " " " " " " " " " " " " " " " " " " " " " " " " " " " " " " " " " " " " " " " " " " " " " " " " " " " " " " " " " " " " " " " " " " " .
line96: . . . . . . . . . . . . . . . . . . . . . . . . . . . . . . . . . . . . . . . . . . . . . . . . . . . . . . . . . . . . . . . . . . . . . . . . . . . . . . . . . . . . . . . . . . . . . . . . . . . " "
line97: " " " " " " " " " " " " " " " " " " " " " " " " " " " " " " " " " " " " " " " " " " " " " " " " " " " " " " " " " " " " " " " " " " " " " " " " " " " " " " " " " " " " " " " " " " " " " " " " " " " " " " " " " " " " " " " " " " " " " " " " " " " " " " " " " " " " " " " " " " " " " " " " " " " " " " " " " " " " " " " " " " " " " " " " " " " " " " " " " " " " " " " " " " " " " " " " " " " " " " .
line98: . . . . . . . . . . . . . . . . . . . . . . . . . . . . . . . . . . . . . . . . . . . . . . . . . . . . . . . . . . . . . . . . . . . . . . . . . . . . . . . . . . . . . . . . . . . . . . . . . . . " "
line99: " " " " " " " " " " " " " " " " " " " " " " " " " " " " " " " " " " " " " " " " " " " " " " " " " " " " " " " " " " " " " " " " " " " " " " " " " " " " " " " " " " " " " " " " " " " " " " " " " " " " " " " " " " " " " " " " " " " " " " " " " " " " " " " " " " " " " " " " " " " " " " " " " " " " " " " " " " " " " " " " " " " " " " " " " " " " " " " " " " " " " " " " " " " " " " " " " " " " " " .
line100: . . . . . . . . . . . . . . . . . . . . . . . . . . . . . . . . . . . . . . . . . . . . . . . . . . . . . . . . . . . . . . . . . . . . . . . . . . . . . . . . . . . . . . . . . . . . . . . . . . . " "
line101: " " " " " " " " " " " " " " " " " " " " " " " " " " " " " " " " " " " " " " " " " " " " " " " " " " " " " " " " " " " " " " " " " " " " " " " " " " " " " " " " " " " " " " " " " " " " " " " " " " " " " " " " " " " " " " " " " " " " " " " " " " " " " " " " " " " " " " " " " " " " " " " " " " " " " " " " " " " " " " " " " " " " " " " " " " " " " " " " " " " " " " " " " " " " " " " " " " " " " " .
line102: . . . . . . . . . . . . . . . . . . . . . . . . . . . . . . . . . . . . . . . . . . . . . . . . . . . . . . . . . . . . . . . . . . . . . . . . . . . . . . . . . . . . . . . . . . . . . . . . . . . " "
line103: " " " " " " " " " " " " " " " " " " " " " " " " " " " " " " " " " " " " " " " " " " " " " " " " " " " " " " " " " " " " " " " " " " " " " " " " " " " " " " " " " " " " " " " " " " " " " " " " " " " " " " " " " " " " " " " " " " " " " " " " " " " " " " " " " " " " " " " " " " " " " " " " " " " " " " " " " " " " " " " " " " " " " " " " " " " " " " " " " " " " " " " " " " " " " " " " " " " " " " .
line104: . . . . . . . . . . . . . . . . . . . . . . . . . . . . . . . . . . . . . . . . . . . . . . . . . . . . . . . . . . . . . . . . . . . . . . . . . . . . . . . . . . . . . . . . . . . . . . . . . . . " "
line105: " " " " " " " " " " " " " " " " " " " " " " " " " " " " " " " " " " " " " " " " " " " " " " " " " " " " " " " " " " " " " " " " " " " " " " " " " " " " " " " " " " " " " " " " " " " " " " " " " " " " " " " " " " " " " " " " " " " " " " " " " " " " " " " " " " " " " " " " " " " " " " " " " " " " " " " " " " " " " " " " " " " " " " " " " " " " " " " " " " " " " " " " " " " " " " " " " " " " " " .
line106: . . . . . . . . . . . . . . . . . . . . . . . . . . . . . . . . . . . . . . . . . . . . . . . . . . . . . . . . . . . . . . . . . . . . . . . . . . . . . . . . . . . . . . . . . . . . . . . . . . . " "
line107: " " " " " " " " " " " " " " " " " " " " " " " " " " " " " " " " " " " " " " " " " " " " " " " " " " " " " " " " " " " " " " " " " " " " " " " " " " " " " " " " " " " " " " " " " " " " " " " " " " " " " " " " " " " " " " " " " " " " " " " " " " " " " " " " " " " " " " " " " " " " " " " " " " " " " " " " " " " " " " " " " " " " " " " " " " " " " " " " " " " " " " " " " " " " " " " " " " " " " " .
line108: . . . . . . . . . . . . . . . . . . . . . . . . . . . . . . . . . . . . . . . . . . . . . . . . . . . . . . . . . . . . . . . . . . . . . . . . . . . . . . . . . . . . . . . . . . . . . . . . . . . " "
line109: " " " " " " " " " " " " " " " " " " " " " " " " " " " " " " " " " " " " " " " " " " " " " " " " " " " " " " " " " " " " " " " " " " " " " " " " " " " " " " " " " " " " " " " " " " " " " " " " " " " " " " " " " " " " " " " " " " " " " " " " " " " " " " " " " " " " " " " " " " " " " " " " " " " " " " " " " " " " " " " " " " " " " " " " " " " " " " " " " " " " " " " " " " " " " " " " " " " " " " .
line110: . . . . . . . . . . . . . . . . . . . . . . . . . . . . . . . . . . . . . . . . . . . . . . . . . . . . . . . . . . . . . . . . . . . . . . . . . . . . . . . . . . . . . . . . . . . . . . . . . . . " "
line111: " " " " " " " " " " " " " " " " " " " " " " " " " " " " " " " " " " " " " " " " " " " " " " " " " " " " " " " " " " " " " " " " " " " " " " " " " " " " " " " " " " " " " " " " " " " " " " " " " " " " " " " " " " " " " " " " " " " " " " " " " " " " " " " " " " " " " " " " " " " " " " " " " " " " " " " " " " " " " " " " " " " " " " " " " " " " " " " " " " " " " " " " " " " " " " " " " " " " " " .
line112: . . . . . . . . . . . . . . . . . . . . . . . . . . . . . . . . . . . . . . . . . . . . . . . . . . . . . . . . . . . . . . . . . . . . . . . . . . . . . . . . . . . . . . . . . . . . . . . . . . . " "
line113: " " " " " " " " " " " " " " " " " " " " " " " " " " " " " " " " " " " " " " " " " " " " " " " " " " " " " " " " " " " " " " " " " " " " " " " " " " " " " " " " " " " " " " " " " " " " " " " " " " " " " " " " " " " " " " " " " " " " " " " " " " " " " " " " " " " " " " " " " " " " " " " " " " " " " " " " " " " " " " " " " " " " " " " " " " " " " " " " " " " " " " " " " " " " " " " " " " " " " " .
line114: . . . . . . . . . . . . . . . . . . . . . . . . . . . . . . . . . . . . . . . . . . . . . . . . . . . . . . . . . . . . . . . . . . . . . . . . . . . . . . . . . . . . . . . . . . . . . . . . . . . " "
line115: " " " " " " " " " " " " " " " " " " " " " " " " " " " " " " " " " " " " " " " " " " " " " " " " " " " " " " " " " " " " " " " " " " " " " " " " " " " " " " " " " " " " " " " " " " " " " " " " " " " " " " " " " " " " " " " " " " " " " " " " " " " " " " " " " " " " " " " " " " " " " " " " " " " " " " " " " " " " " " " " " " " " " " " " " " " " " " " " " " " " " " " " " " " " " " " " " " " " " " .
line116: . . . . . . . . . . . . . . . . . . . . . . . . . . . . . . . . . . . . . . . . . . . . . . . . . . . . . . . . . . . . . . . . . . . . . . . . . . . . . . . . . . . . . . . . . . . . . . . . . . . " "
line117: " " " " " " " " " " " " " " " " " " " " " " " " " " " " " " " " " " " " " " " " " " " " " " " " " " " " " " " " " " " " " " " " " " " " " " " " " " " " " " " " " " " " " " " " " " " " " " " " " " " " " " " " " " " " " " " " " " " " " " " " " " " " " " " " " " " " " " " " " " " " " " " " " " " " " " " " " " " " " " " " " " " " " " " " " " " " " " " " " " " " " " " " " " " " " " " " " " " " " " .
line118: . . . . . . . . . . . . . . . . . . . . . . . . . . . . . . . . . . . . . . . . . . . . . . . . . . . . . . . . . . . . . . . . . . . . . . . . . . . . . . . . . . . . . . . . . . . . . . . . . . . " "
line119: " " " " " " " " " " " " " " " " " " " " " " " " " " " " " " " " " " " " " " " " " " " " " " " " " " " " " " " " " " " " " " " " " " " " " " " " " " " " " " " " " " " " " " " " " " " " " " " " " " " " " " " " " " " " " " " " " " " " " " " " " " " " " " " " " " " " " " " " " " " " " " " " " " " " " " " " " " " " " " " " " " " " " " " " " " " " " " " " " " " " " " " " " " " " " " " " " " " " " " .
line120: . . . . . . . . . . . . . . . . . . . . . . . . . . . . . . . . . . . . . . . . . . . . . . . . . . . . . . . . . . . . . . . . . . . . . . . . . . . . . . . . . . . . . . . . . . . . . . . . . . . " "
line121: " " " " " " " " " " " " " " " " " " " " " " " " " " " " " " " " " " " " " " " " " " " " " " " " " " " " " " " " " " " " " " " " " " " " " " " " " " " " " " " " " " " " " " " " " " " " " " " " " " " " " " " " " " " " " " " " " " " " " " " " " " " " " " " " " " " " " " " " " " " " " " " " " " " " " " " " " " " " " " " " " " " " " " " " " " " " " " " " " " " " " " " " " " " " " " " " " " " " " " .
line122: . . . . . . . . . . . . . . . . . . . . . . . . . . . . . . . . . . . . . . . . . . . . . . . . . . . . . . . . . . . . . . . . . . . . . . . . . . . . . . . . . . . . . . . . . . . . . . . . . . . " "
line123: " " " " " " " " " " " " " " " " " " " " " " " " " " " " " " " " " " " " " " " " " " " " " " " " " " " " " " " " " " " " " " " " " " " " " " " " " " " " " " " " " " " " " " " " " " " " " " " " " " " " " " " " " " " " " " " " " " " " " " " " " " " " " " " " " " " " " " " " " " " " " " " " " " " " " " " " " " " " " " " " " " " " " " " " " " " " " " " " " " " " " " " " " " " " " " " " " " " " " " .
line124: . . . . . . . . . . . . . . . . . . . . . . . . . . . . . . . . . . . . . . . . . . . . . . . . . . . . . . . . . . . . . . . . . . . . . . . . . . . . . . . . . . . . . . . . . . . . . . . . . . . " "
line125: " " " " "6" "7" " " " " " " " " " " " " " " " " " " "." "r" "e" "l" "e" "a" "s" "e" "_" "s" "m" "a" "l" "l" " " "=" ">" " " "3" "," . . . . . . . . . . . . . . . . . . . . . . . . . . . . . . . . . . . . . . . . . . . . . . . . . . . . . . . . . . . . . . . . . . .
line126: . . . . . . . . . . . . . . . . . . . . . . . . . . . . . . . . . " " " " " " "6" "8" " " " " " " " " " " "}" ";" . . . . . . . . . . . . . . . . . . . . . . . . . . . . . . . . . . . . . . . . . . . . . . . . . . . . . . .
line127: . . . . . . . . . . . . . . . . . . . . . . . . . . . . . . . . . . . . . . . . . . . . . " " " " " " "6" "9" " " "}" . . . . . . . . . . . . . . . . . . . . . . . . . . . . . . . . . . . . . . . . . . . . . . . .
line128: . . . . . . . . . . . . . . . . . . . . . . . . . . . . . . . . . . . . . . . . . . . . . . . . . . . . " " " " " " "7" "0" " " . . . . . . . . . . . . . . . . . . . . . . . . . . . . . . . . . . . . . . . . . .
line129: . . . . . . . . . . . . . . . . . . . . . . . . . . . . . . . . . . . . . . . . . . . . . . . . . . . . . . . . . . " " " " " " "7" "1" " " "f" "n" " " "w" "e" "i" "g" "h" "t" "e" "d" "S" "c" "o" "r" "e" "(" "c" "o" "n" "f" "i" "g" ":" " " "W" "i" "d" "g" "e" "t" "C" "o" "n" "f" "i"
line130: "g" ")" " " "u" "s" "i" "z" "e" " " "{" . . . . . . . . . . . . . . . . . . . . . . . . . . . . . . . . . . . . . . . . . . . . . . . . . . . . . . . . . . . . . . . . . . . . . . . . . . . . . . . . . . . . . . . . . .
line131: . . . . . . . . . . " " " " " " "7" "2" " " " " " " " " " " "c" "o" "n" "s" "t" " " "e" "n" "a" "b" "l" "e" "d" "_" "b" "o" "n" "u" "s" ":" " " "u" "s" "i" "z" "e" " " "=" " " "i" "f" " " "(" "c" "o" "n" "f" "i" "g" "." "e" "n" "a" "b" "l" "e" "d" ")" " " "5" " " "e" "l" "s" "e" " " "1" ";" . . . . . . . . . . . . . . . . . . . . . .
line132: . . . . . . . . . . . . . . . . . . . . . . . . . . . . . . . . . . . . . . . . . . . . . . . . . . . . . . . . . . . . . . . . . . . . . . . . . . . . . . " " " " " " "7" "3" " " " " " " " " " " "r" "e" "t" "u" "r" "n" " " "(" "c" "o" "n" "f"
line133: "i" "g" "." "t" "h" "r" "e" "s" "h" "o" "l" "d" " " "+" " " "m" "o" "d" "e" "P" "e" "n" "a" "l" "t" "y" "(" "c" "o" "n" "f" "i" "g" "." "b" "u" "i" "l" "d" "_" "m" "o" "d" "e" ")" ")" " " "*" " " "e" "n" "a" "b" "l" "e" "d" "_" "b" "o" "n" "u" "s" ";" " " " " " " " " " " " " " " " " " " " " " " " " " " " " " " . . . . . . . . . . . . . . . . . . . . . .
line134: . . . . . . . . . . . . . . . . . . . . . . . . . . . . . . . . . . . . . . . . . . . . . . . . . . . . . . . . . . . . . . . . . . . . . . . . . . . . . . " " " " " " "7" "4" " " "}" . . . . . . . . . . . . . . .
line135: . . . . . . . . . . . . . . . . . . . . . . . . . . . . . . . . . . . . . . . . . . . . . . . . . . . . . . . . . . . . . . . . . . . . . . . . . . . . . . . . . . . . . " " " " " " "7" "5" " " . . . . . . . . .
line136: . . . . . . . . . . . . . . . . . . . . . . . . . . . . . . . . . . . . . . . . . . . . . . . . . . . . . . . . . . . . . . . . . . . . . . . . . . . . . . . . . . . . . . . . . . . " " " " " " "7" "6" " " "f" "n" " "
line137: "b" "u" "i" "l" "d" "S" "a" "m" "p" "l" "e" "C" "o" "n" "f" "i" "g" "s" "(" ")" " " "[" "2" "4" "]" "W" "i" "d" "g" "e" "t" "C" "o" "n" "f" "i" "g" " " "{" . . . . . . . . . . . . . . . . . . . . . . . . . . . . . . . . . . . . . . . . . . . . . . . . . . . . . . . . . . . . .
line138: . . . . . . . . . . . . . . . . . . . . . . . . . . . . . . . . . . . . . . . " " " " " " "7" "7" " " " " " " " " " " "r" "e" "t" "u" "r" "n" " " "." "{" . . . . . . . . . . . . . . . . . . . . . . . . . . . . . . . . . . . . . . . . . .
line139: . . . . . . . . . . . . . . . . . . . . . . . . . . . . . . . . . . . . . . . . . . . . . . . . . . . . . . . . . . " " " " " " "7" "8" " " " " " " " " " " " " " " " " " " "." "{" " " "." "n" "a" "m" "e" " " "=" " " "\"" "a" "l" "p" "h" "a" "." "r" "e" "n" "d" "e" "r" "e" "r" "\"" ","
line140: " " "." "e" "n" "a" "b" "l" "e" "d" " " "=" " " "t" "r" "u" "e" "," " " "." "b" "u" "i" "l" "d" "_" "m" "o" "d" "e" " " "=" " " "." "d" "e" "b" "u" "g" "," " " "." "t" "h" "r" "e" "s" "h" "o" "l" "d" " " "=" " " "1" "1" " " "}" "," . . . . . . . . . . . . . . . . . . . . . . . . . . . . . . . . . . . . . . . . . .
line141: . . . . . . . . . . . . . . . . . . . . . . . . . . . . . . . . . . . . . . . . . . . . . . . . . . . . . . . . . . " " " " " " "7" "9" " " " " " " " " " " " " " " " " " " "." "{" " " "." "n" "a" "m" "e" " " "=" " " "\"" "b" "e" "t" "a" "." "r" "e" "n" "d" "e" "r" "e" "r" "\"" "," " "
line142: "." "e" "n" "a" "b" "l" "e" "d" " " "=" " " "t" "r" "u" "e" "," " " "." "b" "u" "i" "l" "d" "_" "m" "o" "d" "e" " " "=" " " "." "r" "e" "l" "e" "a" "s" "e" "_" "s" "a" "f" "e" "," " " "." "t" "h" "r" "e" "s" "h" "o" "l" "d" " " "=" . . . . . . . . . . . . . . . . . . . . . . . . . . . . . . . . . . . . . . . . . .
line143: . . . . . . . . . . . . . . . . . . . . . . . . . . . . . . . . . . . . . . . . . . . . . . . . . . . . . . . . . . " " " " " " "8" "0" " " " " " " " " " " " " " " " " " " "." "{" " " "." "n" "a" "m" "e" " " "=" " " "\"" "g" "a" "m" "m" "a" "." "r" "e" "n" "d" "e" "r" "e" "r" "\"" ","
line144: " " "." "e" "n" "a" "b" "l" "e" "d" " " "=" " " "f" "a" "l" "s" "e" "," " " "." "b" "u" "i" "l" "d" "_" "m" "o" "d" "e" " " "=" " " "." "r" "e" "l" "e" "a" "s" "e" "_" "f" "a" "s" "t" "," " " "." "t" "h" "r" "e" "s" "h" "o" "l" "d" " " "" " " "n" "v" "i" "m" "_" "r" "e" "a" "l" "_" "c" "o" "n" "f" "i" "g" "_" "c" "u" "r" "s" "o" "r" "_" "s" "a" "m" "p" "l" "e" "." "z" "i" "g" " " " " " " " " " "
line145: " " " " " " " " " " " " " " " " " " " " " " " " " " " " " " " " " " " " " " " " " " " " " " " " " " " " " " " " " " " " " " " " " " " " " " " " " " " " " " " " " " " " " " " " " " " " " " " " " " " " " " " " " " " " " " " " " " " " . . . . . . . . . . . . . . . . . . . . . . . . . . . . . . . . . . . . . . . . . .
line146: . . . . . . . . . . . . . . . . . . . . . . . . . . . . . . . . . . . . . . . . . . . . . . . . . . . . . . . . . . " " " " " " " " " " " " " " " " " " " " " " " " " " " " " " " " " " " " " " " " " " " " " " " " " " " " " " " " " " " " " " " " " " " " " " " " " " " " " " " " " " " "
line147: " " " " " " " " " " " " " " " " " " " " " " " " " " " " " " " " " " " " " " " " " " " " " " " " " " " " " " " " " " " " " " " " " " " " " " " " " " " " " " " " " " " " " " " " " " " " " " " " " " " " " " " " " " " " " " " " " " " " . . . . . . . . . . . . . . . . . . . . . . . . . . . . . . . . . . . . . . . . . .
line148: . . . . . . . . . . . . . . . . . . . . . . . . . . . . . . . . . . . . . . . . . . . . . . . . . . . . . . . . . . " " " " " " " " " " " " " " " " " " " " " " " " " " " " " " " " " " " " " " " " " " " " " " " " " " " " " " " " " " " " " " " " " " " " " " " " " " " " " " " " " " " "
line149: " " " " " " " " " " " " " " " " " " " " " " " " " " " " " " " " " " " " " " " " " " " " " " " " " " " " " " " " " " " " " " " " " " " " " " " " " " " " " " " " " " " " " " " " " " " " " " " " " " " " " " " " " " " " " " " " " " " " " " "" " " "n" "v" "i" "m" "_" "r" "e" "a" "l" "_" "c" "o" "n" "f" "i" "g" "_" "c" "u" "r" "s" "o" "r" "_" "s" "a" "m" "p" "l" "e" "." "z" "i" "g" " " " " " " " " " "
line150: " " " " " " " " " " " " " " " " " " " " " " " " " " " " " " " " " " " " " " " " " " " " " " " " " " " " " " " " " " " " " " " " " " " " " " " " " " " " " " " " " " " " " " " " " " " " " " " " " " " " " " " " " " " " " " " " " " " " . . . . . . . . . . . . . . . . . . . . . . . . . . . . . . . . . . . . . . . . . .
line151: . . . . . . . . . . . . . . . . . . . . . . . . . . . . . . . . . . . . . . . . . . . . . . . . . . . . . . . . . . " " " " " " "6" "7" " " " " " " " " " " " " " " " " " " "." "r" "e" "l" "e" "a" "s" "e" "_" "s" "m" "a" "l" "l" " " "=" ">" " " "3" "," " " " " " " " " " " " " " " " "
line152: " " " " " " " " " " " " " " " " " " " " " " " " " " " " " " " " " " " " " " " " " " " " " " " " " " " " " " " " " " " " " " " " " " " " " " " " " " " " " " " " " " " " " " " " " " " " " " " " " " " " " " " " " " " " " " " " " " " " . . . . . . . . . . . . . . . . . . . . . . . . . . . . . . . . . . . . . . . . . .
line153: . . . . . . . . . . . . . . . . . . . . . . . . . . . . . . . . . . . . . . . . . . . . . . . . . . . . . . . . . . " " " " " " "6" "8" " " " " " " " " " " "}" ";" " " " " " " " " " " " " " " " " " " " " " " " " " " " " " " " " " " " " " " " " " " " " " " " " " " " " " " " " " " " "
line154: " " " " " " " " " " " " " " " " " " " " " " " " " " " " " " " " " " " " " " " " " " " " " " " " " " " " " " " " " " " " " " " " " " " " " " " " " " " " " " " " " " " " " " " " " " " " " " " " " " " " " " " " " " " " " " " " " " " " . . . . . . . . . . . . . . . . . . . . . . . . . . . . . . . . . . . . . . . . . .
line155: . . . . . . . . . . . . . . . . . . . . . . . . . . . . . . . . . . . . . . . . . . . . . . . . . . . . . . . . . . " " " " " " "6" "9" " " "}" " " " " " " " " " " " " " " " " " " " " " " " " " " " " " " " " " " " " " " " " " " " " " " " " " " " " " " " " " " " " " " " " " " " " " "
line156: " " " " " " " " " " " " " " " " " " " " " " " " " " " " " " " " " " " " " " " " " " " " " " " " " " " " " " " " " " " " " " " " " " " " " " " " " " " " " " " " " " " " " " " " " " " " " " " " " " " " " " " " " " " " " " " " " " " " . . . . . . . . . . . . . . . . . . . . . . . . . . . . . . . . . . . . . . . . . .
line157: . . . . . . . . . . . . . . . . . . . . . . . . . . . . . . . . . . . . . . . . . . . . . . . . . . . . . . . . . . " " " " " " "7" "0" " " " " " " " " " " " " " " " " " " " " " " " " " " " " " " " " " " " " " " " " " " " " " " " " " " " " " " " " " " " " " " " " " " " " " " " " " "
line158: " " " " " " " " " " " " " " " " " " " " " " " " " " " " " " " " " " " " " " " " " " " " " " " " " " " " " " " " " " " " " " " " " " " " " " " " " " " " " " " " " " " " " " " " " " " " " " " " " " " " " " " " " " " " " " " " " " " " . . . . . . . . . . . . . . . . . . . . . . . . . . . . . . . . . . . . . . . . . .
line159: . . . . . . . . . . . . . . . . . . . . . . . . . . . . . . . . . . . . . . . . . . . . . . . . . . . . . . . . . . " " " " " " "7" "1" " " "f" "n" " " "w" "e" "i" "g" "h" "t" "e" "d" "S" "c" "o" "r" "e" "(" "c" "o" "n" "f" "i" "g" ":" " " "W" "i" "d" "g" "e" "t" "C" "o" "n" "f" "i"
line160: "g" ")" " " "u" "s" "i" "z" "e" " " "{" " " " " " " " " " " " " " " " " " " " " " " " " " " " " " " " " " " " " " " " " " " " " " " " " " " " " " " " " " " " " " " " " " " " " " " " " " " " " " " " " " " " " " " " " " " " " " " " " . . . . . . . . . . . . . . . . . . . . . . . . . . . . . . . . . . . . . . . . . .
line161: . . . . . . . . . . . . . . . . . . . . . . . . . . . . . . . . . . . . . . . . . . . . . . . . . . . . . . . . . . " " " " " " "7" "2" " " " " " " " " " " "c" "o" "n" "s" "t" " " "e" "n" "a" "b" "l" "e" "d" "_" "b" "o" "n" "u" "s" ":" " " "u" "s" "i" "z" "e" " " "=" " " "i" "f" " "
line162: "(" "c" "o" "n" "f" "i" "g" "." "e" "n" "a" "b" "l" "e" "d" ")" " " "5" " " "e" "l" "s" "e" " " "1" ";" " " " " " " " " " " " " " " " " " " " " " " " " " " " " " " " " " " " " " " " " " " " " " " " " " " " " " " " " " " " " " " " " . . . . . . . . . . . . . . . . . . . . . . . . . . . . . . . . . . . . . . . . . .
line163: . . . . . . . . . . . . . . . . . . . . . . . . . . . . . . . . . . . . . . . . . . . . . . . . . . . . . . . . . . " " " " " " "7" "3" " " " " " " " " " " "r" "e" "t" "u" "r" "n" " " "(" "c" "o" "n" "f" "i" "g" "." "t" "h" "r" "e" "s" "h" "o" "l" "d" " " "+" " " "m" "o" "d" "e" "P"
line164: "e" "n" "a" "l" "t" "y" "(" "c" "o" "n" "f" "i" "g" "." "b" "u" "i" "l" "d" "_" "m" "o" "d" "e" ")" ")" " " "*" " " "e" "n" "a" "b" "l" "e" "d" "_" "b" "o" "n" "u" "s" ";" " " " " " " " " " " " " " " " " " " " " " " " " " " " " " " . . . . . . . . . . . . . . . . . . . . . . . . . . . . . . . . . . . . . . . . . .
line165: . . . . . . . . . . . . . . . . . . . . . . . . . . . . . . . . . . . . . . . . . . . . . . . . . . . . . . . . . . " " " " " " "7" "4" " " "}" " " " " " " " " " " " " " " " " " " " " " " " " " " " " " " " " " " " " " " " " " " " " " " " " " " " " " " " " " " " " " " " " " " " " " "
line166: " " " " " " " " " " " " " " " " " " " " " " " " " " " " " " " " " " " " " " " " " " " " " " " " " " " " " " " " " " " " " " " " " " " " " " " " " " " " " " " " " " " " " " " " " " " " " " " " " " " " " " " " " " " " " " " " " " " " . . . . . . . . . . . . . . . . . . . . . . . . . . . . . . . . . . . . . . . . . .
line167: . . . . . . . . . . . . . . . . . . . . . . . . . . . . . . . . . . . . . . . . . . . . . . . . . . . . . . . . . . " " " " " " "7" "5" " " " " " " " " " " " " " " " " " " " " " " " " " " " " " " " " " " " " " " " " " " " " " " " " " " " " " " " " " " " " " " " " " " " " " " " " " "
line168: " " " " " " " " " " " " " " " " " " " " " " " " " " " " " " " " " " " " " " " " " " " " " " " " " " " " " " " " " " " " " " " " " " " " " " " " " " " " " " " " " " " " " " " " " " " " " " " " " " " " " " " " " " " " " " " " " " " " . . . . . . . . . . . . . . . . . . . . . . . . . . . . . . . . . . . . . . . . . .
line169: . . . . . . . . . . . . . . . . . . . . . . . . . . . . . . . . . . . . . . . . . . . . . . . . . . . . . . . . . . " " " " " " "7" "6" " " "f" "n" " " "b" "u" "i" "l" "d" "S" "a" "m" "p" "l" "e" "C" "o" "n" "f" "i" "g" "s" "(" ")" " " "[" "2" "4" "]" "W" "i" "d" "g" "e" "t" "C" "o"
line170: "n" "f" "i" "g" " " "{" " " " " " " " " " " " " " " " " " " " " " " " " " " " " " " " " " " " " " " " " " " " " " " " " " " " " " " " " " " " " " " " " " " " " " " " " " " " " " " " " " " " " " " " " " " " " " " " " " " " " " " " " . . . . . . . . . . . . . . . . . . . . . . . . . . . . . . . . . . . . . . . . . .
line171: . . . . . . . . . . . . . . . . . . . . . . . . . . . . . . . . . . . . . . . . . . . . . . . . . . . . . . . . . . " " " " " " "7" "7" " " " " " " " " " " "r" "e" "t" "u" "r" "n" " " "." "{" " " " " " " " " " " " " " " " " " " " " " " " " " " " " " " " " " " " " " " " " " " " " " "
line172: " " " " " " " " " " " " " " " " " " " " " " " " " " " " " " " " " " " " " " " " " " " " " " " " " " " " " " " " " " " " " " " " " " " " " " " " " " " " " " " " " " " " " " " " " " " " " " " " " " " " " " " " " " " " " " " " " " " " . . . . . . . . . . . . . . . . . . . . . . . . . . . . . . . . . . . . . . . . . .
line173: . . . . . . . . . . . . . . . . . . . . . . . . . . . . . . . . . . . . . . . . . . . . . . . . . . . . . . . . . . " " " " " " "7" "8" " " " " " " " " " " " " " " " " " " "." "{" " " "." "n" "a" "m" "e" " " "=" " " "\"" "a" "l" "p" "h" "a" "." "r" "e" "n" "d" "e" "r" "e" "r" "\"" ","
line174: " " "." "e" "n" "a" "b" "l" "e" "d" " " "=" " " "t" "r" "u" "e" "," " " "." "b" "u" "i" "l" "d" "_" "m" "o" "d" "e" " " "=" " " "." "d" "e" "b" "u" "g" "," " " "." "t" "h" "r" "e" "s" "h" "o" "l" "d" " " "=" " " "1" "1" " " "}" "," . . . . . . . . . . . . . . . . . . . . . . . . . . . . . . . . . . . . . . . . . .
line175: . . . . . . . . . . . . . . . . . . . . . . . . . . . . . . . . . . . . . . . . . . . . . . . . . . . . . . . . . . " " " " " " "7" "9" " " " " " " " " " " " " " " " " " " "." "{" " " "." "n" "a" "m" "e" " " "=" " " "\"" "b" "e" "t" "a" "." "r" "e" "n" "d" "e" "r" "e" "r" "\"" "," " "
line176: "." "e" "n" "a" "b" "l" "e" "d" " " "=" " " "t" "r" "u" "e" "," " " "." "b" "u" "i" "l" "d" "_" "m" "o" "d" "e" " " "=" " " "." "r" "e" "l" "e" "a" "s" "e" "_" "s" "a" "f" "e" "," " " "." "t" "h" "r" "e" "s" "h" "o" "l" "d" " " "=" . . . . . . . . . . . . . . . . . . . . . . . . . . . . . . . . . . . . . . . . . .
line177: . . . . . . . . . . . . . . . . . . . . . . . . . . . . . . . . . . . . . . . . . . . . . . . . . . . . . . . . . . " " " " " " "8" "0" " " " " " " " " " " " " " " " " " " "." "{" " " "." "n" "a" "m" "e" " " "=" " " "\"" "g" "a" "m" "m" "a" "." "r" "e" "n" "d" "e" "r" "e" "r" "\"" ","
line178: " " "." "e" "n" "a" "b" "l" "e" "d" " " "=" " " "f" "a" "l" "s" "e" "," " " "." "b" "u" "i" "l" "d" "_" "m" "o" "d" "e" " " "=" " " "." "r" "e" "l" "e" "a" "s" "e" "_" "f" "a" "s" "t" "," " " "." "t" "h" "r" "e" "s" "h" "o" "l" "d" . . . . . . . . . . . . . . . . . . . . . . . . . . . . . . . . . . . . . . . . . .
line179: . . . . . . . . . . . . . . . . . . . . . . . . . . . . . . . . . . . . . . . . . . . . . . . . . . . . . . . . . . " " " " " " " " " " " " " " " " " " " " " " " " " " " " " " " " " " " " " " " " " " " " " " " " " " " " " " " " " " " " " " " " " " " " " " " " " " " " " " " " " " " "
line180: " " " " " " " " " " " " " " " " " " " " " " " " " " " " " " " " " " " " " " " " " " " " " " " " " " " " " " " " " " " " " " " " " " " " " " " " " " " " " " " " " " " " " " " " " " " " " " " " " " " " " " " " " " " " " " " " " " " " "│" "│" ":" " " "[" "]" "c" "o" "n" "s" "t" " " "u" "8" " " "=" " " "\"" "a" "l" "p" "h" "a" "." "r" "e" "n" "d" "e" "r" "e" "r" "\"" "," " " "." "e" "n" "a" "b" "l" "e"
line181: "d" ":" " " "b" "o" "o" "l" " " "=" " " "t" "r" "u" "e" "," " " "." "b" "u" "i" "l" "d" "_" "m" "o" "d" "e" ":" " " "B" "u" "i" "l" "d" "M" "o" "d" "e" ":" " " "[" "]" "c" "o" "n" "s" "t" " " "u" "8" " " "=" " " "\"" "b" "e" "t" "a" "." "r" "e" "n" "d" "e" "r" "e" "r" "\"" "," " " "." "e" "n" "a" "b" "l" "e" "d" ":" " " "b" "o" "o" "l" " " "=" " " "t" "r" "u" "e" "," " " "." "b" "u" "i" "l" "d" "_"
line182: "m" "o" "d" "e" ":" " " "B" "u" "i" "l" "d" "M" "o" "d" "e" " " ":" " " "[" "]" "c" "o" "n" "s" "t" " " "u" "8" " " "=" " " "\"" "g" "a" "m" "m" "a" "." "r" "e" "n" "d" "e" "r" "e" "r" "\"" "," " " "." "e" "n" "a" "b" "l" "e" "d" ":" " " "b" "o" "o" "l" " " "=" " " "f" "a" "l" "s" "e" "," " " "." "b" "u" "i" "l" "d" "_" "m" "o" "d" "e" ":" " " "B" "u" "i" "l" "d" "M" "o" "d" . . . . . .
line183: . . . . . . . . . . . . . . . . . . . . . . . . . . . . . . . . . . . . . . . . . . . . . . . . . . . . . . . . . . . . . . . . . . . . . . . . . . . . . . . . . . . . . . . . . . . . . . " " "N" " " "" " " ""
line184: " " "" " " "󰆓" " " "" " " "󰓙" " " "" " " "󰒲" " " "" " " "" " " "" " " "󰆼" " " "" "<" "/" "a" "s" "s" "e" "t" "s" "/" "n" "v" "i" "m" "_" "r" "e" "a" "l" "_" "c" "o" "n" "f" "i" "g" "_" "c" "u" "r" "s" "o" "r" "_" "s" "." "." "." " " " " "F" "m" "t" ":" "O" "f" "f" " " "" " " "" " " "1" " " "" " " "L" "S" "P" ":" "z" "l" "s" " " "" " " " " "7" "3" ":" "1" " " " " "" "▪" " " " " . .
line185: . . . . . . . . . . . . . . . . . . . . . . . . . . . . . . . . . . . . . . . . . . . . . . . . . . . . . . . . . . . . . . . . . . . . . . . . . . . . . . . . . . . . . . . . . . . . . . . . . . "│" " "
line186: . . . . . . . . . . . . . . . . . . . . . . . . . . . . . . . . . . . . . . . . . . . . . . . . . . . . . . . . . . . . . . . . . . . . . . . . . . . . . . . . . . . . . . . . . . . . . . . . . . . "│"
line187: " " . . . . . . . . . . . . . . . . . . . . . . . . . . . . . . . . . . . . . . . . . . . . . . . . . . . . . . . . . . . . . . . . . . . . . . . . . . . . . . . . . . . . . . . . . . . . . . . . . . .
line188: . "│" " " . . . . . . . . . . . . . . . . . . . . . . . . . . . . . . . . . . . . . . . . . . . . . . . . . . . . . . . . . . . . . . . . . . . . . . . . . . . . . . . . . . . . . . . . . . . . . . . . .
line189: . . . "│" " " . . . . . . . . . . . . . . . . . . . . . . . . . . . . . . . . . . . . . . . . . . . . . . . . . . . . . . . . . . . . . . . . . . . . . . . . . . . . . . . . . . . . . . . . . . . . . . .
line190: . . . . . "│" " " . . . . . . . . . . . . . . . . . . . . . . . . . . . . . . . . . . . . . . . . . . . . . . . . . . . . . . . . . . . . . . . . . . . . . . . . . . . . . . . . . . . . . . . . . . . . .
line191: . . . . . . . "│" " " . . . . . . . . . . . . . . . . . . . . . . . . . . . . . . . . . . . . . . . . . . . . . . . . . . . . . . . . . . . . . . . . . . . . . . . . . . . . . . . . . . . . . . . . . . .
line192: . . . . . . . . . "│" " " . . . . . . . . . . . . . . . . . . . . . . . . . . . . . . . . . . . . . . . . . . . . . . . . . . . . . . . . . . . . . . . . . . . . . . . . . . . . . . . . . . . . . . . . .
line193: . . . . . . . . . . . "│" " " . . . . . . . . . . . . . . . . . . . . . . . . . . . . . . . . . . . . . . . . . . . . . . . . . . . . . . . . . . . . . . . . . . . . . . . . . . . . . . . . . . . . . . .
line194: . . . . . . . . . . . . . "│" " " . . . . . . . . . . . . . . . . . . . . . . . . . . . . . . . . . . . . . . . . . . . . . . . . . . . . . . . . . . . . . . . . . . . . . . . . . . . . . . . . . . . . .
line195: . . . . . . . . . . . . . . . "│" " " . . . . . . . . . . . . . . . . . . . . . . . . . . . . . . . . . . . . . . . . . . . . . . . . . . . . . . . . . . . . . . . . . . . . . . . . . . . . . . . . . . .
kitty:
images=0 placements=0
image ids: []
placement ids: []
