TERM_SNAPSHOT v1
size: 16x100
cursor: r=15 c=76 visible=1 style=block-blink
alt: 0
scrollback: count=179 view_offset=0
focus_reporting: 1
title: "Terminal"
cwd: ""
clipboard: ""
selection: none
grid:
row0: . . . . . . . . . . . . . . . . . . . . . . . . . . . . . . . . . . . . . . . . . . . . . . . . . . . . . . . . . . . . . . . . . . . . . . . " " " " " " " " " " " " " " " " " " " " " " " " " " " " " " " " " " " " " " " " " " " " " " " " " " " " " " " " " "
row1: " " " " " " " " " " " " " " " " " " " " " " " " " " " " " " " " " " " " " " " " " " " " " " " " " " " " " " " " " " " " " " " " " " " " " " " " " " " " " " " " " " " " " " " " " " " " " " " " " " " " " " " " " " " " " " " " " " " " " " " " " " " " " " " " " " " " " " " " " " " " " " "│" "│" "a" ":" " " "v" "a" "l" "u" "e" "," " " "b" ":" " " "\"" "c" "r" "i" "t" "i" "c" "a" "l" "\"" ")" ")" " " "r"
row2: "e" "t" "u" "r" "n" " " "." "c" "r" "i" "t" "i" "c" "a" "l" ";" "a" ":" " " "v" "a" "l" "u" "e" "," " " "b" ":" " " "\"" "e" "r" "r" "o" "r" "\"" ")" ")" " " "r" "e" "t" "u" "r" "n" " " "." "@" "\"" "e" "r" "r" "o" "r" "\"" ";" "a" ":" " " "v" "a" "l" "u" "e" "," " " "b" ":" " " "\"" "w" "a" "r" "n" "i" "n" "g" "\"" ")" " " "o" "r" " " "s" "t" "d" "." "a" "s" "c" "i" "i" "." "e" "q" "l" "I" "g" "n" "o"
row3: "r" "e" "C" "a" "s" "e" "(" "a" ":" " " "v" "a" "l" "u" "e" "," " " "b" "a" ":" " " "v" "a" "l" "u" "e" "," " " "b" ":" " " "\"" "i" "n" "f" "o" "\"" ")" ")" " " "r" "e" "t" "u" "r" "n" " " "." "i" "n" "f" "o" ";" "a" ":" " " "v" "a" "l" "u" "e" "," " " "b" ":" " " "\"" "d" "e" "b" "u" "g" "\"" ")" ")" " " "r" "e" "t" "u" "r" "n" " " "." "d" "e" "b" "u" "g" ";" . . . . . . . . . .
row4: . . . . . . . . . . . . . . . . . . . . . . . . . . . . . . . . . . . . . . . . . . . . . . . . . . . . . . . . . . . . . . . . . . . . . . . . . . . . . . . . . . . . . . . . . . " " "N" " " "" " " "" " " "" " " "󰆓"
row5: " " "" " " "󰓙" " " "" " " "󰒲" " " "" " " "" " " "" " " "󰆼" " " "" " " "󰈙" " " "z" "i" "d" "e" "/" "s" "r" "c" "/" "a" "p" "p" "_" "l" "o" "g" "g" "e" "r" "." "z" "i" "g" " " " " " " " " " " " " " " " " " " " " " " " " " " " " " " " " " " " " " " "F" "m" "t" ":" "O" "f" "f" " " "" " " "L" "S" "P" ":" "z" "l" "s" " " "" " " " " "2" "1" ":" "1" " " " " "▪" " " "c" "r" "i" "t" "i" "c" "a" "l"
row6: "@" "\"" "e" "r" "r" "o" "r" "\"" "w" "a" "r" "n" "i" "n" "g" "i" "n" "f" "o" " " " " " " " " "d" "e" "b" "u" "g" " " " " " " " " "t" "r" "a" "c" "e" "p" "u" "b" " " "f" "n" " " "l" "e" "v" "e" "l" "F" "r" "o" "m" "S" "t" "r" "i" "n" "g" "(" "v" "a" "l" "u" "e" ":" " " "[" "]" "c" "o" "n" "s" "t" " " "u" "8" ")" " " "?" "L" "e" "v" "e" "l" "i" "f" " " "(" "s" "t" "d" "." "a" "s" "c" "i" "i" "." "e"
row7: "q" "l" "I" "g" "n" "o" "r" "e" "C" "a" "s" "e" "(" "a" ":" " " "v" "a" "l" "u" "e" "," " " "b" ":" " " "\"" "c" "r" "i" "t" "i" "c" "a" "l" "\"" ")" ")" " " "r" "e" "t" "u" "r" "n" " " "." "c" "r" "i" "t" "i" "c" "a" "l" "i" "f" " " "(" "s" "t" "d" "." "a" "s" "c" "i" "i" "." "e" "q" "l" "I" "g" "n" "o" "r" "e" "C" "a" "s" "e" "(" "a" ":" " " "v" "a" "l" "u" "e" "," " " "b" ":" " " "\"" "e" "r" "r"
row8: "o" "r" "\"" ")" ")" " " "r" "e" "t" "u" "r" "n" " " "." "@" "\"" "e" "r" "r" "o" "r" "\"" "i" "f" " " "(" "s" "t" "d" "." "a" "s" "c" "i" "i" "." "e" "q" "l" "I" "g" "n" "o" "r" "e" "C" "a" "s" "e" "(" "a" ":" " " "v" "a" "l" "u" "e" "," " " "b" ":" " " "\"" "w" "a" "r" "n" "i" "n" "g" "\"" ")" " " "o" "r" " " "s" "t" "d" "." "a" "s" "c" "i" "i" "." "e" "q" "l" "I" "g" "n" "o" "r" "e" "C" "a" "s" "e"
row9: "(" "a" ":" " " "v" "a" "l" "u" "e" "i" "f" " " "(" "s" "t" "d" "." "a" "s" "c" "i" "i" "." "e" "q" "l" "I" "g" "n" "o" "r" "e" "C" "a" "s" "e" "(" "a" ":" " " "v" "a" "l" "u" "e" "," " " "b" ":" " " "\"" "i" "n" "f" "o" "\"" ")" ")" " " "r" "e" "t" "u" "r" "n" " " "." "i" "n" "f" "o" "i" "f" " " "(" "s" "t" "d" "." "a" "s" "c" "i" "i" "." "e" "q" "l" "I" "g" "n" "o" "r" "e" "C" "a" "s" "e" "(" "a"
row10: ":" " " "v" "a" "l" "u" "e" "," " " "b" ":" " " "\"" "d" "e" "b" "u" "g" "\"" ")" ")" " " "r" "e" "t" "u" "r" "n" " " "." "d" "e" "b" "u" "g" "│" "▪" " " "│" "│" "│" "│" "│" "▪" " " " " " " " " "F" "m" "t" ":" "O" "f" "f" " " "" " " "" " " "m" "a" "i" "n" "▪" " " " " "󰏿" " " "L" "e" "v" "e" "l" " " " " " " "2" "0" " " "│" " " " " " " "t" "r" "a" "c" "e" " " "=" " " "5" "," " " " " " " " " " " " "
row11: " " " " " " " " " " " " " " " " " " " " " " " " " " " " " " " " " " " " " " " " " " " " " " " " " " " " " " " " " " " " " " " " " " " " " " " " " " " " " " " " " " " " " " " " " " " " " " " " " " " " " " " " " " " " " " " " " " " " " " " " " " " " " " " " " " " " " " " " " " " " " " " " " " " " " " "2" "1" " " "}" ";" " " " " " " " " " " " " " " " " " " " " " " " " " " " " " " " " " " " " " " " "
row12: " " " " " " " " " " " " " " " " " " " " " " " " " " " " " " " " " " " " " " " " " " " " " " " " " " " " " " " " " " " " " " " " " " " " " " " " " " " " " " " " " " " " " " " " " " " " " " " " " " " " " " " " " " " " " " " " " " " " " " " " " " " " " " " " " " " " " " " " " " " " " " " " "▪" " " "0" "" . . . . . . . . . . . . . . . . . . . . . . . .
row13: . . . . . . . . . . . . . . . . . . . . . . . . . . . . . . . . . . . . . . . . . . . . . . . . . . . . . . . . . . . . . . . . . . . . . . . . . . . . " " "2" "0" " " "│" " " " " " " "t" "r" "a" "c" "e" " " "=" " " "5" "," " " " " " " " " " " " "
row14: " " " " " " " " " " " " " " " " " " " " " " " " " " " " " " " " " " " " " " " " " " " " " " " " " " " " " " " " " " " " " " " " " " " " " " " " " " " " " " " " " " " " " " " " " " " " " " " " " " " " " " " " " " " " " " " " " " " " " " " " " " " " " " " " " " " " " " " " " " " " " " " " " " " " " " "2" "1" " " "}" ";" " " " " " " " " " " " " " " " " " " " " " " " " " " " " " " " " " " " " " " " "
row15: " " " " " " " " " " " " " " " " " " " " " " " " " " " " " " " " " " " " " " " " " " " " " " " " " " " " " " " " " " " " " " " " " " " " " " " " " " " " " " " " " " " " " " " " " " " " " " " " " " " " " " " " " " " " " " " " " " " " " " " " " " " " " " " " " " " " " " " " " " " " " " " " "▪" " " "1" "" . . . . . . . . . . . . . . . . . . . . . . . .
attrs:
row0: cols 0-99 fg=#c0caf5ff bg=#1a1b26ff bold=0 rev=0 ul=0 ulc=default link=0
row1: cols 0-70 fg=#c0caf5ff bg=#1a1b26ff bold=0 rev=0 ul=0 ulc=default link=0
row1: cols 71-72 fg=#2ac3deff bg=#1a1b26ff bold=0 rev=0 ul=0 ulc=default link=0
row1: cols 73-74 fg=#545c7eff bg=#1d202dff bold=0 rev=0 ul=0 ulc=default link=0
row1: cols 75-82 fg=#c0caf5ff bg=#1a1b26ff bold=0 rev=0 ul=0 ulc=default link=0
row1: cols 83-84 fg=#545c7eff bg=#1d202dff bold=0 rev=0 ul=0 ulc=default link=0
row1: cols 85-85 fg=#c0caf5ff bg=#1a1b26ff bold=0 rev=0 ul=0 ulc=default link=0
row1: cols 86-95 fg=#9ece6aff bg=#1a1b26ff bold=0 rev=0 ul=0 ulc=default link=0
row1: cols 96-98 fg=#c0caf5ff bg=#1a1b26ff bold=0 rev=0 ul=0 ulc=default link=0
row1: cols 99-99 fg=#2ac3deff bg=#1a1b26ff bold=0 rev=0 ul=0 ulc=default link=0
row2: cols 0-4 fg=#2ac3deff bg=#1a1b26ff bold=0 rev=0 ul=0 ulc=default link=0
row2: cols 5-15 fg=#c0caf5ff bg=#1a1b26ff bold=0 rev=0 ul=0 ulc=default link=0
row2: cols 16-17 fg=#545c7eff bg=#1d202dff bold=0 rev=0 ul=0 ulc=default link=0
row2: cols 18-25 fg=#c0caf5ff bg=#1a1b26ff bold=0 rev=0 ul=0 ulc=default link=0
row2: cols 26-27 fg=#545c7eff bg=#1d202dff bold=0 rev=0 ul=0 ulc=default link=0
row2: cols 28-28 fg=#c0caf5ff bg=#1a1b26ff bold=0 rev=0 ul=0 ulc=default link=0
row2: cols 29-35 fg=#9ece6aff bg=#1a1b26ff bold=0 rev=0 ul=0 ulc=default link=0
row2: cols 36-38 fg=#c0caf5ff bg=#1a1b26ff bold=0 rev=0 ul=0 ulc=default link=0
row2: cols 39-44 fg=#2ac3deff bg=#1a1b26ff bold=0 rev=0 ul=0 ulc=default link=0
row2: cols 45-47 fg=#c0caf5ff bg=#1a1b26ff bold=0 rev=0 ul=0 ulc=default link=0
row2: cols 48-54 fg=#9ece6aff bg=#1a1b26ff bold=0 rev=0 ul=0 ulc=default link=0
row2: cols 55-55 fg=#c0caf5ff bg=#1a1b26ff bold=0 rev=0 ul=0 ulc=default link=0
row2: cols 56-57 fg=#545c7eff bg=#1d202dff bold=0 rev=0 ul=0 ulc=default link=0
row2: cols 58-65 fg=#c0caf5ff bg=#1a1b26ff bold=0 rev=0 ul=0 ulc=default link=0
row2: cols 66-67 fg=#545c7eff bg=#1d202dff bold=0 rev=0 ul=0 ulc=default link=0
row2: cols 68-68 fg=#c0caf5ff bg=#1a1b26ff bold=0 rev=0 ul=0 ulc=default link=0
row2: cols 69-77 fg=#9ece6aff bg=#1a1b26ff bold=0 rev=0 ul=0 ulc=default link=0
row2: cols 78-79 fg=#c0caf5ff bg=#1a1b26ff bold=0 rev=0 ul=0 ulc=default link=0
row2: cols 80-81 fg=#7dcfffff bg=#1a1b26ff bold=0 rev=0 ul=0 ulc=default link=0
row2: cols 82-99 fg=#c0caf5ff bg=#1a1b26ff bold=0 rev=0 ul=0 ulc=default link=0
row3: cols 0-6 fg=#c0caf5ff bg=#1a1b26ff bold=0 rev=0 ul=0 ulc=default link=0
row3: cols 7-8 fg=#545c7eff bg=#1d202dff bold=0 rev=0 ul=0 ulc=default link=0
row3: cols 9-16 fg=#c0caf5ff bg=#1a1b26ff bold=0 rev=0 ul=0 ulc=default link=0
row3: cols 17-19 fg=#545c7eff bg=#1d202dff bold=0 rev=0 ul=0 ulc=default link=0
row3: cols 20-27 fg=#c0caf5ff bg=#1a1b26ff bold=0 rev=0 ul=0 ulc=default link=0
row3: cols 28-29 fg=#545c7eff bg=#1d202dff bold=0 rev=0 ul=0 ulc=default link=0
row3: cols 30-30 fg=#c0caf5ff bg=#1a1b26ff bold=0 rev=0 ul=0 ulc=default link=0
row3: cols 31-36 fg=#9ece6aff bg=#1a1b26ff bold=0 rev=0 ul=0 ulc=default link=0
row3: cols 37-39 fg=#c0caf5ff bg=#1a1b26ff bold=0 rev=0 ul=0 ulc=default link=0
row3: cols 40-45 fg=#2ac3deff bg=#1a1b26ff bold=0 rev=0 ul=0 ulc=default link=0
row3: cols 46-52 fg=#c0caf5ff bg=#1a1b26ff bold=0 rev=0 ul=0 ulc=default link=0
row3: cols 53-54 fg=#545c7eff bg=#1d202dff bold=0 rev=0 ul=0 ulc=default link=0
row3: cols 55-62 fg=#c0caf5ff bg=#1a1b26ff bold=0 rev=0 ul=0 ulc=default link=0
row3: cols 63-64 fg=#545c7eff bg=#1d202dff bold=0 rev=0 ul=0 ulc=default link=0
row3: cols 65-65 fg=#c0caf5ff bg=#1a1b26ff bold=0 rev=0 ul=0 ulc=default link=0
row3: cols 66-72 fg=#9ece6aff bg=#1a1b26ff bold=0 rev=0 ul=0 ulc=default link=0
row3: cols 73-75 fg=#c0caf5ff bg=#1a1b26ff bold=0 rev=0 ul=0 ulc=default link=0
row3: cols 76-81 fg=#2ac3deff bg=#1a1b26ff bold=0 rev=0 ul=0 ulc=default link=0
row3: cols 82-99 fg=#c0caf5ff bg=#1a1b26ff bold=0 rev=0 ul=0 ulc=default link=0
row4: cols 0-89 fg=#c0caf5ff bg=#1a1b26ff bold=0 rev=0 ul=0 ulc=default link=0
row4: cols 90-92 fg=#15161eff bg=#7aa2f7ff bold=0 rev=0 ul=0 ulc=default link=0
row4: cols 93-99 fg=#7aa2f7ff bg=#3b4261ff bold=0 rev=0 ul=0 ulc=default link=0
row5: cols 0-16 fg=#7aa2f7ff bg=#3b4261ff bold=0 rev=0 ul=0 ulc=default link=0
row5: cols 17-17 fg=#3b4261ff bg=#16161eff bold=0 rev=0 ul=0 ulc=default link=0
row5: cols 18-70 fg=#a9b1d6ff bg=#16161eff bold=0 rev=0 ul=0 ulc=default link=0
row5: cols 71-71 fg=#7aa2f7ff bg=#16161eff bold=0 rev=0 ul=0 ulc=default link=0
row5: cols 72-89 fg=#15161eff bg=#7aa2f7ff bold=0 rev=0 ul=0 ulc=default link=0
row5: cols 90-90 fg=#e0af68ff bg=#1a1b26ff bold=0 rev=0 ul=0 ulc=default link=0
row5: cols 91-91 fg=#c0caf5ff bg=#283457ff bold=0 rev=0 ul=0 ulc=default link=0
row5: cols 92-99 fg=#ff9e64ff bg=#1a1b26ff bold=0 rev=0 ul=0 ulc=default link=0
row6: cols 0-18 fg=#ff9e64ff bg=#1a1b26ff bold=0 rev=0 ul=0 ulc=default link=0
row6: cols 19-22 fg=#c0caf5ff bg=#1a1b26ff bold=0 rev=0 ul=0 ulc=default link=0
row6: cols 23-27 fg=#ff9e64ff bg=#1a1b26ff bold=0 rev=0 ul=0 ulc=default link=0
row6: cols 28-31 fg=#c0caf5ff bg=#1a1b26ff bold=0 rev=0 ul=0 ulc=default link=0
row6: cols 32-36 fg=#ff9e64ff bg=#1a1b26ff bold=0 rev=0 ul=0 ulc=default link=0
row6: cols 37-39 fg=#9d7cd8ff bg=#1a1b26ff bold=0 rev=0 ul=0 ulc=default link=0
row6: cols 40-40 fg=#c0caf5ff bg=#1a1b26ff bold=0 rev=0 ul=0 ulc=default link=0
row6: cols 41-42 fg=#9d7cd8ff bg=#1a1b26ff bold=0 rev=0 ul=0 ulc=default link=0
row6: cols 43-43 fg=#c0caf5ff bg=#1a1b26ff bold=0 rev=0 ul=0 ulc=default link=0
row6: cols 44-58 fg=#7aa2f7ff bg=#1a1b26ff bold=0 rev=0 ul=0 ulc=default link=0
row6: cols 59-59 fg=#c0caf5ff bg=#1a1b26ff bold=0 rev=0 ul=0 ulc=default link=0
row6: cols 60-64 fg=#e0af68ff bg=#1a1b26ff bold=0 rev=0 ul=0 ulc=default link=0
row6: cols 65-68 fg=#c0caf5ff bg=#1a1b26ff bold=0 rev=0 ul=0 ulc=default link=0
row6: cols 69-73 fg=#9d7cd8ff bg=#1a1b26ff bold=0 rev=0 ul=0 ulc=default link=0
row6: cols 74-74 fg=#c0caf5ff bg=#1a1b26ff bold=0 rev=0 ul=0 ulc=default link=0
row6: cols 75-76 fg=#2ac3deff bg=#1a1b26ff bold=0 rev=0 ul=0 ulc=default link=0
row6: cols 77-78 fg=#c0caf5ff bg=#1a1b26ff bold=0 rev=0 ul=0 ulc=default link=0
row6: cols 79-79 fg=#89ddffff bg=#1a1b26ff bold=0 rev=0 ul=0 ulc=default link=0
row6: cols 80-84 fg=#2ac3deff bg=#1a1b26ff bold=0 rev=0 ul=0 ulc=default link=0
row6: cols 85-86 fg=#9d7cd8ff bg=#1a1b26ff bold=0 rev=0 ul=0 ulc=default link=0
row6: cols 87-88 fg=#c0caf5ff bg=#1a1b26ff bold=0 rev=0 ul=0 ulc=default link=0
row6: cols 89-91 fg=#7dcfffff bg=#1a1b26ff bold=0 rev=0 ul=0 ulc=default link=0
row6: cols 92-92 fg=#c0caf5ff bg=#1a1b26ff bold=0 rev=0 ul=0 ulc=default link=0
row6: cols 93-97 fg=#7dcfffff bg=#1a1b26ff bold=0 rev=0 ul=0 ulc=default link=0
row6: cols 98-98 fg=#c0caf5ff bg=#1a1b26ff bold=0 rev=0 ul=0 ulc=default link=0
row6: cols 99-99 fg=#7aa2f7ff bg=#1a1b26ff bold=0 rev=0 ul=0 ulc=default link=0
row7: cols 0-11 fg=#7aa2f7ff bg=#1a1b26ff bold=0 rev=0 ul=0 ulc=default link=0
row7: cols 12-12 fg=#c0caf5ff bg=#1a1b26ff bold=0 rev=0 ul=0 ulc=default link=0
row7: cols 13-14 fg=#545c7eff bg=#1d202dff bold=0 rev=0 ul=0 ulc=default link=0
row7: cols 15-15 fg=#c0caf5ff bg=#1a1b26ff bold=0 rev=0 ul=0 ulc=default link=0
row7: cols 16-20 fg=#e0af68ff bg=#1a1b26ff bold=0 rev=0 ul=0 ulc=default link=0
row7: cols 21-22 fg=#c0caf5ff bg=#1a1b26ff bold=0 rev=0 ul=0 ulc=default link=0
row7: cols 23-24 fg=#545c7eff bg=#1d202dff bold=0 rev=0 ul=0 ulc=default link=0
row7: cols 25-25 fg=#c0caf5ff bg=#1a1b26ff bold=0 rev=0 ul=0 ulc=default link=0
row7: cols 26-35 fg=#9ece6aff bg=#1a1b26ff bold=0 rev=0 ul=0 ulc=default link=0
row7: cols 36-38 fg=#c0caf5ff bg=#1a1b26ff bold=0 rev=0 ul=0 ulc=default link=0
row7: cols 39-44 fg=#9d7cd8ff bg=#1a1b26ff bold=0 rev=0 ul=0 ulc=default link=0
row7: cols 45-46 fg=#c0caf5ff bg=#1a1b26ff bold=0 rev=0 ul=0 ulc=default link=0
row7: cols 47-54 fg=#ff9e64ff bg=#1a1b26ff bold=0 rev=0 ul=0 ulc=default link=0
row7: cols 55-56 fg=#9d7cd8ff bg=#1a1b26ff bold=0 rev=0 ul=0 ulc=default link=0
row7: cols 57-58 fg=#c0caf5ff bg=#1a1b26ff bold=0 rev=0 ul=0 ulc=default link=0
row7: cols 59-61 fg=#7dcfffff bg=#1a1b26ff bold=0 rev=0 ul=0 ulc=default link=0
row7: cols 62-62 fg=#c0caf5ff bg=#1a1b26ff bold=0 rev=0 ul=0 ulc=default link=0
row7: cols 63-67 fg=#7dcfffff bg=#1a1b26ff bold=0 rev=0 ul=0 ulc=default link=0
row7: cols 68-68 fg=#c0caf5ff bg=#1a1b26ff bold=0 rev=0 ul=0 ulc=default link=0
row7: cols 69-81 fg=#7aa2f7ff bg=#1a1b26ff bold=0 rev=0 ul=0 ulc=default link=0
row7: cols 82-82 fg=#c0caf5ff bg=#1a1b26ff bold=0 rev=0 ul=0 ulc=default link=0
row7: cols 83-84 fg=#545c7eff bg=#1d202dff bold=0 rev=0 ul=0 ulc=default link=0
row7: cols 85-85 fg=#c0caf5ff bg=#1a1b26ff bold=0 rev=0 ul=0 ulc=default link=0
row7: cols 86-90 fg=#e0af68ff bg=#1a1b26ff bold=0 rev=0 ul=0 ulc=default link=0
row7: cols 91-92 fg=#c0caf5ff bg=#1a1b26ff bold=0 rev=0 ul=0 ulc=default link=0
row7: cols 93-94 fg=#545c7eff bg=#1d202dff bold=0 rev=0 ul=0 ulc=default link=0
row7: cols 95-95 fg=#c0caf5ff bg=#1a1b26ff bold=0 rev=0 ul=0 ulc=default link=0
row7: cols 96-99 fg=#9ece6aff bg=#1a1b26ff bold=0 rev=0 ul=0 ulc=default link=0
row8: cols 0-2 fg=#9ece6aff bg=#1a1b26ff bold=0 rev=0 ul=0 ulc=default link=0
row8: cols 3-5 fg=#c0caf5ff bg=#1a1b26ff bold=0 rev=0 ul=0 ulc=default link=0
row8: cols 6-11 fg=#9d7cd8ff bg=#1a1b26ff bold=0 rev=0 ul=0 ulc=default link=0
row8: cols 12-13 fg=#c0caf5ff bg=#1a1b26ff bold=0 rev=0 ul=0 ulc=default link=0
row8: cols 14-21 fg=#ff9e64ff bg=#1a1b26ff bold=0 rev=0 ul=0 ulc=default link=0
row8: cols 22-23 fg=#9d7cd8ff bg=#1a1b26ff bold=0 rev=0 ul=0 ulc=default link=0
row8: cols 24-25 fg=#c0caf5ff bg=#1a1b26ff bold=0 rev=0 ul=0 ulc=default link=0
row8: cols 26-28 fg=#7dcfffff bg=#1a1b26ff bold=0 rev=0 ul=0 ulc=default link=0
row8: cols 29-29 fg=#c0caf5ff bg=#1a1b26ff bold=0 rev=0 ul=0 ulc=default link=0
row8: cols 30-34 fg=#7dcfffff bg=#1a1b26ff bold=0 rev=0 ul=0 ulc=default link=0
row8: cols 35-35 fg=#c0caf5ff bg=#1a1b26ff bold=0 rev=0 ul=0 ulc=default link=0
row8: cols 36-48 fg=#7aa2f7ff bg=#1a1b26ff bold=0 rev=0 ul=0 ulc=default link=0
row8: cols 49-49 fg=#c0caf5ff bg=#1a1b26ff bold=0 rev=0 ul=0 ulc=default link=0
row8: cols 50-51 fg=#545c7eff bg=#1d202dff bold=0 rev=0 ul=0 ulc=default link=0
row8: cols 52-52 fg=#c0caf5ff bg=#1a1b26ff bold=0 rev=0 ul=0 ulc=default link=0
row8: cols 53-57 fg=#e0af68ff bg=#1a1b26ff bold=0 rev=0 ul=0 ulc=default link=0
row8: cols 58-59 fg=#c0caf5ff bg=#1a1b26ff bold=0 rev=0 ul=0 ulc=default link=0
row8: cols 60-61 fg=#545c7eff bg=#1d202dff bold=0 rev=0 ul=0 ulc=default link=0
row8: cols 62-62 fg=#c0caf5ff bg=#1a1b26ff bold=0 rev=0 ul=0 ulc=default link=0
row8: cols 63-71 fg=#9ece6aff bg=#1a1b26ff bold=0 rev=0 ul=0 ulc=default link=0
row8: cols 72-73 fg=#c0caf5ff bg=#1a1b26ff bold=0 rev=0 ul=0 ulc=default link=0
row8: cols 74-75 fg=#9d7cd8ff bg=#1a1b26ff bold=0 rev=0 ul=0 ulc=default link=0
row8: cols 76-76 fg=#c0caf5ff bg=#1a1b26ff bold=0 rev=0 ul=0 ulc=default link=0
row8: cols 77-79 fg=#7dcfffff bg=#1a1b26ff bold=0 rev=0 ul=0 ulc=default link=0
row8: cols 80-80 fg=#c0caf5ff bg=#1a1b26ff bold=0 rev=0 ul=0 ulc=default link=0
row8: cols 81-85 fg=#7dcfffff bg=#1a1b26ff bold=0 rev=0 ul=0 ulc=default link=0
row8: cols 86-86 fg=#c0caf5ff bg=#1a1b26ff bold=0 rev=0 ul=0 ulc=default link=0
row8: cols 87-99 fg=#7aa2f7ff bg=#1a1b26ff bold=0 rev=0 ul=0 ulc=default link=0
row9: cols 0-0 fg=#c0caf5ff bg=#1a1b26ff bold=0 rev=0 ul=0 ulc=default link=0
row9: cols 1-2 fg=#545c7eff bg=#1d202dff bold=0 rev=0 ul=0 ulc=default link=0
row9: cols 3-3 fg=#c0caf5ff bg=#1a1b26ff bold=0 rev=0 ul=0 ulc=default link=0
row9: cols 4-8 fg=#e0af68ff bg=#1a1b26ff bold=0 rev=0 ul=0 ulc=default link=0
row9: cols 9-10 fg=#9d7cd8ff bg=#1a1b26ff bold=0 rev=0 ul=0 ulc=default link=0
row9: cols 11-12 fg=#c0caf5ff bg=#1a1b26ff bold=0 rev=0 ul=0 ulc=default link=0
row9: cols 13-15 fg=#7dcfffff bg=#1a1b26ff bold=0 rev=0 ul=0 ulc=default link=0
row9: cols 16-16 fg=#c0caf5ff bg=#1a1b26ff bold=0 rev=0 ul=0 ulc=default link=0
row9: cols 17-21 fg=#7dcfffff bg=#1a1b26ff bold=0 rev=0 ul=0 ulc=default link=0
row9: cols 22-22 fg=#c0caf5ff bg=#1a1b26ff bold=0 rev=0 ul=0 ulc=default link=0
row9: cols 23-35 fg=#7aa2f7ff bg=#1a1b26ff bold=0 rev=0 ul=0 ulc=default link=0
row9: cols 36-36 fg=#c0caf5ff bg=#1a1b26ff bold=0 rev=0 ul=0 ulc=default link=0
row9: cols 37-38 fg=#545c7eff bg=#1d202dff bold=0 rev=0 ul=0 ulc=default link=0
row9: cols 39-39 fg=#c0caf5ff bg=#1a1b26ff bold=0 rev=0 ul=0 ulc=default link=0
row9: cols 40-44 fg=#e0af68ff bg=#1a1b26ff bold=0 rev=0 ul=0 ulc=default link=0
row9: cols 45-46 fg=#c0caf5ff bg=#1a1b26ff bold=0 rev=0 ul=0 ulc=default link=0
row9: cols 47-48 fg=#545c7eff bg=#1d202dff bold=0 rev=0 ul=0 ulc=default link=0
row9: cols 49-49 fg=#c0caf5ff bg=#1a1b26ff bold=0 rev=0 ul=0 ulc=default link=0
row9: cols 50-55 fg=#9ece6aff bg=#1a1b26ff bold=0 rev=0 ul=0 ulc=default link=0
row9: cols 56-58 fg=#c0caf5ff bg=#1a1b26ff bold=0 rev=0 ul=0 ulc=default link=0
row9: cols 59-64 fg=#9d7cd8ff bg=#1a1b26ff bold=0 rev=0 ul=0 ulc=default link=0
row9: cols 65-66 fg=#c0caf5ff bg=#1a1b26ff bold=0 rev=0 ul=0 ulc=default link=0
row9: cols 67-70 fg=#ff9e64ff bg=#1a1b26ff bold=0 rev=0 ul=0 ulc=default link=0
row9: cols 71-72 fg=#9d7cd8ff bg=#1a1b26ff bold=0 rev=0 ul=0 ulc=default link=0
row9: cols 73-74 fg=#c0caf5ff bg=#1a1b26ff bold=0 rev=0 ul=0 ulc=default link=0
row9: cols 75-77 fg=#7dcfffff bg=#1a1b26ff bold=0 rev=0 ul=0 ulc=default link=0
row9: cols 78-78 fg=#c0caf5ff bg=#1a1b26ff bold=0 rev=0 ul=0 ulc=default link=0
row9: cols 79-83 fg=#7dcfffff bg=#1a1b26ff bold=0 rev=0 ul=0 ulc=default link=0
row9: cols 84-84 fg=#c0caf5ff bg=#1a1b26ff bold=0 rev=0 ul=0 ulc=default link=0
row9: cols 85-97 fg=#7aa2f7ff bg=#1a1b26ff bold=0 rev=0 ul=0 ulc=default link=0
row9: cols 98-98 fg=#c0caf5ff bg=#1a1b26ff bold=0 rev=0 ul=0 ulc=default link=0
row9: cols 99-99 fg=#545c7eff bg=#1d202dff bold=0 rev=0 ul=0 ulc=default link=0
row10: cols 0-0 fg=#545c7eff bg=#1d202dff bold=0 rev=0 ul=0 ulc=default link=0
row10: cols 1-1 fg=#c0caf5ff bg=#1a1b26ff bold=0 rev=0 ul=0 ulc=default link=0
row10: cols 2-6 fg=#e0af68ff bg=#1a1b26ff bold=0 rev=0 ul=0 ulc=default link=0
row10: cols 7-8 fg=#c0caf5ff bg=#1a1b26ff bold=0 rev=0 ul=0 ulc=default link=0
row10: cols 9-10 fg=#545c7eff bg=#1d202dff bold=0 rev=0 ul=0 ulc=default link=0
row10: cols 11-11 fg=#c0caf5ff bg=#1a1b26ff bold=0 rev=0 ul=0 ulc=default link=0
row10: cols 12-18 fg=#9ece6aff bg=#1a1b26ff bold=0 rev=0 ul=0 ulc=default link=0
row10: cols 19-21 fg=#c0caf5ff bg=#1a1b26ff bold=0 rev=0 ul=0 ulc=default link=0
row10: cols 22-27 fg=#9d7cd8ff bg=#1a1b26ff bold=0 rev=0 ul=0 ulc=default link=0
row10: cols 28-29 fg=#c0caf5ff bg=#1a1b26ff bold=0 rev=0 ul=0 ulc=default link=0
row10: cols 30-34 fg=#ff9e64ff bg=#1a1b26ff bold=0 rev=0 ul=0 ulc=default link=0
row10: cols 35-35 fg=#2ac3deff bg=#1a1b26ff bold=0 rev=0 ul=0 ulc=default link=0
row10: cols 36-36 fg=#e0af68ff bg=#1a1b26ff bold=0 rev=0 ul=0 ulc=default link=0
row10: cols 37-37 fg=#c0caf5ff bg=#283457ff bold=0 rev=0 ul=0 ulc=default link=0
row10: cols 38-42 fg=#2ac3deff bg=#1a1b26ff bold=0 rev=0 ul=0 ulc=default link=0
row10: cols 43-43 fg=#e0af68ff bg=#1a1b26ff bold=0 rev=0 ul=0 ulc=default link=0
row10: cols 44-44 fg=#c0caf5ff bg=#283457ff bold=0 rev=0 ul=0 ulc=default link=0
row10: cols 45-47 fg=#a9b1d6ff bg=#1a1b26ff bold=0 rev=0 ul=0 ulc=default link=0
row10: cols 48-63 fg=#a9b1d6ff bg=#16161eff bold=0 rev=0 ul=0 ulc=default link=0
row10: cols 64-64 fg=#e0af68ff bg=#1a1b26ff bold=0 rev=0 ul=0 ulc=default link=0
row10: cols 65-65 fg=#a9b1d6ff bg=#1a1b26ff bold=0 rev=0 ul=0 ulc=default link=0
row10: cols 66-66 fg=#565f89ff bg=#16161eff bold=0 rev=0 ul=0 ulc=default link=0
row10: cols 67-68 fg=#ff9e64ff bg=#16161eff bold=0 rev=0 ul=0 ulc=default link=0
row10: cols 69-73 fg=#a9b1d6ff bg=#16161eff bold=0 rev=0 ul=0 ulc=default link=0
row10: cols 74-74 fg=#a9b1d6ff bg=#1a1b26ff bold=0 rev=0 ul=0 ulc=default link=0
row10: cols 75-75 fg=#c0caf5ff bg=#283457ff bold=0 rev=0 ul=0 ulc=default link=0
row10: cols 76-79 fg=#ff9e64ff bg=#1a1b26ff bold=0 rev=0 ul=0 ulc=default link=0
row10: cols 80-80 fg=#2ac3deff bg=#292e42ff bold=0 rev=0 ul=0 ulc=default link=0
row10: cols 81-83 fg=#c0caf5ff bg=#292e42ff bold=0 rev=0 ul=0 ulc=default link=0
row10: cols 84-88 fg=#ff9e64ff bg=#292e42ff bold=0 rev=0 ul=0 ulc=default link=0
row10: cols 89-89 fg=#c0caf5ff bg=#292e42ff bold=0 rev=0 ul=0 ulc=default link=0
row10: cols 90-90 fg=#89ddffff bg=#292e42ff bold=0 rev=0 ul=0 ulc=default link=0
row10: cols 91-91 fg=#c0caf5ff bg=#292e42ff bold=0 rev=0 ul=0 ulc=default link=0
row10: cols 92-92 fg=#ff9e64ff bg=#292e42ff bold=0 rev=0 ul=0 ulc=default link=0
row10: cols 93-99 fg=#c0caf5ff bg=#292e42ff bold=0 rev=0 ul=0 ulc=default link=0
row11: cols 0-73 fg=#c0caf5ff bg=#292e42ff bold=0 rev=0 ul=0 ulc=default link=0
row11: cols 74-77 fg=#3b4261ff bg=#1a1b26ff bold=0 rev=0 ul=0 ulc=default link=0
row11: cols 78-99 fg=#c0caf5ff bg=#1a1b26ff bold=0 rev=0 ul=0 ulc=default link=0
row12: cols 0-71 fg=#c0caf5ff bg=#1a1b26ff bold=0 rev=0 ul=0 ulc=default link=0
row12: cols 72-72 fg=#e0af68ff bg=#1a1b26ff bold=0 rev=0 ul=0 ulc=default link=0
row12: cols 73-73 fg=#c0caf5ff bg=#283457ff bold=0 rev=0 ul=0 ulc=default link=0
row12: cols 74-74 fg=#15161eff bg=#7aa2f7ff bold=0 rev=0 ul=0 ulc=default link=0
row12: cols 75-75 fg=#1abc9cff bg=#292e42ff bold=0 rev=0 ul=0 ulc=default link=0
row12: cols 76-99 fg=#c0caf5ff bg=#1a1b26ff bold=0 rev=0 ul=0 ulc=default link=0
row13: cols 0-75 fg=#1abc9cff bg=#292e42ff bold=0 rev=0 ul=0 ulc=default link=0
row13: cols 76-79 fg=#3b4261ff bg=#1a1b26ff bold=0 rev=0 ul=0 ulc=default link=0
row13: cols 80-80 fg=#2ac3deff bg=#1a1b26ff bold=0 rev=0 ul=0 ulc=default link=0
row13: cols 81-83 fg=#c0caf5ff bg=#1a1b26ff bold=0 rev=0 ul=0 ulc=default link=0
row13: cols 84-88 fg=#ff9e64ff bg=#1a1b26ff bold=0 rev=0 ul=0 ulc=default link=0
row13: cols 89-89 fg=#c0caf5ff bg=#1a1b26ff bold=0 rev=0 ul=0 ulc=default link=0
row13: cols 90-90 fg=#89ddffff bg=#1a1b26ff bold=0 rev=0 ul=0 ulc=default link=0
row13: cols 91-91 fg=#c0caf5ff bg=#1a1b26ff bold=0 rev=0 ul=0 ulc=default link=0
row13: cols 92-92 fg=#ff9e64ff bg=#1a1b26ff bold=0 rev=0 ul=0 ulc=default link=0
row13: cols 93-99 fg=#c0caf5ff bg=#1a1b26ff bold=0 rev=0 ul=0 ulc=default link=0
row14: cols 0-73 fg=#c0caf5ff bg=#1a1b26ff bold=0 rev=0 ul=0 ulc=default link=0
row14: cols 74-77 fg=#ff9e64ff bg=#1a1b26ff bold=0 rev=0 ul=0 ulc=default link=0
row14: cols 78-99 fg=#c0caf5ff bg=#292e42ff bold=0 rev=0 ul=0 ulc=default link=0
row15: cols 0-71 fg=#c0caf5ff bg=#292e42ff bold=0 rev=0 ul=0 ulc=default link=0
row15: cols 72-72 fg=#e0af68ff bg=#1a1b26ff bold=0 rev=0 ul=0 ulc=default link=0
row15: cols 73-73 fg=#c0caf5ff bg=#283457ff bold=0 rev=0 ul=0 ulc=default link=0
row15: cols 74-74 fg=#15161eff bg=#7aa2f7ff bold=0 rev=0 ul=0 ulc=default link=0
row15: cols 75-75 fg=#1abc9cff bg=#292e42ff bold=0 rev=0 ul=0 ulc=default link=0
row15: cols 76-99 fg=#c0caf5ff bg=#292e42ff bold=0 rev=0 ul=0 ulc=default link=0
links: none
scrollback:
line0: " " " " " " " " " " " " " " " " " " " " " " " " " " " " " " " " " " " " " " " " " " " " " " " " " " " " " " " " " " " " " " " " " " " " " " " " " " " " " " " " " " " " " " " " " " " " " " " " " " " " " " " " " " " " " " " " " " " " " " " " " " " " " " " " " " " " " " " " " " " " " " " " " " " " " " " " " " " " " " " " " " " " " " " " " " " " " " " " " " " " " " " " " " " " " " " " " " " " " " " "
line1: . . . . . . . . . . . . . . . . . . . . . . . . . . . . . . . . . . . . . . . . . . . . . . . . . . . . . . . . . . . . . . . . . . . . . . . . . . . . . . . . . . . . . . . . . . . . . . . . . . . " "
line2: " " " " " " " " " " " " " " " " " " " " " " " " " " " " " " " " " " " " " " " " " " " " " " " " " " " " " " " " " " " " " " " " " " " " " " " " " " " " " " " " " " " " " " " " " " " " " " " " " " " " " " " " " " " " " " " " " " " " " " " " " " " " " " " " " " " " " " " " " " " " " " " " " " " " " " " " " " " " " " " " " " " " " " " " " " " " " " " " " " " " " " " " " " " " " " " " " " " " " " .
line3: . . . . . . . . . . . . . . . . . . . . . . . . . . . . . . . . . . . . . . . . . . . . . . . . . . . . . . . . . . . . . . . . . . . . . . . . . . . . . . . . . . . . . . . . . . . . . . . . . . . " "
line4: " " " " " " " " " " " " " " " " " " " " " " " " " " " " " " " " " " " " " " " " " " " " " " " " " " " " " " " " " " " " " " " " " " " " " " " " " " " " " " " " " " " " " " " " " " " " " " " " " " " " " " " " " " " " " " " " " " " " " " " " " " " " " " " " " " " " " " " " " " " " " " " " " " " " " " " " " " " " " " " " " " " " " " " " " " " " " " " " " " " " " " " " " " " " " " " " " " " " " " .
line5: . . . . . . . . . . . . . . . . . . . . . . . . . . . . . . . . . . . . . . . . . . . . . . . . . . . . . . . . . . . . . . . . . . . . . . . . . . . . . . . . . . . . . . . . . . . . . . . . . . . " "
line6: " " " " " " " " " " " " " " " " " " " " " " " " " " " " " " " " " " " " " " " " " " " " " " " " " " " " " " " " " " " " " " " " " " " " " " " " " " " " " " " " " " " " " " " " " " " " " " " " " " " " " " " " " " " " " " " " " " " " " " " " " " " " " " " " " " " " " " " " " " " " " " " " " " " " " " " " " " " " " " " " " " " " " " " " " " " " " " " " " " " " " " " " " " " " " " " " " " " " " " .
line7: . . . . . . . . . . . . . . . . . . . . . . . . . . . . . . . . . . . . . . . . . . . . . . . . . . . . . . . . . . . . . . . . . . . . . . . . . . . . . . . . . . . . . . . . . . . . . . . . . . . " "
line8: " " " " " " " " " " " " " " " " " " " " " " " " " " " " " " " " " " " " " " " " " " " " " " " " " " " " " " " " " " " " " " " " " " " " " " " " " " " " " " " " " " " " " " " " " " " " " " " " " " " " " " " " " " " " " " " " " " " " " " " " " " " " " " " " " " " " " " " " " " " " " " " " " " " " " " " " " " " " " " " " " " " " " " " " " " " " " " " " " " " " " " " " " " " " " " " " " " " " " " .
line9: . . . . . . . . . . . . . . . . . . . . . . . . . . . . . . . . . . . . . . . . . . . . . . . . . . . . . . . . . . . . . . . . . . . . . . . . . . . . . . . . . . . . . . . . . . . . . . . . . . . " "
line10: " " " " " " " " " " " " " " " " " " " " " " " " " " " " " " " " " " " " " " " " " " " " " " " " " " " " " " " " " " " " " " " " " " " " " " " " " " " " " " " " " " " " " " " " " " " " " " " " " " " " " " " " " " " " " " " " " " " " " " " " " " " " " " " " " " " " " " " " " " " " " " " " " " " " " " " " " " " " " " " " " " " " " " " " " " " " " " " " " " " " " " " " " " " " " " " " " " " " " " .
line11: . . . . . . . . . . . . . . . . . . . . . . . . . . . . . . . . . . . . . . . . . . . . . . . . . . . . . . . . . . . . . . . . . . . . . . . . . . . . . . . . . . . . . . . . . . . . . . . . . . . " "
line12: " " " " " " " " " " " " " " " " " " " " " " " " " " " " " " " " " " " " " " " " " " " " " " " " " " " " " " " " " " " " " " " " " " " " " " " " " " " " " " " " " " " " " " " " " " " " " " " " " " " " " " " " " " " " " " " " " " " " " " " " " " " " " " " " " " " " " " " " " " " " " " " " " " " " " " " " " " " " " " " " " " " " " " " " " " " " " " " " " " " " " " " " " " " " " " " " " " " " " " .
line13: . . . . . . . . . . . . . . . . . . . . . . . . . . . . . . . . . . . . . . . . . . . . . . . . . . . . . . . . . . . . . . . . . . . . . . . . . . . . . . . . . . . . . . . . . . . . . . . . . . . " "
line14: " " " " " " " " " " " " " " " " " " " " " " " " " " " " " " " " " " " " " " " " " " " " " " " " " " " " " " " " " " " " " " " " " " " " " " " " " " " " " " " " " " " " " " " " " " " " " " " " " " " " " " " " " " " " " " " " " " " " " " " " " " " " " " " " " " " " " " " " " " " " " " " " " " " " " " " " " " " " " " " " " " " " " " " " " " " " " " " " " " " " " " " " " " " " " " " " " " " " " " .
line15: . . . . . . . . . . . . . . . . . . . . . . . . . . . . . . . . . . . . . . . . . . . . . . . . . . . . . . . . . . . . . . . . . . . . . . . . . . . . . . . . . . . . . . . . . . . . . . . . . . . " "
line16: " " " " " " " " " " " " " " " " " " " " " " " " " " " " " " " " " " " " " " " " " " " " " " " " " " " " " " " " " " " " " " " " " " " " " " " " " " " " " " " " " " " " " " " " " " " " " " " " " " " " " " " " " " " " " " " " " " " " " " " " " " " " " " " " " " " " " " " " " " " " " " " " " " " " " " " " " " " " " " " " " " " " " " " " " " " " " " " " " " " " " " " " " " " " " " " " " " " " " " .
line17: . . . . . . . . . . . . . . . . . . . . . . . . . . . . . . . . . . . . . . . . . . . . . . . . . . . . . . . . . . . . . . . . . . . . . . . . . . . . . . . . . . . . . . . . . . . . . . . . . . . " "
line18: " " " " " " " " " " " " " " " " " " " " " " " " " " " " " " " " " " " " " " " " " " " " " " " " " " " " " " " " " " " " " " " " " " " " " " " " " " " " " " " " " " " " " " " " " " " " " " " " " " " " " " " " " " " " " " " " " " " " " " " " " " " " " " " " " " " " " " " " " " " " " " " " " " " " " " " " " " " " " " " " " " " " " " " " " " " " " " " " " " " " " " " " " " " " " " " " " " " " " " .
line19: . . . . . . . . . . . . . . . . . . . . . . . . . . . . . . . . . . . . . . . . . . . . . . . . . . . . . . . . . . . . . . . . . . . . . . . . . . . . . . . . . . . . . . . . . . . . . . . . . . . " "
line20: " " " " " " " " " " " " " " " " " " " " " " " " " " " " " " " " " " " " " " " " " " " " " " " " " " " " " " " " " " " " " " " " " " " " " " " " " " " " " " " " " " " " " " " " " " " " " " " " " " " " " " " " " " " " " " " " " " " " " " " " " " " " " " " " " " " " " " " " " " " " " " " " " " " " " " " " " " " " " " " " " " " " " " " " " " " " " " " " " " " " " " " " " " " " " " " " " " " " " " .
line21: . . . . . . . . . . . . . . . . . . . . . . . . . . . . . . . . . . . . . . . . . . . . . . . . . . . . . . . . . . . . . . . . . . . . . . . . . . . . . . . . . . . . . . . . . . . . . . . . . . . " "
line22: " " " " " " " " " " " " " " " " " " " " " " " " " " " " " " " " " " " " " " " " " " " " " " " " " " " " " " " " " " " " " " " " " " " " " " " " " " " " " " " " " " " " " " " " " " " " " " " " " " " " " " " " " " " " " " " " " " " " " " " " " " " " " " " " " " " " " " " " " " " " " " " " " " " " " " " " " " " " " " " " " " " " " " " " " " " " " " " " " " " " " " " " " " " " " " " " " " " " " " .
line23: . . . . . . . . . . . . . . . . . . . . . . . . . . . . . . . . . . . . . . . . . . . . . . . . . . . . . . . . . . . . . . . . . . . . . . . . . . . . . . . . . . . . . . . . . . . . . . . . . . . " "
line24: " " " " " " " " " " " " " " " " " " " " " " " " " " " " " " " " " " " " " " " " " " " " " " " " " " " " " " " " " " " " " " " " " " " " " " " " " " " " " " " " " " " " " " " " " " " " " " " " " " " " " " " " " " " " " " " " " " " " " " " " " " " " " " " " " " " " " " " " " " " " " " " " " " " " " " " " " " " " " " " " " " " " " " " " " " " " " " " " " " " " " " " " " " " " " " " " " " " " " " .
line25: . . . . . . . . . . . . . . . . . . . . . . . . . . . . . . . . . . . . . . . . . . . . . . . . . . . . . . . . . . . . . . . . . . . . . . . . . . . . . . . . . . . . . . . . . . . . . . . . . . . " "
line26: " " " " " " " " " " " " " " " " " " " " " " " " " " " " " " " " " " " " " " " " " " " " " " " " " " " " " " " " " " " " " " " " " " " " " " " " " " " " " " " " " " " " " " " " " " " " " " " " " " " " " " " " " " " " " " " " " " " " " " " " " " " " " " " " " " " " " " " " " " " " " " " " " " " " " " " " " " " " " " " " " " " " " " " " " " " " " " " " " " " " " " " " " " " " " " " " " " " " " " .
line27: . . . . . . . . . . . . . . . . . . . . . . . . . . . . . . . . . . . . . . . . . . . . . . . . . . . . . . . . . . . . . . . . . . . . . . . . . . . . . . . . . . . . . . . . . . . . . . . . . . . " "
line28: " " " " " " " " " " " " " " " " " " " " " " " " " " " " " " " " " " " " " " " " " " " " " " " " " " " " " " " " " " " " " " " " " " " " " " " " " " " " " " " " " " " " " " " " " " " " " " " " " " " " " " " " " " " " " " " " " " " " " " " " " " " " " " " " " " " " " " " " " " " " " " " " " " " " " " " " " " " " " " " " " " " " " " " " " " " " " " " " " " " " " " " " " " " " " " " " " " " " " " .
line29: . . . . . . . . . . . . . . . . . . . . . . . . . . . . . . . . . . . . . . . . . . . . . . . . . . . . . . . . . . . . . . . . . . . . . . . . . . . . . . . . . . . . . . . . . . . . . . . . . . . " "
line30: " " " " " " " " " " " " " " " " " " " " " " " " " " " " " " " " " " " " " " " " " " " " " " " " " " " " " " " " " " " " " " " " " " " " " " " " " " " " " " " " " " " " " " " " " " " " " " " " " " " " " " " " " " " " " " " " " " " " " " " " " " " " " " " " " " " " " " " " " " " " " " " " " " " " " " " " " " " " " " " " " " " " " " " " " " " " " " " " " " " " " " " " " " " " " " " " " " " " " " .
line31: . . . . . . . . . . . . . . . . . . . . . . . . . . . . . . . . . . . . . . . . . . . . . . . . . . . . . . . . . . . . . . . . . . . . . . . . . . . . . . . . . . . . . . . . . . . . . . . . . . . " "
line32: " " " " "1" "5" " " " " " " " " " " "c" "r" "i" "t" "i" "c" "a" "l" " " "=" " " "0" "," " " " " " " " " " " " " " " " " " " " " " " " " " " " " " " " " " " " " " " " " " " " " " " " " " " " " " " " " " " " " " " " " " " " " " " " " " " " " " " " " " " " " " " " " " " " " " " " " " " " " " " " " " " " " " " " " " " " " " " " " " " " " " " " " " " " " " " " " " " " " " " " " " " " " " " " " " " .
line33: . . . . . . . . . . . . . . . . . . . . . . . . . . . . . . . . . . . . . . . . . . . . . . . . . . . . . . . . . . . . . . . . . . . . . . . . . . . . . . . . . . . . . . . . . . . . . . . . . . . " "
line34: " " " " "1" "6" " " " " " " " " " " "@" "\"" "e" "r" "r" "o" "r" "\"" " " "=" " " "1" "," " " " " " " " " " " " " " " " " " " " " " " " " " " " " " " " " " " " " " " " " " " " " " " " " " " " " " " " " " " " " " " " " " " " " " " " " " " " " " " " " " " " " " " " " " " " " " " " " " " " " " " " " " " " " " " " " " " " " " " " " " " " " " " " " " " " " " " " " " " " " " " " " " " " " " " " " " " .
line35: . . . . . . . . . . . . . . . . . . . . . . . . . . . . . . . . . . . . . . . . . . . . . . . . . . . . . . . . . . . . . . . . . . . . . . . . . . . . . . . . . . . . . . . . . . . . . . . . . . . " "
line36: " " " " "1" "7" " " " " " " " " " " "w" "a" "r" "n" "i" "n" "g" " " "=" " " "2" "," " " " " " " " " " " " " " " " " " " " " " " " " " " " " " " " " " " " " " " " " " " " " " " " " " " " " " " " " " " " " " " " " " " " " " " " " " " " " " " " " " " " " " " " " " " " " " " " " " " " " " " " " " " " " " " " " " " " " " " " " " " " " " " " " " " " " " " " " " " " " " " " " " " " " " " " " " " " " .
line37: . . . . . . . . . . . . . . . . . . . . . . . . . . . . . . . . . . . . . . . . . . . . . . . . . . . . . . . . . . . . . . . . . . . . . . . . . . . . . . . . . . . . . . . . . . . . . . . . . . . " "
line38: " " " " "1" "8" " " " " " " " " " " "i" "n" "f" "o" " " "=" " " "3" "," " " " " " " " " " " " " " " " " " " " " " " " " " " " " " " " " " " " " " " " " " " " " " " " " " " " " " " " " " " " " " " " " " " " " " " " " " " " " " " " " " " " " " " " " " " " " " " " " " " " " " " " " " " " " " " " " " " " " " " " " " " " " " " " " " " " " " " " " " " " " " " " " " " " " " " " " " " " " " " " " " " .
line39: . . . . . . . . . . . . . . . . . . . . . . . . . . . . . . . . . . . . . . . . . . . . . . . . . . . . . . . . . . . . . . . . . . . . . . . . . . . . . . . . . . . . . . . . . . . . . . . . . . . " "
line40: " " " " "1" "9" " " " " " " " " " " "d" "e" "b" "u" "g" " " "=" " " "4" "," " " " " " " " " " " " " " " " " " " " " " " " " " " " " " " " " " " " " " " " " " " " " " " " " " " " " " " " " " " " " " " " " " " " " " " " " " " " " " " " " " " " " " " " " " " " " " " " " " " " " " " " " " " " " " " " " " " " " " " " " " " " " " " " " " " " " " " " " " " " " " " " " " " " " " " " " " " " " " " " " .
line41: . . . . . . . . . . . . . . . . . . . . . . . . . . . . . . . . . . . . . . . . . . . . . . . . . . . . . . . . . . . . . . . . . . . . . . . . . . . . . . . . . . . . . . . . . . . . . . . . . . . " "
line42: " " " " "2" "0" " " " " " " " " " " "t" "r" "a" "c" "e" " " "=" " " "5" "," " " " " " " " " " " " " " " " " " " " " " " " " " " " " " " " " " " " " " " " " " " " " " " " " " " " " " " " " " " " " " " " " " " " " " " " " " " " " " " " " " " " " " " " " " " " " " " " " " " " " " " " " " " " " " " " " " " " " " " " " " " " " " " " " " " " " " " " " " " " " " " " " " " " " " " " " " " " " " " " " .
line43: . . . . . . . . . . . . . . . . . . . . . . . . . . . . . . . . . . . . . . . . . . . . . . . . . . . . . . . . . . . . . . . . . . . . . . . . . . . . . . . . . . . . . . . . . . . . . . . . . . . " "
line44: " " " " "2" "1" " " "}" ";" " " " " " " " " " " " " " " " " " " " " " " " " " " " " " " " " " " " " " " " " " " " " " " " " " " " " " " " " " " " " " " " " " " " " " " " " " " " " " " " " " " " " " " " " " " " " " " " " " " " " " " " " " " " " " " " " " " " " " " " " " " " " " " " " " " " " " " " " " " " " " " " " " " " " " " " " " " " " " " " " " " " " " " " " " " " " " " " " " " " " " " " " .
line45: . . . . . . . . . . . . . . . . . . . . . . . . . . . . . . . . . . . . . . . . . . . . . . . . . . . . . . . . . . . . . . . . . . . . . . . . . . . . . . . . . . . . . . . . . . . . . . . . . . . " "
line46: " " " " "2" "2" " " " " " " " " " " " " " " " " " " " " " " " " " " " " " " " " " " " " " " " " " " " " " " " " " " " " " " " " " " " " " " " " " " " " " " " " " " " " " " " " " " " " " " " " " " " " " " " " " " " " " " " " " " " " " " " " " " " " " " " " " " " " " " " " " " " " " " " " " " " " " " " " " " " " " " " " " " " " " " " " " " " " " " " " " " " " " " " " " " " " " " " " " " " " " " .
line47: . . . . . . . . . . . . . . . . . . . . . . . . . . . . . . . . . . . . . . . . . . . . . . . . . . . . . . . . . . . . . . . . . . . . . . . . . . . . . . . . . . . . . . . . . . . . . . . . . . . " "
line48: " " " " "2" "3" " " "p" "u" "b" " " "f" "n" " " "l" "e" "v" "e" "l" "F" "r" "o" "m" "S" "t" "r" "i" "n" "g" "(" "v" "a" "l" "u" "e" ":" " " "[" "]" "c" "o" "n" "s" "t" " " "u" "8" ")" " " "?" "L" "e" "v" "e" "l" " " "{" " " " " " " " " " " " " " " " " " " " " " " " " " " " " " " " " " " " " " " " " " " " " " " " " " " " " " " " " " " " " " " " " " " " " " " " " " " " " " " " " " " " " " " " " .
line49: . . . . . . . . . . . . . . . . . . . . . . . . . . . . . . . . . . . . . . . . . . . . . . . . . . . . . . . . . . . . . . . . . . . . . . . . . . . . . . . . . . . . . . . . . . . . . . . . . . . " "
line50: " " " " "2" "4" " " " " " " " " " " "i" "f" " " "(" "s" "t" "d" "." "a" "s" "c" "i" "i" "." "e" "q" "l" "I" "g" "n" "o" "r" "e" "C" "a" "s" "e" "(" "v" "a" "l" "u" "e" "," " " "\"" "c" "r" "i" "t" "i" "c" "a" "l" "\"" ")" ")" " " "r" "e" "t" "u" "r" "n" " " "." "c" "r" "i" "t" "i" "c" "a" "l" ";" " " " " " " " " " " " " " " " " " " " " " " " " " " " " " " " " " " " " " " " " " " " " " " " " " " .
line51: . . . . . . . . . . . . . . . . . . . . . . . . . . . . . . . . . . . . . . . . . . . . . . . . . . . . . . . . . . . . . . . . . . . . . . . . . . . . . . . . . . . . . . . . . . . . . . . . . . . " "
line52: " " " " "2" "5" " " " " " " " " " " "i" "f" " " "(" "s" "t" "d" "." "a" "s" "c" "i" "i" "." "e" "q" "l" "I" "g" "n" "o" "r" "e" "C" "a" "s" "e" "(" "v" "a" "l" "u" "e" "," " " "\"" "e" "r" "r" "o" "r" "\"" ")" ")" " " "r" "e" "t" "u" "r" "n" " " "." "@" "\"" "e" "r" "r" "o" "r" "\"" ";" " " " " " " " " " " " " " " " " " " " " " " " " " " " " " " " " " " " " " " " " " " " " " " " " " " " " " " " " .
line53: . . . . . . . . . . . . . . . . . . . . . . . . . . . . . . . . . . . . . . . . . . . . . . . . . . . . . . . . . . . . . . . . . . . . . . . . . . . . . . . . . . . . . . . . . . . . . . . . . . . " "
line54: " " " " "2" "6" " " " " " " " " " " "i" "f" " " "(" "s" "t" "d" "." "a" "s" "c" "i" "i" "." "e" "q" "l" "I" "g" "n" "o" "r" "e" "C" "a" "s" "e" "(" "v" "a" "l" "u" "e" "," " " "\"" "w" "a" "r" "n" "i" "n" "g" "\"" ")" " " "o" "r" " " "s" "t" "d" "." "a" "s" "c" "i" "i" "." "e" "q" "l" "I" "g" "n" "o" "r" "e" "C" "a" "s" "e" "(" "v" "a" "l" "u" "e" "," " " "\"" "w" "a" "r" "n" "\"" ")" ")" " " "r" .
line55: . . . . . . . . . . . . . . . . . . . . . . . . . . . . . . . . . . . . . . . . . . . . . . . . . . . . . . . . . . . . . . . . . . . . . . . . . . . . . . . . . . . . . . . . . . . . . . . . . . . " "
line56: " " " " "2" "7" " " " " " " " " " " "i" "f" " " "(" "s" "t" "d" "." "a" "s" "c" "i" "i" "." "e" "q" "l" "I" "g" "n" "o" "r" "e" "C" "a" "s" "e" "(" "v" "a" "l" "u" "e" "," " " "\"" "i" "n" "f" "o" "\"" ")" ")" " " "r" "e" "t" "u" "r" "n" " " "." "i" "n" "f" "o" ";" " " " " " " " " " " " " " " " " " " " " " " " " " " " " " " " " " " " " " " " " " " " " " " " " " " " " " " " " " " " " " " " " " " " "
line57: " " " " " " " " " " " " " " " " " " " " " " " " " " " " " " " " " " " " " " " " " " " " " " " " " " " " " " " " " " " " " " " " " " " " " " " " " " " " " " " " " " " " " " " " " " " " " " " " " " " " " " " " " " " " " " " " " " " " " " " " " " " " " " " " " " " " " " " " " " " " " " " " " " " " " " " " " " " " " " " " " " " " " " " " " " " " " " " " " " " " " " " " " " " " " " " " " " " " " " .
line58: . . . . . . . . . . . . . . . . . . . . . . . . . . . . . . . . . . . . . . . . . . . . . . . . . . . . . . . . . . . . . . . . . . . . . . . . . . . . . . . . . . . . . . . . . . . . . . . . . . . " "
line59: " " " " "1" "5" " " " " " " " " " " "c" "r" "i" "t" "i" "c" "a" "l" " " "=" " " "0" "," " " " " " " " " " " " " " " " " " " " " " " " " " " " " " " " " " " " " " " " " " " " " " " " " " " " " " " " " " " " " " " " " " " " " " " " " " " " " " " " " " " " " " " " " " " " " " " " " " " " " " " " " " " " " " " " " " " " " " " " " " " " " " " " " " " " " " " " " " " " " " " " " " " " " " " " " " " .
line60: . . . . . . . . . . . . . . . . . . . . . . . . . . . . . . . . . . . . . . . . . . . . . . . . . . . . . . . . . . . . . . . . . . . . . . . . . . . . . . . . . . . . . . . . . . . . . . . . . . . " "
line61: " " " " "1" "6" " " " " " " " " " " "@" "\"" "e" "r" "r" "o" "r" "\"" " " "=" " " "1" "," " " " " " " " " " " " " " " " " " " " " " " " " " " " " " " " " " " " " " " " " " " " " " " " " " " " " " " " " " " " " " " " " " " " " " " " " " " " " " " " " " " " " " " " " " " " " " " " " " " " " " " " " " " " " " " " " " " " " " " " " " " " " " " " " " " " " " " " " " " " " " " " " " " " " " " " " " " .
line62: . . . . . . . . . . . . . . . . . . . . . . . . . . . . . . . . . . . . . . . . . . . . . . . . . . . . . . . . . . . . . . . . . . . . . . . . . . . . . . . . . . . . . . . . . . . . . . . . . . . " "
line63: " " " " "1" "7" " " " " " " " " " " "w" "a" "r" "n" "i" "n" "g" " " "=" " " "2" "," " " " " " " " " " " " " " " " " " " " " " " " " " " " " " " " " " " " " " " " " " " " " " " " " " " " " " " " " " " " " " " " " " " " " " " " " " " " " " " " " " " " " " " " " " " " " " " " " " " " " " " " " " " " " " " " " " " " " " " " " " " " " " " " " " " " " " " " " " " " " " " " " " " " " " " " " " " " " .
line64: . . . . . . . . . . . . . . . . . . . . . . . . . . . . . . . . . . . . . . . . . . . . . . . . . . . . . . . . . . . . . . . . . . . . . . . . . . . . . . . . . . . . . . . . . . . . . . . . . . . " "
line65: " " " " "1" "8" " " " " " " " " " " "i" "n" "f" "o" " " "=" " " "3" "," " " " " " " " " " " " " " " " " " " " " " " " " " " " " " " " " " " " " " " " " " " " " " " " " " " " " " " " " " " " " " " " " " " " " " " " " " " " " " " " " " " " " " " " " " " " " " " " " " " " " " " " " " " " " " " " " " " " " " " " " " " " " " " " " " " " " " " " " " " " " " " " " " " " " " " " " " " " " " " " " " " .
line66: . . . . . . . . . . . . . . . . . . . . . . . . . . . . . . . . . . . . . . . . . . . . . . . . . . . . . . . . . . . . . . . . . . . . . . . . . . . . . . . . . . . . . . . . . . . . . . . . . . . " "
line67: " " " " "1" "9" " " " " " " " " " " "d" "e" "b" "u" "g" " " "=" " " "4" "," " " " " " " " " " " " " " " " " " " " " " " " " " " " " " " " " " " " " " " " " " " " " " " " " " " " " " " " " " " " " " " " " " " " " " " " " " " " " " " " " " " " " " " " " " " " " " " " " " " " " " " " " " " " " " " " " " " " " " " " " " " " " " " " " " " " " " " " " " " " " " " " " " " " " " " " " " " " " " " " " .
line68: . . . . . . . . . . . . . . . . . . . . . . . . . . . . . . . . . . . . . . . . . . . . . . . . . . . . . . . . . . . . . . . . . . . . . . . . . . . . . . . . . . . . . . . . . . . . . . . . . . . " "
line69: " " " " "2" "0" " " " " " " " " " " "t" "r" "a" "c" "e" " " "=" " " "5" "," " " " " " " " " " " " " " " " " " " " " " " " " " " " " " " " " " " " " " " " " " " " " " " " " " " " " " " " " " " " " " " " " " " " " " " " " " " " " " " " " " " " " " " " " " " " " " " " " " " " " " " " " " " " " " " " " " " " " " " " " " " " " " " " " " " " " " " " " " " " " " " " " " " " " " " " " " " " " " " " " .
line70: . . . . . . . . . . . . . . . . . . . . . . . . . . . . . . . . . . . . . . . . . . . . . . . . . . . . . . . . . . . . . . . . . . . . . . . . . . . . . . . . . . . . . . . . . . . . . . . . . . . " "
line71: " " " " "2" "1" " " "}" ";" " " " " " " " " " " " " " " " " " " " " " " " " " " " " " " " " " " " " " " " " " " " " " " " " " " " " " " " " " " " " " " " " " " " " " " " " " " " " " " " " " " " " " " " " " " " " " " " " " " " " " " " " " " " " " " " " " " " " " " " " " " " " " " " " " " " " " " " " " " " " " " " " " " " " " " " " " " " " " " " " " " " " " " " " " " " " " " " " " " " " " " " " .
line72: . . . . . . . . . . . . . . . . . . . . . . . . . . . . . . . . . . . . . . . . . . . . . . . . . . . . . . . . . . . . . . . . . . . . . . . . . . . . . . . . . . . . . . . . . . . . . . . . . . . " "
line73: " " " " "2" "2" " " " " " " " " " " " " " " " " " " " " " " " " " " " " " " " " " " " " " " " " " " " " " " " " " " " " " " " " " " " " " " " " " " " " " " " " " " " " " " " " " " " " " " " " " " " " " " " " " " " " " " " " " " " " " " " " " " " " " " " " " " " " " " " " " " " " " " " " " " " " " " " " " " " " " " " " " " " " " " " " " " " " " " " " " " " " " " " " " " " " " " " " " " " " " " .
line74: . . . . . . . . . . . . . . . . . . . . . . . . . . . . . . . . . . . . . . . . . . . . . . . . . . . . . . . . . . . . . . . . . . . . . . . . . . . . . . . . . . . . . . . . . . . . . . . . . . . " "
line75: " " " " "2" "3" " " "p" "u" "b" " " "f" "n" " " "l" "e" "v" "e" "l" "F" "r" "o" "m" "S" "t" "r" "i" "n" "g" "(" "v" "a" "l" "u" "e" ":" " " "[" "]" "c" "o" "n" "s" "t" " " "u" "8" ")" " " "?" "L" "e" "v" "e" "l" " " "{" " " " " " " " " " " " " " " " " " " " " " " " " " " " " " " " " " " " " " " " " " " " " " " " " " " " " " " " " " " " " " " " " " " " " " " " " " " " " " " " " " " " " " " " " .
line76: . . . . . . . . . . . . . . . . . . . . . . . . . . . . . . . . . . . . . . . . . . . . . . . . . . . . . . . . . . . . . . . . . . . . . . . . . . . . . . . . . . . . . . . . . . . . . . . . . . . " "
line77: " " " " "2" "4" " " " " " " " " " " "i" "f" " " "(" "s" "t" "d" "." "a" "s" "c" "i" "i" "." "e" "q" "l" "I" "g" "n" "o" "r" "e" "C" "a" "s" "e" "(" "v" "a" "l" "u" "e" "," " " "\"" "c" "r" "i" "t" "i" "c" "a" "l" "\"" ")" ")" " " "r" "e" "t" "u" "r" "n" " " "." "c" "r" "i" "t" "i" "c" "a" "l" ";" " " " " " " " " " " " " " " " " " " " " " " " " " " " " " " " " " " " " " " " " " " " " " " " " " " .
line78: . . . . . . . . . . . . . . . . . . . . . . . . . . . . . . . . . . . . . . . . . . . . . . . . . . . . . . . . . . . . . . . . . . . . . . . . . . . . . . . . . . . . . . . . . . . . . . . . . . . " "
line79: " " " " "2" "5" " " " " " " " " " " "i" "f" " " "(" "s" "t" "d" "." "a" "s" "c" "i" "i" "." "e" "q" "l" "I" "g" "n" "o" "r" "e" "C" "a" "s" "e" "(" "v" "a" "l" "u" "e" "," " " "\"" "e" "r" "r" "o" "r" "\"" ")" ")" " " "r" "e" "t" "u" "r" "n" " " "." "@" "\"" "e" "r" "r" "o" "r" "\"" ";" " " " " " " " " " " " " " " " " " " " " " " " " " " " " " " " " " " " " " " " " " " " " " " " " " " " " " " " " .
line80: . . . . . . . . . . . . . . . . . . . . . . . . . . . . . . . . . . . . . . . . . . . . . . . . . . . . . . . . . . . . . . . . . . . . . . . . . . . . . . . . . . . . . . . . . . . . . . . . . . . " "
line81: " " " " "2" "6" " " " " " " " " " " "i" "f" " " "(" "s" "t" "d" "." "a" "s" "c" "i" "i" "." "e" "q" "l" "I" "g" "n" "o" "r" "e" "C" "a" "s" "e" "(" "v" "a" "l" "u" "e" "," " " "\"" "w" "a" "r" "n" "i" "n" "g" "\"" ")" " " "o" "r" " " "s" "t" "d" "." "a" "s" "c" "i" "i" "." "e" "q" "l" "I" "g" "n" "o" "r" "e" "C" "a" "s" "e" "(" "v" "a" "l" "u" "e" "," " " "\"" "w" "a" "r" "n" "\"" ")" ")" " " "r" .
line82: . . . . . . . . . . . . . . . . . . . . . . . . . . . . . . . . . . . . . . . . . . . . . . . . . . . . . . . . . . . . . . . . . . . . . . . . . . . . . . . . . . . . . . . . . . . . . . . . . . . " "
line83: " " " " "2" "7" " " " " " " " " " " "i" "f" " " "(" "s" "t" "d" "." "a" "s" "c" "i" "i" "." "e" "q" "l" "I" "g" "n" "o" "r" "e" "C" "a" "s" "e" "(" "v" "a" "l" "u" "e" "," " " "\"" "i" "n" "f" "o" "\"" ")" ")" " " "r" "e" "t" "u" "r" "n" " " "." "i" "n" "f" "o" ";" " " " " " " " " " " " " " " " " " " " " " " " " " " " " " " " " " " " " " " " " " " " " " " " " " " " " " " " " " " " " " " " " " " .
line84: . . . . . . . . . . . . . . . . . . . . . . . . . . . . . . . . . . . . . . . . . . . . . . . . . . . . . . . . . . . . . . . . . . . . . . . . . . . . . . . . . . . . . . . . . . . . . . . . . . . " "
line85: " " " " " " " " " " " " " " " " " " " " " " " " " " " " " " " " " " " " " " " " " " " " " " " " " " " " " " " " " " " " " " " " " " " " " " " " " " " " " " " " " " " " " " " " " " " " " " " " " " " " " " " " " " " " " " " " " " " " " " " " " " " " " " " " " " " " " " " " " " " " " " " " " " " " " " " " " " " " " " " " " " " " " " " " " " " " " " " " " " " " " " " " " " " " " " " " " " " " " " .
line86: . . . . . . . . . . . . . . . . . . . . . . . . . . . . . . . . . . . . . . . . . . . . . . . . . . . . . . . . . . . . . . . . . . . . . . . . . . . . . . . . . . . . . . . . . . . . . . . . . . . " "
line87: " " " " " " " " " " " " " " " " " " " " " " " " " " " " " " " " " " " " " " " " " " " " " " " " " " " " " " " " " " " " " " " " " " " " " " " " " " " " " " " " " " " " " " " " " " " " " " " " " " " " " " " " " " " " " " " " " " " " " " " " " " " " " " " " " " " " " " " " " " " " " " " " " " " " " " " " " " " " " " " " " " " " " " " " " " " " " " " " " " " " " " " " " " " " " " " " " " " " " " " "
line88: "" " " "a" "p" "p" "_" "l" "o" "g" "g" "e" "r" "." "z" "i" "g" " " " " " " " " " " " " " " " " " " " " " " " " " " " " " " " " " " " " " " " " " " " " " " " " " " " " " " " " " " " " " " " " " " " " " " " " " " " " " " " " " " " " " " " " " " " " " " " " " " " " " " " " " " " " " " " " " " " " " " " " " " " " " " " " " " " " " " " " " " " " " " " " " " " " " " " " " " " " " " " " " " " " " " .
line89: . . . . . . . . . . . . . . . . . . . . . . . . . . . . . . . . . . . . . . . . . . . . . . . . . . . . . . . . . . . . . . . . . . . . . . . . . . . . . . . . . . . . . . . . . . . . . . . . . . . "s"
line90: "r" "c" "/" "a" "p" "p" "_" "l" "o" "g" "g" "e" "r" "." "z" "i" "g" " " " " " " " " " " " " " " " " " " " " " " " " " " " " " " " " " " " " " " " " " " " " " " " " " " " " " " " " " " " " " " " " " " " " " " " " " " " " " " " " " " " " " " " " " " " " " " " " " " " " " " " " " " " " " " " " " " " " " " " " " " " " " " " " "2" "1" "," "1" " " " " " " " " " " " " " " " " " " " " " " " " "4" "%" .
line91: . . . . . . . . . . . . . . . . . . . . . . . . . . . . . . . . . . . . . . . . . . . . . . . . . . . . . . . . . . . . . . . . . . . . . . . . . . . . . . . . . . . . . . . . . . . . . . . . . . . " "
line92: " " " " " " " " " " " " " " " " " " " " " " " " " " " " " " " " " " " " " " " " " " " " " " " " " " " " " " " " " " " " " " " " " " " " " " " " " " " " " " " " " " " " " " " " " " " " " " " " " " " " " " " " " " " " " " " " " " " " " " " " " " " " " " " " " " " " " " " " " " " " " " " " " " " " " " " " " " " " " " " " " " " " " " " " " " " " " " " " " " " " " " " " " " " " " " " " " " " " " " " "
line93: " " " " " " " " " " " " " " " " " " " " " " " " " " " " " " " " " " " " " " " " " " " " " " " " " " " " " " " " " " " " " " " " " " " " " " " " " " " " " " " " " " " " " " " " " " " " " " " " " " " " " " " " " " " " " " " " " " " " " " " " " " " " " " " " " " " " " " " " " " " " " " " " " " " " " " " " " " " " " " " " " " " " " " " " " " " " " " " " " " " " " " " " " " " " " " " " " " " " " " .
line94: . . . . . . . . . . . . . . . . . . . . . . . . . . . . . . . . . . . . . . . . . . . . . . . . . . . . . . . . . . . . . . . . . . . . . . . . . . . . . . . . . . . . . . . . . . . . . . . . . . . " "
line95: " " " " " " " " " " " " " " " " " " " " " " " " " " " " " " " " " " " " " " " " " " " " " " " " " " " " " " " " " " " " " " " " " " " " " " " " " " " " " " " " " " " " " " " " " " " " " " " " " " " " " " " " " " " " " " " " " " " " " " " " " " " " " " " " " " " " " " " " " " " " " " " " " " " " " " " " " " " " " " " " " " " " " " " " " " " " " " " " " " " " " " " " " " " " " " " " " " " " " " .
line96: . . . . . . . . . . . . . . . . . . . . . . . . . . . . . . . . . . . . . . . . . . . . . . . . . . . . . . . . . . . . . . . . . . . . . . . . . . . . . . . . . . . . . . . . . . . . . . . . . . . " "
line97: " " " " " " " " " " " " " " " " " " " " " " " " " " " " " " " " " " " " " " " " " " " " " " " " " " " " " " " " " " " " " " " " " " " " " " " " " " " " " " " " " " " " " " " " " " " " " " " " " " " " " " " " " " " " " " " " " " " " " " " " " " " " " " " " " " " " " " " " " " " " " " " " " " " " " " " " " " " " " " " " " " " " " " " " " " " " " " " " " " " " " " " " " " " " " " " " " " " " " " .
line98: . . . . . . . . . . . . . . . . . . . . . . . . . . . . . . . . . . . . . . . . . . . . . . . . . . . . . . . . . . . . . . . . . . . . . . . . . . . . . . . . . . . . . . . . . . . . . . . . . . . " "
line99: " " " " " " " " " " " " " " " " " " " " " " " " " " " " " " " " " " " " " " " " " " " " " " " " " " " " " " " " " " " " " " " " " " " " " " " " " " " " " " " " " " " " " " " " " " " " " " " " " " " " " " " " " " " " " " " " " " " " " " " " " " " " " " " " " " " " " " " " " " " " " " " " " " " " " " " " " " " " " " " " " " " " " " " " " " " " " " " " " " " " " " " " " " " " " " " " " " " " " " .
line100: . . . . . . . . . . . . . . . . . . . . . . . . . . . . . . . . . . . . . . . . . . . . . . . . . . . . . . . . . . . . . . . . . . . . . . . . . . . . . . . . . . . . . . . . . . . . . . . . . . . " "
line101: " " " " " " " " " " " " " " " " " " " " " " " " " " " " " " " " " " " " " " " " " " " " " " " " " " " " " " " " " " " " " " " " " " " " " " " " " " " " " " " " " " " " " " " " " " " " " " " " " " " " " " " " " " " " " " " " " " " " " " " " " " " " " " " " " " " " " " " " " " " " " " " " " " " " " " " " " " " " " " " " " " " " " " " " " " " " " " " " " " " " " " " " " " " " " " " " " " " " " " .
line102: . . . . . . . . . . . . . . . . . . . . . . . . . . . . . . . . . . . . . . . . . . . . . . . . . . . . . . . . . . . . . . . . . . . . . . . . . . . . . . . . . . . . . . . . . . . . . . . . . . . " "
line103: " " " " " " " " " " " " " " " " " " " " " " " " " " " " " " " " " " " " " " " " " " " " " " " " " " " " " " " " " " " " " " " " " " " " " " " " " " " " " " " " " " " " " " " " " " " " " " " " " " " " " " " " " " " " " " " " " " " " " " " " " " " " " " " " " " " " " " " " " " " " " " " " " " " " " " " " " " " " " " " " " " " " " " " " " " " " " " " " " " " " " " " " " " " " " " " " " " " " " " .
line104: . . . . . . . . . . . . . . . . . . . . . . . . . . . . . . . . . . . . . . . . . . . . . . . . . . . . . . . . . . . . . . . . . . . . . . . . . . . . . . . . . . . . . . . . . . . . . . . . . . . " "
line105: " " " " " " " " " " " " " " " " " " " " " " " " " " " " " " " " " " " " " " " " " " " " " " " " " " " " " " " " " " " " " " " " " " " " " " " " " " " " " " " " " " " " " " " " " " " " " " " " " " " " " " " " " " " " " " " " " " " " " " " " " " " " " " " " " " " " " " " " " " " " " " " " " " " " " " " " " " " " " " " " " " " " " " " " " " " " " " " " " " " " " " " " " " " " " " " " " " " " " " .
line106: . . . . . . . . . . . . . . . . . . . . . . . . . . . . . . . . . . . . . . . . . . . . . . . . . . . . . . . . . . . . . . . . . . . . . . . . . . . . . . . . . . . . . . . . . . . . . . . . . . . " "
line107: " " " " " " " " " " " " " " " " " " " " " " " " " " " " " " " " " " " " " " " " " " " " " " " " " " " " " " " " " " " " " " " " " " " " " " " " " " " " " " " " " " " " " " " " " " " " " " " " " " " " " " " " " " " " " " " " " " " " " " " " " " " " " " " " " " " " " " " " " " " " " " " " " " " " " " " " " " " " " " " " " " " " " " " " " " " " " " " " " " " " " " " " " " " " " " " " " " " " " " .
line108: . . . . . . . . . . . . . . . . . . . . . . . . . . . . . . . . . . . . . . . . . . . . . . . . . . . . . . . . . . . . . . . . . . . . . . . . . . . . . . . . . . . . . . . . . . . . . . . . . . . " "
line109: " " " " " " " " " " " " " " " " " " " " " " " " " " " " " " " " " " " " " " " " " " " " " " " " " " " " " " " " " " " " " " " " " " " " " " " " " " " " " " " " " " " " " " " " " " " " " " " " " " " " " " " " " " " " " " " " " " " " " " " " " " " " " " " " " " " " " " " " " " " " " " " " " " " " " " " " " " " " " " " " " " " " " " " " " " " " " " " " " " " " " " " " " " " " " " " " " " " " " " .
line110: . . . . . . . . . . . . . . . . . . . . . . . . . . . . . . . . . . . . . . . . . . . . . . . . . . . . . . . . . . . . . . . . . . . . . . . . . . . . . . . . . . . . . . . . . . . . . . . . . . . " "
line111: " " " " " " " " " " " " " " " " " " " " " " " " " " " " " " " " " " " " " " " " " " " " " " " " " " " " " " " " " " " " " " " " " " " " " " " " " " " " " " " " " " " " " " " " " " " " " " " " " " " " " " " " " " " " " " " " " " " " " " " " " " " " " " " " " " " " " " " " " " " " " " " " " " " " " " " " " " " " " " " " " " " " " " " " " " " " " " " " " " " " " " " " " " " " " " " " " " " " " " .
line112: . . . . . . . . . . . . . . . . . . . . . . . . . . . . . . . . . . . . . . . . . . . . . . . . . . . . . . . . . . . . . . . . . . . . . . . . . . . . . . . . . . . . . . . . . . . . . . . . . . . " "
line113: " " " " " " " " " " " " " " " " " " " " " " " " " " " " " " " " " " " " " " " " " " " " " " " " " " " " " " " " " " " " " " " " " " " " " " " " " " " " " " " " " " " " " " " " " " " " " " " " " " " " " " " " " " " " " " " " " " " " " " " " " " " " " " " " " " " " " " " " " " " " " " " " " " " " " " " " " " " " " " " " " " " " " " " " " " " " " " " " " " " " " " " " " " " " " " " " " " " " " " .
line114: . . . . . . . . . . . . . . . . . . . . . . . . . . . . . . . . . . . . . . . . . . . . . . . . . . . . . . . . . . . . . . . . . . . . . . . . . . . . . . . . . . . . . . . . . . . . . . . . . . . " "
line115: " " " " " " " " " " " " " " " " " " " " " " " " " " " " " " " " " " " " " " " " " " " " " " " " " " " " " " " " " " " " " " " " " " " " " " " " " " " " " " " " " " " " " " " " " " " " " " " " " " " " " " " " " " " " " " " " " " " " " " " " " " " " " " " " " " " " " " " " " " " " " " " " " " " " " " " " " " " " " " " " " " " " " " " " " " " " " " " " " " " " " " " " " " " " " " " " " " " " " " .
line116: . . . . . . . . . . . . . . . . . . . . . . . . . . . . . . . . . . . . . . . . . . . . . . . . . . . . . . . . . . . . . . . . . . . . . . . . . . . . . . . . . . . . . . . . . . . . . . . . . . . " "
line117: " " " " " " " " " " " " " " " " " " " " " " " " " " " " " " " " " " " " " " " " " " " " " " " " " " " " " " " " " " " " " " " " " " " " " " " " " " " " " " " " " " " " " " " " " " " " " " " " " " " " " " " " " " " " " " " " " " " " " " " " " " " " " " " " " " " " " " " " " " " " " " " " " " " " " " " " " " " " " " " " " " " " " " " " " " " " " " " " " " " " " " " " " " " " " " " " " " " " " " .
line118: . . . . . . . . . . . . . . . . . . . . . . . . . . . . . . . . . . . . . . . . . . . . . . . . . . . . . . . . . . . . . . . . . . . . . . . . . . . . . . . . . . . . . . . . . . . . . . . . . . . " "
line119: " " " " " " " " " " " " " " " " " " " " " " " " " " " " " " " " " " " " " " " " " " " " " " " " " " " " " " " " " " " " " " " " " " " " " " " " " " " " " " " " " " " " " " " " " " " " " " " " " " " " " " " " " " " " " " " " " " " " " " " " " " " " " " " " " " " " " " " " " " " " " " " " " " " " " " " " " " " " " " " " " " " " " " " " " " " " " " " " " " " " " " " " " " " " " " " " " " " " " " .
line120: . . . . . . . . . . . . . . . . . . . . . . . . . . . . . . . . . . . . . . . . . . . . . . . . . . . . . . . . . . . . . . . . . . . . . . . . . . . . . . . . . . . . . . . . . . . . . . . . . . . " "
line121: " " " " " " " " " " " " " " " " " " " " " " " " " " " " " " " " " " " " " " " " " " " " " " " " " " " " " " " " " " " " " " " " " " " " " " " " " " " " " " " " " " " " " " " " " " " " " " " " " " " " " " " " " " " " " " " " " " " " " " " " " " " " " " " " " " " " " " " " " " " " " " " " " " " " " " " " " " " " " " " " " " " " " " " " " " " " " " " " " " " " " " " " " " " " " " " " " " " " " " .
line122: . . . . . . . . . . . . . . . . . . . . . . . . . . . . . . . . . . . . . . . . . . . . . . . . . . . . . . . . . . . . . . . . . . . . . . . . . . . . . . . . . . . . . . . . . . . . . . . . . . . " "
line123: " " " " " " " " " " " " " " " " " " " " " " " " " " " " " " " " " " " " " " " " " " " " " " " " " " " " " " " " " " " " " " " " " " " " " " " " " " " " " " " " " " " " " " " " " " " " " " " " " " " " " " " " " " " " " " " " " " " " " " " " " " " " " " " " " " " " " " " " " " " " " " " " " " " " " " " " " " " " " " " " " " " " " " " " " " " " " " " " " " " " " " " " " " " " " " " " " " " " " " .
line124: . . . . . . . . . . . . . . . . . . . . . . . . . . . . . . . . . . . . . . . . . . . . . . . . . . . . . . . . . . . . . . . . . . . . . . . . . . . . . . . . . . . . . . . . . . . . . . . . . . . " "
line125: " " " " "1" "5" " " " " " " " " " " "c" "r" "i" "t" "i" "c" "a" "l" " " "=" " " "0" "," . . . . . . . . . . . . . . . . . . . . . . . . . . . . . . . . . . . . . . . . . . . . . . . . . . . . . . . . . . . . . . . . . . . . . . . . . . . . . .
line126: . . . . . . . . . . . . . . . . . . . . . . " " " " " " "1" "6" " " " " " " " " " " "@" "\"" "e" "r" "r" "o" "r" "\"" " " "=" " " "1" "," . . . . . . . . . . . . . . . . . . . . . . . . . . . . . . . . . . . . . . . . . . . . . . . . . . . . . . .
line127: . . . . . . . . . . . . . . . . . . . . . . . . . . . . . . . . . . . . . . . . . . . . . " " " " " " "1" "7" " " " " " " " " " " "w" "a" "r" "n" "i" "n" "g" " " "=" " " "2" "," . . . . . . . . . . . . . . . . . . . . . . . . . . . . . . . . .
line128: . . . . . . . . . . . . . . . . . . . . . . . . . . . . . . . . . . . . . . . . . . . . . . . . . . . . . . . . . . . . . . . . . . . " " " " " " "1" "8" " " " " " " " " " " "i" "n" "f" "o" " " "=" " " "3" "," . . . . . . . . . . . . . .
line129: . . . . . . . . . . . . . . . . . . . . . . . . . . . . . . . . . . . . . . . . . . . . . . . . . . . . . . . . . . . . . . . . . . . . . . . . . . . . . . . . . . . . . . " " " " " " "1" "9" " " " " " " " " " " "d" "e" "b" "u"
line130: "g" " " "=" " " "4" "," . . . . . . . . . . . . . . . . . . . . . . . . . . . . . . . . . . . . . . . . . . . . . . . . . . . . . . . . . . . . . . . . . . . . . . . . . . . . . . . . . . . . . . . . . . . . . .
line131: . . . . . . " " " " " " "2" "0" " " " " " " " " " " "t" "r" "a" "c" "e" " " "=" " " "5" "," . . . . . . . . . . . . . . . . . . . . . . . . . . . . . . . . . . . . . . . . . . . . . . . . . . . . . . . . . . . . . . . . . . . . . . . . . .
line132: . . . . . . . . . . . . . . . . . . . . . . . . . . " " " " " " "2" "1" " " "}" ";" " " " " " " " " " " " " " " " " " " " " " " " " " " " " " " " " " " " " " " " " " " " " " " " " " " " " " " " " " " " " " " " " " " " " " " " " " " " " " " " " " " " " " " " " " " " " " " " " " " " " " " " " " " " " " " " " " " " " " " " " " " " " " " " " " " " "
line133: " " " " " " " " " " " " " " " " " " " " " " " " " " " " " " " " " " " " " " " " " " " " " " " " " " " " . . . . . . . . . . . . . . . . . . . . . . . . . . . . . . . . . . . . . . . . . . . . . . . . . . . . . . . . . . . . . . . . . . . . . . . . . .
line134: . . . . . . . . . . . . . . . . . . . . . . . . . . " " " " " " "2" "2" " " . . . . . . . . . . . . . . . . . . . . . . . . . . . . . . . . . . . . . . . . . . . . . . . . . . . . . . . . . . . . . . . . . . . .
line135: . . . . . . . . . . . . . . . . . . . . . . . . . . . . . . . . " " " " " " "2" "3" " " "p" "u" "b" " " "f" "n" " " "l" "e" "v" "e" "l" "F" "r" "o" "m" "S" "t" "r" "i" "n" "g" "(" "v" "a" "l" "u" "e" ":" " " "[" "]" "c" "o" "n" "s" "t" " " "u" "8" ")" " " "?" "L" "e" "v" "e" "l" " " "{" . . . . . . . . . . . .
line136: . . . . . . . . . . . . . . . . . . . . . . . . . . . . . . . . . . . . . . . . . . . . . . . . . . . . . . . . . . . . . . . . . . . . . . . . . . . . . . . . . . . . . . . . " " " " " " "2" "4" " " " " " " " " " " "i" "f"
line137: " " "(" "s" "t" "d" "." "a" "s" "c" "i" "i" "." "e" "q" "l" "I" "g" "n" "o" "r" "e" "C" "a" "s" "e" "(" "v" "a" "l" "u" "e" "," " " "\"" "c" "r" "i" "t" "i" "c" "a" "l" "\"" ")" ")" " " "r" "e" "t" "u" "r" "n" " " "." "c" "r" "i" "t" "i" "c" "a" "l" ";" . . . . . . . . . . . . . . . . . . . . . . . . . . . . . . . . . . . . .
line138: . . . . . . . . . . . . . . . . . . . . . . . . . . . . . . . . . . . . . . . . . . . . . . . . . . . . . . . . . . . . . . . " " " " " " "2" "5" " " " " " " " " " " "i" "f" " " "(" "s" "t" "d" "." "a" "s" "c" "i" "i" "." "e" "q" "l" "I" "g" "n" "o" "r" "e" "C" "a" "s" "e"
line139: "(" "v" "a" "l" "u" "e" "," " " "\"" "e" "r" "r" "o" "r" "\"" ")" ")" " " "r" "e" "t" "u" "r" "n" " " "." "@" "\"" "e" "r" "r" "o" "r" "\"" ";" . . . . . . . . . . . . . . . . . . . . . . . . . . . . . . . . . . . . . . . . . . . . . . . . . . . . . . . . . . . . . . . . .
line140: . . . . . . . . . . . . . . . . . . . . . . . . . . . . . . . . . . . " " " " " " "2" "6" " " " " " " " " " " "i" "f" " " "(" "s" "t" "d" "." "a" "s" "c" "i" "i" "." "e" "q" "l" "I" "g" "n" "o" "r" "e" "C" "a" "s" "e" "(" "v" "a" "l" "u" "e" "," " " "\"" "w" "a" "r" "n" "i" "n" "g" "\"" ")" " " "o" "r" " " "s" "t" "d" "." "a" "s"
line141: "c" "i" "i" "." "e" "q" "l" "I" "g" "n" "o" "r" "e" "C" "a" "s" "e" "(" "v" "a" "l" "u" "e" "," " " "\"" "w" "a" "r" "n" "\"" ")" ")" " " "r" . . . . . . . . . . . . . . . . . . . . . . . . . . . . . . . . . . . . . . . . . . . . . . . . . . . . . . . . . . . . . . . . .
line142: . . . . . . . . . . . . . . . . . . . . . . . . . . . . . . . . . . . " " " " " " "2" "7" " " " " " " " " " " "i" "f" " " "(" "s" "t" "d" "." "a" "s" "c" "i" "i" "." "e" "q" "l" "I" "g" "n" "o" "r" "e" "C" "a" "s" "e" "(" "v" "a" "l" "u" "e" "," " " "\"" "i" "n" "f" "o" "\"" ")" ")" " " "r" "e" "t" "u" "r" "n" " " "." "i" "n" "f"
line143: "o" ";" . . . . . . . . . . . . . . . . . . . . . . . . . . . . . . . . . . . . . . . . . . . . . . . . . . . . . . . . . . . . . . . . . . . . . . . . . . . . . . . . . . . . . . . . . . . . . . . . . .
line144: . . " " " " " " "2" "8" " " " " " " " " " " "i" "f" " " "(" "s" "t" "d" "." "a" "s" "c" "i" "i" "." "e" "q" "l" "I" "g" "n" "o" "r" "e" "C" "a" "s" "e" "(" "v" "a" "l" "u" "e" "," " " "\"" "d" "e" "b" "u" "g" "\"" ")" ")" " " "r" "e" "t" "u" "r" "n" " " "." "d" "e" "b" "u" "g" ";" " " "" " " "a" "p" "p" "_" "l" "o" "g" "g" "e" "r" "." "z" "i" "g" " " " " " " " " " " " " " " " " " " " " " " " "
line145: " " " " " " " " " " " " " " " " " " " " " " " " " " " " " " " " " " " " " " " " " " " " " " " " " " " " " " " " " " " " " " " " " " " " " " " " " " " " " " " " " " " " " " " " " " " " " " " " " " " " " " " " " " " " " " " " " " " " " " " " " " " " " " " " " " " " " " " " " " " " " " . . . . . . . . . . . . . . . . . . . . . . . . . . . . .
line146: . . . . . . . . . . . . . . . . . . . . . . . . . . . . . . . . . . . . . . . . . . . . . . . . . . . . . . . . . . . . . . . . . . . . . . . " " " " " " " " " " " " " " " " " " " " " " " " " " " " " " " " " " " " " " " " " " " " " " " " " " " " " " " " " "
line147: " " " " " " " " " " " " " " " " " " " " " " " " " " " " " " " " " " " " " " " " " " " " " " " " " " " " " " " " " " " " " " " " " " " " " " " " " " " " " " " " " " " " " " " " " " " " " " " " " " " " " " " " " " " " " " " " " " " " " " " " " " " " " " " " " " " " " " " " " " " " " " . . . . . . . . . . . . . . . . . . . . . . . . . . . . .
line148: . . . . . . . . . . . . . . . . . . . . . . . . . . . . . . . . . . . . . . . . . . . . . . . . . . . . . . . . . . . . . . . . . . . . . . . " " " " " " " " " " " " " " " " " " " " " " " " " " " " " " " " " " " " " " " " " " " " " " " " " " " " " " " " " "
line149: " " " " " " " " " " " " " " " " " " " " " " " " " " " " " " " " " " " " " " " " " " " " " " " " " " " " " " " " " " " " " " " " " " " " " " " " " " " " " " " " " " " " " " " " " " " " " " " " " " " " " " " " " " " " " " " " " " " " " " " " " " " " " " " " " " " " " " " " " " " " " " " " "" " " "a" "p" "p" "_" "l" "o" "g" "g" "e" "r" "." "z" "i" "g" " " " " " " " " " " " " " " " " " " " " " " " "
line150: " " " " " " " " " " " " " " " " " " " " " " " " " " " " " " " " " " " " " " " " " " " " " " " " " " " " " " " " " " " " " " " " " " " " " " " " " " " " " " " " " " " " " " " " " " " " " " " " " " " " " " " " " " " " " " " " " " " " " " " " " " " " " " " " " " " " " " " " " " " " " " . . . . . . . . . . . . . . . . . . . . . . . . . . . . .
line151: . . . . . . . . . . . . . . . . . . . . . . . . . . . . . . . . . . . . . . . . . . . . . . . . . . . . . . . . . . . . . . . . . . . . . . . " " " " " " "1" "5" " " " " " " " " " " "c" "r" "i" "t" "i" "c" "a" "l" " " "=" " " "0" "," " " " " " " " " " " " "
line152: " " " " " " " " " " " " " " " " " " " " " " " " " " " " " " " " " " " " " " " " " " " " " " " " " " " " " " " " " " " " " " " " " " " " " " " " " " " " " " " " " " " " " " " " " " " " " " " " " " " " " " " " " " " " " " " " " " " " " " " " " " " " " " " " " " " " " " " " " " " " " " . . . . . . . . . . . . . . . . . . . . . . . . . . . . .
line153: . . . . . . . . . . . . . . . . . . . . . . . . . . . . . . . . . . . . . . . . . . . . . . . . . . . . . . . . . . . . . . . . . . . . . . . " " " " " " "1" "6" " " " " " " " " " " "@" "\"" "e" "r" "r" "o" "r" "\"" " " "=" " " "1" "," " " " " " " " " " " " "
line154: " " " " " " " " " " " " " " " " " " " " " " " " " " " " " " " " " " " " " " " " " " " " " " " " " " " " " " " " " " " " " " " " " " " " " " " " " " " " " " " " " " " " " " " " " " " " " " " " " " " " " " " " " " " " " " " " " " " " " " " " " " " " " " " " " " " " " " " " " " " " " " . . . . . . . . . . . . . . . . . . . . . . . . . . . . .
line155: . . . . . . . . . . . . . . . . . . . . . . . . . . . . . . . . . . . . . . . . . . . . . . . . . . . . . . . . . . . . . . . . . . . . . . . " " " " " " "1" "7" " " " " " " " " " " "w" "a" "r" "n" "i" "n" "g" " " "=" " " "2" "," " " " " " " " " " " " " " "
line156: " " " " " " " " " " " " " " " " " " " " " " " " " " " " " " " " " " " " " " " " " " " " " " " " " " " " " " " " " " " " " " " " " " " " " " " " " " " " " " " " " " " " " " " " " " " " " " " " " " " " " " " " " " " " " " " " " " " " " " " " " " " " " " " " " " " " " " " " " " " " " " . . . . . . . . . . . . . . . . . . . . . . . . . . . . .
line157: . . . . . . . . . . . . . . . . . . . . . . . . . . . . . . . . . . . . . . . . . . . . . . . . . . . . . . . . . . . . . . . . . . . . . . . " " " " " " "1" "8" " " " " " " " " " " "i" "n" "f" "o" " " "=" " " "3" "," " " " " " " " " " " " " " " " " " " " "
line158: " " " " " " " " " " " " " " " " " " " " " " " " " " " " " " " " " " " " " " " " " " " " " " " " " " " " " " " " " " " " " " " " " " " " " " " " " " " " " " " " " " " " " " " " " " " " " " " " " " " " " " " " " " " " " " " " " " " " " " " " " " " " " " " " " " " " " " " " " " " " " " . . . . . . . . . . . . . . . . . . . . . . . . . . . . .
line159: . . . . . . . . . . . . . . . . . . . . . . . . . . . . . . . . . . . . . . . . . . . . . . . . . . . . . . . . . . . . . . . . . . . . . . . " " " " " " "1" "9" " " " " " " " " " " "d" "e" "b" "u" "g" " " "=" " " "4" "," " " " " " " " " " " " " " " " " " "
line160: " " " " " " " " " " " " " " " " " " " " " " " " " " " " " " " " " " " " " " " " " " " " " " " " " " " " " " " " " " " " " " " " " " " " " " " " " " " " " " " " " " " " " " " " " " " " " " " " " " " " " " " " " " " " " " " " " " " " " " " " " " " " " " " " " " " " " " " " " " " " " " . . . . . . . . . . . . . . . . . . . . . . . . . . . . .
line161: . . . . . . . . . . . . . . . . . . . . . . . . . . . . . . . . . . . . . . . . . . . . . . . . . . . . . . . . . . . . . . . . . . . . . . . " " " " " " "2" "0" " " " " " " " " " " "t" "r" "a" "c" "e" " " "=" " " "5" "," " " " " " " " " " " " " " " " " " "
line162: " " " " " " " " " " " " " " " " " " " " " " " " " " " " " " " " " " " " " " " " " " " " " " " " " " " " " " " " " " " " " " " " " " " " " " " " " " " " " " " " " " " " " " " " " " " " " " " " " " " " " " " " " " " " " " " " " " " " " " " " " " " " " " " " " " " " " " " " " " " " " " . . . . . . . . . . . . . . . . . . . . . . . . . . . . .
line163: . . . . . . . . . . . . . . . . . . . . . . . . . . . . . . . . . . . . . . . . . . . . . . . . . . . . . . . . . . . . . . . . . . . . . . . " " " " " " "2" "1" " " "}" ";" " " " " " " " " " " " " " " " " " " " " " " " " " " " " " " " " " " " " " " " " " "
line164: " " " " " " " " " " " " " " " " " " " " " " " " " " " " " " " " " " " " " " " " " " " " " " " " " " " " " " " " " " " " " " " " " " " " " " " " " " " " " " " " " " " " " " " " " " " " " " " " " " " " " " " " " " " " " " " " " " " " " " " " " " " " " " " " " " " " " " " " " " " " " " . . . . . . . . . . . . . . . . . . . . . . . . . . . . .
line165: . . . . . . . . . . . . . . . . . . . . . . . . . . . . . . . . . . . . . . . . . . . . . . . . . . . . . . . . . . . . . . . . . . . . . . . " " " " " " "2" "2" " " " " " " " " " " " " " " " " " " " " " " " " " " " " " " " " " " " " " " " " " " " " " " " "
line166: " " " " " " " " " " " " " " " " " " " " " " " " " " " " " " " " " " " " " " " " " " " " " " " " " " " " " " " " " " " " " " " " " " " " " " " " " " " " " " " " " " " " " " " " " " " " " " " " " " " " " " " " " " " " " " " " " " " " " " " " " " " " " " " " " " " " " " " " " " " " " " . . . . . . . . . . . . . . . . . . . . . . . . . . . . .
line167: . . . . . . . . . . . . . . . . . . . . . . . . . . . . . . . . . . . . . . . . . . . . . . . . . . . . . . . . . . . . . . . . . . . . . . . " " " " " " "2" "3" " " "p" "u" "b" " " "f" "n" " " "l" "e" "v" "e" "l" "F" "r" "o" "m" "S" "t" "r" "i" "n" "g" "("
line168: "v" "a" "l" "u" "e" ":" " " "[" "]" "c" "o" "n" "s" "t" " " "u" "8" ")" " " "?" "L" "e" "v" "e" "l" " " "{" " " " " " " " " " " " " " " " " " " " " " " " " " " " " " " " " " " " " " " " " " " " " " " " " " " " " " " " " " " " " " " " " " " " " " " " " " " " " " " " " " " " " " " " " . . . . . . . . . . . . . . . . . . . . . . . . . . . . .
line169: . . . . . . . . . . . . . . . . . . . . . . . . . . . . . . . . . . . . . . . . . . . . . . . . . . . . . . . . . . . . . . . . . . . . . . . " " " " " " "2" "4" " " " " " " " " " " "i" "f" " " "(" "s" "t" "d" "." "a" "s" "c" "i" "i" "." "e" "q" "l" "I" "g"
line170: "n" "o" "r" "e" "C" "a" "s" "e" "(" "v" "a" "l" "u" "e" "," " " "\"" "c" "r" "i" "t" "i" "c" "a" "l" "\"" ")" ")" " " "r" "e" "t" "u" "r" "n" " " "." "c" "r" "i" "t" "i" "c" "a" "l" ";" " " " " " " " " " " " " " " " " " " " " " " " " " " " " " " " " " " " " " " " " " " " " " " " " " " . . . . . . . . . . . . . . . . . . . . . . . . . . . . .
line171: . . . . . . . . . . . . . . . . . . . . . . . . . . . . . . . . . . . . . . . . . . . . . . . . . . . . . . . . . . . . . . . . . . . . . . . " " " " " " "2" "5" " " " " " " " " " " "i" "f" " " "(" "s" "t" "d" "." "a" "s" "c" "i" "i" "." "e" "q" "l" "I" "g"
line172: "n" "o" "r" "e" "C" "a" "s" "e" "(" "v" "a" "l" "u" "e" "," " " "\"" "e" "r" "r" "o" "r" "\"" ")" ")" " " "r" "e" "t" "u" "r" "n" " " "." "@" "\"" "e" "r" "r" "o" "r" "\"" ";" " " " " " " " " " " " " " " " " " " " " " " " " " " " " " " " " " " " " " " " " " " " " " " " " " " " " " " " " . . . . . . . . . . . . . . . . . . . . . . . . . . . . .
line173: . . . . . . . . . . . . . . . . . . . . . . . . . . . . . . . . . . . . . . . . . . . . . . . . . . . . . . . . . . . . . . . . . . . . . . . " " " " " " "2" "6" " " " " " " " " " " "i" "f" " " "(" "s" "t" "d" "." "a" "s" "c" "i" "i" "." "e" "q" "l" "I" "g"
line174: "n" "o" "r" "e" "C" "a" "s" "e" "(" "v" "a" "l" "u" "e" "," " " "\"" "w" "a" "r" "n" "i" "n" "g" "\"" ")" " " "o" "r" " " "s" "t" "d" "." "a" "s" "c" "i" "i" "." "e" "q" "l" "I" "g" "n" "o" "r" "e" "C" "a" "s" "e" "(" "v" "a" "l" "u" "e" "," " " "\"" "w" "a" "r" "n" "\"" ")" ")" " " "r" . . . . . . . . . . . . . . . . . . . . . . . . . . . . .
line175: . . . . . . . . . . . . . . . . . . . . . . . . . . . . . . . . . . . . . . . . . . . . . . . . . . . . . . . . . . . . . . . . . . . . . . . " " " " " " "2" "7" " " " " " " " " " " "i" "f" " " "(" "s" "t" "d" "." "a" "s" "c" "i" "i" "." "e" "q" "l" "I" "g"
kitty:
images=0 placements=0
image ids: []
placement ids: []
