TERM_SNAPSHOT v1
size: 16x100
cursor: r=15 c=22 visible=1 style=block-blink
alt: 0
scrollback: count=203 view_offset=0
focus_reporting: 1
title: "Terminal"
cwd: ""
clipboard: ""
selection: none
grid:
row0: " " " " " " " " " " " " " " " " " " " " " " " " " " " " " " " " " " " " " " " " " " " " " " " " " " " " " " " " " " " " " " " " " " " " " " " " " " " " " " " " " " " " " " " " " " " " " " " " " " " " " " " " " " " " " " " " " " " " " " " " " " " " " " " " " " " " " " " " " " " " " " . . . . . . . . . . . . . . . . . . . . . . . . . . . . .
row1: . . . . . . . . . . . . . . . . . . . . . . . . . . . . . . . . . . . . . . . . . . . . . . . . . . . . . . . . . . . . . . . . . . . . . . . " " " " " " "1" "6" " " " " " " " " " " "@" "\"" "e" "r" "r" "o" "r" "\"" " " "=" " " "1" "," " " " " " " " " " " " "
row2: " " " " " " " " " " " " " " " " " " " " " " " " " " " " " " " " " " " " " " " " " " " " " " " " " " " " " " " " " " " " " " " " " " " " " " " " " " " " " " " " " " " " " " " " " " " " " " " " " " " " " " " " " " " " " " " " " " " " " " " " " " " " " " " " " " " " " " " " " " " " " " . . . . . . . . . . . . . . . . . . . . . . . . . . . . .
row3: . . . . . . . . . . . . . . . . . . . . . . . . . . . . . . . . . . . . . . . . . . . . . . . . . . . . . . . . . . . . . . . . . . . . . . . " " " " " " "1" "7" " " " " " " " " " " "w" "a" "r" "n" "i" "n" "g" " " "=" " " "2" "," " " " " " " " " " " " " " "
row4: " " " " " " " " " " " " " " " " " " " " " " " " " " " " " " " " " " " " " " " " " " " " " " " " " " " " " " " " " " " " " " " " " " " " " " " " " " " " " " " " " " " " " " " " " " " " " " " " " " " " " " " " " " " " " " " " " " " " " " " " " " " " " " " " " " " " " " " " " " " " " " . . . . . . . . . . . . . . . . . . . . . . . . . . . . .
row5: . . . . . . . . . . . . . . . . . . . . . . . . . . . . . . . . . . . . . . . . . . . . . . . . . . . . . . . . . . . . . . . . . . . . . . . " " " " " " "1" "8" " " " " " " " " " " "i" "n" "f" "o" " " "=" " " "3" "," " " " " " " " " " " " " " " " " " " " "
row6: " " " " " " " " " " " " " " " " " " " " " " " " " " " " " " " " " " " " " " " " " " " " " " " " " " " " " " " " " " " " " " " " " " " " " " " " " " " " " " " " " " " " " " " " " " " " " " " " " " " " " " " " " " " " " " " " " " " " " " " " " " " " " " " " " " " " " " " " " " " " " " . . . . . . . . . . . . . . . . . . . . . . . . . . . . .
row7: . . . . . . . . . . . . . . . . . . . . . . . . . . . . . . . . . . . . . . . . . . . . . . . . . . . . . . . . . . . . . . . . . . . . . . . " " " " " " "1" "9" " " " " " " " " " " "d" "e" "b" "u" "g" " " "=" " " "4" "," " " " " " " " " " " " " " " " " " "
row8: " " " " " " " " " " " " " " " " " " " " " " " " " " " " " " " " " " " " " " " " " " " " " " " " " " " " " " " " " " " " " " " " " " " " " " " " " " " " " " " " " " " " " " " " " " " " " " " " " " " " " " " " " " " " " " " " " " " " " " " " " " " " " " " " " " " " " " " " " " " " " " . . . . . . . . . . . . . . . . . . . . . . . . . . . . .
row9: . . . . . . . . . . . . . . . . . . . . . . . . . . . . . . . . . . . . . . . . . . . . . . . . . . . . . . . . . . . . . . . . . . . . . . . " " " " " " "2" "0" " " " " " " " " " " "t" "r" "a" "c" "e" " " "=" " " "5" "," " " " " " " " " " " " " " " " " " "
row10: " " " " " " " " " " " " " " " " " " " " " " " " " " " " " " " " " " " " " " " " " " " " " " " " " " " " " " " " " " " " " " " " " " " " " " " " " " " " " " " " " " " " " " " " " " " " " " " " " " " " " " " " " " " " " " " " " " " " " " " " " " " " " " " " " " " " " " " " " " " " " " . . . . . . . . . . . . . . . . . . . . . . . . . . . . .
row11: . . . . . . . . . . . . . . . . . . . . . . . . . . . . . . . . . . . . . . . . . . . . . . . . . . . . . . . . . . . . . . . . . . . . . . . " " " " " " "2" "1" " " "}" ";" " " " " " " " " " " " " " " " " " " " " " " " " " " " " " " " " " " " " " " " " " "
row12: " " " " " " " " " " " " " " " " " " " " " " " " " " " " " " " " " " " " " " " " " " " " " " " " " " " " " " " " " " " " " " " " " " " " " " " " " " " " " " " " " " " " " " " " " " " " " " " " " " " " " " " " " " " " " " " " " " " " " " " " " " " " " " " " " " " " " " " " " " " " " " . . . . . . . . . . . . . . . . . . . . . . . . . . . . .
row13: . . . . . . . . . . . . . . . . . . . . . . . . . . . . . . . . . . . . . . . . . . . . . . . . . . . . . . . . . . . . . . . . . . . . . . . " " " " " " "2" "2" " " " " " " " " " " " " " " " " " " " " " " " " " " " " " " " " " " " " " " " " " " " " " " " "
row14: " " " " " " " " " " " " " " " " " " " " " " " " " " " " " " " " " " " " " " " " " " " " " " " " " " " " " " " " " " " " " " " " " " " " " " " " " " " " " " " " " " " " " " " " " " " " " " " " " " " " " " " " " " " " " " " " " " " " " " " " " " " " " " " " " " " " " " " " " " " " " " "▪" " " "2" "0" "" "│" "│" "│" "│" "󰏿" " " "L" "e" "v" "e" "l" " " " " " " " " " " " " " " " " " " " " " " " " " "
row15: " " " " " " " " " " " " " " " " " " "│" "│" " " "5" "" " " "󰦨" " " "t" "r" "a" "c" "e" . . . . . . . . . . . . . . . . . . . . . . . . . . . . . . . . . . . . . . . . . . . . . . . . . . . . . . . . . . . . . . . . . . . . . . . . . . . . . .
attrs:
row0: cols 0-99 fg=#c0caf5ff bg=#1a1b26ff bold=0 rev=0 ul=0 ulc=default link=0
row1: cols 0-70 fg=#c0caf5ff bg=#1a1b26ff bold=0 rev=0 ul=0 ulc=default link=0
row1: cols 71-76 fg=#3b4261ff bg=#1a1b26ff bold=0 rev=0 ul=0 ulc=default link=0
row1: cols 77-80 fg=#c0caf5ff bg=#1a1b26ff bold=0 rev=0 ul=0 ulc=default link=0
row1: cols 81-88 fg=#ff9e64ff bg=#1a1b26ff bold=0 rev=0 ul=0 ulc=default link=0
row1: cols 89-89 fg=#c0caf5ff bg=#1a1b26ff bold=0 rev=0 ul=0 ulc=default link=0
row1: cols 90-90 fg=#89ddffff bg=#1a1b26ff bold=0 rev=0 ul=0 ulc=default link=0
row1: cols 91-91 fg=#c0caf5ff bg=#1a1b26ff bold=0 rev=0 ul=0 ulc=default link=0
row1: cols 92-92 fg=#ff9e64ff bg=#1a1b26ff bold=0 rev=0 ul=0 ulc=default link=0
row1: cols 93-99 fg=#c0caf5ff bg=#1a1b26ff bold=0 rev=0 ul=0 ulc=default link=0
row2: cols 0-99 fg=#c0caf5ff bg=#1a1b26ff bold=0 rev=0 ul=0 ulc=default link=0
row3: cols 0-70 fg=#c0caf5ff bg=#1a1b26ff bold=0 rev=0 ul=0 ulc=default link=0
row3: cols 71-76 fg=#3b4261ff bg=#1a1b26ff bold=0 rev=0 ul=0 ulc=default link=0
row3: cols 77-80 fg=#c0caf5ff bg=#1a1b26ff bold=0 rev=0 ul=0 ulc=default link=0
row3: cols 81-87 fg=#ff9e64ff bg=#1a1b26ff bold=0 rev=0 ul=0 ulc=default link=0
row3: cols 88-88 fg=#c0caf5ff bg=#1a1b26ff bold=0 rev=0 ul=0 ulc=default link=0
row3: cols 89-89 fg=#89ddffff bg=#1a1b26ff bold=0 rev=0 ul=0 ulc=default link=0
row3: cols 90-90 fg=#c0caf5ff bg=#1a1b26ff bold=0 rev=0 ul=0 ulc=default link=0
row3: cols 91-91 fg=#ff9e64ff bg=#1a1b26ff bold=0 rev=0 ul=0 ulc=default link=0
row3: cols 92-99 fg=#c0caf5ff bg=#1a1b26ff bold=0 rev=0 ul=0 ulc=default link=0
row4: cols 0-99 fg=#c0caf5ff bg=#1a1b26ff bold=0 rev=0 ul=0 ulc=default link=0
row5: cols 0-70 fg=#c0caf5ff bg=#1a1b26ff bold=0 rev=0 ul=0 ulc=default link=0
row5: cols 71-76 fg=#3b4261ff bg=#1a1b26ff bold=0 rev=0 ul=0 ulc=default link=0
row5: cols 77-80 fg=#c0caf5ff bg=#1a1b26ff bold=0 rev=0 ul=0 ulc=default link=0
row5: cols 81-84 fg=#ff9e64ff bg=#1a1b26ff bold=0 rev=0 ul=0 ulc=default link=0
row5: cols 85-85 fg=#c0caf5ff bg=#1a1b26ff bold=0 rev=0 ul=0 ulc=default link=0
row5: cols 86-86 fg=#89ddffff bg=#1a1b26ff bold=0 rev=0 ul=0 ulc=default link=0
row5: cols 87-87 fg=#c0caf5ff bg=#1a1b26ff bold=0 rev=0 ul=0 ulc=default link=0
row5: cols 88-88 fg=#ff9e64ff bg=#1a1b26ff bold=0 rev=0 ul=0 ulc=default link=0
row5: cols 89-99 fg=#c0caf5ff bg=#1a1b26ff bold=0 rev=0 ul=0 ulc=default link=0
row6: cols 0-99 fg=#c0caf5ff bg=#1a1b26ff bold=0 rev=0 ul=0 ulc=default link=0
row7: cols 0-70 fg=#c0caf5ff bg=#1a1b26ff bold=0 rev=0 ul=0 ulc=default link=0
row7: cols 71-76 fg=#3b4261ff bg=#1a1b26ff bold=0 rev=0 ul=0 ulc=default link=0
row7: cols 77-80 fg=#c0caf5ff bg=#1a1b26ff bold=0 rev=0 ul=0 ulc=default link=0
row7: cols 81-85 fg=#ff9e64ff bg=#1a1b26ff bold=0 rev=0 ul=0 ulc=default link=0
row7: cols 86-86 fg=#c0caf5ff bg=#1a1b26ff bold=0 rev=0 ul=0 ulc=default link=0
row7: cols 87-87 fg=#89ddffff bg=#1a1b26ff bold=0 rev=0 ul=0 ulc=default link=0
row7: cols 88-88 fg=#c0caf5ff bg=#1a1b26ff bold=0 rev=0 ul=0 ulc=default link=0
row7: cols 89-89 fg=#ff9e64ff bg=#1a1b26ff bold=0 rev=0 ul=0 ulc=default link=0
row7: cols 90-99 fg=#c0caf5ff bg=#1a1b26ff bold=0 rev=0 ul=0 ulc=default link=0
row8: cols 0-99 fg=#c0caf5ff bg=#1a1b26ff bold=0 rev=0 ul=0 ulc=default link=0
row9: cols 0-70 fg=#c0caf5ff bg=#1a1b26ff bold=0 rev=0 ul=0 ulc=default link=0
row9: cols 71-72 fg=#3b4261ff bg=#1a1b26ff bold=0 rev=0 ul=0 ulc=default link=0
row9: cols 73-76 fg=#ff9e64ff bg=#1a1b26ff bold=0 rev=0 ul=0 ulc=default link=0
row9: cols 77-80 fg=#c0caf5ff bg=#292e42ff bold=0 rev=0 ul=0 ulc=default link=0
row9: cols 81-85 fg=#ff9e64ff bg=#292e42ff bold=0 rev=0 ul=0 ulc=default link=0
row9: cols 86-86 fg=#c0caf5ff bg=#292e42ff bold=0 rev=0 ul=0 ulc=default link=0
row9: cols 87-87 fg=#89ddffff bg=#292e42ff bold=0 rev=0 ul=0 ulc=default link=0
row9: cols 88-88 fg=#c0caf5ff bg=#292e42ff bold=0 rev=0 ul=0 ulc=default link=0
row9: cols 89-89 fg=#ff9e64ff bg=#292e42ff bold=0 rev=0 ul=0 ulc=default link=0
row9: cols 90-99 fg=#c0caf5ff bg=#292e42ff bold=0 rev=0 ul=0 ulc=default link=0
row10: cols 0-99 fg=#c0caf5ff bg=#292e42ff bold=0 rev=0 ul=0 ulc=default link=0
row11: cols 0-70 fg=#c0caf5ff bg=#292e42ff bold=0 rev=0 ul=0 ulc=default link=0
row11: cols 71-76 fg=#3b4261ff bg=#1a1b26ff bold=0 rev=0 ul=0 ulc=default link=0
row11: cols 77-99 fg=#c0caf5ff bg=#1a1b26ff bold=0 rev=0 ul=0 ulc=default link=0
row12: cols 0-99 fg=#c0caf5ff bg=#1a1b26ff bold=0 rev=0 ul=0 ulc=default link=0
row13: cols 0-70 fg=#c0caf5ff bg=#1a1b26ff bold=0 rev=0 ul=0 ulc=default link=0
row13: cols 71-76 fg=#3b4261ff bg=#1a1b26ff bold=0 rev=0 ul=0 ulc=default link=0
row13: cols 77-99 fg=#c0caf5ff bg=#1a1b26ff bold=0 rev=0 ul=0 ulc=default link=0
row14: cols 0-70 fg=#c0caf5ff bg=#1a1b26ff bold=0 rev=0 ul=0 ulc=default link=0
row14: cols 71-71 fg=#e0af68ff bg=#1a1b26ff bold=0 rev=0 ul=0 ulc=default link=0
row14: cols 72-72 fg=#c0caf5ff bg=#283457ff bold=0 rev=0 ul=0 ulc=default link=0
row14: cols 73-74 fg=#15161eff bg=#7aa2f7ff bold=0 rev=0 ul=0 ulc=default link=0
row14: cols 75-75 fg=#1abc9cff bg=#292e42ff bold=0 rev=0 ul=0 ulc=default link=0
row14: cols 76-76 fg=#2ac3deff bg=#292e42ff bold=0 rev=0 ul=0 ulc=default link=0
row14: cols 77-79 fg=#2ac3deff bg=#1a1b26ff bold=0 rev=0 ul=0 ulc=default link=0
row14: cols 80-81 fg=#ff9e64ff bg=#16161eff bold=0 rev=0 ul=0 ulc=default link=0
row14: cols 82-99 fg=#a9b1d6ff bg=#16161eff bold=0 rev=0 ul=0 ulc=default link=0
row15: cols 0-8 fg=#a9b1d6ff bg=#16161eff bold=0 rev=0 ul=0 ulc=default link=0
row15: cols 9-10 fg=#2ac3deff bg=#1a1b26ff bold=0 rev=0 ul=0 ulc=default link=0
row15: cols 11-11 fg=#c0caf5ff bg=#292e42ff bold=0 rev=0 ul=0 ulc=default link=0
row15: cols 12-12 fg=#15161eff bg=#7aa2f7ff bold=0 rev=0 ul=0 ulc=default link=0
row15: cols 13-13 fg=#1abc9cff bg=#292e42ff bold=0 rev=0 ul=0 ulc=default link=0
row15: cols 14-14 fg=#565f89ff bg=#16161eff bold=0 rev=0 ul=0 ulc=default link=0
row15: cols 15-99 fg=#a9b1d6ff bg=#16161eff bold=0 rev=0 ul=0 ulc=default link=0
links: none
scrollback:
line0: " " " " " " " " " " " " " " " " " " " " " " " " " " " " " " " " " " " " " " " " " " " " " " " " " " " " " " " " " " " " " " " " " " " " " " " " " " " " " " " " " " " " " " " " " " " " " " " " " " " " " " " " " " " " " " " " " " " " " " " " " " " " " " " " " " " " " " " " " " " " " " " " " " " " " " " " " " " " " " " " " " " " " " " " " " " " " " " " " " " " " " " " " " " " " " " " " " " " " " " "
line1: . . . . . . . . . . . . . . . . . . . . . . . . . . . . . . . . . . . . . . . . . . . . . . . . . . . . . . . . . . . . . . . . . . . . . . . . . . . . . . . . . . . . . . . . . . . . . . . . . . . " "
line2: " " " " " " " " " " " " " " " " " " " " " " " " " " " " " " " " " " " " " " " " " " " " " " " " " " " " " " " " " " " " " " " " " " " " " " " " " " " " " " " " " " " " " " " " " " " " " " " " " " " " " " " " " " " " " " " " " " " " " " " " " " " " " " " " " " " " " " " " " " " " " " " " " " " " " " " " " " " " " " " " " " " " " " " " " " " " " " " " " " " " " " " " " " " " " " " " " " " " " " .
line3: . . . . . . . . . . . . . . . . . . . . . . . . . . . . . . . . . . . . . . . . . . . . . . . . . . . . . . . . . . . . . . . . . . . . . . . . . . . . . . . . . . . . . . . . . . . . . . . . . . . " "
line4: " " " " " " " " " " " " " " " " " " " " " " " " " " " " " " " " " " " " " " " " " " " " " " " " " " " " " " " " " " " " " " " " " " " " " " " " " " " " " " " " " " " " " " " " " " " " " " " " " " " " " " " " " " " " " " " " " " " " " " " " " " " " " " " " " " " " " " " " " " " " " " " " " " " " " " " " " " " " " " " " " " " " " " " " " " " " " " " " " " " " " " " " " " " " " " " " " " " " " " .
line5: . . . . . . . . . . . . . . . . . . . . . . . . . . . . . . . . . . . . . . . . . . . . . . . . . . . . . . . . . . . . . . . . . . . . . . . . . . . . . . . . . . . . . . . . . . . . . . . . . . . " "
line6: " " " " " " " " " " " " " " " " " " " " " " " " " " " " " " " " " " " " " " " " " " " " " " " " " " " " " " " " " " " " " " " " " " " " " " " " " " " " " " " " " " " " " " " " " " " " " " " " " " " " " " " " " " " " " " " " " " " " " " " " " " " " " " " " " " " " " " " " " " " " " " " " " " " " " " " " " " " " " " " " " " " " " " " " " " " " " " " " " " " " " " " " " " " " " " " " " " " " " " .
line7: . . . . . . . . . . . . . . . . . . . . . . . . . . . . . . . . . . . . . . . . . . . . . . . . . . . . . . . . . . . . . . . . . . . . . . . . . . . . . . . . . . . . . . . . . . . . . . . . . . . " "
line8: " " " " " " " " " " " " " " " " " " " " " " " " " " " " " " " " " " " " " " " " " " " " " " " " " " " " " " " " " " " " " " " " " " " " " " " " " " " " " " " " " " " " " " " " " " " " " " " " " " " " " " " " " " " " " " " " " " " " " " " " " " " " " " " " " " " " " " " " " " " " " " " " " " " " " " " " " " " " " " " " " " " " " " " " " " " " " " " " " " " " " " " " " " " " " " " " " " " " " " .
line9: . . . . . . . . . . . . . . . . . . . . . . . . . . . . . . . . . . . . . . . . . . . . . . . . . . . . . . . . . . . . . . . . . . . . . . . . . . . . . . . . . . . . . . . . . . . . . . . . . . . " "
line10: " " " " " " " " " " " " " " " " " " " " " " " " " " " " " " " " " " " " " " " " " " " " " " " " " " " " " " " " " " " " " " " " " " " " " " " " " " " " " " " " " " " " " " " " " " " " " " " " " " " " " " " " " " " " " " " " " " " " " " " " " " " " " " " " " " " " " " " " " " " " " " " " " " " " " " " " " " " " " " " " " " " " " " " " " " " " " " " " " " " " " " " " " " " " " " " " " " " " " " .
line11: . . . . . . . . . . . . . . . . . . . . . . . . . . . . . . . . . . . . . . . . . . . . . . . . . . . . . . . . . . . . . . . . . . . . . . . . . . . . . . . . . . . . . . . . . . . . . . . . . . . " "
line12: " " " " " " " " " " " " " " " " " " " " " " " " " " " " " " " " " " " " " " " " " " " " " " " " " " " " " " " " " " " " " " " " " " " " " " " " " " " " " " " " " " " " " " " " " " " " " " " " " " " " " " " " " " " " " " " " " " " " " " " " " " " " " " " " " " " " " " " " " " " " " " " " " " " " " " " " " " " " " " " " " " " " " " " " " " " " " " " " " " " " " " " " " " " " " " " " " " " " " " .
line13: . . . . . . . . . . . . . . . . . . . . . . . . . . . . . . . . . . . . . . . . . . . . . . . . . . . . . . . . . . . . . . . . . . . . . . . . . . . . . . . . . . . . . . . . . . . . . . . . . . . " "
line14: " " " " " " " " " " " " " " " " " " " " " " " " " " " " " " " " " " " " " " " " " " " " " " " " " " " " " " " " " " " " " " " " " " " " " " " " " " " " " " " " " " " " " " " " " " " " " " " " " " " " " " " " " " " " " " " " " " " " " " " " " " " " " " " " " " " " " " " " " " " " " " " " " " " " " " " " " " " " " " " " " " " " " " " " " " " " " " " " " " " " " " " " " " " " " " " " " " " " " " .
line15: . . . . . . . . . . . . . . . . . . . . . . . . . . . . . . . . . . . . . . . . . . . . . . . . . . . . . . . . . . . . . . . . . . . . . . . . . . . . . . . . . . . . . . . . . . . . . . . . . . . " "
line16: " " " " " " " " " " " " " " " " " " " " " " " " " " " " " " " " " " " " " " " " " " " " " " " " " " " " " " " " " " " " " " " " " " " " " " " " " " " " " " " " " " " " " " " " " " " " " " " " " " " " " " " " " " " " " " " " " " " " " " " " " " " " " " " " " " " " " " " " " " " " " " " " " " " " " " " " " " " " " " " " " " " " " " " " " " " " " " " " " " " " " " " " " " " " " " " " " " " " " " .
line17: . . . . . . . . . . . . . . . . . . . . . . . . . . . . . . . . . . . . . . . . . . . . . . . . . . . . . . . . . . . . . . . . . . . . . . . . . . . . . . . . . . . . . . . . . . . . . . . . . . . " "
line18: " " " " " " " " " " " " " " " " " " " " " " " " " " " " " " " " " " " " " " " " " " " " " " " " " " " " " " " " " " " " " " " " " " " " " " " " " " " " " " " " " " " " " " " " " " " " " " " " " " " " " " " " " " " " " " " " " " " " " " " " " " " " " " " " " " " " " " " " " " " " " " " " " " " " " " " " " " " " " " " " " " " " " " " " " " " " " " " " " " " " " " " " " " " " " " " " " " " " " " .
line19: . . . . . . . . . . . . . . . . . . . . . . . . . . . . . . . . . . . . . . . . . . . . . . . . . . . . . . . . . . . . . . . . . . . . . . . . . . . . . . . . . . . . . . . . . . . . . . . . . . . " "
line20: " " " " " " " " " " " " " " " " " " " " " " " " " " " " " " " " " " " " " " " " " " " " " " " " " " " " " " " " " " " " " " " " " " " " " " " " " " " " " " " " " " " " " " " " " " " " " " " " " " " " " " " " " " " " " " " " " " " " " " " " " " " " " " " " " " " " " " " " " " " " " " " " " " " " " " " " " " " " " " " " " " " " " " " " " " " " " " " " " " " " " " " " " " " " " " " " " " " " " " .
line21: . . . . . . . . . . . . . . . . . . . . . . . . . . . . . . . . . . . . . . . . . . . . . . . . . . . . . . . . . . . . . . . . . . . . . . . . . . . . . . . . . . . . . . . . . . . . . . . . . . . " "
line22: " " " " " " " " " " " " " " " " " " " " " " " " " " " " " " " " " " " " " " " " " " " " " " " " " " " " " " " " " " " " " " " " " " " " " " " " " " " " " " " " " " " " " " " " " " " " " " " " " " " " " " " " " " " " " " " " " " " " " " " " " " " " " " " " " " " " " " " " " " " " " " " " " " " " " " " " " " " " " " " " " " " " " " " " " " " " " " " " " " " " " " " " " " " " " " " " " " " " " " .
line23: . . . . . . . . . . . . . . . . . . . . . . . . . . . . . . . . . . . . . . . . . . . . . . . . . . . . . . . . . . . . . . . . . . . . . . . . . . . . . . . . . . . . . . . . . . . . . . . . . . . " "
line24: " " " " " " " " " " " " " " " " " " " " " " " " " " " " " " " " " " " " " " " " " " " " " " " " " " " " " " " " " " " " " " " " " " " " " " " " " " " " " " " " " " " " " " " " " " " " " " " " " " " " " " " " " " " " " " " " " " " " " " " " " " " " " " " " " " " " " " " " " " " " " " " " " " " " " " " " " " " " " " " " " " " " " " " " " " " " " " " " " " " " " " " " " " " " " " " " " " " " " " .
line25: . . . . . . . . . . . . . . . . . . . . . . . . . . . . . . . . . . . . . . . . . . . . . . . . . . . . . . . . . . . . . . . . . . . . . . . . . . . . . . . . . . . . . . . . . . . . . . . . . . . " "
line26: " " " " " " " " " " " " " " " " " " " " " " " " " " " " " " " " " " " " " " " " " " " " " " " " " " " " " " " " " " " " " " " " " " " " " " " " " " " " " " " " " " " " " " " " " " " " " " " " " " " " " " " " " " " " " " " " " " " " " " " " " " " " " " " " " " " " " " " " " " " " " " " " " " " " " " " " " " " " " " " " " " " " " " " " " " " " " " " " " " " " " " " " " " " " " " " " " " " " " " .
line27: . . . . . . . . . . . . . . . . . . . . . . . . . . . . . . . . . . . . . . . . . . . . . . . . . . . . . . . . . . . . . . . . . . . . . . . . . . . . . . . . . . . . . . . . . . . . . . . . . . . " "
line28: " " " " " " " " " " " " " " " " " " " " " " " " " " " " " " " " " " " " " " " " " " " " " " " " " " " " " " " " " " " " " " " " " " " " " " " " " " " " " " " " " " " " " " " " " " " " " " " " " " " " " " " " " " " " " " " " " " " " " " " " " " " " " " " " " " " " " " " " " " " " " " " " " " " " " " " " " " " " " " " " " " " " " " " " " " " " " " " " " " " " " " " " " " " " " " " " " " " " " " .
line29: . . . . . . . . . . . . . . . . . . . . . . . . . . . . . . . . . . . . . . . . . . . . . . . . . . . . . . . . . . . . . . . . . . . . . . . . . . . . . . . . . . . . . . . . . . . . . . . . . . . " "
line30: " " " " " " " " " " " " " " " " " " " " " " " " " " " " " " " " " " " " " " " " " " " " " " " " " " " " " " " " " " " " " " " " " " " " " " " " " " " " " " " " " " " " " " " " " " " " " " " " " " " " " " " " " " " " " " " " " " " " " " " " " " " " " " " " " " " " " " " " " " " " " " " " " " " " " " " " " " " " " " " " " " " " " " " " " " " " " " " " " " " " " " " " " " " " " " " " " " " " " " .
line31: . . . . . . . . . . . . . . . . . . . . . . . . . . . . . . . . . . . . . . . . . . . . . . . . . . . . . . . . . . . . . . . . . . . . . . . . . . . . . . . . . . . . . . . . . . . . . . . . . . . " "
line32: " " " " " " "1" " " "c" "o" "n" "s" "t" " " "b" "u" "i" "l" "t" "i" "n" " " "=" " " "@" "i" "m" "p" "o" "r" "t" "(" "\"" "b" "u" "i" "l" "t" "i" "n" "\"" ")" ";" " " " " " " " " " " " " " " " " " " " " " " " " " " " " " " " " " " " " " " " " " " " " " " " " " " " " " " " " " " " " " " " " " " " " " " " " " " " " " " " " " " " " " " " " " " " " " " " " " " " " " " " " " " " " " " " " " " " " " " .
line33: . . . . . . . . . . . . . . . . . . . . . . . . . . . . . . . . . . . . . . . . . . . . . . . . . . . . . . . . . . . . . . . . . . . . . . . . . . . . . . . . . . . . . . . . . . . . . . . . . . . " "
line34: " " " " " " "2" " " "c" "o" "n" "s" "t" " " "s" "t" "d" " " "=" " " "@" "i" "m" "p" "o" "r" "t" "(" "\"" "s" "t" "d" "\"" ")" ";" " " " " " " " " " " " " " " " " " " " " " " " " " " " " " " " " " " " " " " " " " " " " " " " " " " " " " " " " " " " " " " " " " " " " " " " " " " " " " " " " " " " " " " " " " " " " " " " " " " " " " " " " " " " " " " " " " " " " " " " " " " " " " " " " " " " " " " .
line35: . . . . . . . . . . . . . . . . . . . . . . . . . . . . . . . . . . . . . . . . . . . . . . . . . . . . . . . . . . . . . . . . . . . . . . . . . . . . . . . . . . . . . . . . . . . . . . . . . . . " "
line36: " " " " " " "3" " " " " " " " " " " " " " " " " " " " " " " " " " " " " " " " " " " " " " " " " " " " " " " " " " " " " " " " " " " " " " " " " " " " " " " " " " " " " " " " " " " " " " " " " " " " " " " " " " " " " " " " " " " " " " " " " " " " " " " " " " " " " " " " " " " " " " " " " " " " " " " " " " " " " " " " " " " " " " " " " " " " " " " " " " " " " " " " " " " " " " " " " " " " " " " .
line37: . . . . . . . . . . . . . . . . . . . . . . . . . . . . . . . . . . . . . . . . . . . . . . . . . . . . . . . . . . . . . . . . . . . . . . . . . . . . . . . . . . . . . . . . . . . . . . . . . . . " "
line38: " " " " " " "4" " " "v" "a" "r" " " "l" "o" "g" "_" "f" "i" "l" "e" ":" " " "?" "s" "t" "d" "." "f" "s" "." "F" "i" "l" "e" " " "=" " " "n" "u" "l" "l" ";" " " " " " " " " " " " " " " " " " " " " " " " " " " " " " " " " " " " " " " " " " " " " " " " " " " " " " " " " " " " " " " " " " " " " " " " " " " " " " " " " " " " " " " " " " " " " " " " " " " " " " " " " " " " " " " " " " " " " " " " " .
line39: . . . . . . . . . . . . . . . . . . . . . . . . . . . . . . . . . . . . . . . . . . . . . . . . . . . . . . . . . . . . . . . . . . . . . . . . . . . . . . . . . . . . . . . . . . . . . . . . . . . " "
line40: " " " " " " "5" " " "v" "a" "r" " " "l" "o" "g" "_" "m" "u" "t" "e" "x" ":" " " "s" "t" "d" "." "T" "h" "r" "e" "a" "d" "." "M" "u" "t" "e" "x" " " "=" " " "." "{" "}" ";" " " " " " " " " " " " " " " " " " " " " " " " " " " " " " " " " " " " " " " " " " " " " " " " " " " " " " " " " " " " " " " " " " " " " " " " " " " " " " " " " " " " " " " " " " " " " " " " " " " " " " " " " " " " " " " " " .
line41: . . . . . . . . . . . . . . . . . . . . . . . . . . . . . . . . . . . . . . . . . . . . . . . . . . . . . . . . . . . . . . . . . . . . . . . . . . . . . . . . . . . . . . . . . . . . . . . . . . . " "
line42: " " " " " " "6" " " "v" "a" "r" " " "l" "o" "g" "_" "f" "i" "l" "t" "e" "r" "_" "f" "i" "l" "e" ":" " " "?" "[" "]" "u" "8" " " "=" " " "n" "u" "l" "l" ";" " " " " " " " " " " " " " " " " " " " " " " " " " " " " " " " " " " " " " " " " " " " " " " " " " " " " " " " " " " " " " " " " " " " " " " " " " " " " " " " " " " " " " " " " " " " " " " " " " " " " " " " " " " " " " " " " " " " " " " " " .
line43: . . . . . . . . . . . . . . . . . . . . . . . . . . . . . . . . . . . . . . . . . . . . . . . . . . . . . . . . . . . . . . . . . . . . . . . . . . . . . . . . . . . . . . . . . . . . . . . . . . . " "
line44: " " " " " " "7" " " "v" "a" "r" " " "l" "o" "g" "_" "f" "i" "l" "t" "e" "r" "_" "c" "o" "n" "s" "o" "l" "e" ":" " " "?" "[" "]" "u" "8" " " "=" " " "n" "u" "l" "l" ";" " " " " " " " " " " " " " " " " " " " " " " " " " " " " " " " " " " " " " " " " " " " " " " " " " " " " " " " " " " " " " " " " " " " " " " " " " " " " " " " " " " " " " " " " " " " " " " " " " " " " " " " " " " " " " " " " " " .
line45: . . . . . . . . . . . . . . . . . . . . . . . . . . . . . . . . . . . . . . . . . . . . . . . . . . . . . . . . . . . . . . . . . . . . . . . . . . . . . . . . . . . . . . . . . . . . . . . . . . . " "
line46: " " " " " " "8" " " "v" "a" "r" " " "l" "o" "g" "_" "l" "e" "v" "e" "l" "_" "f" "i" "l" "e" ":" " " "L" "e" "v" "e" "l" " " "=" " " "." "i" "n" "f" "o" ";" " " " " " " " " " " " " " " " " " " " " " " " " " " " " " " " " " " " " " " " " " " " " " " " " " " " " " " " " " " " " " " " " " " " " " " " " " " " " " " " " " " " " " " " " " " " " " " " " " " " " " " " " " " " " " " " " " " " " " " " " .
line47: . . . . . . . . . . . . . . . . . . . . . . . . . . . . . . . . . . . . . . . . . . . . . . . . . . . . . . . . . . . . . . . . . . . . . . . . . . . . . . . . . . . . . . . . . . . . . . . . . . . " "
line48: " " " " " " "9" " " "v" "a" "r" " " "l" "o" "g" "_" "l" "e" "v" "e" "l" "_" "c" "o" "n" "s" "o" "l" "e" ":" " " "L" "e" "v" "e" "l" " " "=" " " "." "i" "n" "f" "o" ";" " " " " " " " " " " " " " " " " " " " " " " " " " " " " " " " " " " " " " " " " " " " " " " " " " " " " " " " " " " " " " " " " " " " " " " " " " " " " " " " " " " " " " " " " " " " " " " " " " " " " " " " " " " " " " " " " " " .
line49: . . . . . . . . . . . . . . . . . . . . . . . . . . . . . . . . . . . . . . . . . . . . . . . . . . . . . . . . . . . . . . . . . . . . . . . . . . . . . . . . . . . . . . . . . . . . . . . . . . . " "
line50: " " " " "1" "0" " " "v" "a" "r" " " "l" "o" "g" "_" "l" "e" "v" "e" "l" "_" "o" "v" "e" "r" "r" "i" "d" "e" "s" "_" "f" "i" "l" "e" ":" " " "?" "[" "]" "u" "8" " " "=" " " "n" "u" "l" "l" ";" " " " " " " " " " " " " " " " " " " " " " " " " " " " " " " " " " " " " " " " " " " " " " " " " " " " " " " " " " " " " " " " " " " " " " " " " " " " " " " " " " " " " " " " " " " " " " " " " " " " " " " .
line51: . . . . . . . . . . . . . . . . . . . . . . . . . . . . . . . . . . . . . . . . . . . . . . . . . . . . . . . . . . . . . . . . . . . . . . . . . . . . . . . . . . . . . . . . . . . . . . . . . . . " "
line52: " " " " "1" "1" " " "v" "a" "r" " " "l" "o" "g" "_" "l" "e" "v" "e" "l" "_" "o" "v" "e" "r" "r" "i" "d" "e" "s" "_" "c" "o" "n" "s" "o" "l" "e" ":" " " "?" "[" "]" "u" "8" " " "=" " " "n" "u" "l" "l" ";" " " " " " " " " " " " " " " " " " " " " " " " " " " " " " " " " " " " " " " " " " " " " " " " " " " " " " " " " " " " " " " " " " " " " " " " " " " " " " " " " " " " " " " " " " " " " " " " " .
line53: . . . . . . . . . . . . . . . . . . . . . . . . . . . . . . . . . . . . . . . . . . . . . . . . . . . . . . . . . . . . . . . . . . . . . . . . . . . . . . . . . . . . . . . . . . . . . . . . . . . " "
line54: " " " " "1" "2" " " "v" "a" "r" " " "l" "o" "g" "_" "s" "t" "a" "r" "t" "_" "n" "s" ":" " " "i" "1" "2" "8" " " "=" " " "0" ";" " " " " " " " " " " " " " " " " " " " " " " " " " " " " " " " " " " " " " " " " " " " " " " " " " " " " " " " " " " " " " " " " " " " " " " " " " " " " " " " " " " " " " " " " " " " " " " " " " " " " " " " " " " " " " " " " " " " " " " " " " " " " " " " " " " " " " " .
line55: . . . . . . . . . . . . . . . . . . . . . . . . . . . . . . . . . . . . . . . . . . . . . . . . . . . . . . . . . . . . . . . . . . . . . . . . . . . . . . . . . . . . . . . . . . . . . . . . . . . " "
line56: " " " " "1" "3" " " " " " " " " " " " " " " " " " " " " " " " " " " " " " " " " " " " " " " " " " " " " " " " " " " " " " " " " " " " " " " " " " " " " " " " " " " " " " " " " " " " " " " " " " " " " " " " " " " " " " " " " " " " " " " " " " " " " " " " " " " " " " " " " " " " " " " " " " " " " " " " " " " " " " " " " " " " " " " " " " " " " " " " " " " " " " " " " " " " " " " " " " " " " " " " "
line57: " " " " " " " " " " " " " " " " " " " " " " " " " " " " " " " " " " " " " " " " " " " " " " " " " " " " " " " " " " " " " " " " " " " " " " " " " " " " " " " " " " " " " " " " " " " " " " " " " " " " " " " " " " " " " " " " " " " " " " " " " " " " " " " " " " " " " " " " " " " " " " " " " " " " " " " " " " " " " " " " " " " " " " " " " " " " " " " " " " " " " " " " " " " " " " " " " " " " " " .
line58: . . . . . . . . . . . . . . . . . . . . . . . . . . . . . . . . . . . . . . . . . . . . . . . . . . . . . . . . . . . . . . . . . . . . . . . . . . . . . . . . . . . . . . . . . . . . . . . . . . . " "
line59: " " " " " " "1" " " "c" "o" "n" "s" "t" " " "b" "u" "i" "l" "t" "i" "n" " " "=" " " "@" "i" "m" "p" "o" "r" "t" "(" "\"" "b" "u" "i" "l" "t" "i" "n" "\"" ")" ";" " " " " " " " " " " " " " " " " " " " " " " " " " " " " " " " " " " " " " " " " " " " " " " " " " " " " " " " " " " " " " " " " " " " " " " " " " " " " " " " " " " " " " " " " " " " " " " " " " " " " " " " " " " " " " " " " " " " " " " .
line60: . . . . . . . . . . . . . . . . . . . . . . . . . . . . . . . . . . . . . . . . . . . . . . . . . . . . . . . . . . . . . . . . . . . . . . . . . . . . . . . . . . . . . . . . . . . . . . . . . . . " "
line61: " " " " " " "2" " " "c" "o" "n" "s" "t" " " "s" "t" "d" " " "=" " " "@" "i" "m" "p" "o" "r" "t" "(" "\"" "s" "t" "d" "\"" ")" ";" " " " " " " " " " " " " " " " " " " " " " " " " " " " " " " " " " " " " " " " " " " " " " " " " " " " " " " " " " " " " " " " " " " " " " " " " " " " " " " " " " " " " " " " " " " " " " " " " " " " " " " " " " " " " " " " " " " " " " " " " " " " " " " " " " " " " " " .
line62: . . . . . . . . . . . . . . . . . . . . . . . . . . . . . . . . . . . . . . . . . . . . . . . . . . . . . . . . . . . . . . . . . . . . . . . . . . . . . . . . . . . . . . . . . . . . . . . . . . . " "
line63: " " " " " " "3" " " " " " " " " " " " " " " " " " " " " " " " " " " " " " " " " " " " " " " " " " " " " " " " " " " " " " " " " " " " " " " " " " " " " " " " " " " " " " " " " " " " " " " " " " " " " " " " " " " " " " " " " " " " " " " " " " " " " " " " " " " " " " " " " " " " " " " " " " " " " " " " " " " " " " " " " " " " " " " " " " " " " " " " " " " " " " " " " " " " " " " " " " " " " " " .
line64: . . . . . . . . . . . . . . . . . . . . . . . . . . . . . . . . . . . . . . . . . . . . . . . . . . . . . . . . . . . . . . . . . . . . . . . . . . . . . . . . . . . . . . . . . . . . . . . . . . . " "
line65: " " " " " " "4" " " "v" "a" "r" " " "l" "o" "g" "_" "f" "i" "l" "e" ":" " " "?" "s" "t" "d" "." "f" "s" "." "F" "i" "l" "e" " " "=" " " "n" "u" "l" "l" ";" " " " " " " " " " " " " " " " " " " " " " " " " " " " " " " " " " " " " " " " " " " " " " " " " " " " " " " " " " " " " " " " " " " " " " " " " " " " " " " " " " " " " " " " " " " " " " " " " " " " " " " " " " " " " " " " " " " " " " " " " .
line66: . . . . . . . . . . . . . . . . . . . . . . . . . . . . . . . . . . . . . . . . . . . . . . . . . . . . . . . . . . . . . . . . . . . . . . . . . . . . . . . . . . . . . . . . . . . . . . . . . . . " "
line67: " " " " " " "5" " " "v" "a" "r" " " "l" "o" "g" "_" "m" "u" "t" "e" "x" ":" " " "s" "t" "d" "." "T" "h" "r" "e" "a" "d" "." "M" "u" "t" "e" "x" " " "=" " " "." "{" "}" ";" " " " " " " " " " " " " " " " " " " " " " " " " " " " " " " " " " " " " " " " " " " " " " " " " " " " " " " " " " " " " " " " " " " " " " " " " " " " " " " " " " " " " " " " " " " " " " " " " " " " " " " " " " " " " " " " " .
line68: . . . . . . . . . . . . . . . . . . . . . . . . . . . . . . . . . . . . . . . . . . . . . . . . . . . . . . . . . . . . . . . . . . . . . . . . . . . . . . . . . . . . . . . . . . . . . . . . . . . " "
line69: " " " " " " "6" " " "v" "a" "r" " " "l" "o" "g" "_" "f" "i" "l" "t" "e" "r" "_" "f" "i" "l" "e" ":" " " "?" "[" "]" "u" "8" " " "=" " " "n" "u" "l" "l" ";" " " " " " " " " " " " " " " " " " " " " " " " " " " " " " " " " " " " " " " " " " " " " " " " " " " " " " " " " " " " " " " " " " " " " " " " " " " " " " " " " " " " " " " " " " " " " " " " " " " " " " " " " " " " " " " " " " " " " " " " " .
line70: . . . . . . . . . . . . . . . . . . . . . . . . . . . . . . . . . . . . . . . . . . . . . . . . . . . . . . . . . . . . . . . . . . . . . . . . . . . . . . . . . . . . . . . . . . . . . . . . . . . " "
line71: " " " " " " "7" " " "v" "a" "r" " " "l" "o" "g" "_" "f" "i" "l" "t" "e" "r" "_" "c" "o" "n" "s" "o" "l" "e" ":" " " "?" "[" "]" "u" "8" " " "=" " " "n" "u" "l" "l" ";" " " " " " " " " " " " " " " " " " " " " " " " " " " " " " " " " " " " " " " " " " " " " " " " " " " " " " " " " " " " " " " " " " " " " " " " " " " " " " " " " " " " " " " " " " " " " " " " " " " " " " " " " " " " " " " " " " " .
line72: . . . . . . . . . . . . . . . . . . . . . . . . . . . . . . . . . . . . . . . . . . . . . . . . . . . . . . . . . . . . . . . . . . . . . . . . . . . . . . . . . . . . . . . . . . . . . . . . . . . " "
line73: " " " " " " "8" " " "v" "a" "r" " " "l" "o" "g" "_" "l" "e" "v" "e" "l" "_" "f" "i" "l" "e" ":" " " "L" "e" "v" "e" "l" " " "=" " " "." "i" "n" "f" "o" ";" " " " " " " " " " " " " " " " " " " " " " " " " " " " " " " " " " " " " " " " " " " " " " " " " " " " " " " " " " " " " " " " " " " " " " " " " " " " " " " " " " " " " " " " " " " " " " " " " " " " " " " " " " " " " " " " " " " " " " " " " .
line74: . . . . . . . . . . . . . . . . . . . . . . . . . . . . . . . . . . . . . . . . . . . . . . . . . . . . . . . . . . . . . . . . . . . . . . . . . . . . . . . . . . . . . . . . . . . . . . . . . . . " "
line75: " " " " " " "9" " " "v" "a" "r" " " "l" "o" "g" "_" "l" "e" "v" "e" "l" "_" "c" "o" "n" "s" "o" "l" "e" ":" " " "L" "e" "v" "e" "l" " " "=" " " "." "i" "n" "f" "o" ";" " " " " " " " " " " " " " " " " " " " " " " " " " " " " " " " " " " " " " " " " " " " " " " " " " " " " " " " " " " " " " " " " " " " " " " " " " " " " " " " " " " " " " " " " " " " " " " " " " " " " " " " " " " " " " " " " " " .
line76: . . . . . . . . . . . . . . . . . . . . . . . . . . . . . . . . . . . . . . . . . . . . . . . . . . . . . . . . . . . . . . . . . . . . . . . . . . . . . . . . . . . . . . . . . . . . . . . . . . . " "
line77: " " " " "1" "0" " " "v" "a" "r" " " "l" "o" "g" "_" "l" "e" "v" "e" "l" "_" "o" "v" "e" "r" "r" "i" "d" "e" "s" "_" "f" "i" "l" "e" ":" " " "?" "[" "]" "u" "8" " " "=" " " "n" "u" "l" "l" ";" " " " " " " " " " " " " " " " " " " " " " " " " " " " " " " " " " " " " " " " " " " " " " " " " " " " " " " " " " " " " " " " " " " " " " " " " " " " " " " " " " " " " " " " " " " " " " " " " " " " " " " .
line78: . . . . . . . . . . . . . . . . . . . . . . . . . . . . . . . . . . . . . . . . . . . . . . . . . . . . . . . . . . . . . . . . . . . . . . . . . . . . . . . . . . . . . . . . . . . . . . . . . . . " "
line79: " " " " "1" "1" " " "v" "a" "r" " " "l" "o" "g" "_" "l" "e" "v" "e" "l" "_" "o" "v" "e" "r" "r" "i" "d" "e" "s" "_" "c" "o" "n" "s" "o" "l" "e" ":" " " "?" "[" "]" "u" "8" " " "=" " " "n" "u" "l" "l" ";" " " " " " " " " " " " " " " " " " " " " " " " " " " " " " " " " " " " " " " " " " " " " " " " " " " " " " " " " " " " " " " " " " " " " " " " " " " " " " " " " " " " " " " " " " " " " " " " " .
line80: . . . . . . . . . . . . . . . . . . . . . . . . . . . . . . . . . . . . . . . . . . . . . . . . . . . . . . . . . . . . . . . . . . . . . . . . . . . . . . . . . . . . . . . . . . . . . . . . . . . " "
line81: " " " " "1" "2" " " "v" "a" "r" " " "l" "o" "g" "_" "s" "t" "a" "r" "t" "_" "n" "s" ":" " " "i" "1" "2" "8" " " "=" " " "0" ";" " " " " " " " " " " " " " " " " " " " " " " " " " " " " " " " " " " " " " " " " " " " " " " " " " " " " " " " " " " " " " " " " " " " " " " " " " " " " " " " " " " " " " " " " " " " " " " " " " " " " " " " " " " " " " " " " " " " " " " " " " " " " " " " " " " " " " " .
line82: . . . . . . . . . . . . . . . . . . . . . . . . . . . . . . . . . . . . . . . . . . . . . . . . . . . . . . . . . . . . . . . . . . . . . . . . . . . . . . . . . . . . . . . . . . . . . . . . . . . " "
line83: " " " " "1" "3" " " " " " " " " " " " " " " " " " " " " " " " " " " " " " " " " " " " " " " " " " " " " " " " " " " " " " " " " " " " " " " " " " " " " " " " " " " " " " " " " " " " " " " " " " " " " " " " " " " " " " " " " " " " " " " " " " " " " " " " " " " " " " " " " " " " " " " " " " " " " " " " " " " " " " " " " " " " " " " " " " " " " " " " " " " " " " " " " " " " " " " " " " " " " " " .
line84: . . . . . . . . . . . . . . . . . . . . . . . . . . . . . . . . . . . . . . . . . . . . . . . . . . . . . . . . . . . . . . . . . . . . . . . . . . . . . . . . . . . . . . . . . . . . . . . . . . . " "
line85: " " " " " " " " " " " " " " " " " " " " " " " " " " " " " " " " " " " " " " " " " " " " " " " " " " " " " " " " " " " " " " " " " " " " " " " " " " " " " " " " " " " " " " " " " " " " " " " " " " " " " " " " " " " " " " " " " " " " " " " " " " " " " " " " " " " " " " " " " " " " " " " " " " " " " " " " " " " " " " " " " " " " " " " " " " " " " " " " " " " " " " " " " " " " " " " " " " " " " " .
line86: . . . . . . . . . . . . . . . . . . . . . . . . . . . . . . . . . . . . . . . . . . . . . . . . . . . . . . . . . . . . . . . . . . . . . . . . . . . . . . . . . . . . . . . . . . . . . . . . . . . " "
line87: " " " " " " " " " " " " " " " " " " " " " " " " " " " " " " " " " " " " " " " " " " " " " " " " " " " " " " " " " " " " " " " " " " " " " " " " " " " " " " " " " " " " " " " " " " " " " " " " " " " " " " " " " " " " " " " " " " " " " " " " " " " " " " " " " " " " " " " " " " " " " " " " " " " " " " " " " " " " " " " " " " " " " " " " " " " " " " " " " " " " " " " " " " " " " " " " " " " " " " " "
line88: "" " " "a" "p" "p" "_" "l" "o" "g" "g" "e" "r" "." "z" "i" "g" " " " " " " " " " " " " " " " " " " " " " " " " " " " " " " " " " " " " " " " " " " " " " " " " " " " " " " " " " " " " " " " " " " " " " " " " " " " " " " " " " " " " " " " " " " " " " " " " " " " " " " " " " " " " " " " " " " " " " " " " " " " " " " " " " " " " " " " " " " " " " " " " " " " " " " " " " " " " " " " " " " " " " " .
line89: . . . . . . . . . . . . . . . . . . . . . . . . . . . . . . . . . . . . . . . . . . . . . . . . . . . . . . . . . . . . . . . . . . . . . . . . . . . . . . . . . . . . . . . . . . . . . . . . . . . "s"
line90: "r" "c" "/" "a" "p" "p" "_" "l" "o" "g" "g" "e" "r" "." "z" "i" "g" " " " " " " " " " " " " " " " " " " " " " " " " " " " " " " " " " " " " " " " " " " " " " " " " " " " " " " " " " " " " " " " " " " " " " " " " " " " " " " " " " " " " " " " " " " " " " " " " " " " " " " " " " " " " " " " " " " " " " " " " " " " " " " " " "1" "1" "," "1" " " " " " " " " " " " " " " " " " " " " " " "T" "o" "p" .
line91: . . . . . . . . . . . . . . . . . . . . . . . . . . . . . . . . . . . . . . . . . . . . . . . . . . . . . . . . . . . . . . . . . . . . . . . . . . . . . . . . . . . . . . . . . . . . . . . . . . . " "
line92: " " " " " " " " " " " " " " " " " " " " " " " " " " " " " " " " " " " " " " " " " " " " " " " " " " " " " " " " " " " " " " " " " " " " " " " " " " " " " " " " " " " " " " " " " " " " " " " " " " " " " " " " " " " " " " " " " " " " " " " " " " " " " " " " " " " " " " " " " " " " " " " " " " " " " " " " " " " " " " " " " " " " " " " " " " " " " " " " " " " " " " " " " " " " " " " " " " " " " " " "
line93: " " " " " " " " " " " " " " " " " " " " " " " " " " " " " " " " " " " " " " " " " " " " " " " " " " " " " " " " " " " " " " " " " " " " " " " " " " " " " " " " " " " " " " " " " " " " " " " " " " " " " " " " " " " " " " " " " " " " " " " " " " " " " " " " " " " " " " " " " " " " " " " " " " " " " " " " " " " " " " " " " " " " " " " " " " " " " " " " " " " " " " " " " " " " " " " " " " " " " " .
line94: . . . . . . . . . . . . . . . . . . . . . . . . . . . . . . . . . . . . . . . . . . . . . . . . . . . . . . . . . . . . . . . . . . . . . . . . . . . . . . . . . . . . . . . . . . . . . . . . . . . " "
line95: " " " " " " " " " " " " " " " " " " " " " " " " " " " " " " " " " " " " " " " " " " " " " " " " " " " " " " " " " " " " " " " " " " " " " " " " " " " " " " " " " " " " " " " " " " " " " " " " " " " " " " " " " " " " " " " " " " " " " " " " " " " " " " " " " " " " " " " " " " " " " " " " " " " " " " " " " " " " " " " " " " " " " " " " " " " " " " " " " " " " " " " " " " " " " " " " " " " " " " .
line96: . . . . . . . . . . . . . . . . . . . . . . . . . . . . . . . . . . . . . . . . . . . . . . . . . . . . . . . . . . . . . . . . . . . . . . . . . . . . . . . . . . . . . . . . . . . . . . . . . . . " "
line97: " " " " " " " " " " " " " " " " " " " " " " " " " " " " " " " " " " " " " " " " " " " " " " " " " " " " " " " " " " " " " " " " " " " " " " " " " " " " " " " " " " " " " " " " " " " " " " " " " " " " " " " " " " " " " " " " " " " " " " " " " " " " " " " " " " " " " " " " " " " " " " " " " " " " " " " " " " " " " " " " " " " " " " " " " " " " " " " " " " " " " " " " " " " " " " " " " " " " " " .
line98: . . . . . . . . . . . . . . . . . . . . . . . . . . . . . . . . . . . . . . . . . . . . . . . . . . . . . . . . . . . . . . . . . . . . . . . . . . . . . . . . . . . . . . . . . . . . . . . . . . . " "
line99: " " " " " " " " " " " " " " " " " " " " " " " " " " " " " " " " " " " " " " " " " " " " " " " " " " " " " " " " " " " " " " " " " " " " " " " " " " " " " " " " " " " " " " " " " " " " " " " " " " " " " " " " " " " " " " " " " " " " " " " " " " " " " " " " " " " " " " " " " " " " " " " " " " " " " " " " " " " " " " " " " " " " " " " " " " " " " " " " " " " " " " " " " " " " " " " " " " " " " " .
line100: . . . . . . . . . . . . . . . . . . . . . . . . . . . . . . . . . . . . . . . . . . . . . . . . . . . . . . . . . . . . . . . . . . . . . . . . . . . . . . . . . . . . . . . . . . . . . . . . . . . " "
line101: " " " " " " " " " " " " " " " " " " " " " " " " " " " " " " " " " " " " " " " " " " " " " " " " " " " " " " " " " " " " " " " " " " " " " " " " " " " " " " " " " " " " " " " " " " " " " " " " " " " " " " " " " " " " " " " " " " " " " " " " " " " " " " " " " " " " " " " " " " " " " " " " " " " " " " " " " " " " " " " " " " " " " " " " " " " " " " " " " " " " " " " " " " " " " " " " " " " " " " .
line102: . . . . . . . . . . . . . . . . . . . . . . . . . . . . . . . . . . . . . . . . . . . . . . . . . . . . . . . . . . . . . . . . . . . . . . . . . . . . . . . . . . . . . . . . . . . . . . . . . . . " "
line103: " " " " " " " " " " " " " " " " " " " " " " " " " " " " " " " " " " " " " " " " " " " " " " " " " " " " " " " " " " " " " " " " " " " " " " " " " " " " " " " " " " " " " " " " " " " " " " " " " " " " " " " " " " " " " " " " " " " " " " " " " " " " " " " " " " " " " " " " " " " " " " " " " " " " " " " " " " " " " " " " " " " " " " " " " " " " " " " " " " " " " " " " " " " " " " " " " " " " " " .
line104: . . . . . . . . . . . . . . . . . . . . . . . . . . . . . . . . . . . . . . . . . . . . . . . . . . . . . . . . . . . . . . . . . . . . . . . . . . . . . . . . . . . . . . . . . . . . . . . . . . . " "
line105: " " " " " " " " " " " " " " " " " " " " " " " " " " " " " " " " " " " " " " " " " " " " " " " " " " " " " " " " " " " " " " " " " " " " " " " " " " " " " " " " " " " " " " " " " " " " " " " " " " " " " " " " " " " " " " " " " " " " " " " " " " " " " " " " " " " " " " " " " " " " " " " " " " " " " " " " " " " " " " " " " " " " " " " " " " " " " " " " " " " " " " " " " " " " " " " " " " " " " " .
line106: . . . . . . . . . . . . . . . . . . . . . . . . . . . . . . . . . . . . . . . . . . . . . . . . . . . . . . . . . . . . . . . . . . . . . . . . . . . . . . . . . . . . . . . . . . . . . . . . . . . " "
line107: " " " " " " " " " " " " " " " " " " " " " " " " " " " " " " " " " " " " " " " " " " " " " " " " " " " " " " " " " " " " " " " " " " " " " " " " " " " " " " " " " " " " " " " " " " " " " " " " " " " " " " " " " " " " " " " " " " " " " " " " " " " " " " " " " " " " " " " " " " " " " " " " " " " " " " " " " " " " " " " " " " " " " " " " " " " " " " " " " " " " " " " " " " " " " " " " " " " " " " .
line108: . . . . . . . . . . . . . . . . . . . . . . . . . . . . . . . . . . . . . . . . . . . . . . . . . . . . . . . . . . . . . . . . . . . . . . . . . . . . . . . . . . . . . . . . . . . . . . . . . . . " "
line109: " " " " " " " " " " " " " " " " " " " " " " " " " " " " " " " " " " " " " " " " " " " " " " " " " " " " " " " " " " " " " " " " " " " " " " " " " " " " " " " " " " " " " " " " " " " " " " " " " " " " " " " " " " " " " " " " " " " " " " " " " " " " " " " " " " " " " " " " " " " " " " " " " " " " " " " " " " " " " " " " " " " " " " " " " " " " " " " " " " " " " " " " " " " " " " " " " " " " " " .
line110: . . . . . . . . . . . . . . . . . . . . . . . . . . . . . . . . . . . . . . . . . . . . . . . . . . . . . . . . . . . . . . . . . . . . . . . . . . . . . . . . . . . . . . . . . . . . . . . . . . . " "
line111: " " " " " " " " " " " " " " " " " " " " " " " " " " " " " " " " " " " " " " " " " " " " " " " " " " " " " " " " " " " " " " " " " " " " " " " " " " " " " " " " " " " " " " " " " " " " " " " " " " " " " " " " " " " " " " " " " " " " " " " " " " " " " " " " " " " " " " " " " " " " " " " " " " " " " " " " " " " " " " " " " " " " " " " " " " " " " " " " " " " " " " " " " " " " " " " " " " " " " " .
line112: . . . . . . . . . . . . . . . . . . . . . . . . . . . . . . . . . . . . . . . . . . . . . . . . . . . . . . . . . . . . . . . . . . . . . . . . . . . . . . . . . . . . . . . . . . . . . . . . . . . " "
line113: " " " " " " " " " " " " " " " " " " " " " " " " " " " " " " " " " " " " " " " " " " " " " " " " " " " " " " " " " " " " " " " " " " " " " " " " " " " " " " " " " " " " " " " " " " " " " " " " " " " " " " " " " " " " " " " " " " " " " " " " " " " " " " " " " " " " " " " " " " " " " " " " " " " " " " " " " " " " " " " " " " " " " " " " " " " " " " " " " " " " " " " " " " " " " " " " " " " " " " .
line114: . . . . . . . . . . . . . . . . . . . . . . . . . . . . . . . . . . . . . . . . . . . . . . . . . . . . . . . . . . . . . . . . . . . . . . . . . . . . . . . . . . . . . . . . . . . . . . . . . . . " "
line115: " " " " " " " " " " " " " " " " " " " " " " " " " " " " " " " " " " " " " " " " " " " " " " " " " " " " " " " " " " " " " " " " " " " " " " " " " " " " " " " " " " " " " " " " " " " " " " " " " " " " " " " " " " " " " " " " " " " " " " " " " " " " " " " " " " " " " " " " " " " " " " " " " " " " " " " " " " " " " " " " " " " " " " " " " " " " " " " " " " " " " " " " " " " " " " " " " " " " " " .
line116: . . . . . . . . . . . . . . . . . . . . . . . . . . . . . . . . . . . . . . . . . . . . . . . . . . . . . . . . . . . . . . . . . . . . . . . . . . . . . . . . . . . . . . . . . . . . . . . . . . . " "
line117: " " " " " " " " " " " " " " " " " " " " " " " " " " " " " " " " " " " " " " " " " " " " " " " " " " " " " " " " " " " " " " " " " " " " " " " " " " " " " " " " " " " " " " " " " " " " " " " " " " " " " " " " " " " " " " " " " " " " " " " " " " " " " " " " " " " " " " " " " " " " " " " " " " " " " " " " " " " " " " " " " " " " " " " " " " " " " " " " " " " " " " " " " " " " " " " " " " " " " " .
line118: . . . . . . . . . . . . . . . . . . . . . . . . . . . . . . . . . . . . . . . . . . . . . . . . . . . . . . . . . . . . . . . . . . . . . . . . . . . . . . . . . . . . . . . . . . . . . . . . . . . " "
line119: " " " " " " " " " " " " " " " " " " " " " " " " " " " " " " " " " " " " " " " " " " " " " " " " " " " " " " " " " " " " " " " " " " " " " " " " " " " " " " " " " " " " " " " " " " " " " " " " " " " " " " " " " " " " " " " " " " " " " " " " " " " " " " " " " " " " " " " " " " " " " " " " " " " " " " " " " " " " " " " " " " " " " " " " " " " " " " " " " " " " " " " " " " " " " " " " " " " " " " .
line120: . . . . . . . . . . . . . . . . . . . . . . . . . . . . . . . . . . . . . . . . . . . . . . . . . . . . . . . . . . . . . . . . . . . . . . . . . . . . . . . . . . . . . . . . . . . . . . . . . . . " "
line121: " " " " " " " " " " " " " " " " " " " " " " " " " " " " " " " " " " " " " " " " " " " " " " " " " " " " " " " " " " " " " " " " " " " " " " " " " " " " " " " " " " " " " " " " " " " " " " " " " " " " " " " " " " " " " " " " " " " " " " " " " " " " " " " " " " " " " " " " " " " " " " " " " " " " " " " " " " " " " " " " " " " " " " " " " " " " " " " " " " " " " " " " " " " " " " " " " " " " " " .
line122: . . . . . . . . . . . . . . . . . . . . . . . . . . . . . . . . . . . . . . . . . . . . . . . . . . . . . . . . . . . . . . . . . . . . . . . . . . . . . . . . . . . . . . . . . . . . . . . . . . . " "
line123: " " " " " " " " " " " " " " " " " " " " " " " " " " " " " " " " " " " " " " " " " " " " " " " " " " " " " " " " " " " " " " " " " " " " " " " " " " " " " " " " " " " " " " " " " " " " " " " " " " " " " " " " " " " " " " " " " " " " " " " " " " " " " " " " " " " " " " " " " " " " " " " " " " " " " " " " " " " " " " " " " " " " " " " " " " " " " " " " " " " " " " " " " " " " " " " " " " " " " " .
line124: . . . . . . . . . . . . . . . . . . . . . . . . . . . . . . . . . . . . . . . . . . . . . . . . . . . . . . . . . . . . . . . . . . . . . . . . . . . . . . . . . . . . . . . . . . . . . . . . . . . " "
line125: " " " " " " "1" " " "c" "o" "n" "s" "t" " " "b" "u" "i" "l" "t" "i" "n" " " "=" " " "@" "i" "m" "p" "o" "r" "t" "(" "\"" "b" "u" "i" "l" "t" "i" "n" "\"" ")" ";" . . . . . . . . . . . . . . . . . . . . . . . . . . . . . . . . . . . . . . . . . . . . . . . . . . . . . . . . . . . .
line126: . . . . . . . . . . . . . . . . . . . . . . . . . . . . . . . . . . . . . . . . " " " " " " " " "2" " " "c" "o" "n" "s" "t" " " "s" "t" "d" " " "=" " " "@" "i" "m" "p" "o" "r" "t" "(" "\"" "s" "t" "d" "\"" ")" ";" . . . . . . . . . . . . . . . . . . . . . . . . . . .
line127: . . . . . . . . . . . . . . . . . . . . . . . . . . . . . . . . . . . . . . . . . . . . . . . . . . . . . . . . . . . . . . . . . . . . . . . . . " " " " " " " " "3" " " . . . . . . . . . . . . . . . . . . . . .
line128: . . . . . . . . . . . . . . . . . . . . . . . . . . . . . . . . . . . . . . . . . . . . . . . . . . . . . . . . . . . . . . . . . . . . . . . . . . . . . . . " " " " " " " " "4" " " "v" "a" "r" " " "l" "o" "g" "_" "f" "i" "l" "e" ":" " " "?"
line129: "s" "t" "d" "." "f" "s" "." "F" "i" "l" "e" " " "=" " " "n" "u" "l" "l" ";" . . . . . . . . . . . . . . . . . . . . . . . . . . . . . . . . . . . . . . . . . . . . . . . . . . . . . . . . . . . . . . . . . . . . . . . . . . . . . . . . .
line130: . . . . . . . . . . . . . . . . . . . " " " " " " " " "5" " " "v" "a" "r" " " "l" "o" "g" "_" "m" "u" "t" "e" "x" ":" " " "s" "t" "d" "." "T" "h" "r" "e" "a" "d" "." "M" "u" "t" "e" "x" " " "=" " " "." "{" "}" ";" . . . . . . . . . . . . . . . . . . . . . . . . . . . . . . . . . . . . .
line131: . . . . . . . . . . . . . . . . . . . . . . . . . . . . . . . . . . . . . . . . . . . . . . . . . . . . . . . . . . . . . . . " " " " " " " " "6" " " "v" "a" "r" " " "l" "o" "g" "_" "f" "i" "l" "t" "e" "r" "_" "f" "i" "l" "e" ":" " " "?" "[" "]" "u" "8" " " "=" " " "n" "u"
line132: "l" "l" ";" . . . . . . . . . . . . . . . . . . . . . . . . . . . . . . . . . . . . . . . . . . . . . . . . . . . . . . . . . . . . . . . . . . . . . . . . . . . . . . . . . . . . . . . . . . . . . . . . .
line133: . . . " " " " " " " " "7" " " "v" "a" "r" " " "l" "o" "g" "_" "f" "i" "l" "t" "e" "r" "_" "c" "o" "n" "s" "o" "l" "e" ":" " " "?" "[" "]" "u" "8" " " "=" " " "n" "u" "l" "l" ";" . . . . . . . . . . . . . . . . . . . . . . . . . . . . . . . . . . . . . . . . . . . . . . . . . . . . . .
line134: . . . . . . . . . . . . . . . . . . . . . . . . . . . . . . . . . . . . . . . . . . . . . . " " " " " " " " "8" " " "v" "a" "r" " " "l" "o" "g" "_" "l" "e" "v" "e" "l" "_" "f" "i" "l" "e" ":" " " "L" "e" "v" "e" "l" " " "=" " " "." "i" "n" "f" "o" ";" . . . . . . . . . . . . . .
line135: . . . . . . . . . . . . . . . . . . . . . . . . . . . . . . . . . . . . . . . . . . . . . . . . . . . . . . . . . . . . . . . . . . . . . . . . . . . . . . . . . . . . . . " " " " " " " " "9" " " "v" "a" "r" " " "l" "o" "g" "_"
line136: "l" "e" "v" "e" "l" "_" "c" "o" "n" "s" "o" "l" "e" ":" " " "L" "e" "v" "e" "l" " " "=" " " "." "i" "n" "f" "o" ";" . . . . . . . . . . . . . . . . . . . . . . . . . . . . . . . . . . . . . . . . . . . . . . . . . . . . . . . . . . . . . . . . . . . . . . .
line137: . . . . . . . . . . . . . . . . . . . . . . . . . . . . . " " " " " " "1" "0" " " "v" "a" "r" " " "l" "o" "g" "_" "l" "e" "v" "e" "l" "_" "o" "v" "e" "r" "r" "i" "d" "e" "s" "_" "f" "i" "l" "e" ":" " " "?" "[" "]" "u" "8" " " "=" " " "n" "u" "l" "l" ";" . . . . . . . . . . . . . . . . . . . . . .
line138: . . . . . . . . . . . . . . . . . . . . . . . . . . . . . . . . . . . . . . . . . . . . . . . . . . . . . . . . . . . . . . . . . . . . . . . . . . . . . . " " " " " " "1" "1" " " "v" "a" "r" " " "l" "o" "g" "_" "l" "e" "v" "e" "l" "_" "o" "v"
line139: "e" "r" "r" "i" "d" "e" "s" "_" "c" "o" "n" "s" "o" "l" "e" ":" " " "?" "[" "]" "u" "8" " " "=" " " "n" "u" "l" "l" ";" " " " " " " " " " " " " " " " " " " " " " " " " " " " " " " " " " " " " " " " " " " " " " " " " " " " " " " " " " " " " " " " " " " " " " " " " " " " " " " " " " " " " " " " " " " " " " " " " . . . . . . . . . . . . . . . . . . . . . .
line140: . . . . . . . . . . . . . . . . . . . . . . . . . . . . . . . . . . . . . . . . . . . . . . . . . . . . . . . . . . . . . . . . . . . . . . . . . . . . . . " " " " " " "1" "2" " " "v" "a" "r" " " "l" "o" "g" "_" "s" "t" "a" "r" "t" "_" "n" "s"
line141: ":" " " "i" "1" "2" "8" " " "=" " " "0" ";" . . . . . . . . . . . . . . . . . . . . . . . . . . . . . . . . . . . . . . . . . . . . . . . . . . . . . . . . . . . . . . . . . . . . . . . . . . . . . . . . . . . . . . . . .
line142: . . . . . . . . . . . " " " " " " "1" "3" " " . . . . . . . . . . . . . . . . . . . . . . . . . . . . . . . . . . . . . . . . . . . . . . . . . . . . . . . . . . . . . . . . . . . . . . . . . . . . . . . . . . .
line143: . . . . . . . . . . . . . . . . . " " " " " " "1" "4" " " "p" "u" "b" " " "c" "o" "n" "s" "t" " " "L" "e" "v" "e" "l" " " "=" " " "e" "n" "u" "m" "(" "u" "8" ")" " " "{" " " "" " " "a" "p" "p" "_" "l" "o" "g" "g" "e" "r" "." "z" "i" "g" " " " " " " " " " " " " " " " " " " " " " " " " " " " " " " " " " " " " " " " " " " " " " " " " " " " " " " " " " " " " " " " "
line144: " " " " " " " " " " " " " " " " " " " " " " " " " " " " " " " " " " " " " " " " " " " " " " " " " " " " " " " " " " " " " " " " " " " " " " " " " " " " " " " " " " " " " " " " " " " " " " " " " " " " " " . . . . . . . . . . . . . . . . . . . . . . . . . . . . . . . . . . . . . . . . . . . . . . . . .
line145: . . . . . . . . . . . . . . . . . . . . . . . . . . . . . . . . . . . . . . . . . . . . . . . . . . . " " " " " " " " " " " " " " " " " " " " " " " " " " " " " " " " " " " " " " " " " " " " " " " " " " " " " " " " " " " " " " " " " " " " " " " " " " " " " " " " " " " " " " " " " " " " " " " " " "
line146: " " " " " " " " " " " " " " " " " " " " " " " " " " " " " " " " " " " " " " " " " " " " " " " " " " " " " " " " " " " " " " " " " " " " " " " " " " " " " " " " " " " " " " " " " " " " " " " " " " " " " " . . . . . . . . . . . . . . . . . . . . . . . . . . . . . . . . . . . . . . . . . . . . . . . . .
line147: . . . . . . . . . . . . . . . . . . . . . . . . . . . . . . . . . . . . . . . . . . . . . . . . . . . " " " " " " " " " " " " " " " " " " " " " " " " " " " " " " " " " " " " " " " " " " " " " " " " " " " " " " " " " " " " " " " " " " " " " " " " " " " " " " " " " " " " " " " " " " " " " " " " " "
line148: " " " " " " " " " " " " " " " " " " " " " " " " " " " " " " " " " " " " " " " " " " " " " " " " " " " " " " " " " " " " " " " " " " " " " " " " " " " " " " " " " " " " " " " " " " " " " " " " " " " " " " " " "" " " "a" "p" "p" "_" "l" "o" "g" "g" "e" "r" "." "z" "i" "g" " " " " " " " " " " " " " " " " " " " " " " " " " " " " " " " " " " " " " " " " " " " " " " " " " " " " " " " " " " " " " " " "
line149: " " " " " " " " " " " " " " " " " " " " " " " " " " " " " " " " " " " " " " " " " " " " " " " " " " " " " " " " " " " " " " " " " " " " " " " " " " " " " " " " " " " " " " " " " " " " " " " " " " " " " " . . . . . . . . . . . . . . . . . . . . . . . . . . . . . . . . . . . . . . . . . . . . . . . . .
line150: . . . . . . . . . . . . . . . . . . . . . . . . . . . . . . . . . . . . . . . . . . . . . . . . . . . " " " " " " " " "1" " " "c" "o" "n" "s" "t" " " "b" "u" "i" "l" "t" "i" "n" " " "=" " " "@" "i" "m" "p" "o" "r" "t" "(" "\"" "b" "u" "i" "l" "t" "i" "n" "\"" ")" ";" " " " " " " " " " " " " " " " "
line151: " " " " " " " " " " " " " " " " " " " " " " " " " " " " " " " " " " " " " " " " " " " " " " " " " " " " " " " " " " " " " " " " " " " " " " " " " " " " " " " " " " " " " " " " " " " " " " " " " " " " " " . . . . . . . . . . . . . . . . . . . . . . . . . . . . . . . . . . . . . . . . . . . . . . . . .
line152: . . . . . . . . . . . . . . . . . . . . . . . . . . . . . . . . . . . . . . . . . . . . . . . . . . . " " " " " " " " "2" " " "c" "o" "n" "s" "t" " " "s" "t" "d" " " "=" " " "@" "i" "m" "p" "o" "r" "t" "(" "\"" "s" "t" "d" "\"" ")" ";" " " " " " " " " " " " " " " " " " " " " " " " " " " " " " " " "
line153: " " " " " " " " " " " " " " " " " " " " " " " " " " " " " " " " " " " " " " " " " " " " " " " " " " " " " " " " " " " " " " " " " " " " " " " " " " " " " " " " " " " " " " " " " " " " " " " " " " " " " " . . . . . . . . . . . . . . . . . . . . . . . . . . . . . . . . . . . . . . . . . . . . . . . . .
line154: . . . . . . . . . . . . . . . . . . . . . . . . . . . . . . . . . . . . . . . . . . . . . . . . . . . " " " " " " " " "3" " " " " " " " " " " " " " " " " " " " " " " " " " " " " " " " " " " " " " " " " " " " " " " " " " " " " " " " " " " " " " " " " " " " " " " " " " " " " " " " " " " " " " " " "
line155: " " " " " " " " " " " " " " " " " " " " " " " " " " " " " " " " " " " " " " " " " " " " " " " " " " " " " " " " " " " " " " " " " " " " " " " " " " " " " " " " " " " " " " " " " " " " " " " " " " " " " " . . . . . . . . . . . . . . . . . . . . . . . . . . . . . . . . . . . . . . . . . . . . . . . . .
line156: . . . . . . . . . . . . . . . . . . . . . . . . . . . . . . . . . . . . . . . . . . . . . . . . . . . " " " " " " " " "4" " " "v" "a" "r" " " "l" "o" "g" "_" "f" "i" "l" "e" ":" " " "?" "s" "t" "d" "." "f" "s" "." "F" "i" "l" "e" " " "=" " " "n" "u" "l" "l" ";" " " " " " " " " " " " " " " " " " "
line157: " " " " " " " " " " " " " " " " " " " " " " " " " " " " " " " " " " " " " " " " " " " " " " " " " " " " " " " " " " " " " " " " " " " " " " " " " " " " " " " " " " " " " " " " " " " " " " " " " " " " " " . . . . . . . . . . . . . . . . . . . . . . . . . . . . . . . . . . . . . . . . . . . . . . . . .
line158: . . . . . . . . . . . . . . . . . . . . . . . . . . . . . . . . . . . . . . . . . . . . . . . . . . . " " " " " " " " "5" " " "v" "a" "r" " " "l" "o" "g" "_" "m" "u" "t" "e" "x" ":" " " "s" "t" "d" "." "T" "h" "r" "e" "a" "d" "." "M" "u" "t" "e" "x" " " "=" " " "." "{" "}" ";" " " " " " " " " " "
line159: " " " " " " " " " " " " " " " " " " " " " " " " " " " " " " " " " " " " " " " " " " " " " " " " " " " " " " " " " " " " " " " " " " " " " " " " " " " " " " " " " " " " " " " " " " " " " " " " " " " " " " . . . . . . . . . . . . . . . . . . . . . . . . . . . . . . . . . . . . . . . . . . . . . . . . .
line160: . . . . . . . . . . . . . . . . . . . . . . . . . . . . . . . . . . . . . . . . . . . . . . . . . . . " " " " " " " " "6" " " "v" "a" "r" " " "l" "o" "g" "_" "f" "i" "l" "t" "e" "r" "_" "f" "i" "l" "e" ":" " " "?" "[" "]" "u" "8" " " "=" " " "n" "u" "l" "l" ";" " " " " " " " " " " " " " " " " " "
line161: " " " " " " " " " " " " " " " " " " " " " " " " " " " " " " " " " " " " " " " " " " " " " " " " " " " " " " " " " " " " " " " " " " " " " " " " " " " " " " " " " " " " " " " " " " " " " " " " " " " " " " . . . . . . . . . . . . . . . . . . . . . . . . . . . . . . . . . . . . . . . . . . . . . . . . .
line162: . . . . . . . . . . . . . . . . . . . . . . . . . . . . . . . . . . . . . . . . . . . . . . . . . . . " " " " " " " " "7" " " "v" "a" "r" " " "l" "o" "g" "_" "f" "i" "l" "t" "e" "r" "_" "c" "o" "n" "s" "o" "l" "e" ":" " " "?" "[" "]" "u" "8" " " "=" " " "n" "u" "l" "l" ";" " " " " " " " " " " " "
line163: " " " " " " " " " " " " " " " " " " " " " " " " " " " " " " " " " " " " " " " " " " " " " " " " " " " " " " " " " " " " " " " " " " " " " " " " " " " " " " " " " " " " " " " " " " " " " " " " " " " " " " . . . . . . . . . . . . . . . . . . . . . . . . . . . . . . . . . . . . . . . . . . . . . . . . .
line164: . . . . . . . . . . . . . . . . . . . . . . . . . . . . . . . . . . . . . . . . . . . . . . . . . . . " " " " " " " " "8" " " "v" "a" "r" " " "l" "o" "g" "_" "l" "e" "v" "e" "l" "_" "f" "i" "l" "e" ":" " " "L" "e" "v" "e" "l" " " "=" " " "." "i" "n" "f" "o" ";" " " " " " " " " " " " " " " " " " "
line165: " " " " " " " " " " " " " " " " " " " " " " " " " " " " " " " " " " " " " " " " " " " " " " " " " " " " " " " " " " " " " " " " " " " " " " " " " " " " " " " " " " " " " " " " " " " " " " " " " " " " " " . . . . . . . . . . . . . . . . . . . . . . . . . . . . . . . . . . . . . . . . . . . . . . . . .
line166: . . . . . . . . . . . . . . . . . . . . . . . . . . . . . . . . . . . . . . . . . . . . . . . . . . . " " " " " " " " "9" " " "v" "a" "r" " " "l" "o" "g" "_" "l" "e" "v" "e" "l" "_" "c" "o" "n" "s" "o" "l" "e" ":" " " "L" "e" "v" "e" "l" " " "=" " " "." "i" "n" "f" "o" ";" " " " " " " " " " " " "
line167: " " " " " " " " " " " " " " " " " " " " " " " " " " " " " " " " " " " " " " " " " " " " " " " " " " " " " " " " " " " " " " " " " " " " " " " " " " " " " " " " " " " " " " " " " " " " " " " " " " " " " " . . . . . . . . . . . . . . . . . . . . . . . . . . . . . . . . . . . . . . . . . . . . . . . . .
line168: . . . . . . . . . . . . . . . . . . . . . . . . . . . . . . . . . . . . . . . . . . . . . . . . . . . " " " " " " "1" "0" " " "v" "a" "r" " " "l" "o" "g" "_" "l" "e" "v" "e" "l" "_" "o" "v" "e" "r" "r" "i" "d" "e" "s" "_" "f" "i" "l" "e" ":" " " "?" "[" "]" "u" "8" " " "=" " " "n" "u" "l" "l" ";"
line169: " " " " " " " " " " " " " " " " " " " " " " " " " " " " " " " " " " " " " " " " " " " " " " " " " " " " " " " " " " " " " " " " " " " " " " " " " " " " " " " " " " " " " " " " " " " " " " " " " " " " " " . . . . . . . . . . . . . . . . . . . . . . . . . . . . . . . . . . . . . . . . . . . . . . . . .
line170: . . . . . . . . . . . . . . . . . . . . . . . . . . . . . . . . . . . . . . . . . . . . . . . . . . . " " " " " " "1" "1" " " "v" "a" "r" " " "l" "o" "g" "_" "l" "e" "v" "e" "l" "_" "o" "v" "e" "r" "r" "i" "d" "e" "s" "_" "c" "o" "n" "s" "o" "l" "e" ":" " " "?" "[" "]" "u" "8" " " "=" " " "n" "u"
line171: "l" "l" ";" " " " " " " " " " " " " " " " " " " " " " " " " " " " " " " " " " " " " " " " " " " " " " " " " " " " " " " " " " " " " " " " " " " " " " " " " " " " " " " " " " " " " " " " " " " " " " " " " . . . . . . . . . . . . . . . . . . . . . . . . . . . . . . . . . . . . . . . . . . . . . . . . .
line172: . . . . . . . . . . . . . . . . . . . . . . . . . . . . . . . . . . . . . . . . . . . . . . . . . . . " " " " " " "1" "2" " " "v" "a" "r" " " "l" "o" "g" "_" "s" "t" "a" "r" "t" "_" "n" "s" ":" " " "i" "1" "2" "8" " " "=" " " "0" ";" " " " " " " " " " " " " " " " " " " " " " " " " " " " " " " " "
line173: " " " " " " " " " " " " " " " " " " " " " " " " " " " " " " " " " " " " " " " " " " " " " " " " " " " " " " " " " " " " " " " " " " " " " " " " " " " " " " " " " " " " " " " " " " " " " " " " " " " " " " . . . . . . . . . . . . . . . . . . . . . . . . . . . . . . . . . . . . . . . . . . . . . . . . .
line174: . . . . . . . . . . . . . . . . . . . . . . . . . . . . . . . . . . . . . . . . . . . . . . . . . . . " " " " " " "1" "3" " " " " " " " " " " " " " " " " " " " " " " " " " " " " " " " " " " " " " " " " " " " " " " " " " " " " " " " " " " " " " " " " " " " " " " " " " " " " " " " " " " " " " " " "
line175: " " " " " " " " " " " " " " " " " " " " " " " " " " " " " " " " " " " " " " " " " " " " " " " " " " " " " " " " " " " " " " " " " " " " " " " " " " " " " " " " " " " " " " " " " " " " " " " " " " " " " " . . . . . . . . . . . . . . . . . . . . . . . . . . . . . . . . . . . . . . . . . . . . . . . . .
line176: . . . . . . . . . . . . . . . . . . . . . . . . . . . . . . . . . . . . . . . . . . . . . . . . . . . " " " " " " "1" "4" " " "p" "u" "b" " " "c" "o" "n" "s" "t" " " "L" "e" "v" "e" "l" " " "=" " " "e" "n" "u" "m" "(" "u" "8" ")" " " "{" " " " " " " " " " " " " " " " " " " " " " " " " " " " " " "
line177: " " " " " " " " " " " " " " " " " " " " " " " " " " " " " " " " " " " " " " " " " " " " " " " " " " " " " " " " " " " " " " " " " " " " " " " " " " " " " " " " " " " " " " " " " " " " " " " " " " " " " " . . . . . . . . . . . . . . . . . . . . . . . . . . . . . . . . . . . . . . . . . . . . . . . . .
line178: . . . . . . . . . . . . . . . . . . . . . . . . . . . . . . . . . . . . . . . . . . . . . . . . . . . " " " " " " " " " " " " " " " " " " " " " " " " " " " " " " " " " " " " " " " " " " " " " " " " " " " " " " " " " " " " " " " " " " " " " " " " " " " " " " " " " " " " " " " " " " " " " " " " " "
line179: " " " " " " " " " " " " " " " " " " " " " " " " " " " " " " " " " " " " " " " " " " " " " " " " " " " " " " " " " " " " " " " " " " " " " " " " " " " " " " " " " " " " " " " " " " " " " " " " " " " " " " ":" " " "t" "y" "p" "e" " " "=" " " "@" "i" "m" "p" "o" "r" "t" "(" "\"" "b" "u" "i" "l" "t" "i" "n" "\"" ")" ";" ":" " " "t" "y" "p" "e" " " "=" " " "@" "i" "m" "p" "o" "r" "t" "(" "\"" "s" "t" "d"
line180: "\"" ")" ";" ":" " " "t" "y" "p" "e" " " "=" " " "e" "n" "u" "m" "(" "u" "8" ")" " " "{" . . . . . . . . . . . . . . . . . . . . . . . . . . . . . . . . . . . . . . . . . . . . . . . . . . . . . . . . . . . . . . . . . . . . . . . . . . . . . .
line181: . . . . . . . . . . . . . . . . . . . . . . " " "N" " " "" " " "" " " "" " " "󰆓" " " "" " " "󰓙" " " "" " " "󰒲" " " "" " " "" " " "" " " "󰆼" " " "" " " "󰈙" " " "z" "i" "d" "e" "/" "s" "r" "c" "/" "a" "p" "p" "_" "l" "o" "g" "g" "e" "r" "." "z" "i" "g" " " " " " " " " " " " " " " " " " " " " " " " " " " " " " " " " " " " " " " "F" "m" "t" ":" "O"
line182: "f" "f" " " "" " " "L" "S" "P" ":" "z" "l" "s" " " "" " " " " "1" "1" ":" "1" " " " " "▪" " " "▪" " " "c" "o" "n" "s" "t" " " "b" "u" "i" "l" "t" "i" "n" "c" "o" "n" "s" "t" " " "s" "t" "d" "v" "a" "r" " " "l" "o" "g" "_" "f" "i" "l" "e" ":" " " "?" "s" "t" "d" "." "f" "s" "." "F" "i" "l" "e" "v" "a" "r" " " "l" "o" "g" "_" "m" "u" "t" "e" "x" ":" " " "s" "t" "d" "." "T" "h" "r" "e" "a" "d" "."
line183: "M" "u" "t" "e" "x" "v" "a" "r" " " "l" "o" "g" "_" "f" "i" "l" "t" "e" "r" "_" "f" "i" "l" "e" "v" "a" "r" " " "l" "o" "g" "_" "f" "i" "l" "t" "e" "r" "_" "c" "o" "n" "s" "o" "l" "e" "v" "a" "r" " " "l" "o" "g" "_" "l" "e" "v" "e" "l" "_" "f" "i" "l" "e" ":" " " "L" "e" "v" "e" "l" " " "=" " " "." "i" "n" "f" "o" "v" "a" "r" " " "l" "o" "g" "_" "l" "e" "v" "e" "l" "_" "c" "o" "n" "s" "o" "l" "e"
line184: ":" " " "L" "e" "v" "e" "l" " " "=" " " "." "i" "n" "f" "o" "v" "a" "r" " " "l" "o" "g" "_" "l" "e" "v" "e" "l" "_" "o" "v" "e" "r" "r" "i" "d" "e" "s" "_" "f" "i" "l" "e" "v" "a" "r" " " "l" "o" "g" "_" "l" "e" "v" "e" "l" "_" "o" "v" "e" "r" "r" "i" "d" "e" "s" "_" "c" "o" "n" "s" "o" "l" "e" "v" "a" "r" " " "l" "o" "g" "_" "s" "t" "a" "r" "t" "_" "n" "s" "p" "u" "b" " " "c" "o" "n" "s" "t" " "
line185: "L" "e" "v" "e" "l" ":" " " "t" "y" "p" "e" " " "=" " " "e" "n" "u" "m" "▪" " " " " " " " " "▪" " " "F" "m" "t" ":" "O" "f" "f" " " "" " " "" " " "m" "a" "i" "n" " " "󰀫" " " "l" "o" "g" "_" "l" "e" "v" "e" "l" "_" "o" "v" "e" "r" "r" "i" "d" "e" "s" "_" "c" "o" "n" "s" "o" "l" "e" " " " " . . . . . . . . . . . . . . . . . . . . . . . . . . .
line186: . . . . . . . . . . . . . . . . . . . . . . . . . . . . . . . . . . . . . . . . . . . . . . . . . . . . . . . . . . . . . . . . . . . . . . . . . " " " " " " " " "9" " " "v" "a" "r" " " "l" "o" "g" "_" "l" "e" "v" "e" "l" "_" "c" "o" "n" "s" "o" "l" "e"
line187: ":" " " "L" "e" "v" "e" "l" " " "=" " " "." "i" "n" "f" "o" ";" " " " " " " " " " " " " " " " " " " " " " " " " " " " " " " " " " " " " " " " " " " " " " " " " " " " " " " " " " " " " " " " " " " " " " " " " " " " " " " " " " " " " " " " " " " " " " " " " " " " " " " " " " " " " " " "▪" " " . . . . . . . . . . . . . . . . . . . . . . . . . . .
line188: . . . . . . . . . . . . . . . . . . . . . . . . . . . . . . . . . . . . . . . . . . . . . . . . . . . . . . . . . . . . . . . . . . . . . . . . . " " " " " " "1" "0" " " "v" "a" "r" " " "l" "o" "g" "_" "l" "e" "v" "e" "l" "_" "o" "v" "e" "r" "r" "i" "d"
line189: "e" "s" "_" "f" "i" "l" "e" ":" " " "?" "[" "]" "u" "8" " " "=" " " "n" "u" "l" "l" ";" " " " " " " " " " " " " " " " " " " " " " " " " " " " " " " " " " " " " " " " " " " " " " " " " " " " " " " " " " " " " " " " " " " " " " " " " " " " " " " " " " " " " " " " " " " " " " " " " " " " " " " . . . . . . . . . . . . . . . . . . . . . . . . . . .
line190: . . . . . . . . . . . . . . . . . . . . . . . . . . . . . . . . . . . . . . . . . . . . . . . . . . . . . . . . . . . . . . . . . . . . . . . . . " " " " " " "1" "1" " " "v" "a" "r" " " "l" "o" "g" "_" "l" "e" "v" "e" "l" "_" "o" "v" "e" "r" "r" "i" "d"
line191: "e" "s" "_" "c" "o" "n" "s" "o" "l" "e" ":" " " "?" "[" "]" "u" "8" " " "=" " " "n" "u" "l" "l" ";" " " " " " " " " " " " " " " " " " " " " " " " " " " " " " " " " " " " " " " " " " " " " " " " " " " " " " " " " " " " " " " " " " " " " " " " " " " " " " " " " " " " " " " " " " " " " " " " " . . . . . . . . . . . . . . . . . . . . . . . . . . .
line192: . . . . . . . . . . . . . . . . . . . . . . . . . . . . . . . . . . . . . . . . . . . . . . . . . . . . . . . . . . . . . . . . . . . . . . . . . " " " " " " "1" "2" " " "v" "a" "r" " " "l" "o" "g" "_" "s" "t" "a" "r" "t" "_" "n" "s" ":" " " "i" "1" "2"
line193: "8" " " "=" " " "0" ";" " " " " " " " " " " " " " " " " " " " " " " " " " " " " " " " " " " " " " " " " " " " " " " " " " " " " " " " " " " " " " " " " " " " " " " " " " " " " " " " " " " " " " " " " " " " " " " " " " " " " " " " " " " " " " " " " " " " " " " " " " " " " " " " " " " " " " " . . . . . . . . . . . . . . . . . . . . . . . . . . .
line194: . . . . . . . . . . . . . . . . . . . . . . . . . . . . . . . . . . . . . . . . . . . . . . . . . . . . . . . . . . . . . . . . . . . . . . . . . " " " " " " "1" "3" " " " " " " " " " " " " " " " " " " " " " " " " " " " " " " " " " " " " " " " " " " " "
line195: " " " " " " " " " " " " " " " " " " " " " " " " " " " " " " " " " " " " " " " " " " " " " " " " " " " " " " " " " " " " " " " " " " " " " " " " " " " " " " " " " " " " " " " " " " " " " " " " " " " " " " " " " " " " " " " " " " " " " " " " " " " " " " " " " " " " " " " " " " " " " " " " " " . . . . . . . . . . . . . . . . . . . . . . . . . . .
line196: . . . . . . . . . . . . . . . . . . . . . . . . . . . . . . . . . . . . . . . . . . . . . . . . . . . . . . . . . . . . . . . . . . . . . . . . . " " " " " " "1" "4" " " "p" "u" "b" " " "c" "o" "n" "s" "t" " " "L" "e" "v" "e" "l" ":" " " "t" "y" "p" "e"
line197: " " "=" " " "e" "n" "u" "m" "(" "u" "8" ")" " " "{" " " " " " " " " " " " " " " " " " " " " " " " " " " " " " " " " " " " " " " " " " " " " " " " " " " " " " " " " " " " " " " " " " " " " " " " " " " " " " " " " " " " " " " " " " " " " " " " " " " " " " " " " " " " " " " " " " " " " " " " " " " "1" "1" " " "v" "a" "r" " " "l" "o" "g" "_" "l" "e" "v" "e" "l" "_" "o" "v" "e" "r" "r" "i" "d" "e" "s"
line198: "_" "c" "o" "n" "s" "o" "l" "e" ":" " " "?" "[" "]" "u" "8" " " "=" " " "n" "u" "l" "l" ";" " " " " " " " " " " " " " " " " " " " " " " " " " " " " " " " " " " " " " " " " " " " " " " " " " " " " " " " " " " " " " " " " " " " " " " " " " " " " " " " " " " " " " " " " " " " " " " " " . . . . . . . . . . . . . . . . . . . . . . . . . . . . .
line199: . . . . . . . . . . . . . . . . . . . . . . . . . . . . . . . . . . . . . . . . . . . . . . . . . . . . . . . . . . . . . . . . . . . . . . . . . . . . . . . . . . . . . . . . . . . . . . . . . . . .
line200: . . . . . . . . . . . . . . . . . . . . . . . . . . . . . . . . . . . . . . . . . . . . . . . . . . . . . . . . . . . . . . . . . . . . . . . . . . . . . . . . . . . . . . . . . . . . . . . . . . . .
line201: . . . . . . . . . . . . . . . . . . . . . . . . . . . . . . . . . . . . . . . . . . . . . . . . . . . . . . . . . . . . . . . . . . . . . . . . . . . . . . . . . . . . . . . . . . . . . . . . . . . .
line202: . . . . . . . . . . . . . . . . . . . . . . . . . . . . . . . . . . . . . . . . . . . . . . . . . . . . . . . . . . . . . . . . . . . . . . . " " " " " " "1" "5" " " " " " " " " " " "c" "r" "i" "t" "i" "c" "a" "l" " " "=" " " "0" "," " " " " " " " " " " " "
kitty:
images=0 placements=0
image ids: []
placement ids: []
