TERM_SNAPSHOT v1
size: 16x100
cursor: r=15 c=29 visible=1 style=block-blink
alt: 0
scrollback: count=260 view_offset=0
focus_reporting: 1
title: "Terminal"
cwd: ""
clipboard: ""
selection: none
grid:
row0: "E" "m" "i" "t" "(" "l" "e" "v" "e" "l" ":" " " "l" "e" "v" "e" "l" "," " " "m" "i" "n" "_" "l" "e" "v" "e" "l" . . . . . . . . . . . . . . . . . . . . . . . . . . . . . . . . . . . . . . . . . . . . . . . . . . . . . . . . . . . . . . . . . . . . . . . .
row1: . . . . . . . . . . . . . . . . . . . . . . . . . . . . " " " " "1" "7" "7" " " " " " " " " " " "│" " " " " " " "i" "f" " " "(" "!" "e" "m" "i" "t" "_" "f" "i" "l" "e" " " "a" "n" "d" " " "!" "e" "m" "i" "t" "_" "c" "o" "n" "s" "o" "l" "e" ")" " " "r" "e" "t" "u" "r" "n" ";" " " " " " " " " " " " " " " " " " " " " " " " " " " " " " " " " " "
row2: " " " " " " " " " " " " " " " " " " " " " " " " " " " " " " " " " " " " " " " " " " " " " " " " " " " " " " " " . . . . . . . . . . . . . . . . . . . . . . . . . . . . . . . . . . . . . . . . . . . . . . . . . . . . . . . . . . . . . . . . . . . . . . . .
row3: . . . . . . . . . . . . . . . . . . . . . . . . . . . . " " " " "1" "7" "8" " " " " " " " " " " "│" " " " " " " " " " " " " " " " " " " " " " " " " " " " " " " " " " " " " " " " " " " " " " " " " " " " " " " " " " " " " " " " " " " " " " " " " " " " " " " " " " " " " " " " " " " " " " " " " " " " " " " " " " " " " " " " " " " " " " " " " " "
row4: " " " " " " " " " " " " " " " " " " " " " " " " " " " " " " " " " " " " " " " " " " " " " " " " " " " " " " " " . . . . . . . . . . . . . . . . . . . . . . . . . . . . . . . . . . . . . . . . . . . . . . . . . . . . . . . . . . . . . . . . . . . . . . . .
row5: . . . . . . . . . . . . . . . . . . . . . . . . . . . . " " " " "1" "7" "9" " " " " " " " " " " "│" " " " " " " "v" "a" "r" " " "b" "u" "f" ":" " " "[" "1" "0" "2" "4" "]" "u" "8" " " "=" " " "u" "n" "d" "e" "f" "i" "n" "e" "d" ";" " " " " " " " " " " " " " " " " " " " " " " " " " " " " " " " " " " " " " " " " " " " " " " " " " " " " " " " "
row6: " " " " " " " " " " " " " " " " " " " " " " " " " " " " " " " " " " " " " " " " " " " " " " " " " " " " " " " " . . . . . . . . . . . . . . . . . . . . . . . . . . . . . . . . . . . . . . . . . . . . . . . . . . . . . . . . . . . . . . . . . . . . . . . .
row7: . . . . . . . . . . . . . . . . . . . . . . . . . . . . " " " " "1" "8" "0" " " " " " " " " " " "│" " " " " " " "c" "o" "n" "s" "t" " " "m" "s" "g" ":" " " "[" "]" "u" "8" " " "=" " " "s" "t" "d" "." "f" "m" "t" "." "b" "u" "f" "P" "r" "i" "n" "t" "(" "b" "u" "f" ":" " " "&" "b" "u" "f" "," " " "f" "m" "t" ":" " " "f" "m" "t" "," " " "a" "r"
row8: "g" "s" ":" " " "a" "r" "g" "s" ")" " " "c" "a" "t" "c" "h" " " "|" "e" "r" "r" ":" " " "e" "r" "r" "o" "r" "{" . . . . . . . . . . . . . . . . . . . . . . . . . . . . . . . . . . . . . . . . . . . . . . . . . . . . . . . . . . . . . . . . . . . . . . . .
row9: . . . . . . . . . . . . . . . . . . . . . . . . . . . . " " " " "1" "8" "1" " " " " " " " " " " "│" " " " " " " " " " " " " " " "s" "t" "d" "." "d" "e" "b" "u" "g" "." "p" "r" "i" "n" "t" "(" "f" "m" "t" ":" " " "\"" "[" "a" "p" "p" "." "l" "o" "g" "g" "e" "r" "]" "[" "W" "a" "r" "n" "i" "n" "g" "]" "[" "{" "s" "}" "]" " " "d" "r" "o" "p" "p"
row10: "e" "d" " " "l" "o" "g" " " "m" "e" "s" "s" "a" "g" "e" " " "d" "u" "e" " " "t" "o" " " "f" "m" "t" " " "e" "r" . . . . . . . . . . . . . . . . . . . . . . . . . . . . . . . . . . . . . . . . . . . . . . . . . . . . . . . . . . . . . . . . . . . . . . . .
row11: . . . . . . . . . . . . . . . . . . . . . . . . . . . . " " " " "1" "6" "8" " " " " " " " " " " " " " " " " " " "i" "f" " " "(" "e" "m" "i" "t" "_" "c" "o" "n" "s" "o" "l" "e" ")" " " "{" " " " " " " " " " " " " " " " " " " " " " " " " " " " " " " " " " " " " " " " " " " " " " " " " " " " " " " " " " " " " " " " " " " " " " " " " " " " " " "
row12: " " " " " " " " " " " " " " " " " " " " " " " " " " " " " " " " " " " " " " " " " " " " " " " " " " " " " " " " "▪" " " . . . . . . . . . . . . . . . . . . . . . . . . . . . . . . . . . . . . . . . . . . . . . . . . . . . . . . . . . . . . . . . . . . . . . .
row13: . . . . . . . . . . . . . . . . . . . . . . . . . . . . . . "1" "7" "4" " " " " " " " " " " "p" "u" "b" " " "f" "n" " " "l" "o" "g" "S" "t" "d" "o" "u" "t" "(" "s" "e" "l" "f" ":" " " "L" "o" "g" "g" "e" "r" "," " " "l" "e" "v" "e" "l" ":" " " "L" "e" "v" "e" "l" "," " " "c" "o" "m" "p" "t" "i" "m" "e" " " "f" "m" "t" ":" " " "[" "]" "c"
row14: "o" "n" "s" "t" " " "u" "8" "," " " "a" "r" "g" "s" ":" " " "a" "n" "y" "t" "y" "p" "e" ")" " " "v" "o" "▪" " " "1" "7" "5" " " " " " " " " " " "│" " " " " " " "c" "o" "n" "s" "t" " " "e" "m" "i" "t" "_" "f" "i" "l" "e" ":" " " "b" "o" "o" "l" " " "=" " " "s" "e" "l" "f" "." "e" "n" "a" "b" "l" "e" "d" "_" "f" "i" "l" "e" " " "a" "n" "d" " " "l" "o" "g" "_" "f" "i" "l" "e" " " "!" "=" " " "n" "u"
row15: "l" "l" " " "a" "n" "d" " " "s" "h" "o" "u" "l" "d" "E" "m" "i" "t" "(" "l" "e" "v" "e" "l" ":" " " "l" "▪" " " "5" . . . . . . . . . . . . . . . . . . . . . . . . . . . . . . . . . . . . . . . . . . . . . . . . . . . . . . . . . . . . . . . . . . . . . . .
attrs:
row0: cols 0-3 fg=#7aa2f7ff bg=#1a1b26ff bold=0 rev=0 ul=0 ulc=default link=0
row0: cols 4-4 fg=#c0caf5ff bg=#1a1b26ff bold=0 rev=0 ul=0 ulc=default link=0
row0: cols 5-10 fg=#545c7eff bg=#1d202dff bold=0 rev=0 ul=0 ulc=default link=0
row0: cols 11-11 fg=#c0caf5ff bg=#1a1b26ff bold=0 rev=0 ul=0 ulc=default link=0
row0: cols 12-16 fg=#e0af68ff bg=#1a1b26ff bold=0 rev=0 ul=0 ulc=default link=0
row0: cols 17-18 fg=#c0caf5ff bg=#1a1b26ff bold=0 rev=0 ul=0 ulc=default link=0
row0: cols 19-27 fg=#545c7eff bg=#1d202dff bold=0 rev=0 ul=0 ulc=default link=0
row0: cols 28-99 fg=#7aa2f7ff bg=#1a1b26ff bold=0 rev=0 ul=0 ulc=default link=0
row1: cols 0-27 fg=#545c7eff bg=#1d202dff bold=0 rev=0 ul=0 ulc=default link=0
row1: cols 28-33 fg=#3b4261ff bg=#1a1b26ff bold=0 rev=0 ul=0 ulc=default link=0
row1: cols 34-37 fg=#c0caf5ff bg=#1a1b26ff bold=0 rev=0 ul=0 ulc=default link=0
row1: cols 38-38 fg=#2ac3deff bg=#1a1b26ff bold=0 rev=0 ul=0 ulc=default link=0
row1: cols 39-41 fg=#c0caf5ff bg=#1a1b26ff bold=0 rev=0 ul=0 ulc=default link=0
row1: cols 42-43 fg=#9d7cd8ff bg=#1a1b26ff bold=0 rev=0 ul=0 ulc=default link=0
row1: cols 44-45 fg=#c0caf5ff bg=#1a1b26ff bold=0 rev=0 ul=0 ulc=default link=0
row1: cols 46-46 fg=#89ddffff bg=#1a1b26ff bold=0 rev=0 ul=0 ulc=default link=0
row1: cols 47-56 fg=#c0caf5ff bg=#1a1b26ff bold=0 rev=0 ul=0 ulc=default link=0
row1: cols 57-59 fg=#9d7cd8ff bg=#1a1b26ff bold=0 rev=0 ul=0 ulc=default link=0
row1: cols 60-60 fg=#c0caf5ff bg=#1a1b26ff bold=0 rev=0 ul=0 ulc=default link=0
row1: cols 61-61 fg=#89ddffff bg=#1a1b26ff bold=0 rev=0 ul=0 ulc=default link=0
row1: cols 62-75 fg=#c0caf5ff bg=#1a1b26ff bold=0 rev=0 ul=0 ulc=default link=0
row1: cols 76-81 fg=#9d7cd8ff bg=#1a1b26ff bold=0 rev=0 ul=0 ulc=default link=0
row1: cols 82-99 fg=#c0caf5ff bg=#1a1b26ff bold=0 rev=0 ul=0 ulc=default link=0
row2: cols 0-99 fg=#c0caf5ff bg=#1a1b26ff bold=0 rev=0 ul=0 ulc=default link=0
row3: cols 0-27 fg=#c0caf5ff bg=#1a1b26ff bold=0 rev=0 ul=0 ulc=default link=0
row3: cols 28-33 fg=#3b4261ff bg=#1a1b26ff bold=0 rev=0 ul=0 ulc=default link=0
row3: cols 34-37 fg=#c0caf5ff bg=#1a1b26ff bold=0 rev=0 ul=0 ulc=default link=0
row3: cols 38-38 fg=#2ac3deff bg=#1a1b26ff bold=0 rev=0 ul=0 ulc=default link=0
row3: cols 39-99 fg=#c0caf5ff bg=#1a1b26ff bold=0 rev=0 ul=0 ulc=default link=0
row4: cols 0-99 fg=#c0caf5ff bg=#1a1b26ff bold=0 rev=0 ul=0 ulc=default link=0
row5: cols 0-27 fg=#c0caf5ff bg=#1a1b26ff bold=0 rev=0 ul=0 ulc=default link=0
row5: cols 28-33 fg=#3b4261ff bg=#1a1b26ff bold=0 rev=0 ul=0 ulc=default link=0
row5: cols 34-37 fg=#c0caf5ff bg=#1a1b26ff bold=0 rev=0 ul=0 ulc=default link=0
row5: cols 38-38 fg=#2ac3deff bg=#1a1b26ff bold=0 rev=0 ul=0 ulc=default link=0
row5: cols 39-41 fg=#c0caf5ff bg=#1a1b26ff bold=0 rev=0 ul=0 ulc=default link=0
row5: cols 42-44 fg=#9d7cd8ff bg=#1a1b26ff bold=0 rev=0 ul=0 ulc=default link=0
row5: cols 45-51 fg=#c0caf5ff bg=#1a1b26ff bold=0 rev=0 ul=0 ulc=default link=0
row5: cols 52-55 fg=#ff9e64ff bg=#1a1b26ff bold=0 rev=0 ul=0 ulc=default link=0
row5: cols 56-56 fg=#c0caf5ff bg=#1a1b26ff bold=0 rev=0 ul=0 ulc=default link=0
row5: cols 57-58 fg=#2ac3deff bg=#1a1b26ff bold=0 rev=0 ul=0 ulc=default link=0
row5: cols 59-59 fg=#c0caf5ff bg=#1a1b26ff bold=0 rev=0 ul=0 ulc=default link=0
row5: cols 60-60 fg=#89ddffff bg=#1a1b26ff bold=0 rev=0 ul=0 ulc=default link=0
row5: cols 61-61 fg=#c0caf5ff bg=#1a1b26ff bold=0 rev=0 ul=0 ulc=default link=0
row5: cols 62-70 fg=#ff9e64ff bg=#1a1b26ff bold=0 rev=0 ul=0 ulc=default link=0
row5: cols 71-99 fg=#c0caf5ff bg=#1a1b26ff bold=0 rev=0 ul=0 ulc=default link=0
row6: cols 0-99 fg=#c0caf5ff bg=#1a1b26ff bold=0 rev=0 ul=0 ulc=default link=0
row7: cols 0-27 fg=#c0caf5ff bg=#1a1b26ff bold=0 rev=0 ul=0 ulc=default link=0
row7: cols 28-33 fg=#3b4261ff bg=#1a1b26ff bold=0 rev=0 ul=0 ulc=default link=0
row7: cols 34-37 fg=#c0caf5ff bg=#1a1b26ff bold=0 rev=0 ul=0 ulc=default link=0
row7: cols 38-38 fg=#2ac3deff bg=#1a1b26ff bold=0 rev=0 ul=0 ulc=default link=0
row7: cols 39-41 fg=#c0caf5ff bg=#1a1b26ff bold=0 rev=0 ul=0 ulc=default link=0
row7: cols 42-46 fg=#9d7cd8ff bg=#1a1b26ff bold=0 rev=0 ul=0 ulc=default link=0
row7: cols 47-50 fg=#c0caf5ff bg=#1a1b26ff bold=0 rev=0 ul=0 ulc=default link=0
row7: cols 51-56 fg=#545c7eff bg=#1d202dff bold=0 rev=0 ul=0 ulc=default link=0
row7: cols 57-57 fg=#c0caf5ff bg=#1a1b26ff bold=0 rev=0 ul=0 ulc=default link=0
row7: cols 58-58 fg=#89ddffff bg=#1a1b26ff bold=0 rev=0 ul=0 ulc=default link=0
row7: cols 59-59 fg=#c0caf5ff bg=#1a1b26ff bold=0 rev=0 ul=0 ulc=default link=0
row7: cols 60-62 fg=#7dcfffff bg=#1a1b26ff bold=0 rev=0 ul=0 ulc=default link=0
row7: cols 63-63 fg=#c0caf5ff bg=#1a1b26ff bold=0 rev=0 ul=0 ulc=default link=0
row7: cols 64-66 fg=#7dcfffff bg=#1a1b26ff bold=0 rev=0 ul=0 ulc=default link=0
row7: cols 67-67 fg=#c0caf5ff bg=#1a1b26ff bold=0 rev=0 ul=0 ulc=default link=0
row7: cols 68-75 fg=#7aa2f7ff bg=#1a1b26ff bold=0 rev=0 ul=0 ulc=default link=0
row7: cols 76-76 fg=#c0caf5ff bg=#1a1b26ff bold=0 rev=0 ul=0 ulc=default link=0
row7: cols 77-80 fg=#545c7eff bg=#1d202dff bold=0 rev=0 ul=0 ulc=default link=0
row7: cols 81-81 fg=#c0caf5ff bg=#1a1b26ff bold=0 rev=0 ul=0 ulc=default link=0
row7: cols 82-82 fg=#89ddffff bg=#1a1b26ff bold=0 rev=0 ul=0 ulc=default link=0
row7: cols 83-87 fg=#c0caf5ff bg=#1a1b26ff bold=0 rev=0 ul=0 ulc=default link=0
row7: cols 88-91 fg=#545c7eff bg=#1d202dff bold=0 rev=0 ul=0 ulc=default link=0
row7: cols 92-92 fg=#c0caf5ff bg=#1a1b26ff bold=0 rev=0 ul=0 ulc=default link=0
row7: cols 93-95 fg=#e0af68ff bg=#1a1b26ff bold=0 rev=0 ul=0 ulc=default link=0
row7: cols 96-97 fg=#c0caf5ff bg=#1a1b26ff bold=0 rev=0 ul=0 ulc=default link=0
row7: cols 98-99 fg=#545c7eff bg=#1d202dff bold=0 rev=0 ul=0 ulc=default link=0
row8: cols 0-2 fg=#545c7eff bg=#1d202dff bold=0 rev=0 ul=0 ulc=default link=0
row8: cols 3-3 fg=#c0caf5ff bg=#1a1b26ff bold=0 rev=0 ul=0 ulc=default link=0
row8: cols 4-7 fg=#e0af68ff bg=#1a1b26ff bold=0 rev=0 ul=0 ulc=default link=0
row8: cols 8-9 fg=#c0caf5ff bg=#1a1b26ff bold=0 rev=0 ul=0 ulc=default link=0
row8: cols 10-14 fg=#9d7cd8ff bg=#1a1b26ff bold=0 rev=0 ul=0 ulc=default link=0
row8: cols 15-15 fg=#c0caf5ff bg=#1a1b26ff bold=0 rev=0 ul=0 ulc=default link=0
row8: cols 16-16 fg=#89ddffff bg=#1a1b26ff bold=0 rev=0 ul=0 ulc=default link=0
row8: cols 17-19 fg=#c0caf5ff bg=#1a1b26ff bold=0 rev=0 ul=0 ulc=default link=0
row8: cols 20-99 fg=#545c7eff bg=#1d202dff bold=0 rev=0 ul=0 ulc=default link=0
row9: cols 0-27 fg=#545c7eff bg=#1d202dff bold=0 rev=0 ul=0 ulc=default link=0
row9: cols 28-33 fg=#3b4261ff bg=#1a1b26ff bold=0 rev=0 ul=0 ulc=default link=0
row9: cols 34-37 fg=#c0caf5ff bg=#1a1b26ff bold=0 rev=0 ul=0 ulc=default link=0
row9: cols 38-38 fg=#2ac3deff bg=#1a1b26ff bold=0 rev=0 ul=0 ulc=default link=0
row9: cols 39-45 fg=#c0caf5ff bg=#1a1b26ff bold=0 rev=0 ul=0 ulc=default link=0
row9: cols 46-48 fg=#7dcfffff bg=#1a1b26ff bold=0 rev=0 ul=0 ulc=default link=0
row9: cols 49-49 fg=#c0caf5ff bg=#1a1b26ff bold=0 rev=0 ul=0 ulc=default link=0
row9: cols 50-54 fg=#7dcfffff bg=#1a1b26ff bold=0 rev=0 ul=0 ulc=default link=0
row9: cols 55-55 fg=#c0caf5ff bg=#1a1b26ff bold=0 rev=0 ul=0 ulc=default link=0
row9: cols 56-60 fg=#7aa2f7ff bg=#1a1b26ff bold=0 rev=0 ul=0 ulc=default link=0
row9: cols 61-61 fg=#c0caf5ff bg=#1a1b26ff bold=0 rev=0 ul=0 ulc=default link=0
row9: cols 62-65 fg=#545c7eff bg=#1d202dff bold=0 rev=0 ul=0 ulc=default link=0
row9: cols 66-66 fg=#c0caf5ff bg=#1a1b26ff bold=0 rev=0 ul=0 ulc=default link=0
row9: cols 67-99 fg=#9ece6aff bg=#1a1b26ff bold=0 rev=0 ul=0 ulc=default link=0
row10: cols 0-99 fg=#9ece6aff bg=#1a1b26ff bold=0 rev=0 ul=0 ulc=default link=0
row11: cols 0-27 fg=#9ece6aff bg=#1a1b26ff bold=0 rev=0 ul=0 ulc=default link=0
row11: cols 28-33 fg=#3b4261ff bg=#1a1b26ff bold=0 rev=0 ul=0 ulc=default link=0
row11: cols 34-41 fg=#c0caf5ff bg=#1a1b26ff bold=0 rev=0 ul=0 ulc=default link=0
row11: cols 42-43 fg=#9d7cd8ff bg=#1a1b26ff bold=0 rev=0 ul=0 ulc=default link=0
row11: cols 44-99 fg=#c0caf5ff bg=#1a1b26ff bold=0 rev=0 ul=0 ulc=default link=0
row12: cols 0-27 fg=#c0caf5ff bg=#1a1b26ff bold=0 rev=0 ul=0 ulc=default link=0
row12: cols 28-28 fg=#e0af68ff bg=#1a1b26ff bold=0 rev=0 ul=0 ulc=default link=0
row12: cols 29-29 fg=#c0caf5ff bg=#283457ff bold=0 rev=0 ul=0 ulc=default link=0
row12: cols 30-99 fg=#c0caf5ff bg=#1a1b26ff bold=0 rev=0 ul=0 ulc=default link=0
row13: cols 0-29 fg=#c0caf5ff bg=#283457ff bold=0 rev=0 ul=0 ulc=default link=0
row13: cols 30-33 fg=#3b4261ff bg=#1a1b26ff bold=0 rev=0 ul=0 ulc=default link=0
row13: cols 34-37 fg=#c0caf5ff bg=#1a1b26ff bold=0 rev=0 ul=0 ulc=default link=0
row13: cols 38-40 fg=#9d7cd8ff bg=#1a1b26ff bold=0 rev=0 ul=0 ulc=default link=0
row13: cols 41-41 fg=#c0caf5ff bg=#1a1b26ff bold=0 rev=0 ul=0 ulc=default link=0
row13: cols 42-43 fg=#9d7cd8ff bg=#1a1b26ff bold=0 rev=0 ul=0 ulc=default link=0
row13: cols 44-44 fg=#c0caf5ff bg=#1a1b26ff bold=0 rev=0 ul=0 ulc=default link=0
row13: cols 45-53 fg=#7aa2f7ff bg=#1a1b26ff bold=0 rev=0 ul=0 ulc=default link=0
row13: cols 54-54 fg=#c0caf5ff bg=#1a1b26ff bold=0 rev=0 ul=0 ulc=default link=0
row13: cols 55-58 fg=#e0af68ff bg=#1a1b26ff bold=0 rev=0 ul=0 ulc=default link=0
row13: cols 59-60 fg=#c0caf5ff bg=#1a1b26ff bold=0 rev=0 ul=0 ulc=default link=0
row13: cols 61-66 fg=#2ac3deff bg=#1a1b26ff bold=0 rev=0 ul=0 ulc=default link=0
row13: cols 67-68 fg=#c0caf5ff bg=#1a1b26ff bold=0 rev=0 ul=0 ulc=default link=0
row13: cols 69-73 fg=#e0af68ff bg=#1a1b26ff bold=0 rev=0 ul=0 ulc=default link=0
row13: cols 74-75 fg=#c0caf5ff bg=#1a1b26ff bold=0 rev=0 ul=0 ulc=default link=0
row13: cols 76-80 fg=#2ac3deff bg=#1a1b26ff bold=0 rev=0 ul=0 ulc=default link=0
row13: cols 81-82 fg=#c0caf5ff bg=#1a1b26ff bold=0 rev=0 ul=0 ulc=default link=0
row13: cols 83-90 fg=#9d7cd8ff bg=#1a1b26ff bold=0 rev=0 ul=0 ulc=default link=0
row13: cols 91-91 fg=#c0caf5ff bg=#1a1b26ff bold=0 rev=0 ul=0 ulc=default link=0
row13: cols 92-94 fg=#e0af68ff bg=#1a1b26ff bold=0 rev=0 ul=0 ulc=default link=0
row13: cols 95-98 fg=#c0caf5ff bg=#1a1b26ff bold=0 rev=0 ul=0 ulc=default link=0
row13: cols 99-99 fg=#9d7cd8ff bg=#1a1b26ff bold=0 rev=0 ul=0 ulc=default link=0
row14: cols 0-3 fg=#9d7cd8ff bg=#1a1b26ff bold=0 rev=0 ul=0 ulc=default link=0
row14: cols 4-4 fg=#c0caf5ff bg=#1a1b26ff bold=0 rev=0 ul=0 ulc=default link=0
row14: cols 5-6 fg=#2ac3deff bg=#1a1b26ff bold=0 rev=0 ul=0 ulc=default link=0
row14: cols 7-8 fg=#c0caf5ff bg=#1a1b26ff bold=0 rev=0 ul=0 ulc=default link=0
row14: cols 9-12 fg=#e0af68ff bg=#1a1b26ff bold=0 rev=0 ul=0 ulc=default link=0
row14: cols 13-14 fg=#c0caf5ff bg=#1a1b26ff bold=0 rev=0 ul=0 ulc=default link=0
row14: cols 15-21 fg=#2ac3deff bg=#1a1b26ff bold=0 rev=0 ul=0 ulc=default link=0
row14: cols 22-23 fg=#c0caf5ff bg=#1a1b26ff bold=0 rev=0 ul=0 ulc=default link=0
row14: cols 24-25 fg=#2ac3deff bg=#1a1b26ff bold=0 rev=0 ul=0 ulc=default link=0
row14: cols 26-26 fg=#e0af68ff bg=#1a1b26ff bold=0 rev=0 ul=0 ulc=default link=0
row14: cols 27-27 fg=#c0caf5ff bg=#283457ff bold=0 rev=0 ul=0 ulc=default link=0
row14: cols 28-31 fg=#ff9e64ff bg=#1a1b26ff bold=0 rev=0 ul=0 ulc=default link=0
row14: cols 32-35 fg=#c0caf5ff bg=#292e42ff bold=0 rev=0 ul=0 ulc=default link=0
row14: cols 36-36 fg=#2ac3deff bg=#292e42ff bold=0 rev=0 ul=0 ulc=default link=0
row14: cols 37-39 fg=#c0caf5ff bg=#292e42ff bold=0 rev=0 ul=0 ulc=default link=0
row14: cols 40-44 fg=#9d7cd8ff bg=#292e42ff bold=0 rev=0 ul=0 ulc=default link=0
row14: cols 45-54 fg=#c0caf5ff bg=#292e42ff bold=0 rev=0 ul=0 ulc=default link=0
row14: cols 55-60 fg=#545c7eff bg=#1d202dff bold=0 rev=0 ul=0 ulc=default link=0
row14: cols 61-61 fg=#c0caf5ff bg=#292e42ff bold=0 rev=0 ul=0 ulc=default link=0
row14: cols 62-62 fg=#89ddffff bg=#292e42ff bold=0 rev=0 ul=0 ulc=default link=0
row14: cols 63-63 fg=#c0caf5ff bg=#292e42ff bold=0 rev=0 ul=0 ulc=default link=0
row14: cols 64-67 fg=#e0af68ff bg=#292e42ff bold=0 rev=0 ul=0 ulc=default link=0
row14: cols 68-68 fg=#c0caf5ff bg=#292e42ff bold=0 rev=0 ul=0 ulc=default link=0
row14: cols 69-80 fg=#73dacaff bg=#292e42ff bold=0 rev=0 ul=0 ulc=default link=0
row14: cols 81-81 fg=#c0caf5ff bg=#292e42ff bold=0 rev=0 ul=0 ulc=default link=0
row14: cols 82-84 fg=#9d7cd8ff bg=#292e42ff bold=0 rev=0 ul=0 ulc=default link=0
row14: cols 85-85 fg=#c0caf5ff bg=#292e42ff bold=0 rev=0 ul=0 ulc=default link=0
row14: cols 86-93 fg=#ff9e64ff bg=#292e42ff bold=0 rev=0 ul=0 ulc=default link=0
row14: cols 94-94 fg=#c0caf5ff bg=#292e42ff bold=0 rev=0 ul=0 ulc=default link=0
row14: cols 95-96 fg=#89ddffff bg=#292e42ff bold=0 rev=0 ul=0 ulc=default link=0
row14: cols 97-97 fg=#c0caf5ff bg=#292e42ff bold=0 rev=0 ul=0 ulc=default link=0
row14: cols 98-99 fg=#ff9e64ff bg=#292e42ff bold=0 rev=0 ul=0 ulc=default link=0
row15: cols 0-1 fg=#ff9e64ff bg=#292e42ff bold=0 rev=0 ul=0 ulc=default link=0
row15: cols 2-2 fg=#c0caf5ff bg=#292e42ff bold=0 rev=0 ul=0 ulc=default link=0
row15: cols 3-5 fg=#9d7cd8ff bg=#292e42ff bold=0 rev=0 ul=0 ulc=default link=0
row15: cols 6-6 fg=#c0caf5ff bg=#292e42ff bold=0 rev=0 ul=0 ulc=default link=0
row15: cols 7-16 fg=#7aa2f7ff bg=#292e42ff bold=0 rev=0 ul=0 ulc=default link=0
row15: cols 17-17 fg=#c0caf5ff bg=#292e42ff bold=0 rev=0 ul=0 ulc=default link=0
row15: cols 18-23 fg=#545c7eff bg=#1d202dff bold=0 rev=0 ul=0 ulc=default link=0
row15: cols 24-24 fg=#c0caf5ff bg=#292e42ff bold=0 rev=0 ul=0 ulc=default link=0
row15: cols 25-25 fg=#e0af68ff bg=#292e42ff bold=0 rev=0 ul=0 ulc=default link=0
row15: cols 26-26 fg=#e0af68ff bg=#1a1b26ff bold=0 rev=0 ul=0 ulc=default link=0
row15: cols 27-27 fg=#c0caf5ff bg=#283457ff bold=0 rev=0 ul=0 ulc=default link=0
row15: cols 28-28 fg=#15161eff bg=#7aa2f7ff bold=0 rev=0 ul=0 ulc=default link=0
row15: cols 29-99 fg=#ff9e64ff bg=#292e42ff bold=0 rev=0 ul=0 ulc=default link=0
links: none
scrollback:
line0: " " " " " " " " " " " " " " " " " " " " " " " " " " " " " " " " " " " " " " " " " " " " " " " " " " " " " " " " " " " " " " " " " " " " " " " " " " " " " " " " " " " " " " " " " " " " " " " " " " " " " " " " " " " " " " " " " " " " " " " " " " " " " " " " " " " " " " " " " " " " " " " " " " " " " " " " " " " " " " " " " " " " " " " " " " " " " " " " " " " " " " " " " " " " " " " " " " " " " " " "
line1: . . . . . . . . . . . . . . . . . . . . . . . . . . . . . . . . . . . . . . . . . . . . . . . . . . . . . . . . . . . . . . . . . . . . . . . . . . . . . . . . . . . . . . . . . . . . . . . . . . . " "
line2: " " " " " " " " " " " " " " " " " " " " " " " " " " " " " " " " " " " " " " " " " " " " " " " " " " " " " " " " " " " " " " " " " " " " " " " " " " " " " " " " " " " " " " " " " " " " " " " " " " " " " " " " " " " " " " " " " " " " " " " " " " " " " " " " " " " " " " " " " " " " " " " " " " " " " " " " " " " " " " " " " " " " " " " " " " " " " " " " " " " " " " " " " " " " " " " " " " " " " " .
line3: . . . . . . . . . . . . . . . . . . . . . . . . . . . . . . . . . . . . . . . . . . . . . . . . . . . . . . . . . . . . . . . . . . . . . . . . . . . . . . . . . . . . . . . . . . . . . . . . . . . " "
line4: " " " " " " " " " " " " " " " " " " " " " " " " " " " " " " " " " " " " " " " " " " " " " " " " " " " " " " " " " " " " " " " " " " " " " " " " " " " " " " " " " " " " " " " " " " " " " " " " " " " " " " " " " " " " " " " " " " " " " " " " " " " " " " " " " " " " " " " " " " " " " " " " " " " " " " " " " " " " " " " " " " " " " " " " " " " " " " " " " " " " " " " " " " " " " " " " " " " " " " .
line5: . . . . . . . . . . . . . . . . . . . . . . . . . . . . . . . . . . . . . . . . . . . . . . . . . . . . . . . . . . . . . . . . . . . . . . . . . . . . . . . . . . . . . . . . . . . . . . . . . . . " "
line6: " " " " " " " " " " " " " " " " " " " " " " " " " " " " " " " " " " " " " " " " " " " " " " " " " " " " " " " " " " " " " " " " " " " " " " " " " " " " " " " " " " " " " " " " " " " " " " " " " " " " " " " " " " " " " " " " " " " " " " " " " " " " " " " " " " " " " " " " " " " " " " " " " " " " " " " " " " " " " " " " " " " " " " " " " " " " " " " " " " " " " " " " " " " " " " " " " " " " " " .
line7: . . . . . . . . . . . . . . . . . . . . . . . . . . . . . . . . . . . . . . . . . . . . . . . . . . . . . . . . . . . . . . . . . . . . . . . . . . . . . . . . . . . . . . . . . . . . . . . . . . . " "
line8: " " " " " " " " " " " " " " " " " " " " " " " " " " " " " " " " " " " " " " " " " " " " " " " " " " " " " " " " " " " " " " " " " " " " " " " " " " " " " " " " " " " " " " " " " " " " " " " " " " " " " " " " " " " " " " " " " " " " " " " " " " " " " " " " " " " " " " " " " " " " " " " " " " " " " " " " " " " " " " " " " " " " " " " " " " " " " " " " " " " " " " " " " " " " " " " " " " " " " " .
line9: . . . . . . . . . . . . . . . . . . . . . . . . . . . . . . . . . . . . . . . . . . . . . . . . . . . . . . . . . . . . . . . . . . . . . . . . . . . . . . . . . . . . . . . . . . . . . . . . . . . " "
line10: " " " " " " " " " " " " " " " " " " " " " " " " " " " " " " " " " " " " " " " " " " " " " " " " " " " " " " " " " " " " " " " " " " " " " " " " " " " " " " " " " " " " " " " " " " " " " " " " " " " " " " " " " " " " " " " " " " " " " " " " " " " " " " " " " " " " " " " " " " " " " " " " " " " " " " " " " " " " " " " " " " " " " " " " " " " " " " " " " " " " " " " " " " " " " " " " " " " " " " .
line11: . . . . . . . . . . . . . . . . . . . . . . . . . . . . . . . . . . . . . . . . . . . . . . . . . . . . . . . . . . . . . . . . . . . . . . . . . . . . . . . . . . . . . . . . . . . . . . . . . . . " "
line12: " " " " " " " " " " " " " " " " " " " " " " " " " " " " " " " " " " " " " " " " " " " " " " " " " " " " " " " " " " " " " " " " " " " " " " " " " " " " " " " " " " " " " " " " " " " " " " " " " " " " " " " " " " " " " " " " " " " " " " " " " " " " " " " " " " " " " " " " " " " " " " " " " " " " " " " " " " " " " " " " " " " " " " " " " " " " " " " " " " " " " " " " " " " " " " " " " " " " " " .
line13: . . . . . . . . . . . . . . . . . . . . . . . . . . . . . . . . . . . . . . . . . . . . . . . . . . . . . . . . . . . . . . . . . . . . . . . . . . . . . . . . . . . . . . . . . . . . . . . . . . . " "
line14: " " " " " " " " " " " " " " " " " " " " " " " " " " " " " " " " " " " " " " " " " " " " " " " " " " " " " " " " " " " " " " " " " " " " " " " " " " " " " " " " " " " " " " " " " " " " " " " " " " " " " " " " " " " " " " " " " " " " " " " " " " " " " " " " " " " " " " " " " " " " " " " " " " " " " " " " " " " " " " " " " " " " " " " " " " " " " " " " " " " " " " " " " " " " " " " " " " " " " " .
line15: . . . . . . . . . . . . . . . . . . . . . . . . . . . . . . . . . . . . . . . . . . . . . . . . . . . . . . . . . . . . . . . . . . . . . . . . . . . . . . . . . . . . . . . . . . . . . . . . . . . " "
line16: " " " " " " " " " " " " " " " " " " " " " " " " " " " " " " " " " " " " " " " " " " " " " " " " " " " " " " " " " " " " " " " " " " " " " " " " " " " " " " " " " " " " " " " " " " " " " " " " " " " " " " " " " " " " " " " " " " " " " " " " " " " " " " " " " " " " " " " " " " " " " " " " " " " " " " " " " " " " " " " " " " " " " " " " " " " " " " " " " " " " " " " " " " " " " " " " " " " " " " .
line17: . . . . . . . . . . . . . . . . . . . . . . . . . . . . . . . . . . . . . . . . . . . . . . . . . . . . . . . . . . . . . . . . . . . . . . . . . . . . . . . . . . . . . . . . . . . . . . . . . . . " "
line18: " " " " " " " " " " " " " " " " " " " " " " " " " " " " " " " " " " " " " " " " " " " " " " " " " " " " " " " " " " " " " " " " " " " " " " " " " " " " " " " " " " " " " " " " " " " " " " " " " " " " " " " " " " " " " " " " " " " " " " " " " " " " " " " " " " " " " " " " " " " " " " " " " " " " " " " " " " " " " " " " " " " " " " " " " " " " " " " " " " " " " " " " " " " " " " " " " " " " " " .
line19: . . . . . . . . . . . . . . . . . . . . . . . . . . . . . . . . . . . . . . . . . . . . . . . . . . . . . . . . . . . . . . . . . . . . . . . . . . . . . . . . . . . . . . . . . . . . . . . . . . . " "
line20: " " " " " " " " " " " " " " " " " " " " " " " " " " " " " " " " " " " " " " " " " " " " " " " " " " " " " " " " " " " " " " " " " " " " " " " " " " " " " " " " " " " " " " " " " " " " " " " " " " " " " " " " " " " " " " " " " " " " " " " " " " " " " " " " " " " " " " " " " " " " " " " " " " " " " " " " " " " " " " " " " " " " " " " " " " " " " " " " " " " " " " " " " " " " " " " " " " " " " " .
line21: . . . . . . . . . . . . . . . . . . . . . . . . . . . . . . . . . . . . . . . . . . . . . . . . . . . . . . . . . . . . . . . . . . . . . . . . . . . . . . . . . . . . . . . . . . . . . . . . . . . " "
line22: " " " " " " " " " " " " " " " " " " " " " " " " " " " " " " " " " " " " " " " " " " " " " " " " " " " " " " " " " " " " " " " " " " " " " " " " " " " " " " " " " " " " " " " " " " " " " " " " " " " " " " " " " " " " " " " " " " " " " " " " " " " " " " " " " " " " " " " " " " " " " " " " " " " " " " " " " " " " " " " " " " " " " " " " " " " " " " " " " " " " " " " " " " " " " " " " " " " " " " .
line23: . . . . . . . . . . . . . . . . . . . . . . . . . . . . . . . . . . . . . . . . . . . . . . . . . . . . . . . . . . . . . . . . . . . . . . . . . . . . . . . . . . . . . . . . . . . . . . . . . . . " "
line24: " " " " " " " " " " " " " " " " " " " " " " " " " " " " " " " " " " " " " " " " " " " " " " " " " " " " " " " " " " " " " " " " " " " " " " " " " " " " " " " " " " " " " " " " " " " " " " " " " " " " " " " " " " " " " " " " " " " " " " " " " " " " " " " " " " " " " " " " " " " " " " " " " " " " " " " " " " " " " " " " " " " " " " " " " " " " " " " " " " " " " " " " " " " " " " " " " " " " " " .
line25: . . . . . . . . . . . . . . . . . . . . . . . . . . . . . . . . . . . . . . . . . . . . . . . . . . . . . . . . . . . . . . . . . . . . . . . . . . . . . . . . . . . . . . . . . . . . . . . . . . . " "
line26: " " " " " " " " " " " " " " " " " " " " " " " " " " " " " " " " " " " " " " " " " " " " " " " " " " " " " " " " " " " " " " " " " " " " " " " " " " " " " " " " " " " " " " " " " " " " " " " " " " " " " " " " " " " " " " " " " " " " " " " " " " " " " " " " " " " " " " " " " " " " " " " " " " " " " " " " " " " " " " " " " " " " " " " " " " " " " " " " " " " " " " " " " " " " " " " " " " " " " " .
line27: . . . . . . . . . . . . . . . . . . . . . . . . . . . . . . . . . . . . . . . . . . . . . . . . . . . . . . . . . . . . . . . . . . . . . . . . . . . . . . . . . . . . . . . . . . . . . . . . . . . " "
line28: " " " " " " " " " " " " " " " " " " " " " " " " " " " " " " " " " " " " " " " " " " " " " " " " " " " " " " " " " " " " " " " " " " " " " " " " " " " " " " " " " " " " " " " " " " " " " " " " " " " " " " " " " " " " " " " " " " " " " " " " " " " " " " " " " " " " " " " " " " " " " " " " " " " " " " " " " " " " " " " " " " " " " " " " " " " " " " " " " " " " " " " " " " " " " " " " " " " " " " .
line29: . . . . . . . . . . . . . . . . . . . . . . . . . . . . . . . . . . . . . . . . . . . . . . . . . . . . . . . . . . . . . . . . . . . . . . . . . . . . . . . . . . . . . . . . . . . . . . . . . . . " "
line30: " " " " " " " " " " " " " " " " " " " " " " " " " " " " " " " " " " " " " " " " " " " " " " " " " " " " " " " " " " " " " " " " " " " " " " " " " " " " " " " " " " " " " " " " " " " " " " " " " " " " " " " " " " " " " " " " " " " " " " " " " " " " " " " " " " " " " " " " " " " " " " " " " " " " " " " " " " " " " " " " " " " " " " " " " " " " " " " " " " " " " " " " " " " " " " " " " " " " " " .
line31: . . . . . . . . . . . . . . . . . . . . . . . . . . . . . . . . . . . . . . . . . . . . . . . . . . . . . . . . . . . . . . . . . . . . . . . . . . . . . . . . . . . . . . . . . . . . . . . . . . . " "
line32: " " "1" "7" "1" " " " " " " " " " " " " " " " " " " "}" " " " " " " " " " " " " " " " " " " " " " " " " " " " " " " " " " " " " " " " " " " " " " " " " " " " " " " " " " " " " " " " " " " " " " " " " " " " " " " " " " " " " " " " " " " " " " " " " " " " " " " " " " " " " " " " " " " " " " " " " " " " " " " " " " " " " " " " " " " " " " " " " " " " " " " " " " " " " " " " " " " " " " " " " " " .
line33: . . . . . . . . . . . . . . . . . . . . . . . . . . . . . . . . . . . . . . . . . . . . . . . . . . . . . . . . . . . . . . . . . . . . . . . . . . . . . . . . . . . . . . . . . . . . . . . . . . . " "
line34: " " "1" "7" "2" " " " " " " " " " " "}" " " " " " " " " " " " " " " " " " " " " " " " " " " " " " " " " " " " " " " " " " " " " " " " " " " " " " " " " " " " " " " " " " " " " " " " " " " " " " " " " " " " " " " " " " " " " " " " " " " " " " " " " " " " " " " " " " " " " " " " " " " " " " " " " " " " " " " " " " " " " " " " " " " " " " " " " " " " " " " " " " " " " " " " " " " " " " " " " " " .
line35: . . . . . . . . . . . . . . . . . . . . . . . . . . . . . . . . . . . . . . . . . . . . . . . . . . . . . . . . . . . . . . . . . . . . . . . . . . . . . . . . . . . . . . . . . . . . . . . . . . . " "
line36: " " "1" "7" "3" " " " " " " " " " " " " " " " " " " " " " " " " " " " " " " " " " " " " " " " " " " " " " " " " " " " " " " " " " " " " " " " " " " " " " " " " " " " " " " " " " " " " " " " " " " " " " " " " " " " " " " " " " " " " " " " " " " " " " " " " " " " " " " " " " " " " " " " " " " " " " " " " " " " " " " " " " " " " " " " " " " " " " " " " " " " " " " " " " " " " " " " " " " " " " " .
line37: . . . . . . . . . . . . . . . . . . . . . . . . . . . . . . . . . . . . . . . . . . . . . . . . . . . . . . . . . . . . . . . . . . . . . . . . . . . . . . . . . . . . . . . . . . . . . . . . . . . " "
line38: " " "1" "7" "4" " " " " " " " " " " "p" "u" "b" " " "f" "n" " " "l" "o" "g" "S" "t" "d" "o" "u" "t" "(" "s" "e" "l" "f" ":" " " "L" "o" "g" "g" "e" "r" "," " " "l" "e" "v" "e" "l" ":" " " "L" "e" "v" "e" "l" "," " " "c" "o" "m" "p" "t" "i" "m" "e" " " "f" "m" "t" ":" " " "[" "]" "c" "o" "n" "s" "t" " " "u" "8" "," " " "a" "r" "g" "s" ":" " " "a" "n" "y" "t" "y" "p" "e" ")" " " "v" "o" "i" "d" .
line39: . . . . . . . . . . . . . . . . . . . . . . . . . . . . . . . . . . . . . . . . . . . . . . . . . . . . . . . . . . . . . . . . . . . . . . . . . . . . . . . . . . . . . . . . . . . . . . . . . . . " "
line40: " " "1" "7" "5" " " " " " " " " " " " " " " " " " " "c" "o" "n" "s" "t" " " "e" "m" "i" "t" "_" "f" "i" "l" "e" " " "=" " " "s" "e" "l" "f" "." "e" "n" "a" "b" "l" "e" "d" "_" "f" "i" "l" "e" " " "a" "n" "d" " " "l" "o" "g" "_" "f" "i" "l" "e" " " "!" "=" " " "n" "u" "l" "l" " " "a" "n" "d" " " "s" "h" "o" "u" "l" "d" "E" "m" "i" "t" "(" "l" "e" "v" "e" "l" "," " " "s" "e" "l" "f" "." "f" "i" .
line41: . . . . . . . . . . . . . . . . . . . . . . . . . . . . . . . . . . . . . . . . . . . . . . . . . . . . . . . . . . . . . . . . . . . . . . . . . . . . . . . . . . . . . . . . . . . . . . . . . . . " "
line42: " " "1" "7" "6" " " " " " " " " " " " " " " " " " " "c" "o" "n" "s" "t" " " "e" "m" "i" "t" "_" "c" "o" "n" "s" "o" "l" "e" " " "=" " " "s" "e" "l" "f" "." "e" "n" "a" "b" "l" "e" "d" "_" "c" "o" "n" "s" "o" "l" "e" " " "a" "n" "d" " " "s" "h" "o" "u" "l" "d" "E" "m" "i" "t" "(" "l" "e" "v" "e" "l" "," " " "s" "e" "l" "f" "." "c" "o" "n" "s" "o" "l" "e" "_" "l" "e" "v" "e" "l" ")" ";" " " " " .
line43: . . . . . . . . . . . . . . . . . . . . . . . . . . . . . . . . . . . . . . . . . . . . . . . . . . . . . . . . . . . . . . . . . . . . . . . . . . . . . . . . . . . . . . . . . . . . . . . . . . . " "
line44: " " "1" "7" "7" " " " " " " " " " " " " " " " " " " "i" "f" " " "(" "!" "e" "m" "i" "t" "_" "f" "i" "l" "e" " " "a" "n" "d" " " "!" "e" "m" "i" "t" "_" "c" "o" "n" "s" "o" "l" "e" ")" " " "r" "e" "t" "u" "r" "n" ";" " " " " " " " " " " " " " " " " " " " " " " " " " " " " " " " " " " " " " " " " " " " " " " " " " " " " " " " " " " " " " " " " " " " " " " " " " " " " " " " " " " " " " " " " " " .
line45: . . . . . . . . . . . . . . . . . . . . . . . . . . . . . . . . . . . . . . . . . . . . . . . . . . . . . . . . . . . . . . . . . . . . . . . . . . . . . . . . . . . . . . . . . . . . . . . . . . . " "
line46: " " "1" "7" "8" " " " " " " " " " " " " " " " " " " " " " " " " " " " " " " " " " " " " " " " " " " " " " " " " " " " " " " " " " " " " " " " " " " " " " " " " " " " " " " " " " " " " " " " " " " " " " " " " " " " " " " " " " " " " " " " " " " " " " " " " " " " " " " " " " " " " " " " " " " " " " " " " " " " " " " " " " " " " " " " " " " " " " " " " " " " " " " " " " " " " " " " " " " " " " " .
line47: . . . . . . . . . . . . . . . . . . . . . . . . . . . . . . . . . . . . . . . . . . . . . . . . . . . . . . . . . . . . . . . . . . . . . . . . . . . . . . . . . . . . . . . . . . . . . . . . . . . " "
line48: " " "1" "7" "9" " " " " " " " " " " " " " " " " " " "v" "a" "r" " " "b" "u" "f" ":" " " "[" "1" "0" "2" "4" "]" "u" "8" " " "=" " " "u" "n" "d" "e" "f" "i" "n" "e" "d" ";" " " " " " " " " " " " " " " " " " " " " " " " " " " " " " " " " " " " " " " " " " " " " " " " " " " " " " " " " " " " " " " " " " " " " " " " " " " " " " " " " " " " " " " " " " " " " " " " " " " " " " " " " " " " " " " " " .
line49: . . . . . . . . . . . . . . . . . . . . . . . . . . . . . . . . . . . . . . . . . . . . . . . . . . . . . . . . . . . . . . . . . . . . . . . . . . . . . . . . . . . . . . . . . . . . . . . . . . . " "
line50: " " "1" "8" "0" " " " " " " " " " " " " " " " " " " "c" "o" "n" "s" "t" " " "m" "s" "g" " " "=" " " "s" "t" "d" "." "f" "m" "t" "." "b" "u" "f" "P" "r" "i" "n" "t" "(" "&" "b" "u" "f" "," " " "f" "m" "t" "," " " "a" "r" "g" "s" ")" " " "c" "a" "t" "c" "h" " " "|" "e" "r" "r" "|" " " "{" " " " " " " " " " " " " " " " " " " " " " " " " " " " " " " " " " " " " " " " " " " " " " " " " " " " " " " .
line51: . . . . . . . . . . . . . . . . . . . . . . . . . . . . . . . . . . . . . . . . . . . . . . . . . . . . . . . . . . . . . . . . . . . . . . . . . . . . . . . . . . . . . . . . . . . . . . . . . . . " "
line52: " " "1" "8" "1" " " " " " " " " " " " " " " " " " " " " " " " " " " "s" "t" "d" "." "d" "e" "b" "u" "g" "." "p" "r" "i" "n" "t" "(" "\"" "[" "a" "p" "p" "." "l" "o" "g" "g" "e" "r" "]" "[" "W" "a" "r" "n" "i" "n" "g" "]" "[" "{" "s" "}" "]" " " "d" "r" "o" "p" "p" "e" "d" " " "l" "o" "g" " " "m" "e" "s" "s" "a" "g" "e" " " "d" "u" "e" " " "t" "o" " " "f" "m" "t" " " "e" "r" "r" "o" "r" ":" " " .
line53: . . . . . . . . . . . . . . . . . . . . . . . . . . . . . . . . . . . . . . . . . . . . . . . . . . . . . . . . . . . . . . . . . . . . . . . . . . . . . . . . . . . . . . . . . . . . . . . . . . . " "
line54: " " "1" "8" "2" " " " " " " " " " " " " " " " " " " " " " " " " " " "r" "e" "t" "u" "r" "n" ";" " " " " " " " " " " " " " " " " " " " " " " " " " " " " " " " " " " " " " " " " " " " " " " " " " " " " " " " " " " " " " " " " " " " " " " " " " " " " " " " " " " " " " " " " " " " " " " " " " " " " " " " " " " " " " " " " " " " " " " " " " " " " " " " " " " " " " " " " " " " " " " " " " " " " " " .
line55: . . . . . . . . . . . . . . . . . . . . . . . . . . . . . . . . . . . . . . . . . . . . . . . . . . . . . . . . . . . . . . . . . . . . . . . . . . . . . . . . . . . . . . . . . . . . . . . . . . . " "
line56: " " "1" "8" "3" " " " " " " " " " " " " " " " " " " "}" ";" " " " " " " " " " " " " " " " " " " " " " " " " " " " " " " " " " " " " " " " " " " " " " " " " " " " " " " " " " " " " " " " " " " " " " " " " " " " " " " " " " " " " " " " " " " " " " " " " " " " " " " " " " " " " " " " " " " " " " " " " " " " " " " " " " " " " " " " " " " " " " " " " " " " " " " " " " " " " " " " " " " " " " " " " " "
line57: " " " " " " " " " " " " " " " " " " " " " " " " " " " " " " " " " " " " " " " " " " " " " " " " " " " " " " " " " " " " " " " " " " " " " " " " " " " " " " " " " " " " " " " " " " " " " " " " " " " " " " " " " " " " " " " " " " " " " " " " " " " " " " " " " " " " " " " " " " " " " " " " " " " " " " " " " " " " " " " " " " " " " " " " " " " " " " " " " " " " " " " " " " " " " " " " " " " " " " .
line58: . . . . . . . . . . . . . . . . . . . . . . . . . . . . . . . . . . . . . . . . . . . . . . . . . . . . . . . . . . . . . . . . . . . . . . . . . . . . . . . . . . . . . . . . . . . . . . . . . . . " "
line59: " " "1" "7" "1" " " " " " " " " " " " " " " " " " " "}" " " " " " " " " " " " " " " " " " " " " " " " " " " " " " " " " " " " " " " " " " " " " " " " " " " " " " " " " " " " " " " " " " " " " " " " " " " " " " " " " " " " " " " " " " " " " " " " " " " " " " " " " " " " " " " " " " " " " " " " " " " " " " " " " " " " " " " " " " " " " " " " " " " " " " " " " " " " " " " " " " " " " " " " " " " .
line60: . . . . . . . . . . . . . . . . . . . . . . . . . . . . . . . . . . . . . . . . . . . . . . . . . . . . . . . . . . . . . . . . . . . . . . . . . . . . . . . . . . . . . . . . . . . . . . . . . . . " "
line61: " " "1" "7" "2" " " " " " " " " " " "}" " " " " " " " " " " " " " " " " " " " " " " " " " " " " " " " " " " " " " " " " " " " " " " " " " " " " " " " " " " " " " " " " " " " " " " " " " " " " " " " " " " " " " " " " " " " " " " " " " " " " " " " " " " " " " " " " " " " " " " " " " " " " " " " " " " " " " " " " " " " " " " " " " " " " " " " " " " " " " " " " " " " " " " " " " " " " " " " " " " .
line62: . . . . . . . . . . . . . . . . . . . . . . . . . . . . . . . . . . . . . . . . . . . . . . . . . . . . . . . . . . . . . . . . . . . . . . . . . . . . . . . . . . . . . . . . . . . . . . . . . . . " "
line63: " " "1" "7" "3" " " " " " " " " " " " " " " " " " " " " " " " " " " " " " " " " " " " " " " " " " " " " " " " " " " " " " " " " " " " " " " " " " " " " " " " " " " " " " " " " " " " " " " " " " " " " " " " " " " " " " " " " " " " " " " " " " " " " " " " " " " " " " " " " " " " " " " " " " " " " " " " " " " " " " " " " " " " " " " " " " " " " " " " " " " " " " " " " " " " " " " " " " " " " " " .
line64: . . . . . . . . . . . . . . . . . . . . . . . . . . . . . . . . . . . . . . . . . . . . . . . . . . . . . . . . . . . . . . . . . . . . . . . . . . . . . . . . . . . . . . . . . . . . . . . . . . . " "
line65: " " "1" "7" "4" " " " " " " " " " " "p" "u" "b" " " "f" "n" " " "l" "o" "g" "S" "t" "d" "o" "u" "t" "(" "s" "e" "l" "f" ":" " " "L" "o" "g" "g" "e" "r" "," " " "l" "e" "v" "e" "l" ":" " " "L" "e" "v" "e" "l" "," " " "c" "o" "m" "p" "t" "i" "m" "e" " " "f" "m" "t" ":" " " "[" "]" "c" "o" "n" "s" "t" " " "u" "8" "," " " "a" "r" "g" "s" ":" " " "a" "n" "y" "t" "y" "p" "e" ")" " " "v" "o" "i" "d" .
line66: . . . . . . . . . . . . . . . . . . . . . . . . . . . . . . . . . . . . . . . . . . . . . . . . . . . . . . . . . . . . . . . . . . . . . . . . . . . . . . . . . . . . . . . . . . . . . . . . . . . " "
line67: " " "1" "7" "5" " " " " " " " " " " " " " " " " " " "c" "o" "n" "s" "t" " " "e" "m" "i" "t" "_" "f" "i" "l" "e" " " "=" " " "s" "e" "l" "f" "." "e" "n" "a" "b" "l" "e" "d" "_" "f" "i" "l" "e" " " "a" "n" "d" " " "l" "o" "g" "_" "f" "i" "l" "e" " " "!" "=" " " "n" "u" "l" "l" " " "a" "n" "d" " " "s" "h" "o" "u" "l" "d" "E" "m" "i" "t" "(" "l" "e" "v" "e" "l" "," " " "s" "e" "l" "f" "." "f" "i" .
line68: . . . . . . . . . . . . . . . . . . . . . . . . . . . . . . . . . . . . . . . . . . . . . . . . . . . . . . . . . . . . . . . . . . . . . . . . . . . . . . . . . . . . . . . . . . . . . . . . . . . " "
line69: " " "1" "7" "6" " " " " " " " " " " " " " " " " " " "c" "o" "n" "s" "t" " " "e" "m" "i" "t" "_" "c" "o" "n" "s" "o" "l" "e" " " "=" " " "s" "e" "l" "f" "." "e" "n" "a" "b" "l" "e" "d" "_" "c" "o" "n" "s" "o" "l" "e" " " "a" "n" "d" " " "s" "h" "o" "u" "l" "d" "E" "m" "i" "t" "(" "l" "e" "v" "e" "l" "," " " "s" "e" "l" "f" "." "c" "o" "n" "s" "o" "l" "e" "_" "l" "e" "v" "e" "l" ")" ";" " " " " .
line70: . . . . . . . . . . . . . . . . . . . . . . . . . . . . . . . . . . . . . . . . . . . . . . . . . . . . . . . . . . . . . . . . . . . . . . . . . . . . . . . . . . . . . . . . . . . . . . . . . . . " "
line71: " " "1" "7" "7" " " " " " " " " " " " " " " " " " " "i" "f" " " "(" "!" "e" "m" "i" "t" "_" "f" "i" "l" "e" " " "a" "n" "d" " " "!" "e" "m" "i" "t" "_" "c" "o" "n" "s" "o" "l" "e" ")" " " "r" "e" "t" "u" "r" "n" ";" " " " " " " " " " " " " " " " " " " " " " " " " " " " " " " " " " " " " " " " " " " " " " " " " " " " " " " " " " " " " " " " " " " " " " " " " " " " " " " " " " " " " " " " " " " .
line72: . . . . . . . . . . . . . . . . . . . . . . . . . . . . . . . . . . . . . . . . . . . . . . . . . . . . . . . . . . . . . . . . . . . . . . . . . . . . . . . . . . . . . . . . . . . . . . . . . . . " "
line73: " " "1" "7" "8" " " " " " " " " " " " " " " " " " " " " " " " " " " " " " " " " " " " " " " " " " " " " " " " " " " " " " " " " " " " " " " " " " " " " " " " " " " " " " " " " " " " " " " " " " " " " " " " " " " " " " " " " " " " " " " " " " " " " " " " " " " " " " " " " " " " " " " " " " " " " " " " " " " " " " " " " " " " " " " " " " " " " " " " " " " " " " " " " " " " " " " " " " " " " " " .
line74: . . . . . . . . . . . . . . . . . . . . . . . . . . . . . . . . . . . . . . . . . . . . . . . . . . . . . . . . . . . . . . . . . . . . . . . . . . . . . . . . . . . . . . . . . . . . . . . . . . . " "
line75: " " "1" "7" "9" " " " " " " " " " " " " " " " " " " "v" "a" "r" " " "b" "u" "f" ":" " " "[" "1" "0" "2" "4" "]" "u" "8" " " "=" " " "u" "n" "d" "e" "f" "i" "n" "e" "d" ";" " " " " " " " " " " " " " " " " " " " " " " " " " " " " " " " " " " " " " " " " " " " " " " " " " " " " " " " " " " " " " " " " " " " " " " " " " " " " " " " " " " " " " " " " " " " " " " " " " " " " " " " " " " " " " " " " .
line76: . . . . . . . . . . . . . . . . . . . . . . . . . . . . . . . . . . . . . . . . . . . . . . . . . . . . . . . . . . . . . . . . . . . . . . . . . . . . . . . . . . . . . . . . . . . . . . . . . . . " "
line77: " " "1" "8" "0" " " " " " " " " " " " " " " " " " " "c" "o" "n" "s" "t" " " "m" "s" "g" " " "=" " " "s" "t" "d" "." "f" "m" "t" "." "b" "u" "f" "P" "r" "i" "n" "t" "(" "&" "b" "u" "f" "," " " "f" "m" "t" "," " " "a" "r" "g" "s" ")" " " "c" "a" "t" "c" "h" " " "|" "e" "r" "r" "|" " " "{" " " " " " " " " " " " " " " " " " " " " " " " " " " " " " " " " " " " " " " " " " " " " " " " " " " " " " " .
line78: . . . . . . . . . . . . . . . . . . . . . . . . . . . . . . . . . . . . . . . . . . . . . . . . . . . . . . . . . . . . . . . . . . . . . . . . . . . . . . . . . . . . . . . . . . . . . . . . . . . " "
line79: " " "1" "8" "1" " " " " " " " " " " " " " " " " " " " " " " " " " " "s" "t" "d" "." "d" "e" "b" "u" "g" "." "p" "r" "i" "n" "t" "(" "\"" "[" "a" "p" "p" "." "l" "o" "g" "g" "e" "r" "]" "[" "W" "a" "r" "n" "i" "n" "g" "]" "[" "{" "s" "}" "]" " " "d" "r" "o" "p" "p" "e" "d" " " "l" "o" "g" " " "m" "e" "s" "s" "a" "g" "e" " " "d" "u" "e" " " "t" "o" " " "f" "m" "t" " " "e" "r" "r" "o" "r" ":" " " .
line80: . . . . . . . . . . . . . . . . . . . . . . . . . . . . . . . . . . . . . . . . . . . . . . . . . . . . . . . . . . . . . . . . . . . . . . . . . . . . . . . . . . . . . . . . . . . . . . . . . . . " "
line81: " " "1" "8" "2" " " " " " " " " " " " " " " " " " " " " " " " " " " "r" "e" "t" "u" "r" "n" ";" " " " " " " " " " " " " " " " " " " " " " " " " " " " " " " " " " " " " " " " " " " " " " " " " " " " " " " " " " " " " " " " " " " " " " " " " " " " " " " " " " " " " " " " " " " " " " " " " " " " " " " " " " " " " " " " " " " " " " " " " " " " " " " " " " " " " " " " " " " " " " " " " " " " " " " .
line82: . . . . . . . . . . . . . . . . . . . . . . . . . . . . . . . . . . . . . . . . . . . . . . . . . . . . . . . . . . . . . . . . . . . . . . . . . . . . . . . . . . . . . . . . . . . . . . . . . . . " "
line83: " " "1" "8" "3" " " " " " " " " " " " " " " " " " " "}" ";" " " " " " " " " " " " " " " " " " " " " " " " " " " " " " " " " " " " " " " " " " " " " " " " " " " " " " " " " " " " " " " " " " " " " " " " " " " " " " " " " " " " " " " " " " " " " " " " " " " " " " " " " " " " " " " " " " " " " " " " " " " " " " " " " " " " " " " " " " " " " " " " " " " " " " " " " " " " " " " " " " " " " " " " " .
line84: . . . . . . . . . . . . . . . . . . . . . . . . . . . . . . . . . . . . . . . . . . . . . . . . . . . . . . . . . . . . . . . . . . . . . . . . . . . . . . . . . . . . . . . . . . . . . . . . . . . " "
line85: " " " " " " " " " " " " " " " " " " " " " " " " " " " " " " " " " " " " " " " " " " " " " " " " " " " " " " " " " " " " " " " " " " " " " " " " " " " " " " " " " " " " " " " " " " " " " " " " " " " " " " " " " " " " " " " " " " " " " " " " " " " " " " " " " " " " " " " " " " " " " " " " " " " " " " " " " " " " " " " " " " " " " " " " " " " " " " " " " " " " " " " " " " " " " " " " " " " " " " .
line86: . . . . . . . . . . . . . . . . . . . . . . . . . . . . . . . . . . . . . . . . . . . . . . . . . . . . . . . . . . . . . . . . . . . . . . . . . . . . . . . . . . . . . . . . . . . . . . . . . . . " "
line87: " " " " " " " " " " " " " " " " " " " " " " " " " " " " " " " " " " " " " " " " " " " " " " " " " " " " " " " " " " " " " " " " " " " " " " " " " " " " " " " " " " " " " " " " " " " " " " " " " " " " " " " " " " " " " " " " " " " " " " " " " " " " " " " " " " " " " " " " " " " " " " " " " " " " " " " " " " " " " " " " " " " " " " " " " " " " " " " " " " " " " " " " " " " " " " " " " " " " " " " "
line88: "" " " "a" "p" "p" "_" "l" "o" "g" "g" "e" "r" "." "z" "i" "g" " " " " " " " " " " " " " " " " " " " " " " " " " " " " " " " " " " " " " " " " " " " " " " " " " " " " " " " " " " " " " " " " " " " " " " " " " " " " " " " " " " " " " " " " " " " " " " " " " " " " " " " " " " " " " " " " " " " " " " " " " " " " " " " " " " " " " " " " " " " " " " " " " " " " " " " " " " " " " " " " " " " " " " .
line89: . . . . . . . . . . . . . . . . . . . . . . . . . . . . . . . . . . . . . . . . . . . . . . . . . . . . . . . . . . . . . . . . . . . . . . . . . . . . . . . . . . . . . . . . . . . . . . . . . . . "s"
line90: "r" "c" "/" "a" "p" "p" "_" "l" "o" "g" "g" "e" "r" "." "z" "i" "g" " " " " " " " " " " " " " " " " " " " " " " " " " " " " " " " " " " " " " " " " " " " " " " " " " " " " " " " " " " " " " " " " " " " " " " " " " " " " " " " " " " " " " " " " " " " " " " " " " " " " " " " " " " " " " " " " " " " " " " " " " " " " " " " " "1" "7" "7" "," "8" " " " " " " " " " " " " " " " " " " " " "5" "0" "%" .
line91: . . . . . . . . . . . . . . . . . . . . . . . . . . . . . . . . . . . . . . . . . . . . . . . . . . . . . . . . . . . . . . . . . . . . . . . . . . . . . . . . . . . . . . . . . . . . . . . . . . . " "
line92: " " " " " " " " " " " " " " " " " " " " " " " " " " " " " " " " " " " " " " " " " " " " " " " " " " " " " " " " " " " " " " " " " " " " " " " " " " " " " " " " " " " " " " " " " " " " " " " " " " " " " " " " " " " " " " " " " " " " " " " " " " " " " " " " " " " " " " " " " " " " " " " " " " " " " " " " " " " " " " " " " " " " " " " " " " " " " " " " " " " " " " " " " " " " " " " " " " " " " " " "
line93: " " " " " " " " " " " " " " " " " " " " " " " " " " " " " " " " " " " " " " " " " " " " " " " " " " " " " " " " " " " " " " " " " " " " " " " " " " " " " " " " " " " " " " " " " " " " " " " " " " " " " " " " " " " " " " " " " " " " " " " " " " " " " " " " " " " " " " " " " " " " " " " " " " " " " " " " " " " " " " " " " " " " " " " " " " " " " " " " " " " " " " " " " " " " " " " " " " " " " " .
line94: . . . . . . . . . . . . . . . . . . . . . . . . . . . . . . . . . . . . . . . . . . . . . . . . . . . . . . . . . . . . . . . . . . . . . . . . . . . . . . . . . . . . . . . . . . . . . . . . . . . " "
line95: " " " " " " " " " " " " " " " " " " " " " " " " " " " " " " " " " " " " " " " " " " " " " " " " " " " " " " " " " " " " " " " " " " " " " " " " " " " " " " " " " " " " " " " " " " " " " " " " " " " " " " " " " " " " " " " " " " " " " " " " " " " " " " " " " " " " " " " " " " " " " " " " " " " " " " " " " " " " " " " " " " " " " " " " " " " " " " " " " " " " " " " " " " " " " " " " " " " " " " .
line96: . . . . . . . . . . . . . . . . . . . . . . . . . . . . . . . . . . . . . . . . . . . . . . . . . . . . . . . . . . . . . . . . . . . . . . . . . . . . . . . . . . . . . . . . . . . . . . . . . . . " "
line97: " " " " " " " " " " " " " " " " " " " " " " " " " " " " " " " " " " " " " " " " " " " " " " " " " " " " " " " " " " " " " " " " " " " " " " " " " " " " " " " " " " " " " " " " " " " " " " " " " " " " " " " " " " " " " " " " " " " " " " " " " " " " " " " " " " " " " " " " " " " " " " " " " " " " " " " " " " " " " " " " " " " " " " " " " " " " " " " " " " " " " " " " " " " " " " " " " " " " " " .
line98: . . . . . . . . . . . . . . . . . . . . . . . . . . . . . . . . . . . . . . . . . . . . . . . . . . . . . . . . . . . . . . . . . . . . . . . . . . . . . . . . . . . . . . . . . . . . . . . . . . . " "
line99: " " " " " " " " " " " " " " " " " " " " " " " " " " " " " " " " " " " " " " " " " " " " " " " " " " " " " " " " " " " " " " " " " " " " " " " " " " " " " " " " " " " " " " " " " " " " " " " " " " " " " " " " " " " " " " " " " " " " " " " " " " " " " " " " " " " " " " " " " " " " " " " " " " " " " " " " " " " " " " " " " " " " " " " " " " " " " " " " " " " " " " " " " " " " " " " " " " " " " " .
line100: . . . . . . . . . . . . . . . . . . . . . . . . . . . . . . . . . . . . . . . . . . . . . . . . . . . . . . . . . . . . . . . . . . . . . . . . . . . . . . . . . . . . . . . . . . . . . . . . . . . " "
line101: " " " " " " " " " " " " " " " " " " " " " " " " " " " " " " " " " " " " " " " " " " " " " " " " " " " " " " " " " " " " " " " " " " " " " " " " " " " " " " " " " " " " " " " " " " " " " " " " " " " " " " " " " " " " " " " " " " " " " " " " " " " " " " " " " " " " " " " " " " " " " " " " " " " " " " " " " " " " " " " " " " " " " " " " " " " " " " " " " " " " " " " " " " " " " " " " " " " " " " .
line102: . . . . . . . . . . . . . . . . . . . . . . . . . . . . . . . . . . . . . . . . . . . . . . . . . . . . . . . . . . . . . . . . . . . . . . . . . . . . . . . . . . . . . . . . . . . . . . . . . . . " "
line103: " " " " " " " " " " " " " " " " " " " " " " " " " " " " " " " " " " " " " " " " " " " " " " " " " " " " " " " " " " " " " " " " " " " " " " " " " " " " " " " " " " " " " " " " " " " " " " " " " " " " " " " " " " " " " " " " " " " " " " " " " " " " " " " " " " " " " " " " " " " " " " " " " " " " " " " " " " " " " " " " " " " " " " " " " " " " " " " " " " " " " " " " " " " " " " " " " " " " " " .
line104: . . . . . . . . . . . . . . . . . . . . . . . . . . . . . . . . . . . . . . . . . . . . . . . . . . . . . . . . . . . . . . . . . . . . . . . . . . . . . . . . . . . . . . . . . . . . . . . . . . . " "
line105: " " " " " " " " " " " " " " " " " " " " " " " " " " " " " " " " " " " " " " " " " " " " " " " " " " " " " " " " " " " " " " " " " " " " " " " " " " " " " " " " " " " " " " " " " " " " " " " " " " " " " " " " " " " " " " " " " " " " " " " " " " " " " " " " " " " " " " " " " " " " " " " " " " " " " " " " " " " " " " " " " " " " " " " " " " " " " " " " " " " " " " " " " " " " " " " " " " " " " " .
line106: . . . . . . . . . . . . . . . . . . . . . . . . . . . . . . . . . . . . . . . . . . . . . . . . . . . . . . . . . . . . . . . . . . . . . . . . . . . . . . . . . . . . . . . . . . . . . . . . . . . " "
line107: " " " " " " " " " " " " " " " " " " " " " " " " " " " " " " " " " " " " " " " " " " " " " " " " " " " " " " " " " " " " " " " " " " " " " " " " " " " " " " " " " " " " " " " " " " " " " " " " " " " " " " " " " " " " " " " " " " " " " " " " " " " " " " " " " " " " " " " " " " " " " " " " " " " " " " " " " " " " " " " " " " " " " " " " " " " " " " " " " " " " " " " " " " " " " " " " " " " " " " .
line108: . . . . . . . . . . . . . . . . . . . . . . . . . . . . . . . . . . . . . . . . . . . . . . . . . . . . . . . . . . . . . . . . . . . . . . . . . . . . . . . . . . . . . . . . . . . . . . . . . . . " "
line109: " " " " " " " " " " " " " " " " " " " " " " " " " " " " " " " " " " " " " " " " " " " " " " " " " " " " " " " " " " " " " " " " " " " " " " " " " " " " " " " " " " " " " " " " " " " " " " " " " " " " " " " " " " " " " " " " " " " " " " " " " " " " " " " " " " " " " " " " " " " " " " " " " " " " " " " " " " " " " " " " " " " " " " " " " " " " " " " " " " " " " " " " " " " " " " " " " " " " " " .
line110: . . . . . . . . . . . . . . . . . . . . . . . . . . . . . . . . . . . . . . . . . . . . . . . . . . . . . . . . . . . . . . . . . . . . . . . . . . . . . . . . . . . . . . . . . . . . . . . . . . . " "
line111: " " " " " " " " " " " " " " " " " " " " " " " " " " " " " " " " " " " " " " " " " " " " " " " " " " " " " " " " " " " " " " " " " " " " " " " " " " " " " " " " " " " " " " " " " " " " " " " " " " " " " " " " " " " " " " " " " " " " " " " " " " " " " " " " " " " " " " " " " " " " " " " " " " " " " " " " " " " " " " " " " " " " " " " " " " " " " " " " " " " " " " " " " " " " " " " " " " " " " " .
line112: . . . . . . . . . . . . . . . . . . . . . . . . . . . . . . . . . . . . . . . . . . . . . . . . . . . . . . . . . . . . . . . . . . . . . . . . . . . . . . . . . . . . . . . . . . . . . . . . . . . " "
line113: " " " " " " " " " " " " " " " " " " " " " " " " " " " " " " " " " " " " " " " " " " " " " " " " " " " " " " " " " " " " " " " " " " " " " " " " " " " " " " " " " " " " " " " " " " " " " " " " " " " " " " " " " " " " " " " " " " " " " " " " " " " " " " " " " " " " " " " " " " " " " " " " " " " " " " " " " " " " " " " " " " " " " " " " " " " " " " " " " " " " " " " " " " " " " " " " " " " " " " .
line114: . . . . . . . . . . . . . . . . . . . . . . . . . . . . . . . . . . . . . . . . . . . . . . . . . . . . . . . . . . . . . . . . . . . . . . . . . . . . . . . . . . . . . . . . . . . . . . . . . . . " "
line115: " " " " " " " " " " " " " " " " " " " " " " " " " " " " " " " " " " " " " " " " " " " " " " " " " " " " " " " " " " " " " " " " " " " " " " " " " " " " " " " " " " " " " " " " " " " " " " " " " " " " " " " " " " " " " " " " " " " " " " " " " " " " " " " " " " " " " " " " " " " " " " " " " " " " " " " " " " " " " " " " " " " " " " " " " " " " " " " " " " " " " " " " " " " " " " " " " " " " " " .
line116: . . . . . . . . . . . . . . . . . . . . . . . . . . . . . . . . . . . . . . . . . . . . . . . . . . . . . . . . . . . . . . . . . . . . . . . . . . . . . . . . . . . . . . . . . . . . . . . . . . . " "
line117: " " " " " " " " " " " " " " " " " " " " " " " " " " " " " " " " " " " " " " " " " " " " " " " " " " " " " " " " " " " " " " " " " " " " " " " " " " " " " " " " " " " " " " " " " " " " " " " " " " " " " " " " " " " " " " " " " " " " " " " " " " " " " " " " " " " " " " " " " " " " " " " " " " " " " " " " " " " " " " " " " " " " " " " " " " " " " " " " " " " " " " " " " " " " " " " " " " " " " " .
line118: . . . . . . . . . . . . . . . . . . . . . . . . . . . . . . . . . . . . . . . . . . . . . . . . . . . . . . . . . . . . . . . . . . . . . . . . . . . . . . . . . . . . . . . . . . . . . . . . . . . " "
line119: " " " " " " " " " " " " " " " " " " " " " " " " " " " " " " " " " " " " " " " " " " " " " " " " " " " " " " " " " " " " " " " " " " " " " " " " " " " " " " " " " " " " " " " " " " " " " " " " " " " " " " " " " " " " " " " " " " " " " " " " " " " " " " " " " " " " " " " " " " " " " " " " " " " " " " " " " " " " " " " " " " " " " " " " " " " " " " " " " " " " " " " " " " " " " " " " " " " " " " .
line120: . . . . . . . . . . . . . . . . . . . . . . . . . . . . . . . . . . . . . . . . . . . . . . . . . . . . . . . . . . . . . . . . . . . . . . . . . . . . . . . . . . . . . . . . . . . . . . . . . . . " "
line121: " " " " " " " " " " " " " " " " " " " " " " " " " " " " " " " " " " " " " " " " " " " " " " " " " " " " " " " " " " " " " " " " " " " " " " " " " " " " " " " " " " " " " " " " " " " " " " " " " " " " " " " " " " " " " " " " " " " " " " " " " " " " " " " " " " " " " " " " " " " " " " " " " " " " " " " " " " " " " " " " " " " " " " " " " " " " " " " " " " " " " " " " " " " " " " " " " " " " " " .
line122: . . . . . . . . . . . . . . . . . . . . . . . . . . . . . . . . . . . . . . . . . . . . . . . . . . . . . . . . . . . . . . . . . . . . . . . . . . . . . . . . . . . . . . . . . . . . . . . . . . . " "
line123: " " " " " " " " " " " " " " " " " " " " " " " " " " " " " " " " " " " " " " " " " " " " " " " " " " " " " " " " " " " " " " " " " " " " " " " " " " " " " " " " " " " " " " " " " " " " " " " " " " " " " " " " " " " " " " " " " " " " " " " " " " " " " " " " " " " " " " " " " " " " " " " " " " " " " " " " " " " " " " " " " " " " " " " " " " " " " " " " " " " " " " " " " " " " " " " " " " " " " " .
line124: . . . . . . . . . . . . . . . . . . . . . . . . . . . . . . . . . . . . . . . . . . . . . . . . . . . . . . . . . . . . . . . . . . . . . . . . . . . . . . . . . . . . . . . . . . . . . . . . . . . " "
line125: " " "1" "7" "1" " " " " " " " " " " " " " " " " " " "}" . . . . . . . . . . . . . . . . . . . . . . . . . . . . . . . . . . . . . . . . . . . . . . . . . . . . . . . . . . . . . . . . . . . . . . . . . . . . . . . . . . . . . .
line126: . . . . . . . . . . . . . . " " " " "1" "7" "2" " " " " " " " " " " "}" . . . . . . . . . . . . . . . . . . . . . . . . . . . . . . . . . . . . . . . . . . . . . . . . . . . . . . . . . . . . . . . . . . . . . . . . . . .
line127: . . . . . . . . . . . . . . . . . . . . . . . . . " " " " "1" "7" "3" " " . . . . . . . . . . . . . . . . . . . . . . . . . . . . . . . . . . . . . . . . . . . . . . . . . . . . . . . . . . . . . . . . . . . . .
line128: . . . . . . . . . . . . . . . . . . . . . . . . . . . . . . . " " " " "1" "7" "4" " " " " " " " " " " "p" "u" "b" " " "f" "n" " " "l" "o" "g" "S" "t" "d" "o" "u" "t" "(" "s" "e" "l" "f" ":" " " "L" "o" "g" "g" "e" "r" "," " " "l" "e" "v" "e" "l" ":" " " "L" "e" "v" "e" "l" "," " " "c" "o" "m" "p" "t" "i" "m" "e" " " "f" "m" "t" ":" " "
line129: "[" "]" "c" "o" "n" "s" "t" " " "u" "8" "," " " "a" "r" "g" "s" ":" " " "a" "n" "y" "t" "y" "p" "e" ")" " " "v" "o" "i" "d" . . . . . . . . . . . . . . . . . . . . . . . . . . . . . . . . . . . . . . . . . . . . . . . . . . . . . . . . . . . . . . . . . . . . .
line130: . . . . . . . . . . . . . . . . . . . . . . . . . . . . . . . " " " " "1" "7" "5" " " " " " " " " " " " " " " " " " " "c" "o" "n" "s" "t" " " "e" "m" "i" "t" "_" "f" "i" "l" "e" " " "=" " " "s" "e" "l" "f" "." "e" "n" "a" "b" "l" "e" "d" "_" "f" "i" "l" "e" " " "a" "n" "d" " " "l" "o" "g" "_" "f" "i" "l" "e" " " "!" "=" " " "n" "u" "l"
line131: "l" " " "a" "n" "d" " " "s" "h" "o" "u" "l" "d" "E" "m" "i" "t" "(" "l" "e" "v" "e" "l" "," " " "s" "e" "l" "f" "." "f" "i" . . . . . . . . . . . . . . . . . . . . . . . . . . . . . . . . . . . . . . . . . . . . . . . . . . . . . . . . . . . . . . . . . . . . .
line132: . . . . . . . . . . . . . . . . . . . . . . . . . . . . . . . " " " " "1" "7" "6" " " " " " " " " " " " " " " " " " " "c" "o" "n" "s" "t" " " "e" "m" "i" "t" "_" "c" "o" "n" "s" "o" "l" "e" " " "=" " " "s" "e" "l" "f" "." "e" "n" "a" "b" "l" "e" "d" "_" "c" "o" "n" "s" "o" "l" "e" " " "a" "n" "d" " " "s" "h" "o" "u" "l" "d" "E" "m" "i"
line133: "t" "(" "l" "e" "v" "e" "l" "," " " "s" "e" "l" "f" "." "c" "o" "n" "s" "o" "l" "e" "_" "l" "e" "v" "e" "l" ")" ";" . . . . . . . . . . . . . . . . . . . . . . . . . . . . . . . . . . . . . . . . . . . . . . . . . . . . . . . . . . . . . . . . . . . . . . .
line134: . . . . . . . . . . . . . . . . . . . . . . . . . . . . . " " " " "1" "7" "7" " " " " " " " " " " " " " " " " " " "i" "f" " " "(" "!" "e" "m" "i" "t" "_" "f" "i" "l" "e" " " "a" "n" "d" " " "!" "e" "m" "i" "t" "_" "c" "o" "n" "s" "o" "l" "e" ")" " " "r" "e" "t" "u" "r" "n" ";" " " " " " " " " " " " " " " " " " " " " " " " " " " " " " " " "
line135: " " " " " " " " " " " " " " " " " " " " " " " " " " " " " " " " " " " " " " " " " " " " " " " " " " " " " " " " " " . . . . . . . . . . . . . . . . . . . . . . . . . . . . . . . . . . . . . . . . . . . . . . . . . . . . . . . . . . . . . . . . . . . . . . .
line136: . . . . . . . . . . . . . . . . . . . . . . . . . . . . . " " " " "1" "7" "8" " " . . . . . . . . . . . . . . . . . . . . . . . . . . . . . . . . . . . . . . . . . . . . . . . . . . . . . . . . . . . . . . . . .
line137: . . . . . . . . . . . . . . . . . . . . . . . . . . . . . . . . . . . " " " " "1" "7" "9" " " " " " " " " " " " " " " " " " " "v" "a" "r" " " "b" "u" "f" ":" " " "[" "1" "0" "2" "4" "]" "u" "8" " " "=" " " "u" "n" "d" "e" "f" "i" "n" "e" "d" ";" . . . . . . . . . . . . . . . . . . . . .
line138: . . . . . . . . . . . . . . . . . . . . . . . . . . . . . . . . . . . . . . . . . . . . . . . . . . . . . . . . . . . . . . . . . . . . . . . . . . . . . . . " " " " "1" "8" "0" " " " " " " " " " " " " " " " " " " "c" "o" "n" "s" "t" " " "m"
line139: "s" "g" " " "=" " " "s" "t" "d" "." "f" "m" "t" "." "b" "u" "f" "P" "r" "i" "n" "t" "(" "&" "b" "u" "f" "," " " "f" "m" "t" "," " " "a" "r" "g" "s" ")" " " "c" "a" "t" "c" "h" " " "|" "e" "r" "r" "|" " " "{" . . . . . . . . . . . . . . . . . . . . . . . . . . . . . . . . . . . . . . . . . . . . . . . .
line140: . . . . . . . . . . . . . . . . . . . . . . . . . . . . . . . . . . . . . . . . . . . . . . . . . . . . " " " " "1" "8" "1" " " " " " " " " " " " " " " " " " " " " " " " " " " "s" "t" "d" "." "d" "e" "b" "u" "g" "." "p" "r" "i" "n" "t" "(" "\"" "[" "a" "p" "p" "." "l" "o" "g" "g" "e" "r" "]" "["
line141: "W" "a" "r" "n" "i" "n" "g" "]" "[" "{" "s" "}" "]" " " "d" "r" "o" "p" "p" "e" "d" " " "l" "o" "g" " " "m" "e" "s" "s" "a" "g" "e" " " "d" "u" "e" " " "t" "o" " " "f" "m" "t" " " "e" "r" "r" "o" "r" ":" " " . . . . . . . . . . . . . . . . . . . . . . . . . . . . . . . . . . . . . . . . . . . . . . . .
line142: . . . . . . . . . . . . . . . . . . . . . . . . . . . . . . . . . . . . . . . . . . . . . . . . . . . . " " " " "1" "8" "2" " " " " " " " " " " " " " " " " " " " " " " " " " " "r" "e" "t" "u" "r" "n" ";" . . . . . . . . . . . . . . . . . . . . . . .
line143: . . . . . . . . . . . . . . . . . . . . . . . . . . . . . . . . . . . . . . . . . . . . . . . . . . . . . . . . . . . . . . . . . . . . . . . . . . . . . " " " " "1" "8" "3" " " " " " " " " " " " " " " " " " " "}" ";" . . . . . . .
line144: . . . . . . . . . . . . . . . . . . . . . . . . . . . . . . . . . . . . . . . . . . . . . . . . . . . . . . . . . . . . . . . . . . . . . . . . . . . . . . . . . . . . . . . . . . . . . " " " " "1" "8" "4" " " " "
line145: " " " " " " " " " " " " " " "c" "o" "n" "s" "t" " " "t" "s" "_" "u" "s" " " "=" " " "t" "i" "m" "e" "s" "t" "a" "m" "p" "M" "i" "c" "r" "o" "s" "(" ")" ";" " " "" " " "a" "p" "p" "_" "l" "o" "g" "g" "e" "r" "." "z" "i" "g" " " " " " " " " " " " " " " " " " " " " " " " " " " " " " " " " " " " " " " " " " " " " " " " " " " " " " " " " " " " " " " " " " " " " " " " " " " " " " " " " " " " " " " " "
line146: " " " " " " " " " " " " " " " " " " " " " " " " " " " " " " " " " " " " " " " " " " " " " " " " " " " " " " " " " " " " " " " " " " " " " " " " " " " " " " . . . . . . . . . . . . . . . . . . . . . . . . . . . . . . . . . . . . . . . . . . . . . . . . . . . . . . . . . . . . .
line147: . . . . . . . . . . . . . . . . . . . . . . . . . . . . . . . . . . . . . . . " " " " " " " " " " " " " " " " " " " " " " " " " " " " " " " " " " " " " " " " " " " " " " " " " " " " " " " " " " " " " " " " " " " " " " " " " " " " " " " " " " " " " " " " " " " " " " " " " " " " " " " " " " " " " " " " " " " " " " " " " "
line148: " " " " " " " " " " " " " " " " " " " " " " " " " " " " " " " " " " " " " " " " " " " " " " " " " " " " " " " " " " " " " " " " " " " " " " " " " " " " " " . . . . . . . . . . . . . . . . . . . . . . . . . . . . . . . . . . . . . . . . . . . . . . . . . . . . . . . . . . . . .
line149: . . . . . . . . . . . . . . . . . . . . . . . . . . . . . . . . . . . . . . . " " " " " " " " " " " " " " " " " " " " " " " " " " " " " " " " " " " " " " " " " " " " " " " " " " " " " " " " " " " " " " " " " " " " " " " " " " " " " " " " " " " " " " " " " " " " " " " " " " " " " " " " " " " " " " " " " " " " " " " " " "
line150: " " " " " " " " " " " " " " " " " " " " " " " " " " " " " " " " " " " " " " " " " " " " " " " " " " " " " " " " " " " " " " " " " " " " " " " " " " " " " " " " "" " " "a" "p" "p" "_" "l" "o" "g" "g" "e" "r" "." "z" "i" "g" " " " " " " " " " " " " " " " " " " " " " " " " " " " " " " " " " " " " " " " " " " " " " " " " " " " " " " " " " " " " " " " " " " " " " " " " " " " " " " " " " " " " " " " "
line151: " " " " " " " " " " " " " " " " " " " " " " " " " " " " " " " " " " " " " " " " " " " " " " " " " " " " " " " " " " " " " " " " " " " " " " " " " " " " " " . . . . . . . . . . . . . . . . . . . . . . . . . . . . . . . . . . . . . . . . . . . . . . . . . . . . . . . . . . . . .
line152: . . . . . . . . . . . . . . . . . . . . . . . . . . . . . . . . . . . . . . . " " " " "1" "7" "1" " " " " " " " " " " " " " " " " " " "}" " " " " " " " " " " " " " " " " " " " " " " " " " " " " " " " " " " " " " " " " " " " " " " " " " " " " " " " " " " " " " " " " " " " " " " " " " " " " " " " " " " " " " " " " " " " "
line153: " " " " " " " " " " " " " " " " " " " " " " " " " " " " " " " " " " " " " " " " " " " " " " " " " " " " " " " " " " " " " " " " " " " " " " " " " " " " " " . . . . . . . . . . . . . . . . . . . . . . . . . . . . . . . . . . . . . . . . . . . . . . . . . . . . . . . . . . . . .
line154: . . . . . . . . . . . . . . . . . . . . . . . . . . . . . . . . . . . . . . . " " " " "1" "7" "2" " " " " " " " " " " "}" " " " " " " " " " " " " " " " " " " " " " " " " " " " " " " " " " " " " " " " " " " " " " " " " " " " " " " " " " " " " " " " " " " " " " " " " " " " " " " " " " " " " " " " " " " " " " " " " " " " "
line155: " " " " " " " " " " " " " " " " " " " " " " " " " " " " " " " " " " " " " " " " " " " " " " " " " " " " " " " " " " " " " " " " " " " " " " " " " " " " " " . . . . . . . . . . . . . . . . . . . . . . . . . . . . . . . . . . . . . . . . . . . . . . . . . . . . . . . . . . . . .
line156: . . . . . . . . . . . . . . . . . . . . . . . . . . . . . . . . . . . . . . . " " " " "1" "7" "3" " " " " " " " " " " " " " " " " " " " " " " " " " " " " " " " " " " " " " " " " " " " " " " " " " " " " " " " " " " " " " " " " " " " " " " " " " " " " " " " " " " " " " " " " " " " " " " " " " " " " " " " " " " " " " " " "
line157: " " " " " " " " " " " " " " " " " " " " " " " " " " " " " " " " " " " " " " " " " " " " " " " " " " " " " " " " " " " " " " " " " " " " " " " " " " " " " " . . . . . . . . . . . . . . . . . . . . . . . . . . . . . . . . . . . . . . . . . . . . . . . . . . . . . . . . . . . . .
line158: . . . . . . . . . . . . . . . . . . . . . . . . . . . . . . . . . . . . . . . " " " " "1" "7" "4" " " " " " " " " " " "p" "u" "b" " " "f" "n" " " "l" "o" "g" "S" "t" "d" "o" "u" "t" "(" "s" "e" "l" "f" ":" " " "L" "o" "g" "g" "e" "r" "," " " "l" "e" "v" "e" "l" ":" " " "L" "e" "v" "e" "l" "," " " "c" "o" "m" "p" "t" "i"
line159: "m" "e" " " "f" "m" "t" ":" " " "[" "]" "c" "o" "n" "s" "t" " " "u" "8" "," " " "a" "r" "g" "s" ":" " " "a" "n" "y" "t" "y" "p" "e" ")" " " "v" "o" "i" "d" . . . . . . . . . . . . . . . . . . . . . . . . . . . . . . . . . . . . . . . . . . . . . . . . . . . . . . . . . . . . .
line160: . . . . . . . . . . . . . . . . . . . . . . . . . . . . . . . . . . . . . . . " " " " "1" "7" "5" " " " " " " " " " " " " " " " " " " "c" "o" "n" "s" "t" " " "e" "m" "i" "t" "_" "f" "i" "l" "e" " " "=" " " "s" "e" "l" "f" "." "e" "n" "a" "b" "l" "e" "d" "_" "f" "i" "l" "e" " " "a" "n" "d" " " "l" "o" "g" "_" "f" "i" "l"
line161: "e" " " "!" "=" " " "n" "u" "l" "l" " " "a" "n" "d" " " "s" "h" "o" "u" "l" "d" "E" "m" "i" "t" "(" "l" "e" "v" "e" "l" "," " " "s" "e" "l" "f" "." "f" "i" . . . . . . . . . . . . . . . . . . . . . . . . . . . . . . . . . . . . . . . . . . . . . . . . . . . . . . . . . . . . .
line162: . . . . . . . . . . . . . . . . . . . . . . . . . . . . . . . . . . . . . . . " " " " "1" "7" "6" " " " " " " " " " " " " " " " " " " "c" "o" "n" "s" "t" " " "e" "m" "i" "t" "_" "c" "o" "n" "s" "o" "l" "e" " " "=" " " "s" "e" "l" "f" "." "e" "n" "a" "b" "l" "e" "d" "_" "c" "o" "n" "s" "o" "l" "e" " " "a" "n" "d" " " "s"
line163: "h" "o" "u" "l" "d" "E" "m" "i" "t" "(" "l" "e" "v" "e" "l" "," " " "s" "e" "l" "f" "." "c" "o" "n" "s" "o" "l" "e" "_" "l" "e" "v" "e" "l" ")" ";" " " " " . . . . . . . . . . . . . . . . . . . . . . . . . . . . . . . . . . . . . . . . . . . . . . . . . . . . . . . . . . . . .
line164: . . . . . . . . . . . . . . . . . . . . . . . . . . . . . . . . . . . . . . . " " " " "1" "7" "7" " " " " " " " " " " " " " " " " " " "i" "f" " " "(" "!" "e" "m" "i" "t" "_" "f" "i" "l" "e" " " "a" "n" "d" " " "!" "e" "m" "i" "t" "_" "c" "o" "n" "s" "o" "l" "e" ")" " " "r" "e" "t" "u" "r" "n" ";" " " " " " " " " " " " "
line165: " " " " " " " " " " " " " " " " " " " " " " " " " " " " " " " " " " " " " " " " " " " " " " " " " " " " " " " " " " " " " " " " " " " " " " " " " " " " " " . . . . . . . . . . . . . . . . . . . . . . . . . . . . . . . . . . . . . . . . . . . . . . . . . . . . . . . . . . . . .
line166: . . . . . . . . . . . . . . . . . . . . . . . . . . . . . . . . . . . . . . . " " " " "1" "7" "8" " " " " " " " " " " " " " " " " " " " " " " " " " " " " " " " " " " " " " " " " " " " " " " " " " " " " " " " " " " " " " " " " " " " " " " " " " " " " " " " " " " " " " " " " " " " " " " " " " " " " " " " " " " " " " " " "
line167: " " " " " " " " " " " " " " " " " " " " " " " " " " " " " " " " " " " " " " " " " " " " " " " " " " " " " " " " " " " " " " " " " " " " " " " " " " " " " " . . . . . . . . . . . . . . . . . . . . . . . . . . . . . . . . . . . . . . . . . . . . . . . . . . . . . . . . . . . . .
line168: . . . . . . . . . . . . . . . . . . . . . . . . . . . . . . . . . . . . . . . " " " " "1" "7" "9" " " " " " " " " " " " " " " " " " " "v" "a" "r" " " "b" "u" "f" ":" " " "[" "1" "0" "2" "4" "]" "u" "8" " " "=" " " "u" "n" "d" "e" "f" "i" "n" "e" "d" ";" " " " " " " " " " " " " " " " " " " " " " " " " " " " " " " " " " "
line169: " " " " " " " " " " " " " " " " " " " " " " " " " " " " " " " " " " " " " " " " " " " " " " " " " " " " " " " " " " " " " " " " " " " " " " " " " " " " " " . . . . . . . . . . . . . . . . . . . . . . . . . . . . . . . . . . . . . . . . . . . . . . . . . . . . . . . . . . . . .
line170: . . . . . . . . . . . . . . . . . . . . . . . . . . . . . . . . . . . . . . . " " " " "1" "8" "0" " " " " " " " " " " " " " " " " " " "c" "o" "n" "s" "t" " " "m" "s" "g" " " "=" " " "s" "t" "d" "." "f" "m" "t" "." "b" "u" "f" "P" "r" "i" "n" "t" "(" "&" "b" "u" "f" "," " " "f" "m" "t" "," " " "a" "r" "g" "s" ")" " " "c"
line171: "a" "t" "c" "h" " " "|" "e" "r" "r" "|" " " "{" " " " " " " " " " " " " " " " " " " " " " " " " " " " " " " " " " " " " " " " " " " " " " " " " " " " " " " . . . . . . . . . . . . . . . . . . . . . . . . . . . . . . . . . . . . . . . . . . . . . . . . . . . . . . . . . . . . .
line172: . . . . . . . . . . . . . . . . . . . . . . . . . . . . . . . . . . . . . . . " " " " "1" "8" "1" " " " " " " " " " " " " " " " " " " " " " " " " " " "s" "t" "d" "." "d" "e" "b" "u" "g" "." "p" "r" "i" "n" "t" "(" "\"" "[" "a" "p" "p" "." "l" "o" "g" "g" "e" "r" "]" "[" "W" "a" "r" "n" "i" "n" "g" "]" "[" "{" "s" "}" "]"
line173: " " "d" "r" "o" "p" "p" "e" "d" " " "l" "o" "g" " " "m" "e" "s" "s" "a" "g" "e" " " "d" "u" "e" " " "t" "o" " " "f" "m" "t" " " "e" "r" "r" "o" "r" ":" " " . . . . . . . . . . . . . . . . . . . . . . . . . . . . . . . . . . . . . . . . . . . . . . . . . . . . . . . . . . . . .
line174: . . . . . . . . . . . . . . . . . . . . . . . . . . . . . . . . . . . . . . . " " " " "1" "8" "2" " " " " " " " " " " " " " " " " " " " " " " " " " " "r" "e" "t" "u" "r" "n" ";" " " " " " " " " " " " " " " " " " " " " " " " " " " " " " " " " " " " " " " " " " " " " " " " " " " " " " " " " " " " " " " " " " " " " " " " "
line175: " " " " " " " " " " " " " " " " " " " " " " " " " " " " " " " " " " " " " " " " " " " " " " " " " " " " " " " " " " " " " " " " " " " " " " " " " " " " " " . . . . . . . . . . . . . . . . . . . . . . . . . . . . . . . . . . . . . . . . . . . . . . . . . . . . . . . . . . . . .
line176: . . . . . . . . . . . . . . . . . . . . . . . . . . . . . . . . . . . . . . . " " " " "1" "8" "3" " " " " " " " " " " " " " " " " " " "}" ";" " " " " " " " " " " " " " " " " " " " " " " " " " " " " " " " " " " " " " " " " " " " " " " " " " " " " " " " " " " " " " " " " " " " " " " " " " " " " " " " " " " " " " " " " " "
line177: " " " " " " " " " " " " " " " " " " " " " " " " " " " " " " " " " " " " " " " " " " " " " " " " " " " " " " " " " " " " " " " " " " " " " " " " " " " " " " . . . . . . . . . . . . . . . . . . . . . . . . . . . . . . . . . . . . . . . . . . . . . . . . . . . . . . . . . . . . .
line178: . . . . . . . . . . . . . . . . . . . . . . . . . . . . . . . . . . . . . . . " " " " "1" "8" "4" " " " " " " " " " " " " " " " " " " "c" "o" "n" "s" "t" " " "t" "s" "_" "u" "s" " " "=" " " "t" "i" "m" "e" "s" "t" "a" "m" "p" "M" "i" "c" "r" "o" "s" "(" ")" ";" " " " " " " " " " " " " " " " " " " " " " " " " " " " " " "
line179: " " " " " " " " " " " " " " " " " " " " " " " " " " " " " " " " " " " " " " " " " " " " " " " " " " " " " " " " " " " " " " " " " " " " " " " " " " " " " " . . . . . . . . . . . . . . . . . . . . . . . . . . . . . . . . . . . . . . . . . . . . . . . . . . . . . . . . . . . . .
line180: . . . . . . . . . . . . . . . . . . . . . . . . . . . . . . . . . . . . . . . " " " " " " " " " " " " " " " " " " " " " " " " " " " " " " " " " " " " " " " " " " " " " " " " " " " " " " " " " " " " " " " " " " " " " " " " " " " " " " " " " " " " " " " " " " " " " " " " " " " " " " " " " " " " " " " " " " " " " " " " " "
line181: " " " " " " " " " " " " " " " " " " " " " " " " " " " " " " " " " " " " " " " " " " " " " " " " " " " " " " " " " " " " " " " " " " " " " " " " " " " " " " "p" "u" "b" " " "f" "n" " " "l" "o" "g" "S" "t" "d" "o" "u" "t" "(" "s" "e" "l" "f" ":" " " "L" "o" "g" "g" "e" "r" "," " " "l" "e" "v" "e" "l" ":" " " "L" "e" "v" "e" "l" "," " " "c" "o" "m" "p" "t" "i" "m" "e" " " "f" "m" "t" ":" " " "[" "]"
line182: "c" "o" "n" "s" "t" " " "u" "8" "," " " "a" "r" "g" "s" "c" "o" "n" "s" "t" " " "e" "m" "i" "t" "_" "f" "i" "l" "e" ":" " " "b" "o" "o" "l" " " "=" " " "s" "e" "l" "f" "." "e" "n" "a" "b" "l" "e" "d" "_" "f" "i" "l" "e" " " "a" "n" "d" " " "l" "o" "g" "_" "f" "i" "l" "e" " " "!" "=" " " "n" "u" "l" "l" " " "a" "n" "d" " " "s" "h" "o" "u" "l" "d" "E" "m" "i" "t" "(" "l" "e" "v" "e" "l" ":" " " "l"
line183: "│" " " " " " " "c" "o" "n" "s" "t" " " "e" "m" "i" "t" "_" "c" "o" "n" "s" "o" "l" "e" ":" " " "b" "o" "o" "l" " " "=" " " "s" "e" "l" "f" "." "e" "n" "a" "b" "l" "e" "d" "_" "c" "o" "n" "s" "o" "l" "e" " " "a" "n" "d" " " "s" "h" "o" "u" "l" "d" "E" "m" "i" "t" "(" "l" "e" "v" "e" "l" ":" " " "l" "e" "v" "e" "l" "," " " "m" "i" "n" "_" "l" "e" "v" "e" "l" "│" " " " " " " "i" "f" " " "(" "!" "e"
line184: "m" "i" "t" "_" "f" "i" "l" "e" " " "a" "n" "d" " " "!" "e" "m" "i" "t" "_" "c" "o" "n" "s" "o" "l" "e" ")" " " "r" "e" "t" "u" "r" "n" "│" "v" "a" "r" "c" "o" "n" "s" "t" " " "m" "s" "g" ":" " " "[" "]" "u" "8" " " "=" " " "s" "t" "d" "." "f" "m" "t" "." "b" "u" "f" "P" "r" "i" "n" "t" "(" "b" "u" "f" ":" " " "&" "b" "u" "f" "," " " "f" "m" "t" ":" " " "f" "m" "t" "," " " "a" "r" "g" "s" ":" " "
line185: "a" "r" "g" "s" ")" " " "c" "a" "t" "c" "h" " " "|" "e" "r" "r" ":" " " "e" "r" "r" "o" "r" "{" "s" "t" "d" "." "d" "e" "b" "u" "g" "." "p" "r" "i" "n" "t" "(" "f" "m" "t" ":" " " "\"" "[" "a" "p" "p" "." "l" "o" "g" "g" "e" "r" "]" "[" "W" "a" "r" "n" "i" "n" "g" "]" "[" "{" "s" "}" "]" " " "d" "r" "o" "p" "p" "e" "d" " " "l" "o" "g" " " "m" "e" "s" "s" "a" "g" "e" " " "d" "u" "e" " " "t" "o" " "
line186: "f" "m" "t" " " "e" "r" "r" "e" "t" "u" "r" "n" "c" "o" "n" "s" "t" " " "t" "s" "_" "u" "s" ":" " " "i" "1" "2" "8" " " "=" " " "t" "i" "m" "e" "s" "t" "a" "m" "p" "M" "i" "c" "r" "o" "s" "(" ")" ";" . . . . . . . . . . . . . . . . . . . . . . . . . . . . . . . . . . . . . . . . . . . . . . . . . .
line187: . . . . . . . . . . . . . . . . . . . . . . . . . . . . . . . . . . . . . . . . . . . . . . . . . . " " "N" " " "" " " "" " " "" " " "󰆓" " " "" " " "󰓙" " " "" " " "󰒲" " " "" " " "" " " "" " " "󰆼" " " "" " " "󰈙" " " "z" "i" "d" "e" "/" "s" "r" "c" "/" "a" "p" "p" "_" "l" "o" "g" "g" "e" "r"
line188: "." "z" "i" "g" " " " " " " " " " " " " " " " " " " " " " " " " " " " " " " " " " " " " " " "F" "m" "t" ":" "O" "f" "f" " " "" " " "L" "S" "P" ":" "z" "l" "s" " " "" " " "1" "7" "7" ":" "8" " " " " "▪" " " "▪" " " "│" "│" "│" "│" "│" "│" "│" "▪" " " "▪" " " " " " " " " "F" "m" "t" ":" "O" "f" "f" " " "" " " "" " " "m" "a" "i" "n" "▪" " " " " "󰏿" " " "L" "o" "g" "g" "e" "r" " " "󰊕" " " "l" "o"
line189: "g" "S" "t" "d" "o" "u" "t" " " " " "1" "7" "4" " " " " " " " " " " "p" "u" "b" " " "f" "n" " " "l" "o" "g" "S" "t" "d" "o" "u" "t" "(" "s" "e" "l" "f" ":" " " "L" "o" "g" "g" "e" "r" "," " " "l" "e" "v" "e" "l" ":" " " "L" "e" "v" "e" "l" "," " " "c" "o" "m" "p" "t" "i" "m" "e" " " "f" "m" "t" ":" " " "[" "]" "c" "o" "n" "s" "t" " " "u" "8" "," " " "a" "r" "g" "s" ":" " " "a" "n" "y" "t" "y" "p"
line190: "e" ")" " " "v" "o" "i" "d" "1" "7" "7" " " " " " " " " " " "│" " " " " " " "i" "f" " " "(" "!" "e" "m" "i" "t" "_" "f" "i" "l" "e" " " "a" "n" "d" " " "!" "e" "m" "i" "t" "_" "c" "o" "n" "s" "o" "l" "e" ")" " " "r" "e" "t" "u" "r" "n" ";" " " " " " " " " " " " " " " " " " " " " " " " " " " " " " " " " " " " " " " " " " " " " " " " " " " " " " " " " " " " " " " " " " " " " " " " " " " " " " " " "
line191: " " " " " " "▪" " " "▪" " " . . . . . . . . . . . . . . . . . . . . . . . . . . . . . . . . . . . . . . . . . . . . . . . . . . . . . . . . . . . . . . . . . . . . . . . . . . . . . . . . . . . . . . . . . . . . .
line192: . . . . . . . " " " " "1" "7" "2" " " " " " " " " " " "}" " " " " " " " " " " " " " " " " " " " " " " " " " " " " " " " " " " " " " " " " " " " " " " " " " " " " " " " " " " " " " " " " " " " " " " " " " " " " " " " " " " " " " " " " " " " " " " " " " " " " " " " " " " " " " " " " " " " " " " " " " " " " " " " " " " " " " " " " " " " " " " " " " " " " " " " " " " " " " " " " " " " "
line193: " " " " " " " " " " " " " " . . . . . . . . . . . . . . . . . . . . . . . . . . . . . . . . . . . . . . . . . . . . . . . . . . . . . . . . . . . . . . . . . . . . . . . . . . . . . . . . . . . . . . . . . . . . .
line194: . . . . . . . " " " " "1" "7" "3" " " " " " " " " " " " " " " " " " " " " " " " " " " " " " " " " " " " " " " " " " " " " " " " " " " " " " " " " " " " " " " " " " " " " " " " " " " " " " " " " " " " " " " " " " " " " " " " " " " " " " " " " " " " " " " " " " " " " " " " " " " " " " " " " " " " " " " " " " " " " " " " " " " " " " " " " " " " " " " " " " " " " " " " " " " " " " " " "
line195: " " " " " " " " " " " " " " . . . . . . . . . . . . . . . . . . . . . . . . . . . . . . . . . . . . . . . . . . . . . . . . . . . . . . . . . . . . . . . . . . . . . . . . . . . . . . . . . . . . . . . . . . . . .
line196: . . . . . . . " " " " "1" "7" "4" " " " " " " " " " " "p" "u" "b" " " "f" "n" " " "l" "o" "g" "S" "t" "d" "o" "u" "t" "(" "s" "e" "l" "f" ":" " " "L" "o" "g" "g" "e" "r" "," " " "l" "e" "v" "e" "l" ":" " " "L" "e" "v" "e" "l" "," " " "c" "o" "m" "p" "t" "i" "m" "e" " " "f" "m" "t" ":" " " "[" "]" "c" "o" "n" "s" "t" " " "u" "8" "," " " "a" "r" "g" "s" ":" " " "a" "n" "y" "t" "y" "p"
line197: "e" ")" " " "v" "o" "i" "d" . . . . . . . . . . . . . . . . . . . . . . . . . . . . . . . . . . . . . . . . . . . . . . . . . . . . . . . . . . . . . . . . . . . . . . . . . . . . . . . . . . . . . . . . . . . . .
line198: . . . . . . . " " " " "1" "7" "5" " " " " " " " " " " "│" " " " " " " "c" "o" "n" "s" "t" " " "e" "m" "i" "t" "_" "f" "i" "l" "e" ":" " " "b" "o" "o" "l" " " "=" " " "s" "e" "l" "f" "." "e" "n" "a" "b" "l" "e" "d" "_" "f" "i" "l" "e" " " "a" "n" "d" " " "l" "o" "g" "_" "f" "i" "l" "e" " " "!" "=" " " "n" "u" "l" "l" " " "a" "n" "d" " " "s" "h" "o" "u" "l" "d" "E" "m" "i" "t" "(" "l"
line199: "e" "v" "e" "l" ":" " " "l" . . . . . . . . . . . . . . . . . . . . . . . . . . . . . . . . . . . . . . . . . . . . . . . . . . . . . . . . . . . . . . . . . . . . . . . . . . . . . . . . . . . . . . . . . . . . .
line200: . . . . . . . " " " " "1" "7" "6" " " " " " " " " " " "│" " " " " " " "c" "o" "n" "s" "t" " " "e" "m" "i" "t" "_" "c" "o" "n" "s" "o" "l" "e" ":" " " "b" "o" "o" "l" " " "=" " " "s" "e" "l" "f" "." "e" "n" "a" "b" "l" "e" "d" "_" "c" "o" "n" "s" "o" "l" "e" " " "a" "n" "d" " " "s" "h" "o" "u" "l" "d" "E" "m" "i" "t" "(" "l" "e" "v" "e" "l" ":" " " "l" "e" "v" "e" "l" "," " " "m" "i"
line201: "n" "_" "l" "e" "v" "▪" " " . . . . . . . . . . . . . . . . . . . . . . . . . . . . . . . . . . . . . . . . . . . . . . . . . . . . . . . . . . . . . . . . . . . . . . . . . . . . . . . . . . . . . . . . . . . . .
line202: . . . . . . . " " " " "1" "7" "7" " " " " " " " " " " "│" " " " " " " "i" "f" " " "(" "!" "e" "m" "i" "t" "_" "f" "i" "l" "e" " " "a" "n" "d" " " "!" "e" "m" "i" "t" "_" "c" "o" "n" "s" "o" "l" "e" ")" " " "r" "e" "t" "u" "r" "n" ";" " " " " " " " " " " " " " " " " " " " " " " " " " " " " " " " " " " " " " " " " " " " " " " " " " " " " " " " " " " " " " " " " " " " " " " " " " " " "
line203: " " " " " " " " " " " " " " . . . . . . . . . . . . . . . . . . . . . . . . . . . . . . . . . . . . . . . . . . . . . . . . . . . . . . . . . . . . . . . . . . . . . . . . . . . . . . . . . . . . . . . . . . . . .
line204: . . . . . . . " " " " "1" "7" "8" " " " " " " " " " " "│" " " " " " " " " " " " " " " " " " " " " " " " " " " " " " " " " " " " " " " " " " " " " " " " " " " " " " " " " " " " " " " " " " " " " " " " " " " " " " " " " " " " " " " " " " " " " " " " " " " " " " " " " " " " " " " " " " " " " " " " " " " " " " " " " " " " " " " " " " " " " " " " " " " " " " " " " " " " " " " " " " " " "
line205: " " " " " " " " " " " " " " . . . . . . . . . . . . . . . . . . . . . . . . . . . . . . . . . . . . . . . . . . . . . . . . . . . . . . . . . . . . . . . . . . . . . . . . . . . . . . . . . . . . . . . . . . . . .
line206: . . . . . . . " " " " "1" "7" "9" " " " " " " " " " " "│" " " " " " " "v" "a" "r" " " "b" "u" "f" ":" " " "[" "1" "0" "2" "4" "]" "u" "8" " " "=" " " "u" "n" "d" "e" "f" "i" "n" "e" "d" ";" " " " " " " " " " " " " " " " " " " " " " " " " " " " " " " " " " " " " " " " " " " " " " " " " " " " " " " " " " " " " " " " " " " " " " " " " " " " " " " " " " " " " " " " " " " " " " " " " " "
line207: " " " " " " " " " " " " " " . . . . . . . . . . . . . . . . . . . . . . . . . . . . . . . . . . . . . . . . . . . . . . . . . . . . . . . . . . . . . . . . . . . . . . . . . . . . . . . . . . . . . . . . . . . . .
line208: . . . . . . . " " " " "1" "8" "0" " " " " " " " " " " "│" " " " " " " "c" "o" "n" "s" "t" " " "m" "s" "g" ":" " " "[" "]" "u" "8" " " "=" " " "s" "t" "d" "." "f" "m" "t" "." "b" "u" "f" "P" "r" "i" "n" "t" "(" "b" "u" "f" ":" " " "&" "b" "u" "f" "," " " "f" "m" "t" ":" " " "f" "m" "t" "," " " "a" "r" "g" "s" ":" " " "a" "r" "g" "s" ")" " " "c" "a" "t" "c" "h" " " "|" "e" "r" "r" ":"
line209: " " "e" "r" "r" "o" "r" "{" . . . . . . . . . . . . . . . . . . . . . . . . . . . . . . . . . . . . . . . . . . . . . . . . . . . . . . . . . . . . . . . . . . . . . . . . . . . . . . . . . . . . . . . . . . . . .
line210: . . . . . . . " " " " "1" "8" "1" " " " " " " " " " " "│" " " " " " " " " " " " " " " "s" "t" "d" "." "d" "e" "b" "u" "g" "." "p" "r" "i" "n" "t" "(" "f" "m" "t" ":" " " "\"" "[" "a" "p" "p" "." "l" "o" "g" "g" "e" "r" "]" "[" "W" "a" "r" "n" "i" "n" "g" "]" "[" "{" "s" "}" "]" " " "d" "r" "o" "p" "p" "e" "d" " " "l" "o" "g" " " "m" "e" "s" "s" "a" "g" "e" " " "d" "u" "e" " " "t" "o"
line211: " " "f" "m" "t" " " "e" "r" . . . . . . . . . . . . . . . . . . . . . . . . . . . . . . . . . . . . . . . . . . . . . . . . . . . . . . . . . . . . . . . . . . . . . . . . . . . . . . . . . . . . . . . . . . . . .
line212: . . . . . . . " " " " "1" "8" "2" " " " " " " " " " " "│" " " " " " " " " " " " " " " "r" "e" "t" "u" "r" "n" ";" " " " " " " " " " " " " " " " " " " " " " " " " " " " " " " " " " " " " " " " " " " " " " " " " " " " " " " " " " " " " " " " " " " " " " " " " " " " " " " " " " " " " " " " " " " " " " " " " " " " " " " " " " " " " " " " " " " " " " " " " " " " " " " " " " " " " " " " "
line213: " " " " " " " " " " " " " " . . . . . . . . . . . . . . . . . . . . . . . . . . . . . . . . . . . . . . . . . . . . . . . . . . . . . . . . . . . . . . . . . . . . . . . . . . . . . . . . . . . . . . . . . . . . .
line214: . . . . . . . " " " " "1" "8" "3" " " " " " " " " " " "│" " " " " " " "}" ";" " " " " " " " " " " " " " " " " " " " " " " " " " " " " " " " " " " " " " " " " " " " " " " " " " " " " " " " " " " " " " " " " " " " " " " " " " " " " " " " " " " " " " " " " " " " " " " " " " " " " " " " " " " " " " " " " " " " " " " " " " " " " " " " " " " " " " " " " " " " " " " " " " " " " " " " " " "
line215: " " " " " " " " " " " " " " "0" " " " " " " " " " " " " " " " " " " " " " " " " " " "s" "t" "d" "." "d" "e" "b" "u" "g" "." "p" "r" "i" "n" "t" "(" "f" "m" "t" ":" " " "\"" "{" "s" "}" "\\" "n" "\"" "," " " "a" "r" "g" "s" ":" " " "." "{" "m" "s" "g" "}" ")" ";" . . . . . . . . . . . . . . . . . . . . . . . . . . . . . . . . . . .
line216: . . . . . . . . . . . . . . . . . . . . . . . . . . . . . . . . . . . . . . . . . . . . . . . . . . . . . . . . . . . . . . . . . " " " " "1" "7" "1" " " " " " " " " " " " " " " " " " " "}" " " " " " " " " " " " " " " " " " " " " " " " " " " " " " " " " " " " " " " " "
line217: " " " " " " " " " " " " " " " " " " " " " " " " " " " " " " " " " " " " " " " " " " " " " " " " " " " " " " " " " " " " " " " " " " " " " " " " " " " " " " " " " " " " " " " " " " " " " " " " " " " " " " " " " " " " " " " " " " " " " " " " " " " " " " " " " " "4" "▪" " " . . . . . . . . . . . . . . . . . . . . . . . . . . . . . . . .
line218: . . . . . . . . . . . . . . . . . . . . . . . . . . . . . . . . . . . . . . . . . . . . . . . . . . . . . . . . . . . . . . . . . . . . " " " " "1" "7" "1" " " " " " " " " " " " " " " " " " " "}" " " " " " " " " " " " " " " " " " " " " " " " " " " " " " " " " " "
line219: " " " " " " " " " " " " " " " " " " " " " " " " " " " " " " " " " " " " " " " " " " " " " " " " " " " " " " " " " " " " " " " " " " " " " " " " " " " " " " " " " " " " " " " " " " " " " " " " " " " " " " " " " " " " " " " " " " " " " " " " " " " " " " " " " " " " " " " " . . . . . . . . . . . . . . . . . . . . . . . . . . . . . . . .
line220: . . . . . . . . . . . . . . . . . . . . . . . . . . . . . . . . . . . . . . . . . . . . . . . . . . . . . . . . . . . . . . . . . . . . " " " " "1" "7" "2" " " " " " " " " " " "}" " " " " " " " " " " " " " " " " " " " " " " " " " " " " " " " " " " " " " " " " " "
line221: " " " " " " " " " " " " " " " " " " " " " " " " " " " " " " " " " " " " " " " " " " " " " " " " " " " " " " " " " " " " " " " " " " " " " " " " " " " " " " " " " " " " " " " " " " " " " " " " " " " " " " " " " " " " " " " " " " " " " " " " " " " " " " " " " " " " " " " " . . . . . . . . . . . . . . . . . . . . . . . . . . . . . . . .
line222: . . . . . . . . . . . . . . . . . . . . . . . . . . . . . . . . . . . . . . . . . . . . . . . . . . . . . . . . . . . . . . . . . . . . " " " " "1" "7" "3" " " " " " " " " " " " " " " " " " " " " " " " " " " " " " " " " " " " " " " " " " " " " " " " " " " " " " "
line223: " " " " " " " " " " " " " " " " " " " " " " " " " " " " " " " " " " " " " " " " " " " " " " " " " " " " " " " " " " " " " " " " " " " " " " " " " " " " " " " " " " " " " " " " " " " " " " " " " " " " " " " " " " " " " " " " " " " " " " " " " " " " " " " " " " " " " " " " . . . . . . . . . . . . . . . . . . . . . . . . . . . . . . . .
line224: . . . . . . . . . . . . . . . . . . . . . . . . . . . . . . . . . . . . . . . . . . . . . . . . . . . . . . . . . . . . . . . . . . . . " " " " "1" "7" "4" " " " " " " " " " " "p" "u" "b" " " "f" "n" " " "l" "o" "g" "S" "t" "d" "o" "u" "t" "(" "s" "e" "l" "f" ":"
line225: " " "L" "o" "g" "g" "e" "r" "," " " "l" "e" "v" "e" "l" ":" " " "L" "e" "v" "e" "l" "," " " "c" "o" "m" "p" "t" "i" "m" "e" " " "f" "m" "t" ":" " " "[" "]" "c" "o" "n" "s" "t" " " "u" "8" "," " " "a" "r" "g" "s" ":" " " "a" "n" "y" "t" "y" "p" "e" ")" " " "v" "o" "i" "d" . . . . . . . . . . . . . . . . . . . . . . . . . . . . . . . .
line226: . . . . . . . . . . . . . . . . . . . . . . . . . . . . . . . . . . . . . . . . . . . . . . . . . . . . . . . . . . . . . . . . . . . . " " " " "1" "7" "5" " " " " " " " " " " "│" " " " " " " "c" "o" "n" "s" "t" " " "e" "m" "i" "t" "_" "f" "i" "l" "e" ":" " " "b"
line227: "o" "o" "l" " " "=" " " "s" "e" "l" "f" "." "e" "n" "a" "b" "l" "e" "d" "_" "f" "i" "l" "e" " " "a" "n" "d" " " "l" "o" "g" "_" "f" "i" "l" "e" " " "!" "=" " " "n" "u" "l" "l" " " "a" "n" "d" " " "s" "h" "o" "u" "l" "d" "E" "m" "i" "t" "(" "l" "e" "v" "e" "l" ":" "▪" " " . . . . . . . . . . . . . . . . . . . . . . . . . . . . . . . .
line228: . . . . . . . . . . . . . . . . . . . . . . . . . . . . . . . . . . . . . . . . . . . . . . . . . . . . . . . . . . . . . . . . . . . . " " " " "1" "7" "6" " " " " " " " " " " "│" " " " " " " "c" "o" "n" "s" "t" " " "e" "m" "i" "t" "_" "c" "o" "n" "s" "o" "l" "e"
line229: ":" " " "b" "o" "o" "l" " " "=" " " "s" "e" "l" "f" "." "e" "n" "a" "b" "l" "e" "d" "_" "c" "o" "n" "s" "o" "l" "e" " " "a" "n" "d" " " "s" "h" "o" "u" "l" "d" "E" "m" "i" "t" "(" "l" "e" "v" "e" "l" ":" " " "l" "e" "v" "e" "l" "," " " "m" "i" "n" "_" "l" "e" "v" "e" "l" . . . . . . . . . . . . . . . . . . . . . . . . . . . . . . . .
line230: . . . . . . . . . . . . . . . . . . . . . . . . . . . . . . . . . . . . . . . . . . . . . . . . . . . . . . . . . . . . . . . . . . . . " " " " "1" "7" "7" " " " " " " " " " " "│" " " " " " " "i" "f" " " "(" "!" "e" "m" "i" "t" "_" "f" "i" "l" "e" " " "a" "n" "d"
line231: " " "!" "e" "m" "i" "t" "_" "c" "o" "n" "s" "o" "l" "e" ")" " " "r" "e" "t" "u" "r" "n" ";" " " " " " " " " " " " " " " " " " " " " " " " " " " " " " " " " " " " " " " " " " " " " " " " " " " " " " " " " " " " " " " " " " " " " " " " " " " " " " " " " " " " " " " " " " " . . . . . . . . . . . . . . . . . . . . . . . . . . . . . . . .
line232: . . . . . . . . . . . . . . . . . . . . . . . . . . . . . . . . . . . . . . . . . . . . . . . . . . . . . . . . . . . . . . . . . . . . " " " " "1" "7" "8" " " " " " " " " " " "│" " " " " " " " " " " " " " " " " " " " " " " " " " " " " " " " " " " " " " " " " " "
line233: " " " " " " " " " " " " " " " " " " " " " " " " " " " " " " " " " " " " " " " " " " " " " " " " " " " " " " " " " " " " " " " " " " " " " " " " " " " " " " " " " " " " " " " " " " " " " " " " " " " " " " " " " " " " " " " " " " " " " " " " " " " " " " " " " " " " " " " " . . . . . . . . . . . . . . . . . . . . . . . . . . . . . . . .
line234: . . . . . . . . . . . . . . . . . . . . . . . . . . . . . . . . . . . . . . . . . . . . . . . . . . . . . . . . . . . . . . . . . . . . " " " " "1" "7" "9" " " " " " " " " " " "│" " " " " " " "v" "a" "r" " " "b" "u" "f" ":" " " "[" "1" "0" "2" "4" "]" "u" "8" " "
line235: "=" " " "u" "n" "d" "e" "f" "i" "n" "e" "d" ";" " " " " " " " " " " " " " " " " " " " " " " " " " " " " " " " " " " " " " " " " " " " " " " " " " " " " " " " " " " " " " " " " " " " " " " " " " " " " " " " " " " " " " " " " " " " " " " " " " " " " " " " " " " " " " " " " . . . . . . . . . . . . . . . . . . . . . . . . . . . . . . . .
line236: . . . . . . . . . . . . . . . . . . . . . . . . . . . . . . . . . . . . . . . . . . . . . . . . . . . . . . . . . . . . . . . . . . . . " " " " "1" "8" "0" " " " " " " " " " " "│" " " " " " " "c" "o" "n" "s" "t" " " "m" "s" "g" ":" " " "[" "]" "u" "8" " " "=" " "
line237: "s" "t" "d" "." "f" "m" "t" "." "b" "u" "f" "P" "r" "i" "n" "t" "(" "b" "u" "f" ":" " " "&" "b" "u" "f" "," " " "f" "m" "t" ":" " " "f" "m" "t" "," " " "a" "r" "g" "s" ":" " " "a" "r" "g" "s" ")" " " "c" "a" "t" "c" "h" " " "|" "e" "r" "r" ":" " " "e" "r" "r" "o" "r" "{" . . . . . . . . . . . . . . . . . . . . . . . . . . . . . . . .
line238: . . . . . . . . . . . . . . . . . . . . . . . . . . . . . . . . . . . . . . . . . . . . . . . . . . . . . . . . . . . . . . . . . . . . " " " " "1" "8" "1" " " " " " " " " " " "│" " " " " " " " " " " " " " " "s" "t" "d" "." "d" "e" "b" "u" "g" "." "p" "r" "i" "n"
line239: "t" "(" "f" "m" "t" ":" " " "\"" "[" "a" "p" "p" "." "l" "o" "g" "g" "e" "r" "]" "[" "W" "a" "r" "n" "i" "n" "g" "]" "[" "{" "s" "}" "]" " " "d" "r" "o" "p" "p" "e" "d" " " "l" "o" "g" " " "m" "e" "s" "s" "a" "g" "e" " " "d" "u" "e" " " "t" "o" " " "f" "m" "t" " " "e" "r" . . . . . . . . . . . . . . . . . . . . . . . . . . . . . . . .
line240: . . . . . . . . . . . . . . . . . . . . . . . . . . . . . . . . . . . . . . . . . . . . . . . . . . . . . . . . . . . . . . . . . . . . " " " " "1" "8" "2" " " " " " " " " " " "│" " " " " " " " " " " " " " " "r" "e" "t" "u" "r" "n" ";" " " " " " " " " " " " " " "
line241: " " " " " " " " " " " " " " " " " " " " " " " " " " " " " " " " " " " " " " " " " " " " " " " " " " " " " " " " " " " " " " " " " " " " " " " " " " " " " " " " " " " " " " " " " " " " " " " " " " " " " " " " " " " " " " " " " " " " " " " " " " " " " " " " " " " " " " " " "6" "9" " " " " " " " " " " " " " " " " " " " " " " " " " " "s" "t" "d" "." "d" "e" "b" "u" "g" "." "p" "r" "i" "n" "t" "(" "f"
line242: "m" "t" ":" " " "\"" "{" "s" "}" "\"" "," " " "a" "r" "g" "s" ":" " " "." "{" "p" "r" "e" "f" "i" "x" "}" ")" ";" . . . . . . . . . . . . . . . . . . . . . . . . . . . . . . . . . . . . . . . . . . . . . . . . . . . . . . . . . . . . . . . . . . . . . . . .
line243: . . . . . . . . . . . . . . . . . . . . . . . . . . . . " " " " "1" "7" "0" " " " " " " " " " " " " " " " " " " " " " " " " " " "s" "t" "d" "." "d" "e" "b" "u" "g" "." "p" "r" "i" "n" "t" "(" "f" "m" "t" ":" " " "\"" "{" "s" "}" "\\" "n" "\"" "," " " "a" "r" "g" "s" ":" " " "." "{" "m" "s" "g" "}" ")" ";" " " " " " " " " " " " " " " " " " " " "
line244: " " " " " " " " " " " " " " " " " " " " " " " " " " " " " " " " " " " " " " " " " " " " " " " " " " " " " " " " . . . . . . . . . . . . . . . . . . . . . . . . . . . . . . . . . . . . . . . . . . . . . . . . . . . . . . . . . . . . . . . . . . . . . . . .
line245: . . . . . . . . . . . . . . . . . . . . . . . . . . . . " " " " "1" "6" "9" " " " " " " " " " " " " " " " " " " " " " " " " " " "s" "t" "d" "." "d" "e" "b" "u" "g" "." "p" "r" "i" "n" "t" "(" "f" "m" "t" ":" " " "\"" "{" "s" "}" "\"" "," " " "a" "r" "g" "s" ":" " " "." "{" "p" "r" "e" "f" "i" "x" "}" ")" ";" " " " " " " " " " " " " " " " " " "
line246: " " " " " " " " " " " " " " " " " " " " " " " " " " " " " " " " " " " " " " " " " " " " " " " " " " " " " " " " . . . . . . . . . . . . . . . . . . . . . . . . . . . . . . . . . . . . . . . . . . . . . . . . . . . . . . . . . . . . . . . . . . . . . . . .
line247: . . . . . . . . . . . . . . . . . . . . . . . . . . . . " " " " "1" "7" "0" " " " " " " " " " " " " " " " " " " " " " " " " " " "s" "t" "d" "." "d" "e" "b" "u" "g" "." "p" "r" "i" "n" "t" "(" "f" "m" "t" ":" " " "\"" "{" "s" "}" "\\" "n" "\"" "," " " "a" "r" "g" "s" ":" " " "." "{" "m" "s" "g" "}" ")" ";" " " " " " " " " " " " " " " " " " " " "
line248: " " " " " " " " " " " " " " " " " " " " " " " " " " " " " " " " " " " " " " " " " " " " " " " " " " " " " " " " . . . . . . . . . . . . . . . . . . . . . . . . . . . . . . . . . . . . . . . . . . . . . . . . . . . . . . . . . . . . . . . . . . . . . . . .
line249: . . . . . . . . . . . . . . . . . . . . . . . . . . . . " " " " "1" "7" "1" " " " " " " " " " " " " " " " " " " "}" " " " " " " " " " " " " " " " " " " " " " " " " " " " " " " " " " " " " " " " " " " " " " " " " " " " " " " " " " " " " " " " " " " " " " " " " " " " " " " " " " " " " " " " " " " " " " " " " " " " " " " " " " " " " " " " " " "
line250: " " " " " " " " " " " " " " " " " " " " " " " " " " " " " " " " " " " " " " " " " " " " " " " " " " " " " " " " . . . . . . . . . . . . . . . . . . . . . . . . . . . . . . . . . . . . . . . . . . . . . . . . . . . . . . . . . . . . . . . . . . . . . . . .
line251: . . . . . . . . . . . . . . . . . . . . . . . . . . . . " " " " "1" "7" "2" " " " " " " " " " " "}" " " " " " " " " " " " " " " " " " " " " " " " " " " " " " " " " " " " " " " " " " " " " " " " " " " " " " " " " " " " " " " " " " " " " " " " " " " " " " " " " " " " " " " " " " " " " " " " " " " " " " " " " " " " " " " " " " " " " " " " " " "
line252: " " " " " " " " " " " " " " " " " " " " " " " " " " " " " " " " " " " " " " " " " " " " " " " " " " " " " " " " . . . . . . . . . . . . . . . . . . . . . . . . . . . . . . . . . . . . . . . . . . . . . . . . . . . . . . . . . . . . . . . . . . . . . . . .
line253: . . . . . . . . . . . . . . . . . . . . . . . . . . . . " " " " "1" "7" "3" " " " " " " " " " " " " " " " " " " " " " " " " " " " " " " " " " " " " " " " " " " " " " " " " " " " " " " " " " " " " " " " " " " " " " " " " " " " " " " " " " " " " " " " " " " " " " " " " " " " " " " " " " " " " " " " " " " " " " " " " " " " " " " " " " " " " " "
line254: " " " " " " " " " " " " " " " " " " " " " " " " " " " " " " " " " " " " " " " " " " " " " " " " " " " " " " " " . . . . . . . . . . . . . . . . . . . . . . . . . . . . . . . . . . . . . . . . . . . . . . . . . . . . . . . . . . . . . . . . . . . . . . . .
line255: . . . . . . . . . . . . . . . . . . . . . . . . . . . . " " " " "1" "7" "4" " " " " " " " " " " "p" "u" "b" " " "f" "n" " " "l" "o" "g" "S" "t" "d" "o" "u" "t" "(" "s" "e" "l" "f" ":" " " "L" "o" "g" "g" "e" "r" "," " " "l" "e" "v" "e" "l" ":" " " "L" "e" "v" "e" "l" "," " " "c" "o" "m" "p" "t" "i" "m" "e" " " "f" "m" "t" ":" " " "[" "]" "c"
line256: "o" "n" "s" "t" " " "u" "8" "," " " "a" "r" "g" "s" ":" " " "a" "n" "y" "t" "y" "p" "e" ")" " " "v" "o" "▪" " " . . . . . . . . . . . . . . . . . . . . . . . . . . . . . . . . . . . . . . . . . . . . . . . . . . . . . . . . . . . . . . . . . . . . . . . .
kitty:
images=0 placements=0
image ids: []
placement ids: []
